Aligning contigs to reference...
	Aligning contigs to the reference
Filtering alignments...
Parsing coords...
Loading reference...
	Loaded [Klebsiella_pneumoniae_NZ_CP047271.1]
	Loaded [Klebsiella_pneumoniae_NZ_CP047272.1]
	Total Regions: 2
	Total Region Length: 5577703
Analyzing contigs...
CONTIG: k141_2 (510bp)
Best alignment score: 411.0 (LEN: 413, IDY: 99.52), Total number of alignments: 1
			Looking for the best set of alignments (out of 1 total alignments)
			The best set is below. Score: 411.0, number of alignments: 1, unaligned bases: 97
		Alignment: 20539 20951 | 413 1 | 413 413 | 99.52 | Klebsiella_pneumoniae_NZ_CP047272.1 k141_2

CONTIG: k141_32 (759bp)
Best alignment score: 759.0 (LEN: 759, IDY: 100.00), Total number of alignments: 1
		One align captures most of this contig: 21229 21987 | 759 1 | 759 759 | 100.0 | Klebsiella_pneumoniae_NZ_CP047272.1 k141_32

CONTIG: k141_102 (531bp)
Best alignment score: 484.0 (LEN: 497, IDY: 97.38), Total number of alignments: 1
			Looking for the best set of alignments (out of 1 total alignments)
			The best set is below. Score: 484.0, number of alignments: 1, unaligned bases: 34
		Alignment: 169023 169519 | 35 531 | 497 497 | 97.38 | Klebsiella_pneumoniae_NZ_CP047272.1 k141_102

CONTIG: k141_150 (959bp)
Best alignment score: 363.0 (LEN: 364, IDY: 99.73), Total number of alignments: 1
			Looking for the best set of alignments (out of 1 total alignments)
			The best set is below. Score: 363.0, number of alignments: 1, unaligned bases: 595
		This contig is partially unaligned. (Aligned 364 out of 959 non-N bases (37.96%))
		Alignment: 203434 203797 | 1 364 | 364 364 | 99.73 | Klebsiella_pneumoniae_NZ_CP047272.1 k141_150
		Unaligned bases: 365 to 959 (595)

CONTIG: k141_385 (1665bp)
Best alignment score: 823.0 (LEN: 823, IDY: 100.00), Total number of alignments: 10
			Looking for the best set of alignments (out of 10 total alignments)
			Skipping redundant alignments after choosing the best set of alignments
		Skipping redundant alignment 142655 143474 | 306 1125 | 820 820 | 100.0 | Klebsiella_pneumoniae_NZ_CP047272.1 k141_385
		Skipping redundant alignment 23198 24017 | 1125 306 | 820 820 | 100.0 | Klebsiella_pneumoniae_NZ_CP047272.1 k141_385
		Skipping redundant alignment 163727 164546 | 1125 306 | 820 820 | 100.0 | Klebsiella_pneumoniae_NZ_CP047272.1 k141_385
		Skipping redundant alignment 178768 179587 | 1125 306 | 820 820 | 100.0 | Klebsiella_pneumoniae_NZ_CP047272.1 k141_385
		Skipping redundant alignment 159367 160186 | 1125 306 | 820 820 | 99.88 | Klebsiella_pneumoniae_NZ_CP047272.1 k141_385
		Skipping redundant alignment 127118 127938 | 306 1126 | 821 821 | 100.0 | Klebsiella_pneumoniae_NZ_CP047272.1 k141_385
		Skipping redundant alignment 12863 13683 | 1126 306 | 821 821 | 99.88 | Klebsiella_pneumoniae_NZ_CP047272.1 k141_385
		Skipping redundant alignment 143898 144720 | 1126 304 | 823 823 | 100.0 | Klebsiella_pneumoniae_NZ_CP047272.1 k141_385
		Skipping redundant alignment 165944 166766 | 1127 305 | 823 823 | 100.0 | Klebsiella_pneumoniae_NZ_CP047272.1 k141_385
		This contig has several significant sets of alignments. [An ambiguously mapped contig]
		Using only the very best set (option --ambiguity-usage is set to "one").
			The best set is below. Score: 823.0, number of alignments: 1, unaligned bases: 842
		This contig is partially unaligned. (Aligned 823 out of 1665 non-N bases (49.43%))
		Alignment: 70590 71412 | 303 1125 | 823 823 | 100.0 | Klebsiella_pneumoniae_NZ_CP047272.1 k141_385
		Unaligned bases: 1 to 302 (302)
		Unaligned bases: 1126 to 1665 (540)

CONTIG: k141_224 (585bp)
Best alignment score: 248.0 (LEN: 258, IDY: 96.12), Total number of alignments: 1
			Looking for the best set of alignments (out of 1 total alignments)
			The best set is below. Score: 248.0, number of alignments: 1, unaligned bases: 327
		Alignment: 213634 213891 | 328 585 | 258 258 | 96.12 | Klebsiella_pneumoniae_NZ_CP047272.1 k141_224

CONTIG: k141_426 (983bp)
Best alignment score: 818.0 (LEN: 820, IDY: 99.76), Total number of alignments: 2
			Looking for the best set of alignments (out of 2 total alignments)
			Skipping redundant alignments after choosing the best set of alignments
		Skipping redundant alignment 708776 709589 | 820 7 | 814 814 | 99.39 | Klebsiella_pneumoniae_NZ_CP047271.1 k141_426
			The best set is below. Score: 818.0, number of alignments: 1, unaligned bases: 163
		Alignment: 22174 22993 | 1 820 | 820 820 | 99.76 | Klebsiella_pneumoniae_NZ_CP047272.1 k141_426

CONTIG: k141_526 (801bp)
Best alignment score: 471.0 (LEN: 473, IDY: 99.58), Total number of alignments: 2
			Looking for the best set of alignments (out of 2 total alignments)
			Skipping redundant alignments after choosing the best set of alignments
		Skipping redundant alignment 171186 171649 | 801 338 | 464 464 | 99.78 | Klebsiella_pneumoniae_NZ_CP047272.1 k141_526
			The best set is below. Score: 471.0, number of alignments: 1, unaligned bases: 328
		Alignment: 134819 135291 | 801 329 | 473 473 | 99.58 | Klebsiella_pneumoniae_NZ_CP047272.1 k141_526

CONTIG: k141_567 (1049bp)
Best alignment score: 374.0 (LEN: 374, IDY: 100.00), Total number of alignments: 1
			Looking for the best set of alignments (out of 1 total alignments)
			The best set is below. Score: 374.0, number of alignments: 1, unaligned bases: 675
		This contig is partially unaligned. (Aligned 374 out of 1049 non-N bases (35.65%))
		Alignment: 160516 160889 | 676 1049 | 374 374 | 100.0 | Klebsiella_pneumoniae_NZ_CP047272.1 k141_567
		Unaligned bases: 1 to 675 (675)

CONTIG: k141_8 (680bp)
Best alignment score: 531.0 (LEN: 535, IDY: 99.25), Total number of alignments: 2
			Looking for the best set of alignments (out of 2 total alignments)
			The best set is below. Score: 660.1, number of alignments: 2, unaligned bases: 0
		This contig is misassembled.
			Excluding internal overlap of size 155 between Alignment 1 and 2: 329665 329964 | 381 680 | 300 300 --> 329820 329964 | 536 680 | 145 145
			Real Alignment 1: 329038 329571 | 1 535 | 534 535 | 99.25 | Klebsiella_pneumoniae_NZ_CP047271.1 k141_8
			  Gap between these two alignments (local misassembly). Inconsistency = 248
			Real Alignment 2: 329820 329964 | 536 680 | 145 145 | 97.33 | Klebsiella_pneumoniae_NZ_CP047271.1 k141_8

CONTIG: k141_12 (513bp)
Best alignment score: 511.0 (LEN: 513, IDY: 99.61), Total number of alignments: 1
		One align captures most of this contig: 272067 272579 | 513 1 | 513 513 | 99.61 | Klebsiella_pneumoniae_NZ_CP047271.1 k141_12

CONTIG: k141_20 (612bp)
Best alignment score: 605.0 (LEN: 612, IDY: 98.86), Total number of alignments: 1
		One align captures most of this contig: 2638398 2639009 | 1 612 | 612 612 | 98.86 | Klebsiella_pneumoniae_NZ_CP047271.1 k141_20

CONTIG: k141_23 (509bp)
Best alignment score: 508.0 (LEN: 509, IDY: 99.80), Total number of alignments: 1
		One align captures most of this contig: 4263499 4264007 | 1 509 | 509 509 | 99.8 | Klebsiella_pneumoniae_NZ_CP047271.1 k141_23

CONTIG: k141_33 (594bp)
Best alignment score: 586.0 (LEN: 594, IDY: 98.65), Total number of alignments: 1
		One align captures most of this contig: 3027192 3027785 | 594 1 | 594 594 | 98.65 | Klebsiella_pneumoniae_NZ_CP047271.1 k141_33

CONTIG: k141_55 (566bp)
Best alignment score: 559.0 (LEN: 566, IDY: 98.76), Total number of alignments: 1
		One align captures most of this contig: 4323254 4323819 | 566 1 | 566 566 | 98.76 | Klebsiella_pneumoniae_NZ_CP047271.1 k141_55

CONTIG: k141_57 (586bp)
Best alignment score: 478.0 (LEN: 481, IDY: 99.38), Total number of alignments: 2
			Looking for the best set of alignments (out of 2 total alignments)
			The best set is below. Score: 484.0, number of alignments: 2, unaligned bases: 0
		This contig is misassembled.
			Excluding internal overlap of size 140 between Alignment 1 and 2: 3222358 3222602 | 1 245 | 245 245 --> 3222358 3222462 | 1 105 | 105 105
			Real Alignment 1: 3222358 3222462 | 1 105 | 105 105 | 100.0 | Klebsiella_pneumoniae_NZ_CP047271.1 k141_57
			  Extensive misassembly (relocation, inconsistency = 8656) between these two alignments
			Real Alignment 2: 3213221 3213701 | 586 106 | 481 481 | 99.38 | Klebsiella_pneumoniae_NZ_CP047271.1 k141_57

CONTIG: k141_60 (637bp)
Best alignment score: 637.0 (LEN: 637, IDY: 100.00), Total number of alignments: 1
		One align captures most of this contig: 3881338 3881974 | 1 637 | 637 637 | 100.0 | Klebsiella_pneumoniae_NZ_CP047271.1 k141_60

CONTIG: k141_66 (660bp)
Best alignment score: 653.0 (LEN: 660, IDY: 98.94), Total number of alignments: 1
		One align captures most of this contig: 1536557 1537216 | 660 1 | 660 660 | 98.94 | Klebsiella_pneumoniae_NZ_CP047271.1 k141_66

CONTIG: k141_70 (546bp)
Best alignment score: 542.0 (LEN: 546, IDY: 99.27), Total number of alignments: 1
		One align captures most of this contig: 3105903 3106448 | 546 1 | 546 546 | 99.27 | Klebsiella_pneumoniae_NZ_CP047271.1 k141_70

CONTIG: k141_76 (629bp)
Best alignment score: 624.0 (LEN: 629, IDY: 99.21), Total number of alignments: 1
		One align captures most of this contig: 4049334 4049962 | 629 1 | 629 629 | 99.21 | Klebsiella_pneumoniae_NZ_CP047271.1 k141_76

CONTIG: k141_78 (535bp)
Best alignment score: 532.0 (LEN: 535, IDY: 99.44), Total number of alignments: 1
		One align captures most of this contig: 950090 950624 | 535 1 | 535 535 | 99.44 | Klebsiella_pneumoniae_NZ_CP047271.1 k141_78

CONTIG: k141_84 (593bp)
Best alignment score: 592.0 (LEN: 593, IDY: 99.83), Total number of alignments: 1
		One align captures most of this contig: 1737406 1737998 | 593 1 | 593 593 | 99.83 | Klebsiella_pneumoniae_NZ_CP047271.1 k141_84

CONTIG: k141_89 (661bp)
Best alignment score: 652.0 (LEN: 661, IDY: 98.64), Total number of alignments: 5
		Skipping these alignments as insignificant (option --ambiguity-score is set to "0.99"):
			Skipping alignment 3109328 3109988 | 1 661 | 661 661 | 97.58 | Klebsiella_pneumoniae_NZ_CP047271.1 k141_89
			Skipping alignment 148080 148740 | 1 661 | 661 661 | 97.28 | Klebsiella_pneumoniae_NZ_CP047272.1 k141_89
			Skipping alignment 3373925 3374582 | 1 658 | 658 658 | 97.72 | Klebsiella_pneumoniae_NZ_CP047271.1 k141_89
		This contig has 2 significant alignments. [An ambiguously mapped contig]
		Using only first of these alignment (option --ambiguity-usage is set to "one"):
			Alignment: 1770571 1771231 | 1 661 | 661 661 | 98.64 | Klebsiella_pneumoniae_NZ_CP047271.1 k141_89
			Skipping alignment 4850412 4851072 | 661 1 | 661 661 | 98.64 | Klebsiella_pneumoniae_NZ_CP047271.1 k141_89

CONTIG: k141_92 (513bp)
Best alignment score: 513.0 (LEN: 513, IDY: 100.00), Total number of alignments: 1
		One align captures most of this contig: 505947 506459 | 1 513 | 513 513 | 100.0 | Klebsiella_pneumoniae_NZ_CP047271.1 k141_92

CONTIG: k141_97 (578bp)
Best alignment score: 564.0 (LEN: 578, IDY: 97.58), Total number of alignments: 1
		One align captures most of this contig: 2974514 2975091 | 1 578 | 578 578 | 97.58 | Klebsiella_pneumoniae_NZ_CP047271.1 k141_97

CONTIG: k141_116 (518bp)
Best alignment score: 518.0 (LEN: 518, IDY: 100.00), Total number of alignments: 1
		One align captures most of this contig: 3082083 3082600 | 1 518 | 518 518 | 100.0 | Klebsiella_pneumoniae_NZ_CP047271.1 k141_116

CONTIG: k141_123 (508bp)
Best alignment score: 508.0 (LEN: 508, IDY: 100.00), Total number of alignments: 1
		One align captures most of this contig: 352185 352692 | 1 508 | 508 508 | 100.0 | Klebsiella_pneumoniae_NZ_CP047271.1 k141_123

CONTIG: k141_291 (2121bp)
Best alignment score: 2110.0 (LEN: 2121, IDY: 99.48), Total number of alignments: 6
		Skipping these alignments as insignificant (option --ambiguity-score is set to "0.99"):
			Skipping alignment 1286167 1288049 | 1886 1 | 1883 1886 | 98.3 | Klebsiella_pneumoniae_NZ_CP047271.1 k141_291
			Skipping alignment 462768 464476 | 1709 1 | 1709 1709 | 99.65 | Klebsiella_pneumoniae_NZ_CP047271.1 k141_291
			Skipping alignment 5253806 5255511 | 1 1706 | 1706 1706 | 99.65 | Klebsiella_pneumoniae_NZ_CP047271.1 k141_291
			Skipping alignment 4295187 4296895 | 1 1709 | 1709 1709 | 99.47 | Klebsiella_pneumoniae_NZ_CP047271.1 k141_291
			Skipping alignment 5057477 5059182 | 1 1706 | 1706 1706 | 99.47 | Klebsiella_pneumoniae_NZ_CP047271.1 k141_291
		One align captures most of this contig: 5149260 5151380 | 1 2121 | 2121 2121 | 99.48 | Klebsiella_pneumoniae_NZ_CP047271.1 k141_291

CONTIG: k141_135 (702bp)
Best alignment score: 671.0 (LEN: 679, IDY: 98.82), Total number of alignments: 1
			Looking for the best set of alignments (out of 1 total alignments)
			The best set is below. Score: 671.0, number of alignments: 1, unaligned bases: 23
		Alignment: 2848098 2848776 | 702 24 | 679 679 | 98.82 | Klebsiella_pneumoniae_NZ_CP047271.1 k141_135

CONTIG: k141_294 (759bp)
Best alignment score: 756.0 (LEN: 759, IDY: 99.60), Total number of alignments: 1
		One align captures most of this contig: 5052728 5053486 | 1 759 | 759 759 | 99.6 | Klebsiella_pneumoniae_NZ_CP047271.1 k141_294

CONTIG: k141_296 (517bp)
Best alignment score: 517.0 (LEN: 517, IDY: 100.00), Total number of alignments: 1
		One align captures most of this contig: 1589061 1589577 | 517 1 | 517 517 | 100.0 | Klebsiella_pneumoniae_NZ_CP047271.1 k141_296

CONTIG: k141_143 (555bp)
Best alignment score: 552.0 (LEN: 554, IDY: 99.64), Total number of alignments: 1
		One align captures most of this contig: 1497165 1497718 | 1 554 | 554 554 | 99.64 | Klebsiella_pneumoniae_NZ_CP047271.1 k141_143

CONTIG: k141_149 (543bp)
Best alignment score: 539.0 (LEN: 543, IDY: 99.26), Total number of alignments: 1
		One align captures most of this contig: 1697964 1698506 | 1 543 | 543 543 | 99.26 | Klebsiella_pneumoniae_NZ_CP047271.1 k141_149

CONTIG: k141_153 (525bp)
Best alignment score: 524.0 (LEN: 525, IDY: 99.81), Total number of alignments: 1
		One align captures most of this contig: 1115238 1115762 | 525 1 | 525 525 | 99.81 | Klebsiella_pneumoniae_NZ_CP047271.1 k141_153

CONTIG: k141_154 (519bp)
Best alignment score: 519.0 (LEN: 519, IDY: 100.00), Total number of alignments: 1
		One align captures most of this contig: 3202852 3203370 | 1 519 | 519 519 | 100.0 | Klebsiella_pneumoniae_NZ_CP047271.1 k141_154

CONTIG: k141_316 (571bp)
Best alignment score: 569.0 (LEN: 571, IDY: 99.65), Total number of alignments: 1
		One align captures most of this contig: 2924019 2924589 | 571 1 | 571 571 | 99.65 | Klebsiella_pneumoniae_NZ_CP047271.1 k141_316

CONTIG: k141_163 (516bp)
Best alignment score: 510.0 (LEN: 516, IDY: 98.84), Total number of alignments: 1
		One align captures most of this contig: 149451 149966 | 1 516 | 516 516 | 98.84 | Klebsiella_pneumoniae_NZ_CP047271.1 k141_163

CONTIG: k141_168 (529bp)
Best alignment score: 529.0 (LEN: 529, IDY: 100.00), Total number of alignments: 1
		One align captures most of this contig: 596247 596775 | 529 1 | 529 529 | 100.0 | Klebsiella_pneumoniae_NZ_CP047271.1 k141_168

CONTIG: k141_171 (667bp)
Best alignment score: 664.0 (LEN: 667, IDY: 99.55), Total number of alignments: 1
		One align captures most of this contig: 3409601 3410267 | 1 667 | 667 667 | 99.55 | Klebsiella_pneumoniae_NZ_CP047271.1 k141_171

CONTIG: k141_332 (517bp)
Best alignment score: 514.0 (LEN: 517, IDY: 99.42), Total number of alignments: 1
		One align captures most of this contig: 3441519 3442035 | 517 1 | 517 517 | 99.42 | Klebsiella_pneumoniae_NZ_CP047271.1 k141_332

CONTIG: k141_174 (585bp)
Best alignment score: 585.0 (LEN: 585, IDY: 100.00), Total number of alignments: 1
		One align captures most of this contig: 5042586 5043170 | 585 1 | 585 585 | 100.0 | Klebsiella_pneumoniae_NZ_CP047271.1 k141_174

CONTIG: k141_175 (579bp)
Best alignment score: 577.0 (LEN: 579, IDY: 99.65), Total number of alignments: 1
		One align captures most of this contig: 4429304 4429882 | 1 579 | 579 579 | 99.65 | Klebsiella_pneumoniae_NZ_CP047271.1 k141_175

CONTIG: k141_339 (534bp)
Best alignment score: 530.0 (LEN: 534, IDY: 99.25), Total number of alignments: 1
		One align captures most of this contig: 2016066 2016599 | 534 1 | 534 534 | 99.25 | Klebsiella_pneumoniae_NZ_CP047271.1 k141_339

CONTIG: k141_343 (634bp)
Best alignment score: 630.0 (LEN: 634, IDY: 99.37), Total number of alignments: 1
		One align captures most of this contig: 1154260 1154893 | 1 634 | 634 634 | 99.37 | Klebsiella_pneumoniae_NZ_CP047271.1 k141_343

CONTIG: k141_184 (2141bp)
Best alignment score: 2063.9 (LEN: 2066, IDY: 99.90), Total number of alignments: 4
			Looking for the best set of alignments (out of 4 total alignments)
			Skipping redundant alignments after choosing the best set of alignments
		Skipping redundant alignment 3243174 3245095 | 1986 64 | 1922 1923 | 99.84 | Klebsiella_pneumoniae_NZ_CP047271.1 k141_184
		Skipping redundant alignment 1201354 1203272 | 68 1987 | 1919 1920 | 99.84 | Klebsiella_pneumoniae_NZ_CP047271.1 k141_184
		Skipping redundant alignment 1788233 1790218 | 1 1987 | 1986 1987 | 99.75 | Klebsiella_pneumoniae_NZ_CP047271.1 k141_184
			The best set is below. Score: 2063.9, number of alignments: 1, unaligned bases: 75
		Alignment: 1932852 1934916 | 76 2141 | 2065 2066 | 99.9 | Klebsiella_pneumoniae_NZ_CP047271.1 k141_184

CONTIG: k141_196 (583bp)
Best alignment score: 578.0 (LEN: 583, IDY: 99.14), Total number of alignments: 1
		One align captures most of this contig: 1671320 1671902 | 583 1 | 583 583 | 99.14 | Klebsiella_pneumoniae_NZ_CP047271.1 k141_196

CONTIG: k141_367 (517bp)
Best alignment score: 369.0 (LEN: 375, IDY: 98.40), Total number of alignments: 1
			Looking for the best set of alignments (out of 1 total alignments)
			The best set is below. Score: 369.0, number of alignments: 1, unaligned bases: 142
		Alignment: 2738823 2739197 | 143 517 | 375 375 | 98.4 | Klebsiella_pneumoniae_NZ_CP047271.1 k141_367

CONTIG: k141_202 (519bp)
Best alignment score: 518.0 (LEN: 519, IDY: 99.81), Total number of alignments: 1
		One align captures most of this contig: 5240986 5241504 | 519 1 | 519 519 | 99.81 | Klebsiella_pneumoniae_NZ_CP047271.1 k141_202

CONTIG: k141_370 (502bp)
Best alignment score: 499.0 (LEN: 501, IDY: 99.60), Total number of alignments: 1
		One align captures most of this contig: 3461399 3461899 | 2 502 | 501 501 | 99.6 | Klebsiella_pneumoniae_NZ_CP047271.1 k141_370

CONTIG: k141_372 (563bp)
Best alignment score: 562.0 (LEN: 563, IDY: 99.82), Total number of alignments: 1
		One align captures most of this contig: 4130109 4130671 | 563 1 | 563 563 | 99.82 | Klebsiella_pneumoniae_NZ_CP047271.1 k141_372

CONTIG: k141_378 (576bp)
Best alignment score: 573.0 (LEN: 576, IDY: 99.48), Total number of alignments: 1
		One align captures most of this contig: 3507378 3507953 | 1 576 | 576 576 | 99.48 | Klebsiella_pneumoniae_NZ_CP047271.1 k141_378

CONTIG: k141_216 (662bp)
Best alignment score: 643.0 (LEN: 662, IDY: 97.13), Total number of alignments: 1
		One align captures most of this contig: 1518575 1519236 | 1 662 | 662 662 | 97.13 | Klebsiella_pneumoniae_NZ_CP047271.1 k141_216

CONTIG: k141_382 (504bp)
Best alignment score: 499.0 (LEN: 504, IDY: 99.01), Total number of alignments: 1
		One align captures most of this contig: 344352 344855 | 504 1 | 504 504 | 99.01 | Klebsiella_pneumoniae_NZ_CP047271.1 k141_382

CONTIG: k141_393 (973bp)
Best alignment score: 970.0 (LEN: 973, IDY: 99.69), Total number of alignments: 1
		One align captures most of this contig: 4916763 4917735 | 973 1 | 973 973 | 99.69 | Klebsiella_pneumoniae_NZ_CP047271.1 k141_393

CONTIG: k141_399 (521bp)
Best alignment score: 521.0 (LEN: 521, IDY: 100.00), Total number of alignments: 1
		One align captures most of this contig: 698087 698607 | 521 1 | 521 521 | 100.0 | Klebsiella_pneumoniae_NZ_CP047271.1 k141_399

CONTIG: k141_240 (941bp)
Best alignment score: 679.0 (LEN: 696, IDY: 97.56), Total number of alignments: 2
			Looking for the best set of alignments (out of 2 total alignments)
			The best set is below. Score: 817.3, number of alignments: 2, unaligned bases: 3
		This contig is misassembled.
			Excluding internal overlap of size 269 between Alignment 1 and 2: 4715278 4715788 | 4 514 | 511 511 --> 4715278 4715519 | 4 245 | 242 242
			Real Alignment 1: 4715278 4715519 | 4 245 | 242 242 | 98.24 | Klebsiella_pneumoniae_NZ_CP047271.1 k141_240
			  Extensive misassembly (relocation, inconsistency = -2414333) between these two alignments
			Real Alignment 2: 2301187 2301882 | 246 941 | 696 696 | 97.56 | Klebsiella_pneumoniae_NZ_CP047271.1 k141_240

CONTIG: k141_245 (666bp)
Best alignment score: 664.0 (LEN: 666, IDY: 99.70), Total number of alignments: 1
		One align captures most of this contig: 537379 538044 | 1 666 | 666 666 | 99.7 | Klebsiella_pneumoniae_NZ_CP047271.1 k141_245

CONTIG: k141_254 (649bp)
Best alignment score: 161.0 (LEN: 161, IDY: 100.00), Total number of alignments: 8
			Looking for the best set of alignments (out of 8 total alignments)
			Skipping redundant alignments after choosing the best set of alignments
		Skipping redundant alignment 1873314 1873471 | 489 646 | 158 158 | 99.37 | Klebsiella_pneumoniae_NZ_CP047271.1 k141_254
		Skipping redundant alignment 4151114 4151272 | 646 488 | 159 159 | 99.37 | Klebsiella_pneumoniae_NZ_CP047271.1 k141_254
		Skipping redundant alignment 1591820 1591978 | 488 646 | 159 159 | 99.37 | Klebsiella_pneumoniae_NZ_CP047271.1 k141_254
		Skipping redundant alignment 1771239 1771399 | 649 489 | 161 161 | 100.0 | Klebsiella_pneumoniae_NZ_CP047271.1 k141_254
		Skipping redundant alignment 3109996 3110156 | 649 489 | 161 161 | 100.0 | Klebsiella_pneumoniae_NZ_CP047271.1 k141_254
		Skipping redundant alignment 148748 148908 | 649 489 | 161 161 | 99.38 | Klebsiella_pneumoniae_NZ_CP047272.1 k141_254
		Skipping redundant alignment 3374593 3374753 | 649 489 | 161 161 | 99.38 | Klebsiella_pneumoniae_NZ_CP047271.1 k141_254
		This contig has several significant sets of alignments. [An ambiguously mapped contig]
		Using only the very best set (option --ambiguity-usage is set to "one").
			The best set is below. Score: 161.0, number of alignments: 1, unaligned bases: 488
		Alignment: 4850244 4850404 | 489 649 | 161 161 | 100.0 | Klebsiella_pneumoniae_NZ_CP047271.1 k141_254

CONTIG: k141_263 (513bp)
Best alignment score: 511.0 (LEN: 513, IDY: 99.61), Total number of alignments: 1
		One align captures most of this contig: 3767365 3767877 | 1 513 | 513 513 | 99.61 | Klebsiella_pneumoniae_NZ_CP047271.1 k141_263

CONTIG: k141_264 (512bp)
Best alignment score: 507.0 (LEN: 512, IDY: 99.02), Total number of alignments: 1
		One align captures most of this contig: 68258 68769 | 1 512 | 512 512 | 99.02 | Klebsiella_pneumoniae_NZ_CP047271.1 k141_264

CONTIG: k141_270 (589bp)
Best alignment score: 576.0 (LEN: 585, IDY: 98.46), Total number of alignments: 1
		One align captures most of this contig: 2891978 2892562 | 589 5 | 585 585 | 98.46 | Klebsiella_pneumoniae_NZ_CP047271.1 k141_270

CONTIG: k141_417 (511bp)
Best alignment score: 511.0 (LEN: 511, IDY: 100.00), Total number of alignments: 1
		One align captures most of this contig: 3240586 3241096 | 1 511 | 511 511 | 100.0 | Klebsiella_pneumoniae_NZ_CP047271.1 k141_417

CONTIG: k141_280 (519bp)
Best alignment score: 519.0 (LEN: 519, IDY: 100.00), Total number of alignments: 1
		One align captures most of this contig: 2478005 2478523 | 519 1 | 519 519 | 100.0 | Klebsiella_pneumoniae_NZ_CP047271.1 k141_280

CONTIG: k141_425 (527bp)
Best alignment score: 523.0 (LEN: 527, IDY: 99.24), Total number of alignments: 1
		One align captures most of this contig: 646665 647191 | 527 1 | 527 527 | 99.24 | Klebsiella_pneumoniae_NZ_CP047271.1 k141_425

CONTIG: k141_283 (509bp)
Best alignment score: 508.0 (LEN: 509, IDY: 99.80), Total number of alignments: 1
		One align captures most of this contig: 4404528 4405036 | 1 509 | 509 509 | 99.8 | Klebsiella_pneumoniae_NZ_CP047271.1 k141_283

CONTIG: k141_284 (861bp)
Best alignment score: 860.0 (LEN: 861, IDY: 99.88), Total number of alignments: 1
		One align captures most of this contig: 261614 262474 | 1 861 | 861 861 | 99.88 | Klebsiella_pneumoniae_NZ_CP047271.1 k141_284

CONTIG: k141_287 (536bp)
Best alignment score: 536.0 (LEN: 536, IDY: 100.00), Total number of alignments: 1
		One align captures most of this contig: 4173168 4173703 | 1 536 | 536 536 | 100.0 | Klebsiella_pneumoniae_NZ_CP047271.1 k141_287

CONTIG: k141_288 (595bp)
Best alignment score: 589.0 (LEN: 595, IDY: 99.00), Total number of alignments: 1
		One align captures most of this contig: 1292082 1292679 | 595 1 | 598 595 | 99.0 | Klebsiella_pneumoniae_NZ_CP047271.1 k141_288

CONTIG: k141_434 (538bp)
Best alignment score: 531.0 (LEN: 538, IDY: 98.70), Total number of alignments: 1
		One align captures most of this contig: 2627332 2627869 | 1 538 | 538 538 | 98.7 | Klebsiella_pneumoniae_NZ_CP047271.1 k141_434

CONTIG: k141_437 (505bp)
Best alignment score: 503.0 (LEN: 505, IDY: 99.60), Total number of alignments: 1
		One align captures most of this contig: 513365 513869 | 505 1 | 505 505 | 99.6 | Klebsiella_pneumoniae_NZ_CP047271.1 k141_437

CONTIG: k141_441 (501bp)
Best alignment score: 496.0 (LEN: 501, IDY: 99.00), Total number of alignments: 1
		One align captures most of this contig: 3799865 3800365 | 501 1 | 501 501 | 99.0 | Klebsiella_pneumoniae_NZ_CP047271.1 k141_441

CONTIG: k141_443 (501bp)
Best alignment score: 498.0 (LEN: 501, IDY: 99.40), Total number of alignments: 1
		One align captures most of this contig: 3707905 3708405 | 501 1 | 501 501 | 99.4 | Klebsiella_pneumoniae_NZ_CP047271.1 k141_443

CONTIG: k141_457 (3218bp)
Best alignment score: 3207.1 (LEN: 3218, IDY: 99.66), Total number of alignments: 8
		Skipping these alignments as insignificant (option --ambiguity-score is set to "0.99"):
			Skipping alignment 464635 467776 | 3218 77 | 3142 3142 | 99.52 | Klebsiella_pneumoniae_NZ_CP047271.1 k141_457
			Skipping alignment 4652354 4655494 | 78 3218 | 3141 3141 | 99.55 | Klebsiella_pneumoniae_NZ_CP047271.1 k141_457
			Skipping alignment 5053947 5057087 | 78 3218 | 3141 3141 | 99.46 | Klebsiella_pneumoniae_NZ_CP047271.1 k141_457
			Skipping alignment 5008897 5012041 | 78 3218 | 3145 3141 | 98.82 | Klebsiella_pneumoniae_NZ_CP047271.1 k141_457
			Skipping alignment 1288352 1291493 | 3215 78 | 3142 3138 | 98.86 | Klebsiella_pneumoniae_NZ_CP047271.1 k141_457
			Skipping alignment 4291408 4294719 | 6 3218 | 3312 3213 | 96.2 | Klebsiella_pneumoniae_NZ_CP047271.1 k141_457
			Skipping alignment 5250537 5253502 | 254 3218 | 2966 2965 | 99.76 | Klebsiella_pneumoniae_NZ_CP047271.1 k141_457
		One align captures most of this contig: 5145657 5148873 | 1 3218 | 3217 3218 | 99.66 | Klebsiella_pneumoniae_NZ_CP047271.1 k141_457

CONTIG: k141_459 (669bp)
Best alignment score: 665.0 (LEN: 669, IDY: 99.40), Total number of alignments: 6
		Skipping these alignments as insignificant (option --ambiguity-score is set to "0.99"):
			Skipping alignment 4294736 4294960 | 150 374 | 225 225 | 98.67 | Klebsiella_pneumoniae_NZ_CP047271.1 k141_459
			Skipping alignment 4295158 4295327 | 500 669 | 170 170 | 99.41 | Klebsiella_pneumoniae_NZ_CP047271.1 k141_459
			Skipping alignment 4294579 4294719 | 1 141 | 141 141 | 100.0 | Klebsiella_pneumoniae_NZ_CP047271.1 k141_459
			Skipping alignment 4295052 4295144 | 396 488 | 93 93 | 96.77 | Klebsiella_pneumoniae_NZ_CP047271.1 k141_459
		This contig has 2 significant alignments. [An ambiguously mapped contig]
		Using only first of these alignment (option --ambiguity-usage is set to "one"):
			Alignment: 5148733 5149400 | 1 669 | 668 669 | 99.4 | Klebsiella_pneumoniae_NZ_CP047271.1 k141_459
			Skipping alignment 5056947 5057617 | 1 669 | 671 669 | 98.66 | Klebsiella_pneumoniae_NZ_CP047271.1 k141_459

CONTIG: k141_468 (675bp)
Best alignment score: 669.0 (LEN: 675, IDY: 99.11), Total number of alignments: 1
		One align captures most of this contig: 3589127 3589801 | 1 675 | 675 675 | 99.11 | Klebsiella_pneumoniae_NZ_CP047271.1 k141_468

CONTIG: k141_472 (609bp)
Best alignment score: 608.0 (LEN: 609, IDY: 99.84), Total number of alignments: 1
		One align captures most of this contig: 3142363 3142971 | 609 1 | 609 609 | 99.84 | Klebsiella_pneumoniae_NZ_CP047271.1 k141_472

CONTIG: k141_477 (528bp)
Best alignment score: 523.0 (LEN: 528, IDY: 99.05), Total number of alignments: 1
		One align captures most of this contig: 2592061 2592588 | 528 1 | 528 528 | 99.05 | Klebsiella_pneumoniae_NZ_CP047271.1 k141_477

CONTIG: k141_484 (569bp)
Best alignment score: 566.0 (LEN: 569, IDY: 99.47), Total number of alignments: 1
		One align captures most of this contig: 5130670 5131238 | 1 569 | 569 569 | 99.47 | Klebsiella_pneumoniae_NZ_CP047271.1 k141_484

CONTIG: k141_485 (517bp)
Best alignment score: 513.0 (LEN: 517, IDY: 99.23), Total number of alignments: 1
		One align captures most of this contig: 3508241 3508757 | 1 517 | 517 517 | 99.23 | Klebsiella_pneumoniae_NZ_CP047271.1 k141_485

CONTIG: k141_487 (602bp)
Best alignment score: 598.0 (LEN: 602, IDY: 99.34), Total number of alignments: 1
		One align captures most of this contig: 4335068 4335669 | 602 1 | 602 602 | 99.34 | Klebsiella_pneumoniae_NZ_CP047271.1 k141_487

CONTIG: k141_488 (523bp)
Best alignment score: 522.0 (LEN: 523, IDY: 99.81), Total number of alignments: 1
		One align captures most of this contig: 4072890 4073412 | 523 1 | 523 523 | 99.81 | Klebsiella_pneumoniae_NZ_CP047271.1 k141_488

CONTIG: k141_498 (693bp)
Best alignment score: 690.0 (LEN: 693, IDY: 99.57), Total number of alignments: 1
		One align captures most of this contig: 112404 113096 | 1 693 | 693 693 | 99.57 | Klebsiella_pneumoniae_NZ_CP047271.1 k141_498

CONTIG: k141_532 (523bp)
Best alignment score: 515.0 (LEN: 523, IDY: 98.47), Total number of alignments: 1
		One align captures most of this contig: 2577015 2577537 | 1 523 | 523 523 | 98.47 | Klebsiella_pneumoniae_NZ_CP047271.1 k141_532

CONTIG: k141_533 (590bp)
Best alignment score: 584.0 (LEN: 590, IDY: 98.98), Total number of alignments: 1
		One align captures most of this contig: 1036450 1037039 | 1 590 | 590 590 | 98.98 | Klebsiella_pneumoniae_NZ_CP047271.1 k141_533

CONTIG: k141_538 (548bp)
Best alignment score: 544.0 (LEN: 548, IDY: 99.27), Total number of alignments: 1
		One align captures most of this contig: 4778959 4779506 | 1 548 | 548 548 | 99.27 | Klebsiella_pneumoniae_NZ_CP047271.1 k141_538

CONTIG: k141_542 (693bp)
Best alignment score: 692.0 (LEN: 693, IDY: 99.86), Total number of alignments: 1
		One align captures most of this contig: 4508976 4509668 | 693 1 | 693 693 | 99.86 | Klebsiella_pneumoniae_NZ_CP047271.1 k141_542

CONTIG: k141_548 (502bp)
Best alignment score: 501.0 (LEN: 502, IDY: 99.80), Total number of alignments: 1
		One align captures most of this contig: 3169228 3169729 | 502 1 | 502 502 | 99.8 | Klebsiella_pneumoniae_NZ_CP047271.1 k141_548

CONTIG: k141_557 (659bp)
Best alignment score: 659.0 (LEN: 659, IDY: 100.00), Total number of alignments: 1
		One align captures most of this contig: 53986 54644 | 1 659 | 659 659 | 100.0 | Klebsiella_pneumoniae_NZ_CP047271.1 k141_557

CONTIG: k141_561 (893bp)
Best alignment score: 852.0 (LEN: 893, IDY: 95.41), Total number of alignments: 1
		One align captures most of this contig: 2788850 2789742 | 893 1 | 893 893 | 95.41 | Klebsiella_pneumoniae_NZ_CP047271.1 k141_561

CONTIG: k141_570 (539bp)
Best alignment score: 534.0 (LEN: 539, IDY: 99.07), Total number of alignments: 1
		One align captures most of this contig: 2501866 2502404 | 539 1 | 539 539 | 99.07 | Klebsiella_pneumoniae_NZ_CP047271.1 k141_570

Analyzing coverage...
Writing SNPs into /home/hannelore/PROJECTHH/Scripts/Pipeline/work/5b/fd06bcddfdd15e6ad5a6ca9bd7cd34/metaquast-results/runs_per_reference/Klebsiella_pneumoniae/contigs_reports/minimap_output/TRIM_ERR1795079_Illumina_MiSeq_paired_end_sequencing_EXP_7_1_2017_01_13_14_47_56_mini_1-contigs.used_snps.gz

Analysis is finished!
Founded SNPs were written into /home/hannelore/PROJECTHH/Scripts/Pipeline/work/5b/fd06bcddfdd15e6ad5a6ca9bd7cd34/metaquast-results/runs_per_reference/Klebsiella_pneumoniae/contigs_reports/minimap_output/TRIM_ERR1795079_Illumina_MiSeq_paired_end_sequencing_EXP_7_1_2017_01_13_14_47_56_mini_1-contigs.used_snps.gz

Results:
	Local Misassemblies: 1
	Misassemblies: 2
		Relocations: 2
		Translocations: 0
		Inversions: 0
	Scaffold gap extensive misassemblies: 0
	Scaffold gap local misassemblies: 0
	Misassembled Contigs: 2
	Misassembled Contig Bases: 1527
	Misassemblies Inter-Contig Overlap: 0
Unaligned Contigs: 0 + 3 part
Half Unaligned Contigs with Misassemblies: 0
Unaligned Contig Bases: 2112

Ambiguously Mapped Contigs: 4
Total Bases in Ambiguously Mapped Contigs: 3644
Extra Bases in Ambiguously Mapped Contigs: 0
Note that --allow-ambiguity option was set to "one" and only first alignment per each of these contigs was used.

	Covered Bases: 57156

	SNPs: 375
	Insertions: 5
	Deletions: 4

