Aligning contigs to reference...
	Aligning contigs to the reference
Filtering alignments...
Parsing coords...
Loading reference...
	Loaded [Klebsiella_pneumoniae_NZ_CP047271.1]
	Loaded [Klebsiella_pneumoniae_NZ_CP047272.1]
	Total Regions: 2
	Total Region Length: 5577703
Analyzing contigs...
CONTIG: k141_218 (561bp)
Best alignment score: 560.0 (LEN: 561, IDY: 99.82), Total number of alignments: 1
		One align captures most of this contig: 4712298 4712858 | 1 561 | 561 561 | 99.82 | Klebsiella_pneumoniae_NZ_CP047271.1 k141_218

CONTIG: k141_11 (2079bp)
Best alignment score: 1193.9 (LEN: 1206, IDY: 99.00), Total number of alignments: 3
			Looking for the best set of alignments (out of 3 total alignments)
			Skipping redundant alignments after choosing the best set of alignments
		Skipping redundant alignment 3035865 3037062 | 98 1295 | 1198 1198 | 99.17 | Klebsiella_pneumoniae_NZ_CP047271.1 k141_11
		Skipping redundant alignment 129180 130380 | 95 1295 | 1201 1201 | 99.08 | Klebsiella_pneumoniae_NZ_CP047271.1 k141_11
		This contig has several significant sets of alignments. [An ambiguously mapped contig]
		Using only the very best set (option --ambiguity-usage is set to "one").
			The best set is below. Score: 1193.9, number of alignments: 1, unaligned bases: 873
		This contig is partially unaligned. (Aligned 1206 out of 2079 non-N bases (58.01%))
		Alignment: 182140 183345 | 1295 90 | 1206 1206 | 99.0 | Klebsiella_pneumoniae_NZ_CP047272.1 k141_11
		Unaligned bases: 1 to 89 (89)
		Unaligned bases: 1296 to 2079 (784)

CONTIG: k141_230 (514bp)
Best alignment score: 509.0 (LEN: 514, IDY: 99.03), Total number of alignments: 1
		One align captures most of this contig: 4456773 4457286 | 1 514 | 514 514 | 99.03 | Klebsiella_pneumoniae_NZ_CP047271.1 k141_230

CONTIG: k141_15 (527bp)
Best alignment score: 524.0 (LEN: 527, IDY: 99.43), Total number of alignments: 1
		One align captures most of this contig: 3047917 3048443 | 1 527 | 527 527 | 99.43 | Klebsiella_pneumoniae_NZ_CP047271.1 k141_15

CONTIG: k141_16 (717bp)
Best alignment score: 702.0 (LEN: 717, IDY: 97.91), Total number of alignments: 1
		One align captures most of this contig: 4678767 4679483 | 717 1 | 717 717 | 97.91 | Klebsiella_pneumoniae_NZ_CP047271.1 k141_16

CONTIG: k141_20 (544bp)
Best alignment score: 544.0 (LEN: 544, IDY: 100.00), Total number of alignments: 1
		One align captures most of this contig: 859740 860283 | 544 1 | 544 544 | 100.0 | Klebsiella_pneumoniae_NZ_CP047271.1 k141_20

CONTIG: k141_22 (532bp)
Best alignment score: 532.0 (LEN: 532, IDY: 100.00), Total number of alignments: 1
		One align captures most of this contig: 4375579 4376110 | 1 532 | 532 532 | 100.0 | Klebsiella_pneumoniae_NZ_CP047271.1 k141_22

CONTIG: k141_245 (638bp)
Best alignment score: 638.0 (LEN: 638, IDY: 100.00), Total number of alignments: 1
		One align captures most of this contig: 410939 411576 | 638 1 | 638 638 | 100.0 | Klebsiella_pneumoniae_NZ_CP047271.1 k141_245

CONTIG: k141_31 (712bp)
Best alignment score: 712.0 (LEN: 712, IDY: 100.00), Total number of alignments: 1
		One align captures most of this contig: 2936952 2937663 | 1 712 | 712 712 | 100.0 | Klebsiella_pneumoniae_NZ_CP047271.1 k141_31

CONTIG: k141_47 (598bp)
Best alignment score: 593.0 (LEN: 598, IDY: 99.16), Total number of alignments: 1
		One align captures most of this contig: 3220949 3221546 | 1 598 | 598 598 | 99.16 | Klebsiella_pneumoniae_NZ_CP047271.1 k141_47

CONTIG: k141_49 (1106bp)
Best alignment score: 1104.0 (LEN: 1106, IDY: 99.82), Total number of alignments: 8
		This contig has 8 significant alignments. [An ambiguously mapped contig]
		Using only first of these alignment (option --ambiguity-usage is set to "one"):
			Alignment: 5009181 5010286 | 1106 1 | 1106 1106 | 99.82 | Klebsiella_pneumoniae_NZ_CP047271.1 k141_49
			Skipping alignment 5250642 5251747 | 1106 1 | 1106 1106 | 99.82 | Klebsiella_pneumoniae_NZ_CP047271.1 k141_49
			Skipping alignment 5146013 5147118 | 1106 1 | 1106 1106 | 99.82 | Klebsiella_pneumoniae_NZ_CP047271.1 k141_49
			Skipping alignment 4291859 4292964 | 1106 1 | 1106 1106 | 99.64 | Klebsiella_pneumoniae_NZ_CP047271.1 k141_49
			Skipping alignment 4652634 4653739 | 1106 1 | 1106 1106 | 99.64 | Klebsiella_pneumoniae_NZ_CP047271.1 k141_49
			Skipping alignment 1290104 1291209 | 1 1106 | 1106 1106 | 99.64 | Klebsiella_pneumoniae_NZ_CP047271.1 k141_49
			Skipping alignment 466390 467495 | 1 1106 | 1106 1106 | 99.64 | Klebsiella_pneumoniae_NZ_CP047271.1 k141_49
			Skipping alignment 5054227 5055332 | 1106 1 | 1106 1106 | 99.64 | Klebsiella_pneumoniae_NZ_CP047271.1 k141_49

CONTIG: k141_280 (523bp)
Best alignment score: 522.0 (LEN: 523, IDY: 99.81), Total number of alignments: 1
		One align captures most of this contig: 1390738 1391260 | 1 523 | 523 523 | 99.81 | Klebsiella_pneumoniae_NZ_CP047271.1 k141_280

CONTIG: k141_286 (569bp)
Best alignment score: 569.0 (LEN: 569, IDY: 100.00), Total number of alignments: 1
		One align captures most of this contig: 2136058 2136626 | 1 569 | 569 569 | 100.0 | Klebsiella_pneumoniae_NZ_CP047271.1 k141_286

CONTIG: k141_316 (602bp)
Best alignment score: 598.0 (LEN: 602, IDY: 99.34), Total number of alignments: 1
		One align captures most of this contig: 4334866 4335467 | 602 1 | 602 602 | 99.34 | Klebsiella_pneumoniae_NZ_CP047271.1 k141_316

CONTIG: k141_58 (600bp)
Best alignment score: 592.0 (LEN: 600, IDY: 98.67), Total number of alignments: 1
		One align captures most of this contig: 1723269 1723868 | 1 600 | 600 600 | 98.67 | Klebsiella_pneumoniae_NZ_CP047271.1 k141_58

CONTIG: k141_340 (1222bp)
Best alignment score: 1215.0 (LEN: 1222, IDY: 99.43), Total number of alignments: 8
		Skipping these alignments as insignificant (option --ambiguity-score is set to "0.99"):
			Skipping alignment 464544 465566 | 1023 1 | 1023 1023 | 99.41 | Klebsiella_pneumoniae_NZ_CP047271.1 k141_340
			Skipping alignment 5147942 5148964 | 1 1023 | 1023 1023 | 99.32 | Klebsiella_pneumoniae_NZ_CP047271.1 k141_340
			Skipping alignment 5056156 5057178 | 1 1023 | 1023 1023 | 99.12 | Klebsiella_pneumoniae_NZ_CP047271.1 k141_340
			Skipping alignment 4293788 4294818 | 1 1023 | 1031 1023 | 98.55 | Klebsiella_pneumoniae_NZ_CP047271.1 k141_340
		This contig has 4 significant alignments. [An ambiguously mapped contig]
		Using only first of these alignment (option --ambiguity-usage is set to "one"):
			Alignment: 5252571 5253792 | 1 1222 | 1222 1222 | 99.43 | Klebsiella_pneumoniae_NZ_CP047271.1 k141_340
			Skipping alignment 1288063 1289280 | 1222 1 | 1218 1222 | 98.85 | Klebsiella_pneumoniae_NZ_CP047271.1 k141_340
			Skipping alignment 5011110 5012331 | 1 1222 | 1222 1222 | 98.85 | Klebsiella_pneumoniae_NZ_CP047271.1 k141_340
			Skipping alignment 4654563 4655784 | 1 1222 | 1222 1222 | 98.85 | Klebsiella_pneumoniae_NZ_CP047271.1 k141_340

CONTIG: k141_79 (1884bp)
Best alignment score: 1867.0 (LEN: 1884, IDY: 99.10), Total number of alignments: 8
		Skipping these alignments as insignificant (option --ambiguity-score is set to "0.99"):
			Skipping alignment 5012357 5014206 | 1884 35 | 1850 1850 | 99.35 | Klebsiella_pneumoniae_NZ_CP047271.1 k141_79
			Skipping alignment 462637 464464 | 57 1884 | 1828 1828 | 99.34 | Klebsiella_pneumoniae_NZ_CP047271.1 k141_79
			Skipping alignment 4655810 4657637 | 1884 57 | 1828 1828 | 99.12 | Klebsiella_pneumoniae_NZ_CP047271.1 k141_79
			Skipping alignment 1286280 1288037 | 127 1884 | 1758 1758 | 98.92 | Klebsiella_pneumoniae_NZ_CP047271.1 k141_79
			Skipping alignment 5149272 5150968 | 1884 188 | 1697 1697 | 99.53 | Klebsiella_pneumoniae_NZ_CP047271.1 k141_79
			Skipping alignment 5057489 5059182 | 1884 191 | 1694 1694 | 99.59 | Klebsiella_pneumoniae_NZ_CP047271.1 k141_79
			Skipping alignment 5253818 5255511 | 1884 191 | 1694 1694 | 99.29 | Klebsiella_pneumoniae_NZ_CP047271.1 k141_79
		One align captures most of this contig: 4295199 4297083 | 1884 1 | 1885 1884 | 99.1 | Klebsiella_pneumoniae_NZ_CP047271.1 k141_79

CONTIG: k141_88 (516bp)
Best alignment score: 515.0 (LEN: 516, IDY: 99.81), Total number of alignments: 1
		One align captures most of this contig: 1380827 1381342 | 516 1 | 516 516 | 99.81 | Klebsiella_pneumoniae_NZ_CP047271.1 k141_88

CONTIG: k141_91 (502bp)
Best alignment score: 501.0 (LEN: 502, IDY: 99.80), Total number of alignments: 1
		One align captures most of this contig: 3461147 3461648 | 1 502 | 502 502 | 99.8 | Klebsiella_pneumoniae_NZ_CP047271.1 k141_91

CONTIG: k141_94 (523bp)
Best alignment score: 520.0 (LEN: 523, IDY: 99.43), Total number of alignments: 1
		One align captures most of this contig: 3452011 3452533 | 523 1 | 523 523 | 99.43 | Klebsiella_pneumoniae_NZ_CP047271.1 k141_94

CONTIG: k141_133 (531bp)
Best alignment score: 528.0 (LEN: 531, IDY: 99.44), Total number of alignments: 1
		One align captures most of this contig: 3428351 3428881 | 531 1 | 531 531 | 99.44 | Klebsiella_pneumoniae_NZ_CP047271.1 k141_133

CONTIG: k141_136 (526bp)
Best alignment score: 523.0 (LEN: 526, IDY: 99.43), Total number of alignments: 1
		One align captures most of this contig: 1134422 1134947 | 1 526 | 526 526 | 99.43 | Klebsiella_pneumoniae_NZ_CP047271.1 k141_136

CONTIG: k141_145 (699bp)
Best alignment score: 693.0 (LEN: 699, IDY: 99.14), Total number of alignments: 1
		One align captures most of this contig: 4953494 4954192 | 1 699 | 699 699 | 99.14 | Klebsiella_pneumoniae_NZ_CP047271.1 k141_145

CONTIG: k141_150 (539bp)
Best alignment score: 532.0 (LEN: 539, IDY: 98.70), Total number of alignments: 1
		One align captures most of this contig: 932298 932836 | 539 1 | 539 539 | 98.7 | Klebsiella_pneumoniae_NZ_CP047271.1 k141_150

CONTIG: k141_159 (528bp)
Best alignment score: 528.0 (LEN: 528, IDY: 100.00), Total number of alignments: 1
		One align captures most of this contig: 1949605 1950132 | 1 528 | 528 528 | 100.0 | Klebsiella_pneumoniae_NZ_CP047271.1 k141_159

CONTIG: k141_169 (596bp)
Best alignment score: 590.0 (LEN: 596, IDY: 98.99), Total number of alignments: 1
		One align captures most of this contig: 1446120 1446715 | 1 596 | 596 596 | 98.99 | Klebsiella_pneumoniae_NZ_CP047271.1 k141_169

CONTIG: k141_176 (535bp)
Best alignment score: 533.0 (LEN: 535, IDY: 99.63), Total number of alignments: 1
		One align captures most of this contig: 4199334 4199868 | 535 1 | 535 535 | 99.63 | Klebsiella_pneumoniae_NZ_CP047271.1 k141_176

CONTIG: k141_180 (605bp)
Best alignment score: 605.0 (LEN: 605, IDY: 100.00), Total number of alignments: 1
		One align captures most of this contig: 897931 898535 | 605 1 | 605 605 | 100.0 | Klebsiella_pneumoniae_NZ_CP047271.1 k141_180

CONTIG: k141_376 (665bp)
Best alignment score: 662.0 (LEN: 665, IDY: 99.55), Total number of alignments: 1
		One align captures most of this contig: 2071037 2071701 | 1 665 | 665 665 | 99.55 | Klebsiella_pneumoniae_NZ_CP047271.1 k141_376

CONTIG: k141_396 (541bp)
Best alignment score: 539.0 (LEN: 541, IDY: 99.63), Total number of alignments: 1
		One align captures most of this contig: 2143067 2143607 | 541 1 | 541 541 | 99.63 | Klebsiella_pneumoniae_NZ_CP047271.1 k141_396

CONTIG: k141_404 (606bp)
Best alignment score: 598.0 (LEN: 604, IDY: 99.01), Total number of alignments: 1
		One align captures most of this contig: 1142524 1143127 | 604 1 | 604 604 | 99.01 | Klebsiella_pneumoniae_NZ_CP047271.1 k141_404

CONTIG: k141_412 (869bp)
Best alignment score: 860.0 (LEN: 869, IDY: 98.96), Total number of alignments: 1
		One align captures most of this contig: 1090734 1091602 | 1 869 | 869 869 | 98.96 | Klebsiella_pneumoniae_NZ_CP047271.1 k141_412

CONTIG: k141_194 (813bp)
Best alignment score: 813.0 (LEN: 813, IDY: 100.00), Total number of alignments: 1
		One align captures most of this contig: 432496 433308 | 813 1 | 813 813 | 100.0 | Klebsiella_pneumoniae_NZ_CP047271.1 k141_194

CONTIG: k141_197 (623bp)
Best alignment score: 622.0 (LEN: 623, IDY: 99.84), Total number of alignments: 1
		One align captures most of this contig: 210393 211015 | 623 1 | 623 623 | 99.84 | Klebsiella_pneumoniae_NZ_CP047271.1 k141_197

CONTIG: k141_207 (519bp)
Best alignment score: 516.0 (LEN: 519, IDY: 99.42), Total number of alignments: 1
		One align captures most of this contig: 839560 840078 | 1 519 | 519 519 | 99.42 | Klebsiella_pneumoniae_NZ_CP047271.1 k141_207

CONTIG: k141_115 (822bp)
Best alignment score: 821.0 (LEN: 822, IDY: 99.88), Total number of alignments: 10
		This contig has 10 significant alignments. [An ambiguously mapped contig]
		Using only first of these alignment (option --ambiguity-usage is set to "one"):
			Alignment: 159367 160188 | 822 1 | 822 822 | 99.88 | Klebsiella_pneumoniae_NZ_CP047272.1 k141_115
			Skipping alignment 23198 24018 | 822 2 | 821 821 | 100.0 | Klebsiella_pneumoniae_NZ_CP047272.1 k141_115
			Skipping alignment 142654 143474 | 2 822 | 821 821 | 100.0 | Klebsiella_pneumoniae_NZ_CP047272.1 k141_115
			Skipping alignment 70593 71412 | 3 822 | 820 820 | 100.0 | Klebsiella_pneumoniae_NZ_CP047272.1 k141_115
			Skipping alignment 143899 144718 | 822 3 | 820 820 | 100.0 | Klebsiella_pneumoniae_NZ_CP047272.1 k141_115
			Skipping alignment 165946 166765 | 822 3 | 820 820 | 100.0 | Klebsiella_pneumoniae_NZ_CP047272.1 k141_115
			Skipping alignment 127118 127937 | 3 822 | 820 820 | 100.0 | Klebsiella_pneumoniae_NZ_CP047272.1 k141_115
			Skipping alignment 163727 164546 | 822 3 | 820 820 | 100.0 | Klebsiella_pneumoniae_NZ_CP047272.1 k141_115
			Skipping alignment 178768 179587 | 822 3 | 820 820 | 100.0 | Klebsiella_pneumoniae_NZ_CP047272.1 k141_115
			Skipping alignment 12864 13683 | 822 3 | 820 820 | 99.88 | Klebsiella_pneumoniae_NZ_CP047272.1 k141_115

Analyzing coverage...
Writing SNPs into /home/hannelore/PROJECTHH/Scripts/Pipeline/work/5b/fd06bcddfdd15e6ad5a6ca9bd7cd34/metaquast-results/runs_per_reference/Klebsiella_pneumoniae/contigs_reports/minimap_output/TRIM_ERR1795078_Illumina_MiSeq_paired_end_sequencing_EXP_6_1_2017_01_13_14_47_56_mini_1-contigs.used_snps.gz

Analysis is finished!
Founded SNPs were written into /home/hannelore/PROJECTHH/Scripts/Pipeline/work/5b/fd06bcddfdd15e6ad5a6ca9bd7cd34/metaquast-results/runs_per_reference/Klebsiella_pneumoniae/contigs_reports/minimap_output/TRIM_ERR1795078_Illumina_MiSeq_paired_end_sequencing_EXP_6_1_2017_01_13_14_47_56_mini_1-contigs.used_snps.gz

Results:
	Local Misassemblies: 0
	Misassemblies: 0
		Relocations: 0
		Translocations: 0
		Inversions: 0
	Scaffold gap extensive misassemblies: 0
	Scaffold gap local misassemblies: 0
	Misassembled Contigs: 0
	Misassembled Contig Bases: 0
	Misassemblies Inter-Contig Overlap: 0
Unaligned Contigs: 0 + 1 part
Half Unaligned Contigs with Misassemblies: 0
Unaligned Contig Bases: 873

Ambiguously Mapped Contigs: 4
Total Bases in Ambiguously Mapped Contigs: 5229
Extra Bases in Ambiguously Mapped Contigs: 0
Note that --allow-ambiguity option was set to "one" and only first alignment per each of these contigs was used.

	Covered Bases: 24612

	SNPs: 136
	Insertions: 0
	Deletions: 1

