Aligning contigs to reference...
	Aligning contigs to the reference
Filtering alignments...
Parsing coords...
Loading reference...
	Loaded [Klebsiella_pneumoniae_NZ_CP047271.1]
	Loaded [Klebsiella_pneumoniae_NZ_CP047272.1]
	Total Regions: 2
	Total Region Length: 5577703
Analyzing contigs...
CONTIG: k141_0 (558bp)
Best alignment score: 557.0 (LEN: 558, IDY: 99.82), Total number of alignments: 1
		One align captures most of this contig: 445718 446275 | 1 558 | 558 558 | 99.82 | Klebsiella_pneumoniae_NZ_CP047271.1 k141_0

CONTIG: k141_1 (671bp)
Best alignment score: 670.0 (LEN: 671, IDY: 99.85), Total number of alignments: 1
		One align captures most of this contig: 4053386 4054056 | 671 1 | 671 671 | 99.85 | Klebsiella_pneumoniae_NZ_CP047271.1 k141_1

CONTIG: k141_20 (553bp)
Best alignment score: 553.0 (LEN: 553, IDY: 100.00), Total number of alignments: 1
		One align captures most of this contig: 5234425 5234977 | 553 1 | 553 553 | 100.0 | Klebsiella_pneumoniae_NZ_CP047271.1 k141_20

CONTIG: k141_291 (764bp)
Best alignment score: 762.0 (LEN: 764, IDY: 99.74), Total number of alignments: 4
		This contig has 4 significant alignments. [An ambiguously mapped contig]
		Using only first of these alignment (option --ambiguity-usage is set to "one"):
			Alignment: 1932987 1933750 | 764 1 | 764 764 | 99.74 | Klebsiella_pneumoniae_NZ_CP047271.1 k141_291
			Skipping alignment 3244185 3244948 | 1 764 | 764 764 | 99.74 | Klebsiella_pneumoniae_NZ_CP047271.1 k141_291
			Skipping alignment 1201497 1202260 | 764 1 | 764 764 | 99.74 | Klebsiella_pneumoniae_NZ_CP047271.1 k141_291
			Skipping alignment 1788443 1789206 | 764 1 | 764 764 | 99.74 | Klebsiella_pneumoniae_NZ_CP047271.1 k141_291

CONTIG: k141_23 (635bp)
Best alignment score: 634.0 (LEN: 635, IDY: 99.84), Total number of alignments: 1
		One align captures most of this contig: 4837077 4837711 | 635 1 | 635 635 | 99.84 | Klebsiella_pneumoniae_NZ_CP047271.1 k141_23

CONTIG: k141_24 (574bp)
Best alignment score: 574.0 (LEN: 574, IDY: 100.00), Total number of alignments: 1
		One align captures most of this contig: 723413 723986 | 1 574 | 574 574 | 100.0 | Klebsiella_pneumoniae_NZ_CP047271.1 k141_24

CONTIG: k141_26 (707bp)
Best alignment score: 703.0 (LEN: 707, IDY: 99.43), Total number of alignments: 1
		One align captures most of this contig: 3324523 3325229 | 707 1 | 707 707 | 99.43 | Klebsiella_pneumoniae_NZ_CP047271.1 k141_26

CONTIG: k141_36 (681bp)
Best alignment score: 675.0 (LEN: 681, IDY: 99.12), Total number of alignments: 1
		One align captures most of this contig: 5000217 5000897 | 1 681 | 681 681 | 99.12 | Klebsiella_pneumoniae_NZ_CP047271.1 k141_36

CONTIG: k141_48 (1237bp)
Best alignment score: 1227.1 (LEN: 1231, IDY: 99.68), Total number of alignments: 5
		Skipping these alignments as insignificant (option --ambiguity-score is set to "0.99"):
			Skipping alignment 4295973 4297049 | 1231 156 | 1077 1076 | 99.72 | Klebsiella_pneumoniae_NZ_CP047271.1 k141_48
			Skipping alignment 4656584 4657662 | 1231 153 | 1079 1079 | 99.17 | Klebsiella_pneumoniae_NZ_CP047271.1 k141_48
			Skipping alignment 462637 463690 | 178 1231 | 1054 1054 | 99.81 | Klebsiella_pneumoniae_NZ_CP047271.1 k141_48
			Skipping alignment 5058263 5059182 | 1231 312 | 920 920 | 100.0 | Klebsiella_pneumoniae_NZ_CP047271.1 k141_48
		One align captures most of this contig: 5013131 5014361 | 1231 1 | 1231 1231 | 99.68 | Klebsiella_pneumoniae_NZ_CP047271.1 k141_48

CONTIG: k141_50 (522bp)
Best alignment score: 520.0 (LEN: 522, IDY: 99.62), Total number of alignments: 1
		One align captures most of this contig: 3815411 3815932 | 1 522 | 522 522 | 99.62 | Klebsiella_pneumoniae_NZ_CP047271.1 k141_50

CONTIG: k141_54 (505bp)
Best alignment score: 505.0 (LEN: 505, IDY: 100.00), Total number of alignments: 1
		One align captures most of this contig: 4141118 4141622 | 505 1 | 505 505 | 100.0 | Klebsiella_pneumoniae_NZ_CP047271.1 k141_54

CONTIG: k141_60 (542bp)
Best alignment score: 510.0 (LEN: 512, IDY: 99.61), Total number of alignments: 1
			Looking for the best set of alignments (out of 1 total alignments)
			The best set is below. Score: 510.0, number of alignments: 1, unaligned bases: 30
		Alignment: 2019225 2019737 | 1 512 | 513 512 | 99.61 | Klebsiella_pneumoniae_NZ_CP047271.1 k141_60

CONTIG: k141_329 (608bp)
Best alignment score: 604.0 (LEN: 604, IDY: 100.00), Total number of alignments: 1
		One align captures most of this contig: 536762 537365 | 1 604 | 604 604 | 100.0 | Klebsiella_pneumoniae_NZ_CP047271.1 k141_329

CONTIG: k141_76 (518bp)
Best alignment score: 516.0 (LEN: 518, IDY: 99.61), Total number of alignments: 1
		One align captures most of this contig: 2959879 2960396 | 1 518 | 518 518 | 99.61 | Klebsiella_pneumoniae_NZ_CP047271.1 k141_76

CONTIG: k141_87 (713bp)
Best alignment score: 705.0 (LEN: 713, IDY: 98.88), Total number of alignments: 1
		One align captures most of this contig: 5155160 5155872 | 713 1 | 713 713 | 98.88 | Klebsiella_pneumoniae_NZ_CP047271.1 k141_87

CONTIG: k141_104 (517bp)
Best alignment score: 516.0 (LEN: 517, IDY: 99.81), Total number of alignments: 1
		One align captures most of this contig: 1138739 1139255 | 517 1 | 517 517 | 99.81 | Klebsiella_pneumoniae_NZ_CP047271.1 k141_104

CONTIG: k141_111 (524bp)
Best alignment score: 521.0 (LEN: 524, IDY: 99.43), Total number of alignments: 1
		One align captures most of this contig: 323353 323876 | 524 1 | 524 524 | 99.43 | Klebsiella_pneumoniae_NZ_CP047271.1 k141_111

CONTIG: k141_118 (743bp)
Best alignment score: 738.0 (LEN: 743, IDY: 99.33), Total number of alignments: 1
		One align captures most of this contig: 1377579 1378321 | 743 1 | 743 743 | 99.33 | Klebsiella_pneumoniae_NZ_CP047271.1 k141_118

CONTIG: k141_121 (595bp)
Best alignment score: 595.0 (LEN: 595, IDY: 100.00), Total number of alignments: 1
		One align captures most of this contig: 3456614 3457208 | 1 595 | 595 595 | 100.0 | Klebsiella_pneumoniae_NZ_CP047271.1 k141_121

CONTIG: k141_122 (2222bp)
Best alignment score: 2220.0 (LEN: 2222, IDY: 99.91), Total number of alignments: 8
		This contig has 8 significant alignments. [An ambiguously mapped contig]
		Using only first of these alignment (option --ambiguity-usage is set to "one"):
			Alignment: 464839 467060 | 1 2222 | 2222 2222 | 99.91 | Klebsiella_pneumoniae_NZ_CP047271.1 k141_122
			Skipping alignment 5251077 5253298 | 2222 1 | 2222 2222 | 99.86 | Klebsiella_pneumoniae_NZ_CP047271.1 k141_122
			Skipping alignment 5146448 5148669 | 2222 1 | 2222 2222 | 99.86 | Klebsiella_pneumoniae_NZ_CP047271.1 k141_122
			Skipping alignment 5009616 5011837 | 2222 1 | 2222 2222 | 99.82 | Klebsiella_pneumoniae_NZ_CP047271.1 k141_122
			Skipping alignment 5054662 5056883 | 2222 1 | 2222 2222 | 99.82 | Klebsiella_pneumoniae_NZ_CP047271.1 k141_122
			Skipping alignment 4653069 4655290 | 2222 1 | 2222 2222 | 99.77 | Klebsiella_pneumoniae_NZ_CP047271.1 k141_122
			Skipping alignment 4292294 4294515 | 2222 1 | 2222 2222 | 99.77 | Klebsiella_pneumoniae_NZ_CP047271.1 k141_122
			Skipping alignment 1288553 1290774 | 1 2222 | 2222 2222 | 99.77 | Klebsiella_pneumoniae_NZ_CP047271.1 k141_122

CONTIG: k141_333 (1258bp)
Best alignment score: 1195.0 (LEN: 1205, IDY: 99.17), Total number of alignments: 3
			Looking for the best set of alignments (out of 3 total alignments)
			Skipping redundant alignments after choosing the best set of alignments
		Skipping redundant alignment 129183 130381 | 1252 54 | 1199 1199 | 99.08 | Klebsiella_pneumoniae_NZ_CP047271.1 k141_333
		Skipping redundant alignment 182138 183337 | 53 1252 | 1200 1200 | 99.0 | Klebsiella_pneumoniae_NZ_CP047272.1 k141_333
		This contig has several significant sets of alignments. [An ambiguously mapped contig]
		Using only the very best set (option --ambiguity-usage is set to "one").
			The best set is below. Score: 1195.0, number of alignments: 1, unaligned bases: 53
		Alignment: 3035861 3037065 | 1256 52 | 1205 1205 | 99.17 | Klebsiella_pneumoniae_NZ_CP047271.1 k141_333

CONTIG: k141_336 (601bp)
Best alignment score: 594.0 (LEN: 601, IDY: 98.84), Total number of alignments: 1
		One align captures most of this contig: 1081307 1081907 | 1 601 | 601 601 | 98.84 | Klebsiella_pneumoniae_NZ_CP047271.1 k141_336

CONTIG: k141_344 (552bp)
Best alignment score: 544.0 (LEN: 548, IDY: 99.27), Total number of alignments: 1
		One align captures most of this contig: 3484543 3485090 | 548 1 | 548 548 | 99.27 | Klebsiella_pneumoniae_NZ_CP047271.1 k141_344

CONTIG: k141_345 (534bp)
Best alignment score: 532.0 (LEN: 534, IDY: 99.63), Total number of alignments: 1
		One align captures most of this contig: 4444579 4445112 | 1 534 | 534 534 | 99.63 | Klebsiella_pneumoniae_NZ_CP047271.1 k141_345

CONTIG: k141_137 (563bp)
Best alignment score: 560.0 (LEN: 563, IDY: 99.47), Total number of alignments: 1
		One align captures most of this contig: 5095348 5095910 | 563 1 | 563 563 | 99.47 | Klebsiella_pneumoniae_NZ_CP047271.1 k141_137

CONTIG: k141_362 (590bp)
Best alignment score: 590.0 (LEN: 590, IDY: 100.00), Total number of alignments: 1
		One align captures most of this contig: 164983 165572 | 590 1 | 590 590 | 100.0 | Klebsiella_pneumoniae_NZ_CP047271.1 k141_362

CONTIG: k141_364 (582bp)
Best alignment score: 579.0 (LEN: 582, IDY: 99.48), Total number of alignments: 1
		One align captures most of this contig: 5171244 5171825 | 582 1 | 582 582 | 99.48 | Klebsiella_pneumoniae_NZ_CP047271.1 k141_364

CONTIG: k141_365 (604bp)
Best alignment score: 603.0 (LEN: 604, IDY: 99.83), Total number of alignments: 1
		One align captures most of this contig: 2409241 2409844 | 1 604 | 604 604 | 99.83 | Klebsiella_pneumoniae_NZ_CP047271.1 k141_365

CONTIG: k141_367 (526bp)
Best alignment score: 523.0 (LEN: 526, IDY: 99.43), Total number of alignments: 1
		One align captures most of this contig: 2275257 2275782 | 526 1 | 526 526 | 99.43 | Klebsiella_pneumoniae_NZ_CP047271.1 k141_367

CONTIG: k141_368 (570bp)
Best alignment score: 567.0 (LEN: 570, IDY: 99.47), Total number of alignments: 1
		One align captures most of this contig: 4839154 4839723 | 570 1 | 570 570 | 99.47 | Klebsiella_pneumoniae_NZ_CP047271.1 k141_368

CONTIG: k141_369 (717bp)
Best alignment score: 716.0 (LEN: 717, IDY: 99.86), Total number of alignments: 1
		One align captures most of this contig: 4976414 4977130 | 717 1 | 717 717 | 99.86 | Klebsiella_pneumoniae_NZ_CP047271.1 k141_369

CONTIG: k141_370 (528bp)
Best alignment score: 527.0 (LEN: 528, IDY: 99.81), Total number of alignments: 1
		One align captures most of this contig: 2135887 2136414 | 528 1 | 528 528 | 99.81 | Klebsiella_pneumoniae_NZ_CP047271.1 k141_370

CONTIG: k141_374 (621bp)
Best alignment score: 619.0 (LEN: 621, IDY: 99.68), Total number of alignments: 1
		One align captures most of this contig: 3567881 3568501 | 621 1 | 621 621 | 99.68 | Klebsiella_pneumoniae_NZ_CP047271.1 k141_374

CONTIG: k141_376 (527bp)
Best alignment score: 526.0 (LEN: 527, IDY: 99.81), Total number of alignments: 1
		One align captures most of this contig: 2637759 2638285 | 527 1 | 527 527 | 99.81 | Klebsiella_pneumoniae_NZ_CP047271.1 k141_376

CONTIG: k141_382 (659bp)
Best alignment score: 656.0 (LEN: 659, IDY: 99.54), Total number of alignments: 1
		One align captures most of this contig: 2365288 2365946 | 659 1 | 659 659 | 99.54 | Klebsiella_pneumoniae_NZ_CP047271.1 k141_382

CONTIG: k141_153 (528bp)
Best alignment score: 524.0 (LEN: 528, IDY: 99.24), Total number of alignments: 1
		One align captures most of this contig: 1049815 1050341 | 1 528 | 527 528 | 99.24 | Klebsiella_pneumoniae_NZ_CP047271.1 k141_153

CONTIG: k141_391 (577bp)
Best alignment score: 577.0 (LEN: 577, IDY: 100.00), Total number of alignments: 1
		One align captures most of this contig: 906894 907470 | 577 1 | 577 577 | 100.0 | Klebsiella_pneumoniae_NZ_CP047271.1 k141_391

CONTIG: k141_171 (561bp)
Best alignment score: 540.0 (LEN: 561, IDY: 96.26), Total number of alignments: 1
		One align captures most of this contig: 4690261 4690821 | 1 561 | 561 561 | 96.26 | Klebsiella_pneumoniae_NZ_CP047271.1 k141_171

CONTIG: k141_183 (517bp)
Best alignment score: 514.0 (LEN: 517, IDY: 99.42), Total number of alignments: 4
		Skipping these alignments as insignificant (option --ambiguity-score is set to "0.99"):
			Skipping alignment 4652354 4652791 | 439 1 | 438 439 | 99.32 | Klebsiella_pneumoniae_NZ_CP047271.1 k141_183
			Skipping alignment 5053947 5054384 | 439 1 | 438 439 | 99.32 | Klebsiella_pneumoniae_NZ_CP047271.1 k141_183
			Skipping alignment 5145732 5146170 | 440 1 | 439 440 | 99.09 | Klebsiella_pneumoniae_NZ_CP047271.1 k141_183
		One align captures most of this contig: 467338 467853 | 1 517 | 516 517 | 99.42 | Klebsiella_pneumoniae_NZ_CP047271.1 k141_183

CONTIG: k141_193 (526bp)
Best alignment score: 526.0 (LEN: 526, IDY: 100.00), Total number of alignments: 1
		One align captures most of this contig: 3401589 3402114 | 526 1 | 526 526 | 100.0 | Klebsiella_pneumoniae_NZ_CP047271.1 k141_193

CONTIG: k141_199 (629bp)
Best alignment score: 453.0 (LEN: 454, IDY: 99.78), Total number of alignments: 1
			Looking for the best set of alignments (out of 1 total alignments)
			The best set is below. Score: 453.0, number of alignments: 1, unaligned bases: 175
		Alignment: 826513 826966 | 1 454 | 454 454 | 99.78 | Klebsiella_pneumoniae_NZ_CP047271.1 k141_199

CONTIG: k141_203 (617bp)
Best alignment score: 599.4 (LEN: 617, IDY: 97.14), Total number of alignments: 1
		One align captures most of this contig: 2364458 2365087 | 1 617 | 630 617 | 97.14 | Klebsiella_pneumoniae_NZ_CP047271.1 k141_203

CONTIG: k141_210 (560bp)
Best alignment score: 559.0 (LEN: 560, IDY: 99.82), Total number of alignments: 1
		One align captures most of this contig: 935231 935790 | 1 560 | 560 560 | 99.82 | Klebsiella_pneumoniae_NZ_CP047271.1 k141_210

CONTIG: k141_211 (503bp)
Best alignment score: 502.0 (LEN: 503, IDY: 99.80), Total number of alignments: 1
		One align captures most of this contig: 4973159 4973661 | 503 1 | 503 503 | 99.8 | Klebsiella_pneumoniae_NZ_CP047271.1 k141_211

CONTIG: k141_215 (510bp)
Best alignment score: 503.0 (LEN: 510, IDY: 98.63), Total number of alignments: 1
		One align captures most of this contig: 1926075 1926584 | 1 510 | 510 510 | 98.63 | Klebsiella_pneumoniae_NZ_CP047271.1 k141_215

CONTIG: k141_218 (557bp)
Best alignment score: 554.0 (LEN: 557, IDY: 99.46), Total number of alignments: 1
		One align captures most of this contig: 2318 2874 | 557 1 | 557 557 | 99.46 | Klebsiella_pneumoniae_NZ_CP047271.1 k141_218

CONTIG: k141_222 (652bp)
Best alignment score: 646.0 (LEN: 652, IDY: 99.08), Total number of alignments: 1
		One align captures most of this contig: 4805683 4806334 | 1 652 | 652 652 | 99.08 | Klebsiella_pneumoniae_NZ_CP047271.1 k141_222

CONTIG: k141_224 (541bp)
Best alignment score: 533.0 (LEN: 540, IDY: 98.70), Total number of alignments: 1
		One align captures most of this contig: 3682368 3682907 | 541 2 | 540 540 | 98.7 | Klebsiella_pneumoniae_NZ_CP047271.1 k141_224

CONTIG: k141_239 (737bp)
Best alignment score: 733.0 (LEN: 737, IDY: 99.46), Total number of alignments: 1
		One align captures most of this contig: 2443715 2444451 | 737 1 | 737 737 | 99.46 | Klebsiella_pneumoniae_NZ_CP047271.1 k141_239

CONTIG: k141_245 (516bp)
Best alignment score: 515.0 (LEN: 516, IDY: 99.81), Total number of alignments: 1
		One align captures most of this contig: 3408857 3409372 | 1 516 | 516 516 | 99.81 | Klebsiella_pneumoniae_NZ_CP047271.1 k141_245

CONTIG: k141_397 (503bp)
Best alignment score: 502.0 (LEN: 503, IDY: 99.80), Total number of alignments: 1
		One align captures most of this contig: 426746 427248 | 1 503 | 503 503 | 99.8 | Klebsiella_pneumoniae_NZ_CP047271.1 k141_397

CONTIG: k141_411 (918bp)
Best alignment score: 79.0 (LEN: 80, IDY: 98.75), Total number of alignments: 1
			Looking for the best set of alignments (out of 1 total alignments)
			The best set is below. Score: 79.0, number of alignments: 1, unaligned bases: 838
		This contig is partially unaligned. (Aligned 80 out of 918 non-N bases (8.71%))
		Alignment: 4413113 4413192 | 918 839 | 80 80 | 98.75 | Klebsiella_pneumoniae_NZ_CP047271.1 k141_411
		Unaligned bases: 1 to 838 (838)

CONTIG: k141_421 (1072bp)
Best alignment score: 907.0 (LEN: 909, IDY: 99.78), Total number of alignments: 4
			Looking for the best set of alignments (out of 4 total alignments)
			Skipping redundant alignments after choosing the best set of alignments
		Skipping redundant alignment 3243174 3244080 | 907 1 | 907 907 | 99.78 | Klebsiella_pneumoniae_NZ_CP047271.1 k141_421
		Skipping redundant alignment 1202365 1203272 | 1 908 | 908 908 | 99.78 | Klebsiella_pneumoniae_NZ_CP047271.1 k141_421
		Skipping redundant alignment 1789311 1790218 | 1 908 | 908 908 | 99.78 | Klebsiella_pneumoniae_NZ_CP047271.1 k141_421
		This contig has several significant sets of alignments. [An ambiguously mapped contig]
		Using only the very best set (option --ambiguity-usage is set to "one").
			The best set is below. Score: 907.0, number of alignments: 1, unaligned bases: 163
		Alignment: 1933855 1934763 | 1 909 | 909 909 | 99.78 | Klebsiella_pneumoniae_NZ_CP047271.1 k141_421

CONTIG: k141_443 (716bp)
Best alignment score: 712.0 (LEN: 716, IDY: 99.44), Total number of alignments: 1
		One align captures most of this contig: 4404822 4405537 | 716 1 | 716 716 | 99.44 | Klebsiella_pneumoniae_NZ_CP047271.1 k141_443

CONTIG: k141_449 (713bp)
Best alignment score: 710.0 (LEN: 713, IDY: 99.58), Total number of alignments: 1
		One align captures most of this contig: 3197417 3198129 | 1 713 | 713 713 | 99.58 | Klebsiella_pneumoniae_NZ_CP047271.1 k141_449

CONTIG: k141_458 (511bp)
Best alignment score: 510.0 (LEN: 511, IDY: 99.80), Total number of alignments: 1
		One align captures most of this contig: 1497256 1497766 | 511 1 | 511 511 | 99.8 | Klebsiella_pneumoniae_NZ_CP047271.1 k141_458

CONTIG: k141_460 (561bp)
Best alignment score: 560.0 (LEN: 561, IDY: 99.82), Total number of alignments: 1
		One align captures most of this contig: 979429 979989 | 561 1 | 561 561 | 99.82 | Klebsiella_pneumoniae_NZ_CP047271.1 k141_460

CONTIG: k141_463 (697bp)
Best alignment score: 693.0 (LEN: 697, IDY: 99.43), Total number of alignments: 1
		One align captures most of this contig: 5187365 5188061 | 697 1 | 697 697 | 99.43 | Klebsiella_pneumoniae_NZ_CP047271.1 k141_463

CONTIG: k141_465 (628bp)
Best alignment score: 626.0 (LEN: 628, IDY: 99.68), Total number of alignments: 1
		One align captures most of this contig: 5231687 5232314 | 1 628 | 628 628 | 99.68 | Klebsiella_pneumoniae_NZ_CP047271.1 k141_465

CONTIG: k141_481 (759bp)
Best alignment score: 758.0 (LEN: 759, IDY: 99.87), Total number of alignments: 1
		One align captures most of this contig: 3644004 3644762 | 1 759 | 759 759 | 99.87 | Klebsiella_pneumoniae_NZ_CP047271.1 k141_481

CONTIG: k141_482 (731bp)
Best alignment score: 729.0 (LEN: 731, IDY: 99.73), Total number of alignments: 1
		One align captures most of this contig: 3721615 3722345 | 1 731 | 731 731 | 99.73 | Klebsiella_pneumoniae_NZ_CP047271.1 k141_482

CONTIG: k141_488 (508bp)
Best alignment score: 505.0 (LEN: 508, IDY: 99.41), Total number of alignments: 1
		One align captures most of this contig: 1139549 1140056 | 508 1 | 508 508 | 99.41 | Klebsiella_pneumoniae_NZ_CP047271.1 k141_488

CONTIG: k141_500 (629bp)
Best alignment score: 625.0 (LEN: 629, IDY: 99.36), Total number of alignments: 1
		One align captures most of this contig: 2027314 2027942 | 629 1 | 629 629 | 99.36 | Klebsiella_pneumoniae_NZ_CP047271.1 k141_500

CONTIG: k141_265 (639bp)
Best alignment score: 636.0 (LEN: 639, IDY: 99.53), Total number of alignments: 1
		One align captures most of this contig: 1373540 1374178 | 639 1 | 639 639 | 99.53 | Klebsiella_pneumoniae_NZ_CP047271.1 k141_265

CONTIG: k141_268 (584bp)
Best alignment score: 575.0 (LEN: 583, IDY: 98.63), Total number of alignments: 1
		One align captures most of this contig: 1553170 1553752 | 1 583 | 583 583 | 98.63 | Klebsiella_pneumoniae_NZ_CP047271.1 k141_268

CONTIG: k141_269 (591bp)
Best alignment score: 590.0 (LEN: 591, IDY: 99.83), Total number of alignments: 1
		One align captures most of this contig: 2269498 2270088 | 591 1 | 591 591 | 99.83 | Klebsiella_pneumoniae_NZ_CP047271.1 k141_269

CONTIG: k141_524 (539bp)
Best alignment score: 534.0 (LEN: 539, IDY: 99.07), Total number of alignments: 1
		One align captures most of this contig: 5137366 5137904 | 1 539 | 539 539 | 99.07 | Klebsiella_pneumoniae_NZ_CP047271.1 k141_524

CONTIG: k141_532 (771bp)
Best alignment score: 769.0 (LEN: 771, IDY: 99.74), Total number of alignments: 8
		Skipping these alignments as insignificant (option --ambiguity-score is set to "0.99"):
			Skipping alignment 5012326 5013093 | 4 771 | 768 768 | 99.09 | Klebsiella_pneumoniae_NZ_CP047271.1 k141_532
		This contig has 7 significant alignments. [An ambiguously mapped contig]
		Using only first of these alignment (option --ambiguity-usage is set to "one"):
			Alignment: 463728 464498 | 771 1 | 771 771 | 99.74 | Klebsiella_pneumoniae_NZ_CP047271.1 k141_532
			Skipping alignment 5253787 5254554 | 4 771 | 768 768 | 99.87 | Klebsiella_pneumoniae_NZ_CP047271.1 k141_532
			Skipping alignment 1287301 1288068 | 771 4 | 768 768 | 99.74 | Klebsiella_pneumoniae_NZ_CP047271.1 k141_532
			Skipping alignment 4295168 4295935 | 4 771 | 768 768 | 99.74 | Klebsiella_pneumoniae_NZ_CP047271.1 k141_532
			Skipping alignment 4655779 4656546 | 4 771 | 768 768 | 99.74 | Klebsiella_pneumoniae_NZ_CP047271.1 k141_532
			Skipping alignment 5057458 5058225 | 4 771 | 768 768 | 99.48 | Klebsiella_pneumoniae_NZ_CP047271.1 k141_532
			Skipping alignment 5149241 5150008 | 4 771 | 768 768 | 99.35 | Klebsiella_pneumoniae_NZ_CP047271.1 k141_532

CONTIG: k141_278 (711bp)
Best alignment score: 673.0 (LEN: 678, IDY: 99.26), Total number of alignments: 1
			Looking for the best set of alignments (out of 1 total alignments)
			The best set is below. Score: 673.0, number of alignments: 1, unaligned bases: 33
		Alignment: 137645 138322 | 1 678 | 678 678 | 99.26 | Klebsiella_pneumoniae_NZ_CP047272.1 k141_278

CONTIG: k141_88 (744bp)
Best alignment score: 142.0 (LEN: 142, IDY: 100.00), Total number of alignments: 12
			Looking for the best set of alignments (out of 12 total alignments)
			Skipping redundant alignments after choosing the best set of alignments
		Skipping redundant alignment 17477 17614 | 4 141 | 138 138 | 100.0 | Klebsiella_pneumoniae_NZ_CP047272.1 k141_88
		Skipping redundant alignment 166625 166765 | 1 141 | 141 141 | 100.0 | Klebsiella_pneumoniae_NZ_CP047272.1 k141_88
		Skipping redundant alignment 70593 70733 | 141 1 | 141 141 | 100.0 | Klebsiella_pneumoniae_NZ_CP047272.1 k141_88
		Skipping redundant alignment 127118 127258 | 141 1 | 141 141 | 100.0 | Klebsiella_pneumoniae_NZ_CP047272.1 k141_88
		Skipping redundant alignment 23877 24017 | 1 141 | 141 141 | 100.0 | Klebsiella_pneumoniae_NZ_CP047272.1 k141_88
		Skipping redundant alignment 144578 144718 | 1 141 | 141 141 | 100.0 | Klebsiella_pneumoniae_NZ_CP047272.1 k141_88
		Skipping redundant alignment 142655 142795 | 141 1 | 141 141 | 100.0 | Klebsiella_pneumoniae_NZ_CP047272.1 k141_88
		Skipping redundant alignment 16480 16620 | 141 1 | 141 141 | 100.0 | Klebsiella_pneumoniae_NZ_CP047272.1 k141_88
		Skipping redundant alignment 164406 164546 | 1 141 | 141 141 | 100.0 | Klebsiella_pneumoniae_NZ_CP047272.1 k141_88
		Skipping redundant alignment 160046 160186 | 1 141 | 141 141 | 100.0 | Klebsiella_pneumoniae_NZ_CP047272.1 k141_88
		Skipping redundant alignment 13543 13684 | 1 142 | 142 142 | 100.0 | Klebsiella_pneumoniae_NZ_CP047272.1 k141_88
		This contig has several significant sets of alignments. [An ambiguously mapped contig]
		Using only the very best set (option --ambiguity-usage is set to "one").
			The best set is below. Score: 142.0, number of alignments: 1, unaligned bases: 602
		This contig is partially unaligned. (Aligned 142 out of 744 non-N bases (19.09%))
		Alignment: 179447 179588 | 1 142 | 142 142 | 100.0 | Klebsiella_pneumoniae_NZ_CP047272.1 k141_88
		Unaligned bases: 143 to 744 (602)

CONTIG: k141_339 (709bp)
Best alignment score: 384.0 (LEN: 388, IDY: 98.97), Total number of alignments: 3
			Looking for the best set of alignments (out of 3 total alignments)
			Skipping redundant alignments after choosing the best set of alignments
		Skipping redundant alignment 71528 71650 | 511 389 | 123 123 | 100.0 | Klebsiella_pneumoniae_NZ_CP047272.1 k141_339
		This contig has several significant sets of alignments. [An ambiguously mapped contig]
		Using only the very best set (option --ambiguity-usage is set to "one").
			The best set is below. Score: 456.7, number of alignments: 2, unaligned bases: 198
		This contig is misassembled.
			Real Alignment 1: 219539 219926 | 1 388 | 388 388 | 98.97 | Klebsiella_pneumoniae_NZ_CP047272.1 k141_339
			  Extensive misassembly (relocation, inconsistency = 90208) between these two alignments
			Real Alignment 2: 129208 129330 | 511 389 | 123 123 | 100.0 | Klebsiella_pneumoniae_NZ_CP047272.1 k141_339

CONTIG: k141_440 (999bp)
Best alignment score: 821.0 (LEN: 821, IDY: 100.00), Total number of alignments: 10
			Looking for the best set of alignments (out of 10 total alignments)
			Skipping redundant alignments after choosing the best set of alignments
		Skipping redundant alignment 178768 179587 | 820 1 | 820 820 | 100.0 | Klebsiella_pneumoniae_NZ_CP047272.1 k141_440
		Skipping redundant alignment 143899 144718 | 820 1 | 820 820 | 100.0 | Klebsiella_pneumoniae_NZ_CP047272.1 k141_440
		Skipping redundant alignment 23198 24017 | 820 1 | 820 820 | 100.0 | Klebsiella_pneumoniae_NZ_CP047272.1 k141_440
		Skipping redundant alignment 142655 143474 | 1 820 | 820 820 | 100.0 | Klebsiella_pneumoniae_NZ_CP047272.1 k141_440
		Skipping redundant alignment 165946 166765 | 820 1 | 820 820 | 100.0 | Klebsiella_pneumoniae_NZ_CP047272.1 k141_440
		Skipping redundant alignment 70593 71412 | 1 820 | 820 820 | 100.0 | Klebsiella_pneumoniae_NZ_CP047272.1 k141_440
		Skipping redundant alignment 127118 127937 | 1 820 | 820 820 | 100.0 | Klebsiella_pneumoniae_NZ_CP047272.1 k141_440
		Skipping redundant alignment 12864 13683 | 820 1 | 820 820 | 99.88 | Klebsiella_pneumoniae_NZ_CP047272.1 k141_440
		Skipping redundant alignment 159367 160186 | 820 1 | 820 820 | 99.88 | Klebsiella_pneumoniae_NZ_CP047272.1 k141_440
		This contig has several significant sets of alignments. [An ambiguously mapped contig]
		Using only the very best set (option --ambiguity-usage is set to "one").
			The best set is below. Score: 821.0, number of alignments: 1, unaligned bases: 178
		Alignment: 163726 164546 | 821 1 | 821 821 | 100.0 | Klebsiella_pneumoniae_NZ_CP047272.1 k141_440

CONTIG: k141_270 (600bp)
Best alignment score: 143.0 (LEN: 143, IDY: 100.00), Total number of alignments: 12
			Looking for the best set of alignments (out of 12 total alignments)
			Skipping redundant alignments after choosing the best set of alignments
		Skipping redundant alignment 17477 17614 | 4 141 | 138 138 | 100.0 | Klebsiella_pneumoniae_NZ_CP047272.1 k141_270
		Skipping redundant alignment 16480 16620 | 141 1 | 141 141 | 100.0 | Klebsiella_pneumoniae_NZ_CP047272.1 k141_270
		Skipping redundant alignment 142655 142795 | 141 1 | 141 141 | 100.0 | Klebsiella_pneumoniae_NZ_CP047272.1 k141_270
		Skipping redundant alignment 164406 164546 | 1 141 | 141 141 | 100.0 | Klebsiella_pneumoniae_NZ_CP047272.1 k141_270
		Skipping redundant alignment 13543 13683 | 1 141 | 141 141 | 100.0 | Klebsiella_pneumoniae_NZ_CP047272.1 k141_270
		Skipping redundant alignment 23877 24017 | 1 141 | 141 141 | 100.0 | Klebsiella_pneumoniae_NZ_CP047272.1 k141_270
		Skipping redundant alignment 127118 127258 | 141 1 | 141 141 | 100.0 | Klebsiella_pneumoniae_NZ_CP047272.1 k141_270
		Skipping redundant alignment 179447 179587 | 1 141 | 141 141 | 100.0 | Klebsiella_pneumoniae_NZ_CP047272.1 k141_270
		Skipping redundant alignment 160046 160186 | 1 141 | 141 141 | 100.0 | Klebsiella_pneumoniae_NZ_CP047272.1 k141_270
		Skipping redundant alignment 70592 70733 | 142 1 | 142 142 | 100.0 | Klebsiella_pneumoniae_NZ_CP047272.1 k141_270
		Skipping redundant alignment 144578 144719 | 1 142 | 142 142 | 100.0 | Klebsiella_pneumoniae_NZ_CP047272.1 k141_270
		This contig has several significant sets of alignments. [An ambiguously mapped contig]
		Using only the very best set (option --ambiguity-usage is set to "one").
			The best set is below. Score: 143.0, number of alignments: 1, unaligned bases: 457
		Alignment: 166625 166767 | 1 143 | 143 143 | 100.0 | Klebsiella_pneumoniae_NZ_CP047272.1 k141_270

Analyzing coverage...
Writing SNPs into /home/hannelore/PROJECTHH/Scripts/Pipeline/work/5b/fd06bcddfdd15e6ad5a6ca9bd7cd34/metaquast-results/runs_per_reference/Klebsiella_pneumoniae/contigs_reports/minimap_output/TRIM_ERR1795073_Illumina_MiSeq_paired_end_sequencing_EXP_1_1_2017_01_13_14_47_56_mini_1-contigs.used_snps.gz

Analysis is finished!
Founded SNPs were written into /home/hannelore/PROJECTHH/Scripts/Pipeline/work/5b/fd06bcddfdd15e6ad5a6ca9bd7cd34/metaquast-results/runs_per_reference/Klebsiella_pneumoniae/contigs_reports/minimap_output/TRIM_ERR1795073_Illumina_MiSeq_paired_end_sequencing_EXP_1_1_2017_01_13_14_47_56_mini_1-contigs.used_snps.gz

Results:
	Local Misassemblies: 0
	Misassemblies: 1
		Relocations: 1
		Translocations: 0
		Inversions: 0
	Scaffold gap extensive misassemblies: 0
	Scaffold gap local misassemblies: 0
	Misassembled Contigs: 1
	Misassembled Contig Bases: 709
	Misassemblies Inter-Contig Overlap: 0
Unaligned Contigs: 0 + 2 part
Half Unaligned Contigs with Misassemblies: 0
Unaligned Contig Bases: 1440

Ambiguously Mapped Contigs: 9
Total Bases in Ambiguously Mapped Contigs: 9139
Extra Bases in Ambiguously Mapped Contigs: 0
Note that --allow-ambiguity option was set to "one" and only first alignment per each of these contigs was used.

	Covered Bases: 45454

	SNPs: 204
	Insertions: 3
	Deletions: 15

