Aligning contigs to reference...
	Aligning contigs to the reference
Filtering alignments...
Parsing coords...
Loading reference...
	Loaded [Klebsiella_pneumoniae_NZ_CP047271.1]
	Loaded [Klebsiella_pneumoniae_NZ_CP047272.1]
	Total Regions: 2
	Total Region Length: 5577703
Analyzing contigs...
CONTIG: k141_299 (625bp)
Best alignment score: 621.0 (LEN: 625, IDY: 99.36), Total number of alignments: 1
		One align captures most of this contig: 4528141 4528764 | 1 625 | 624 625 | 99.36 | Klebsiella_pneumoniae_NZ_CP047271.1 k141_299

CONTIG: k141_7 (523bp)
Best alignment score: 523.0 (LEN: 523, IDY: 100.00), Total number of alignments: 1
		One align captures most of this contig: 406105 406627 | 1 523 | 523 523 | 100.0 | Klebsiella_pneumoniae_NZ_CP047271.1 k141_7

CONTIG: k141_307 (589bp)
Best alignment score: 587.0 (LEN: 589, IDY: 99.66), Total number of alignments: 1
		One align captures most of this contig: 4341019 4341607 | 1 589 | 589 589 | 99.66 | Klebsiella_pneumoniae_NZ_CP047271.1 k141_307

CONTIG: k141_308 (949bp)
Best alignment score: 947.0 (LEN: 949, IDY: 99.79), Total number of alignments: 1
		One align captures most of this contig: 4315608 4316556 | 949 1 | 949 949 | 99.79 | Klebsiella_pneumoniae_NZ_CP047271.1 k141_308

CONTIG: k141_309 (639bp)
Best alignment score: 636.0 (LEN: 639, IDY: 99.53), Total number of alignments: 1
		One align captures most of this contig: 145470 146108 | 639 1 | 639 639 | 99.53 | Klebsiella_pneumoniae_NZ_CP047271.1 k141_309

CONTIG: k141_20 (710bp)
Best alignment score: 693.0 (LEN: 699, IDY: 99.14), Total number of alignments: 1
			Looking for the best set of alignments (out of 1 total alignments)
			The best set is below. Score: 693.0, number of alignments: 1, unaligned bases: 11
		Alignment: 3146160 3146858 | 710 12 | 699 699 | 99.14 | Klebsiella_pneumoniae_NZ_CP047271.1 k141_20

CONTIG: k141_314 (586bp)
Best alignment score: 584.0 (LEN: 586, IDY: 99.66), Total number of alignments: 1
		One align captures most of this contig: 1929484 1930069 | 586 1 | 586 586 | 99.66 | Klebsiella_pneumoniae_NZ_CP047271.1 k141_314

CONTIG: k141_321 (510bp)
Best alignment score: 491.0 (LEN: 493, IDY: 99.59), Total number of alignments: 1
			Looking for the best set of alignments (out of 1 total alignments)
			The best set is below. Score: 491.0, number of alignments: 1, unaligned bases: 17
		Alignment: 2682163 2682655 | 510 18 | 493 493 | 99.59 | Klebsiella_pneumoniae_NZ_CP047271.1 k141_321

CONTIG: k141_322 (500bp)
Best alignment score: 498.0 (LEN: 500, IDY: 99.60), Total number of alignments: 1
		One align captures most of this contig: 3576527 3577026 | 500 1 | 500 500 | 99.6 | Klebsiella_pneumoniae_NZ_CP047271.1 k141_322

CONTIG: k141_324 (540bp)
Best alignment score: 539.0 (LEN: 540, IDY: 99.81), Total number of alignments: 1
		One align captures most of this contig: 4387164 4387703 | 1 540 | 540 540 | 99.81 | Klebsiella_pneumoniae_NZ_CP047271.1 k141_324

CONTIG: k141_325 (552bp)
Best alignment score: 551.0 (LEN: 552, IDY: 99.82), Total number of alignments: 1
		One align captures most of this contig: 3662977 3663528 | 1 552 | 552 552 | 99.82 | Klebsiella_pneumoniae_NZ_CP047271.1 k141_325

CONTIG: k141_330 (704bp)
Best alignment score: 701.0 (LEN: 704, IDY: 99.57), Total number of alignments: 1
		One align captures most of this contig: 4862128 4862831 | 704 1 | 704 704 | 99.57 | Klebsiella_pneumoniae_NZ_CP047271.1 k141_330

CONTIG: k141_331 (516bp)
Best alignment score: 513.0 (LEN: 516, IDY: 99.42), Total number of alignments: 1
		One align captures most of this contig: 1565210 1565725 | 516 1 | 516 516 | 99.42 | Klebsiella_pneumoniae_NZ_CP047271.1 k141_331

CONTIG: k141_332 (743bp)
Best alignment score: 731.0 (LEN: 743, IDY: 98.38), Total number of alignments: 1
		One align captures most of this contig: 386263 387005 | 1 743 | 743 743 | 98.38 | Klebsiella_pneumoniae_NZ_CP047271.1 k141_332

CONTIG: k141_334 (570bp)
Best alignment score: 566.0 (LEN: 567, IDY: 99.82), Total number of alignments: 1
		One align captures most of this contig: 898845 899411 | 1 567 | 567 567 | 99.82 | Klebsiella_pneumoniae_NZ_CP047271.1 k141_334

CONTIG: k141_335 (551bp)
Best alignment score: 549.0 (LEN: 551, IDY: 99.64), Total number of alignments: 1
		One align captures most of this contig: 4487150 4487700 | 551 1 | 551 551 | 99.64 | Klebsiella_pneumoniae_NZ_CP047271.1 k141_335

CONTIG: k141_336 (506bp)
Best alignment score: 497.0 (LEN: 498, IDY: 99.80), Total number of alignments: 1
		One align captures most of this contig: 4640209 4640706 | 9 506 | 498 498 | 99.8 | Klebsiella_pneumoniae_NZ_CP047271.1 k141_336

CONTIG: k141_343 (983bp)
Best alignment score: 977.0 (LEN: 983, IDY: 99.39), Total number of alignments: 1
		One align captures most of this contig: 3609768 3610750 | 1 983 | 983 983 | 99.39 | Klebsiella_pneumoniae_NZ_CP047271.1 k141_343

CONTIG: k141_350 (930bp)
Best alignment score: 927.0 (LEN: 930, IDY: 99.68), Total number of alignments: 1
		One align captures most of this contig: 1544153 1545082 | 930 1 | 930 930 | 99.68 | Klebsiella_pneumoniae_NZ_CP047271.1 k141_350

CONTIG: k141_361 (587bp)
Best alignment score: 583.0 (LEN: 587, IDY: 99.32), Total number of alignments: 1
		One align captures most of this contig: 5295121 5295707 | 587 1 | 587 587 | 99.32 | Klebsiella_pneumoniae_NZ_CP047271.1 k141_361

CONTIG: k141_44 (549bp)
Best alignment score: 549.0 (LEN: 549, IDY: 100.00), Total number of alignments: 1
		One align captures most of this contig: 3924645 3925193 | 549 1 | 549 549 | 100.0 | Klebsiella_pneumoniae_NZ_CP047271.1 k141_44

CONTIG: k141_52 (1359bp)
Best alignment score: 219.0 (LEN: 220, IDY: 99.55), Total number of alignments: 1
			Looking for the best set of alignments (out of 1 total alignments)
			The best set is below. Score: 219.0, number of alignments: 1, unaligned bases: 1139
		This contig is partially unaligned. (Aligned 220 out of 1359 non-N bases (16.19%))
		Alignment: 230379 230598 | 1140 1359 | 220 220 | 99.55 | Klebsiella_pneumoniae_NZ_CP047271.1 k141_52
		Unaligned bases: 1 to 1139 (1139)

CONTIG: k141_53 (560bp)
Best alignment score: 556.0 (LEN: 560, IDY: 99.29), Total number of alignments: 1
		One align captures most of this contig: 3007006 3007565 | 1 560 | 560 560 | 99.29 | Klebsiella_pneumoniae_NZ_CP047271.1 k141_53

CONTIG: k141_55 (522bp)
Best alignment score: 518.0 (LEN: 522, IDY: 99.23), Total number of alignments: 1
		One align captures most of this contig: 147595 148116 | 522 1 | 522 522 | 99.23 | Klebsiella_pneumoniae_NZ_CP047271.1 k141_55

CONTIG: k141_68 (836bp)
Best alignment score: 834.0 (LEN: 836, IDY: 99.76), Total number of alignments: 1
		One align captures most of this contig: 1504059 1504894 | 1 836 | 836 836 | 99.76 | Klebsiella_pneumoniae_NZ_CP047271.1 k141_68

CONTIG: k141_72 (602bp)
Best alignment score: 595.0 (LEN: 602, IDY: 98.84), Total number of alignments: 1
		One align captures most of this contig: 4290499 4291100 | 1 602 | 602 602 | 98.84 | Klebsiella_pneumoniae_NZ_CP047271.1 k141_72

CONTIG: k141_73 (657bp)
Best alignment score: 652.0 (LEN: 656, IDY: 99.39), Total number of alignments: 1
		One align captures most of this contig: 4801438 4802093 | 656 1 | 656 656 | 99.39 | Klebsiella_pneumoniae_NZ_CP047271.1 k141_73

CONTIG: k141_74 (771bp)
Best alignment score: 768.0 (LEN: 771, IDY: 99.61), Total number of alignments: 1
		One align captures most of this contig: 3266621 3267391 | 1 771 | 771 771 | 99.61 | Klebsiella_pneumoniae_NZ_CP047271.1 k141_74

CONTIG: k141_85 (553bp)
Best alignment score: 551.0 (LEN: 553, IDY: 99.64), Total number of alignments: 1
		One align captures most of this contig: 5290846 5291398 | 1 553 | 553 553 | 99.64 | Klebsiella_pneumoniae_NZ_CP047271.1 k141_85

CONTIG: k141_87 (557bp)
Best alignment score: 557.0 (LEN: 557, IDY: 100.00), Total number of alignments: 1
		One align captures most of this contig: 1009536 1010092 | 1 557 | 557 557 | 100.0 | Klebsiella_pneumoniae_NZ_CP047271.1 k141_87

CONTIG: k141_93 (577bp)
Best alignment score: 569.0 (LEN: 572, IDY: 99.48), Total number of alignments: 1
		One align captures most of this contig: 240883 241454 | 6 577 | 572 572 | 99.48 | Klebsiella_pneumoniae_NZ_CP047271.1 k141_93

CONTIG: k141_98 (506bp)
Best alignment score: 503.0 (LEN: 506, IDY: 99.41), Total number of alignments: 1
		One align captures most of this contig: 3543805 3544310 | 1 506 | 506 506 | 99.41 | Klebsiella_pneumoniae_NZ_CP047271.1 k141_98

CONTIG: k141_104 (593bp)
Best alignment score: 585.0 (LEN: 592, IDY: 98.82), Total number of alignments: 1
		One align captures most of this contig: 2277846 2278437 | 1 592 | 592 592 | 98.82 | Klebsiella_pneumoniae_NZ_CP047271.1 k141_104

CONTIG: k141_383 (572bp)
Best alignment score: 568.0 (LEN: 572, IDY: 99.30), Total number of alignments: 1
		One align captures most of this contig: 2566016 2566587 | 1 572 | 572 572 | 99.3 | Klebsiella_pneumoniae_NZ_CP047271.1 k141_383

CONTIG: k141_384 (763bp)
Best alignment score: 760.0 (LEN: 763, IDY: 99.61), Total number of alignments: 1
		One align captures most of this contig: 4385029 4385791 | 1 763 | 763 763 | 99.61 | Klebsiella_pneumoniae_NZ_CP047271.1 k141_384

CONTIG: k141_388 (562bp)
Best alignment score: 561.0 (LEN: 562, IDY: 99.82), Total number of alignments: 1
		One align captures most of this contig: 2432653 2433214 | 562 1 | 562 562 | 99.82 | Klebsiella_pneumoniae_NZ_CP047271.1 k141_388

CONTIG: k141_389 (553bp)
Best alignment score: 552.0 (LEN: 553, IDY: 99.82), Total number of alignments: 1
		One align captures most of this contig: 5120584 5121136 | 1 553 | 553 553 | 99.82 | Klebsiella_pneumoniae_NZ_CP047271.1 k141_389

CONTIG: k141_391 (734bp)
Best alignment score: 527.0 (LEN: 528, IDY: 99.81), Total number of alignments: 2
			Looking for the best set of alignments (out of 2 total alignments)
			The best set is below. Score: 640.1, number of alignments: 2, unaligned bases: 0
		This contig is misassembled.
			Excluding internal overlap of size 85 between Alignment 1 and 2: 5049768 5050058 | 734 444 | 291 291 --> 5049768 5049973 | 734 529 | 206 206
			Real Alignment 1: 2968215 2968742 | 1 528 | 528 528 | 99.81 | Klebsiella_pneumoniae_NZ_CP047271.1 k141_391
			  Extensive misassembly (relocation, inconsistency = 2081025) between these two alignments
			Real Alignment 2: 5049768 5049973 | 734 529 | 206 206 | 100.0 | Klebsiella_pneumoniae_NZ_CP047271.1 k141_391

CONTIG: k141_395 (717bp)
Best alignment score: 711.0 (LEN: 717, IDY: 99.16), Total number of alignments: 1
		One align captures most of this contig: 3939860 3940576 | 717 1 | 717 717 | 99.16 | Klebsiella_pneumoniae_NZ_CP047271.1 k141_395

CONTIG: k141_396 (538bp)
Best alignment score: 537.0 (LEN: 538, IDY: 99.81), Total number of alignments: 1
		One align captures most of this contig: 190255 190792 | 1 538 | 538 538 | 99.81 | Klebsiella_pneumoniae_NZ_CP047271.1 k141_396

CONTIG: k141_401 (521bp)
Best alignment score: 521.0 (LEN: 521, IDY: 100.00), Total number of alignments: 1
		One align captures most of this contig: 441568 442088 | 521 1 | 521 521 | 100.0 | Klebsiella_pneumoniae_NZ_CP047271.1 k141_401

CONTIG: k141_402 (545bp)
Best alignment score: 545.0 (LEN: 545, IDY: 100.00), Total number of alignments: 1
		One align captures most of this contig: 5284099 5284643 | 1 545 | 545 545 | 100.0 | Klebsiella_pneumoniae_NZ_CP047271.1 k141_402

CONTIG: k141_409 (606bp)
Best alignment score: 604.0 (LEN: 606, IDY: 99.67), Total number of alignments: 1
		One align captures most of this contig: 3593983 3594588 | 606 1 | 606 606 | 99.67 | Klebsiella_pneumoniae_NZ_CP047271.1 k141_409

CONTIG: k141_412 (1519bp)
Best alignment score: 1519.0 (LEN: 1519, IDY: 100.00), Total number of alignments: 8
		This contig has 8 significant alignments. [An ambiguously mapped contig]
		Using only first of these alignment (option --ambiguity-usage is set to "one"):
			Alignment: 5057474 5058992 | 1 1519 | 1519 1519 | 100.0 | Klebsiella_pneumoniae_NZ_CP047271.1 k141_412
			Skipping alignment 5149260 5150775 | 4 1519 | 1516 1516 | 99.93 | Klebsiella_pneumoniae_NZ_CP047271.1 k141_412
			Skipping alignment 462961 464479 | 1519 1 | 1519 1519 | 99.67 | Klebsiella_pneumoniae_NZ_CP047271.1 k141_412
			Skipping alignment 5012345 5013860 | 4 1519 | 1516 1516 | 99.8 | Klebsiella_pneumoniae_NZ_CP047271.1 k141_412
			Skipping alignment 5253806 5255321 | 4 1519 | 1516 1516 | 99.67 | Klebsiella_pneumoniae_NZ_CP047271.1 k141_412
			Skipping alignment 4295184 4296702 | 1 1519 | 1519 1519 | 99.47 | Klebsiella_pneumoniae_NZ_CP047271.1 k141_412
			Skipping alignment 4655795 4657313 | 1 1519 | 1519 1519 | 99.41 | Klebsiella_pneumoniae_NZ_CP047271.1 k141_412
			Skipping alignment 1286534 1288049 | 1519 4 | 1516 1516 | 99.54 | Klebsiella_pneumoniae_NZ_CP047271.1 k141_412

CONTIG: k141_420 (1126bp)
Best alignment score: 887.0 (LEN: 889, IDY: 99.78), Total number of alignments: 4
			Looking for the best set of alignments (out of 4 total alignments)
			Skipping redundant alignments after choosing the best set of alignments
		Skipping redundant alignment 1788301 1789178 | 248 1126 | 878 879 | 99.89 | Klebsiella_pneumoniae_NZ_CP047271.1 k141_420
		Skipping redundant alignment 3244213 3245091 | 1126 247 | 879 880 | 99.89 | Klebsiella_pneumoniae_NZ_CP047271.1 k141_420
		Skipping redundant alignment 1932835 1933722 | 238 1126 | 888 889 | 99.78 | Klebsiella_pneumoniae_NZ_CP047271.1 k141_420
		This contig has several significant sets of alignments. [An ambiguously mapped contig]
		Using only the very best set (option --ambiguity-usage is set to "one").
			The best set is below. Score: 887.0, number of alignments: 1, unaligned bases: 237
		Alignment: 1201345 1202232 | 238 1126 | 888 889 | 99.78 | Klebsiella_pneumoniae_NZ_CP047271.1 k141_420

CONTIG: k141_423 (1540bp)
Best alignment score: 1195.0 (LEN: 1205, IDY: 99.17), Total number of alignments: 4
			Looking for the best set of alignments (out of 4 total alignments)
			Skipping redundant alignments after choosing the best set of alignments
		Skipping redundant alignment 129183 130381 | 1287 89 | 1199 1199 | 99.08 | Klebsiella_pneumoniae_NZ_CP047271.1 k141_423
		Skipping redundant alignment 3035860 3037064 | 1292 88 | 1205 1205 | 99.17 | Klebsiella_pneumoniae_NZ_CP047271.1 k141_423
		This contig has several significant sets of alignments. [An ambiguously mapped contig]
		Using only the very best set (option --ambiguity-usage is set to "one").
			The best set is below. Score: 1347.5, number of alignments: 2, unaligned bases: 98
		This contig is misassembled.
			Excluding internal overlap of size 1 between Alignment 1 and 2: 2360300 2360541 | 1287 1528 | 242 242 --> 2360301 2360541 | 1288 1528 | 241 241
			Real Alignment 1: 182137 183337 | 87 1287 | 1201 1201 | 99.0 | Klebsiella_pneumoniae_NZ_CP047272.1 k141_423
			  Extensive misassembly (translocation) between these two alignments
			Real Alignment 2: 2360301 2360541 | 1288 1528 | 241 241 | 98.35 | Klebsiella_pneumoniae_NZ_CP047271.1 k141_423

CONTIG: k141_107 (768bp)
Best alignment score: 763.0 (LEN: 768, IDY: 99.35), Total number of alignments: 1
		One align captures most of this contig: 2083441 2084208 | 768 1 | 768 768 | 99.35 | Klebsiella_pneumoniae_NZ_CP047271.1 k141_107

CONTIG: k141_109 (727bp)
Best alignment score: 720.0 (LEN: 726, IDY: 99.17), Total number of alignments: 1
		One align captures most of this contig: 3707207 3707932 | 726 1 | 726 726 | 99.17 | Klebsiella_pneumoniae_NZ_CP047271.1 k141_109

CONTIG: k141_434 (750bp)
Best alignment score: 741.0 (LEN: 746, IDY: 99.33), Total number of alignments: 1
		One align captures most of this contig: 3806810 3807555 | 750 5 | 746 746 | 99.33 | Klebsiella_pneumoniae_NZ_CP047271.1 k141_434

CONTIG: k141_114 (576bp)
Best alignment score: 573.0 (LEN: 576, IDY: 99.48), Total number of alignments: 1
		One align captures most of this contig: 5292147 5292722 | 1 576 | 576 576 | 99.48 | Klebsiella_pneumoniae_NZ_CP047271.1 k141_114

CONTIG: k141_118 (932bp)
Best alignment score: 932.0 (LEN: 932, IDY: 100.00), Total number of alignments: 1
		One align captures most of this contig: 3443256 3444187 | 1 932 | 932 932 | 100.0 | Klebsiella_pneumoniae_NZ_CP047271.1 k141_118

CONTIG: k141_447 (539bp)
Best alignment score: 528.0 (LEN: 533, IDY: 99.06), Total number of alignments: 1
		One align captures most of this contig: 3105617 3106149 | 1 533 | 533 533 | 99.06 | Klebsiella_pneumoniae_NZ_CP047271.1 k141_447

CONTIG: k141_464 (533bp)
Best alignment score: 530.0 (LEN: 533, IDY: 99.44), Total number of alignments: 1
		One align captures most of this contig: 1850926 1851458 | 1 533 | 533 533 | 99.44 | Klebsiella_pneumoniae_NZ_CP047271.1 k141_464

CONTIG: k141_466 (556bp)
Best alignment score: 556.0 (LEN: 556, IDY: 100.00), Total number of alignments: 1
		One align captures most of this contig: 3733026 3733581 | 556 1 | 556 556 | 100.0 | Klebsiella_pneumoniae_NZ_CP047271.1 k141_466

CONTIG: k141_467 (515bp)
Best alignment score: 515.0 (LEN: 515, IDY: 100.00), Total number of alignments: 1
		One align captures most of this contig: 2294886 2295400 | 1 515 | 515 515 | 100.0 | Klebsiella_pneumoniae_NZ_CP047271.1 k141_467

CONTIG: k141_471 (3663bp)
Best alignment score: 3406.0 (LEN: 3420, IDY: 99.59), Total number of alignments: 8
			Looking for the best set of alignments (out of 8 total alignments)
			Skipping redundant alignments after choosing the best set of alignments
		Skipping redundant alignment 4291755 4294956 | 3245 52 | 3202 3194 | 99.34 | Klebsiella_pneumoniae_NZ_CP047271.1 k141_471
		Skipping redundant alignment 4652355 4655585 | 3420 190 | 3231 3231 | 99.54 | Klebsiella_pneumoniae_NZ_CP047271.1 k141_471
		Skipping redundant alignment 5008898 5012132 | 3420 190 | 3235 3231 | 98.92 | Klebsiella_pneumoniae_NZ_CP047271.1 k141_471
		Skipping redundant alignment 464543 467774 | 189 3420 | 3232 3232 | 99.6 | Klebsiella_pneumoniae_NZ_CP047271.1 k141_471
		Skipping redundant alignment 5053948 5057367 | 3420 1 | 3420 3420 | 99.56 | Klebsiella_pneumoniae_NZ_CP047271.1 k141_471
		Skipping redundant alignment 5250162 5253593 | 3521 190 | 3432 3332 | 96.24 | Klebsiella_pneumoniae_NZ_CP047271.1 k141_471
		Skipping redundant alignment 1288262 1291767 | 190 3663 | 3506 3474 | 97.21 | Klebsiella_pneumoniae_NZ_CP047271.1 k141_471
		This contig has several significant sets of alignments. [An ambiguously mapped contig]
		Using only the very best set (option --ambiguity-usage is set to "one").
			The best set is below. Score: 3406.0, number of alignments: 1, unaligned bases: 243
		Alignment: 5145734 5149153 | 3420 1 | 3420 3420 | 99.59 | Klebsiella_pneumoniae_NZ_CP047271.1 k141_471

CONTIG: k141_481 (597bp)
Best alignment score: 590.0 (LEN: 597, IDY: 98.83), Total number of alignments: 5
		Skipping these alignments as insignificant (option --ambiguity-score is set to "0.99"):
			Skipping alignment 1770804 1771399 | 596 1 | 596 596 | 97.48 | Klebsiella_pneumoniae_NZ_CP047271.1 k141_481
			Skipping alignment 4850244 4850839 | 1 596 | 596 596 | 97.48 | Klebsiella_pneumoniae_NZ_CP047271.1 k141_481
		This contig has 3 significant alignments. [An ambiguously mapped contig]
		Using only first of these alignment (option --ambiguity-usage is set to "one"):
			Alignment: 1873314 1873910 | 1 597 | 597 597 | 98.83 | Klebsiella_pneumoniae_NZ_CP047271.1 k141_481
			Skipping alignment 1591821 1592417 | 1 597 | 597 597 | 98.83 | Klebsiella_pneumoniae_NZ_CP047271.1 k141_481
			Skipping alignment 4150675 4151271 | 597 1 | 597 597 | 98.83 | Klebsiella_pneumoniae_NZ_CP047271.1 k141_481

CONTIG: k141_490 (885bp)
Best alignment score: 881.0 (LEN: 885, IDY: 99.55), Total number of alignments: 1
		One align captures most of this contig: 3579500 3580384 | 885 1 | 885 885 | 99.55 | Klebsiella_pneumoniae_NZ_CP047271.1 k141_490

CONTIG: k141_495 (519bp)
Best alignment score: 517.0 (LEN: 519, IDY: 99.61), Total number of alignments: 1
		One align captures most of this contig: 4577491 4578008 | 519 1 | 518 519 | 99.61 | Klebsiella_pneumoniae_NZ_CP047271.1 k141_495

CONTIG: k141_140 (517bp)
Best alignment score: 507.0 (LEN: 509, IDY: 99.61), Total number of alignments: 1
		One align captures most of this contig: 369765 370273 | 517 9 | 509 509 | 99.61 | Klebsiella_pneumoniae_NZ_CP047271.1 k141_140

CONTIG: k141_142 (735bp)
Best alignment score: 729.0 (LEN: 735, IDY: 99.18), Total number of alignments: 1
		One align captures most of this contig: 1944683 1945417 | 1 735 | 735 735 | 99.18 | Klebsiella_pneumoniae_NZ_CP047271.1 k141_142

CONTIG: k141_202 (544bp)
Best alignment score: 543.0 (LEN: 544, IDY: 99.82), Total number of alignments: 1
		One align captures most of this contig: 4261403 4261946 | 544 1 | 544 544 | 99.82 | Klebsiella_pneumoniae_NZ_CP047271.1 k141_202

CONTIG: k141_209 (538bp)
Best alignment score: 536.0 (LEN: 538, IDY: 99.63), Total number of alignments: 1
		One align captures most of this contig: 3333203 3333740 | 1 538 | 538 538 | 99.63 | Klebsiella_pneumoniae_NZ_CP047271.1 k141_209

CONTIG: k141_222 (712bp)
Best alignment score: 425.0 (LEN: 438, IDY: 97.04), Total number of alignments: 3
			Looking for the best set of alignments (out of 3 total alignments)
			Skipping redundant alignments after choosing the best set of alignments
		Skipping redundant alignment 1957486 1957754 | 254 521 | 269 268 | 97.03 | Klebsiella_pneumoniae_NZ_CP047271.1 k141_222
			The best set is below. Score: 560.9, number of alignments: 2, unaligned bases: 86
		This contig is misassembled.
			Real Alignment 1: 3914247 3914434 | 1 188 | 188 188 | 98.94 | Klebsiella_pneumoniae_NZ_CP047271.1 k141_222
			  Extensive misassembly (relocation, inconsistency = 800895) between these two alignments
			Real Alignment 2: 4715373 4715811 | 669 232 | 439 438 | 97.04 | Klebsiella_pneumoniae_NZ_CP047271.1 k141_222

CONTIG: k141_235 (570bp)
Best alignment score: 540.0 (LEN: 568, IDY: 95.07), Total number of alignments: 1
		One align captures most of this contig: 4687723 4688290 | 1 568 | 568 568 | 95.07 | Klebsiella_pneumoniae_NZ_CP047271.1 k141_235

CONTIG: k141_244 (525bp)
Best alignment score: 523.0 (LEN: 525, IDY: 99.62), Total number of alignments: 1
		One align captures most of this contig: 4586704 4587228 | 1 525 | 525 525 | 99.62 | Klebsiella_pneumoniae_NZ_CP047271.1 k141_244

CONTIG: k141_246 (561bp)
Best alignment score: 560.0 (LEN: 561, IDY: 99.82), Total number of alignments: 1
		One align captures most of this contig: 4973007 4973567 | 561 1 | 561 561 | 99.82 | Klebsiella_pneumoniae_NZ_CP047271.1 k141_246

CONTIG: k141_510 (659bp)
Best alignment score: 654.0 (LEN: 659, IDY: 99.24), Total number of alignments: 1
		One align captures most of this contig: 5016078 5016736 | 659 1 | 659 659 | 99.24 | Klebsiella_pneumoniae_NZ_CP047271.1 k141_510

CONTIG: k141_511 (504bp)
Best alignment score: 502.0 (LEN: 504, IDY: 99.60), Total number of alignments: 1
		One align captures most of this contig: 383106 383609 | 504 1 | 504 504 | 99.6 | Klebsiella_pneumoniae_NZ_CP047271.1 k141_511

CONTIG: k141_514 (525bp)
Best alignment score: 525.0 (LEN: 525, IDY: 100.00), Total number of alignments: 1
		One align captures most of this contig: 617185 617709 | 525 1 | 525 525 | 100.0 | Klebsiella_pneumoniae_NZ_CP047271.1 k141_514

CONTIG: k141_531 (531bp)
Best alignment score: 528.0 (LEN: 531, IDY: 99.44), Total number of alignments: 1
		One align captures most of this contig: 3887165 3887696 | 531 1 | 532 531 | 99.44 | Klebsiella_pneumoniae_NZ_CP047271.1 k141_531

CONTIG: k141_532 (795bp)
Best alignment score: 791.0 (LEN: 795, IDY: 99.50), Total number of alignments: 1
		One align captures most of this contig: 4534988 4535782 | 1 795 | 795 795 | 99.5 | Klebsiella_pneumoniae_NZ_CP047271.1 k141_532

CONTIG: k141_538 (574bp)
Best alignment score: 573.0 (LEN: 574, IDY: 99.83), Total number of alignments: 1
		One align captures most of this contig: 2916300 2916873 | 574 1 | 574 574 | 99.83 | Klebsiella_pneumoniae_NZ_CP047271.1 k141_538

CONTIG: k141_545 (560bp)
Best alignment score: 550.0 (LEN: 560, IDY: 98.21), Total number of alignments: 1
		One align captures most of this contig: 2631697 2632256 | 1 560 | 560 560 | 98.21 | Klebsiella_pneumoniae_NZ_CP047271.1 k141_545

CONTIG: k141_547 (503bp)
Best alignment score: 499.0 (LEN: 503, IDY: 99.20), Total number of alignments: 1
		One align captures most of this contig: 1161501 1162003 | 503 1 | 503 503 | 99.2 | Klebsiella_pneumoniae_NZ_CP047271.1 k141_547

CONTIG: k141_567 (507bp)
Best alignment score: 505.0 (LEN: 507, IDY: 99.61), Total number of alignments: 1
		One align captures most of this contig: 4821466 4821972 | 507 1 | 507 507 | 99.61 | Klebsiella_pneumoniae_NZ_CP047271.1 k141_567

CONTIG: k141_568 (507bp)
Best alignment score: 503.0 (LEN: 507, IDY: 99.21), Total number of alignments: 1
		One align captures most of this contig: 4199830 4200336 | 507 1 | 507 507 | 99.21 | Klebsiella_pneumoniae_NZ_CP047271.1 k141_568

CONTIG: k141_570 (563bp)
Best alignment score: 561.0 (LEN: 563, IDY: 99.64), Total number of alignments: 1
		One align captures most of this contig: 199966 200528 | 1 563 | 563 563 | 99.64 | Klebsiella_pneumoniae_NZ_CP047271.1 k141_570

CONTIG: k141_258 (512bp)
Best alignment score: 508.0 (LEN: 512, IDY: 99.22), Total number of alignments: 1
		One align captures most of this contig: 672336 672847 | 1 512 | 512 512 | 99.22 | Klebsiella_pneumoniae_NZ_CP047271.1 k141_258

CONTIG: k141_577 (901bp)
Best alignment score: 892.0 (LEN: 901, IDY: 99.00), Total number of alignments: 1
		One align captures most of this contig: 3396518 3397418 | 901 1 | 901 901 | 99.0 | Klebsiella_pneumoniae_NZ_CP047271.1 k141_577

CONTIG: k141_582 (1511bp)
Best alignment score: 1033.0 (LEN: 1033, IDY: 100.00), Total number of alignments: 1
			Looking for the best set of alignments (out of 1 total alignments)
			The best set is below. Score: 1033.0, number of alignments: 1, unaligned bases: 478
		Alignment: 4052994 4054026 | 1033 1 | 1033 1033 | 100.0 | Klebsiella_pneumoniae_NZ_CP047271.1 k141_582

CONTIG: k141_583 (533bp)
Best alignment score: 533.0 (LEN: 533, IDY: 100.00), Total number of alignments: 1
		One align captures most of this contig: 4478127 4478659 | 533 1 | 533 533 | 100.0 | Klebsiella_pneumoniae_NZ_CP047271.1 k141_583

CONTIG: k141_274 (1130bp)
Best alignment score: 1130.0 (LEN: 1130, IDY: 100.00), Total number of alignments: 4
		Skipping these alignments as insignificant (option --ambiguity-score is set to "0.99"):
			Skipping alignment 1202220 1203272 | 1130 78 | 1053 1053 | 100.0 | Klebsiella_pneumoniae_NZ_CP047271.1 k141_274
			Skipping alignment 1789166 1790218 | 1130 78 | 1053 1053 | 100.0 | Klebsiella_pneumoniae_NZ_CP047271.1 k141_274
			Skipping alignment 3243174 3244225 | 79 1130 | 1052 1052 | 100.0 | Klebsiella_pneumoniae_NZ_CP047271.1 k141_274
		One align captures most of this contig: 1933710 1934839 | 1130 1 | 1130 1130 | 100.0 | Klebsiella_pneumoniae_NZ_CP047271.1 k141_274

CONTIG: k141_280 (609bp)
Best alignment score: 603.0 (LEN: 609, IDY: 99.01), Total number of alignments: 1
		One align captures most of this contig: 4215655 4216263 | 1 609 | 609 609 | 99.01 | Klebsiella_pneumoniae_NZ_CP047271.1 k141_280

CONTIG: k141_76 (526bp)
Best alignment score: 524.0 (LEN: 526, IDY: 99.62), Total number of alignments: 2
		This contig has 2 significant alignments. [An ambiguously mapped contig]
		Using only first of these alignment (option --ambiguity-usage is set to "one"):
			Alignment: 16768 17293 | 1 526 | 526 526 | 99.62 | Klebsiella_pneumoniae_NZ_CP047272.1 k141_76
			Skipping alignment 1785 2310 | 1 526 | 526 526 | 99.62 | Klebsiella_pneumoniae_NZ_CP047272.1 k141_76

Analyzing coverage...
Writing SNPs into /home/hannelore/PROJECTHH/Scripts/Pipeline/work/5b/fd06bcddfdd15e6ad5a6ca9bd7cd34/metaquast-results/runs_per_reference/Klebsiella_pneumoniae/contigs_reports/minimap_output/TRIM_ERR1795084_Illumina_MiSeq_paired_end_sequencing_EXP_12_1_2017_01_13_14_47_56_mini_1-contigs.used_snps.gz

Analysis is finished!
Founded SNPs were written into /home/hannelore/PROJECTHH/Scripts/Pipeline/work/5b/fd06bcddfdd15e6ad5a6ca9bd7cd34/metaquast-results/runs_per_reference/Klebsiella_pneumoniae/contigs_reports/minimap_output/TRIM_ERR1795084_Illumina_MiSeq_paired_end_sequencing_EXP_12_1_2017_01_13_14_47_56_mini_1-contigs.used_snps.gz

Results:
	Local Misassemblies: 0
	Misassemblies: 3
		Relocations: 2
		Translocations: 1
		Inversions: 0
	Scaffold gap extensive misassemblies: 0
	Scaffold gap local misassemblies: 0
	Misassembled Contigs: 3
	Misassembled Contig Bases: 2986
	Misassemblies Inter-Contig Overlap: 0
Unaligned Contigs: 0 + 1 part
Half Unaligned Contigs with Misassemblies: 0
Unaligned Contig Bases: 1139

Ambiguously Mapped Contigs: 6
Total Bases in Ambiguously Mapped Contigs: 8971
Extra Bases in Ambiguously Mapped Contigs: 0
Note that --allow-ambiguity option was set to "one" and only first alignment per each of these contigs was used.

	Covered Bases: 57614

	SNPs: 299
	Insertions: 4
	Deletions: 3

