Aligning contigs to reference...
	Aligning contigs to the reference
Filtering alignments...
Parsing coords...
Loading reference...
	Loaded [Klebsiella_pneumoniae_NZ_CP047271.1]
	Loaded [Klebsiella_pneumoniae_NZ_CP047272.1]
	Total Regions: 2
	Total Region Length: 5577703
Analyzing contigs...
CONTIG: k141_293 (532bp)
Best alignment score: 531.0 (LEN: 532, IDY: 99.81), Total number of alignments: 1
		One align captures most of this contig: 3170349 3170880 | 1 532 | 532 532 | 99.81 | Klebsiella_pneumoniae_NZ_CP047271.1 k141_293

CONTIG: k141_5 (1495bp)
Best alignment score: 1189.0 (LEN: 1199, IDY: 99.17), Total number of alignments: 3
			Looking for the best set of alignments (out of 3 total alignments)
			Skipping redundant alignments after choosing the best set of alignments
		Skipping redundant alignment 129183 130378 | 1314 119 | 1196 1196 | 99.08 | Klebsiella_pneumoniae_NZ_CP047271.1 k141_5
		Skipping redundant alignment 182142 183337 | 119 1314 | 1196 1196 | 99.0 | Klebsiella_pneumoniae_NZ_CP047272.1 k141_5
		This contig has several significant sets of alignments. [An ambiguously mapped contig]
		Using only the very best set (option --ambiguity-usage is set to "one").
			The best set is below. Score: 1189.0, number of alignments: 1, unaligned bases: 296
		Alignment: 3035862 3037060 | 1317 119 | 1199 1199 | 99.17 | Klebsiella_pneumoniae_NZ_CP047271.1 k141_5

CONTIG: k141_6 (744bp)
Best alignment score: 733.0 (LEN: 743, IDY: 98.65), Total number of alignments: 1
		One align captures most of this contig: 1575991 1576733 | 1 743 | 743 743 | 98.65 | Klebsiella_pneumoniae_NZ_CP047271.1 k141_6

CONTIG: k141_304 (593bp)
Best alignment score: 592.0 (LEN: 593, IDY: 99.83), Total number of alignments: 1
		One align captures most of this contig: 1528540 1529132 | 1 593 | 593 593 | 99.83 | Klebsiella_pneumoniae_NZ_CP047271.1 k141_304

CONTIG: k141_13 (583bp)
Best alignment score: 579.0 (LEN: 583, IDY: 99.31), Total number of alignments: 1
		One align captures most of this contig: 1176595 1177177 | 1 583 | 583 583 | 99.31 | Klebsiella_pneumoniae_NZ_CP047271.1 k141_13

CONTIG: k141_19 (601bp)
Best alignment score: 598.0 (LEN: 601, IDY: 99.50), Total number of alignments: 1
		One align captures most of this contig: 4759381 4759981 | 1 601 | 601 601 | 99.5 | Klebsiella_pneumoniae_NZ_CP047271.1 k141_19

CONTIG: k141_23 (704bp)
Best alignment score: 704.0 (LEN: 704, IDY: 100.00), Total number of alignments: 1
		One align captures most of this contig: 4053385 4054088 | 704 1 | 704 704 | 100.0 | Klebsiella_pneumoniae_NZ_CP047271.1 k141_23

CONTIG: k141_313 (5887bp)
Best alignment score: 5511.7 (LEN: 5540, IDY: 99.49), Total number of alignments: 5
			Looking for the best set of alignments (out of 5 total alignments)
			Skipping redundant alignments after choosing the best set of alignments
		Skipping redundant alignment 464544 468072 | 3580 51 | 3529 3530 | 99.6 | Klebsiella_pneumoniae_NZ_CP047271.1 k141_313
		Skipping redundant alignment 5250537 5255511 | 524 5498 | 4975 4975 | 99.7 | Klebsiella_pneumoniae_NZ_CP047271.1 k141_313
		Skipping redundant alignment 1286280 1291493 | 5562 348 | 5214 5215 | 99.08 | Klebsiella_pneumoniae_NZ_CP047271.1 k141_313
		Skipping redundant alignment 5008897 5014209 | 348 5657 | 5313 5310 | 99.0 | Klebsiella_pneumoniae_NZ_CP047271.1 k141_313
			The best set is below. Score: 5511.7, number of alignments: 1, unaligned bases: 347
		Alignment: 4652354 4657893 | 348 5887 | 5540 5540 | 99.49 | Klebsiella_pneumoniae_NZ_CP047271.1 k141_313

CONTIG: k141_38 (501bp)
Best alignment score: 497.0 (LEN: 501, IDY: 99.20), Total number of alignments: 1
		One align captures most of this contig: 764327 764827 | 501 1 | 501 501 | 99.2 | Klebsiella_pneumoniae_NZ_CP047271.1 k141_38

CONTIG: k141_49 (542bp)
Best alignment score: 482.0 (LEN: 483, IDY: 99.79), Total number of alignments: 2
			Looking for the best set of alignments (out of 2 total alignments)
			Skipping redundant alignments after choosing the best set of alignments
		Skipping redundant alignment 3628175 3628245 | 71 1 | 71 71 | 98.59 | Klebsiella_pneumoniae_NZ_CP047271.1 k141_49
			The best set is below. Score: 482.0, number of alignments: 1, unaligned bases: 59
		Alignment: 3628133 3628615 | 60 542 | 483 483 | 99.79 | Klebsiella_pneumoniae_NZ_CP047271.1 k141_49

CONTIG: k141_52 (752bp)
Best alignment score: 750.0 (LEN: 752, IDY: 99.73), Total number of alignments: 1
		One align captures most of this contig: 3663266 3664017 | 752 1 | 752 752 | 99.73 | Klebsiella_pneumoniae_NZ_CP047271.1 k141_52

CONTIG: k141_63 (507bp)
Best alignment score: 503.0 (LEN: 507, IDY: 99.21), Total number of alignments: 1
		One align captures most of this contig: 5093533 5094039 | 1 507 | 507 507 | 99.21 | Klebsiella_pneumoniae_NZ_CP047271.1 k141_63

CONTIG: k141_68 (541bp)
Best alignment score: 541.0 (LEN: 541, IDY: 100.00), Total number of alignments: 1
		One align captures most of this contig: 3151862 3152402 | 1 541 | 541 541 | 100.0 | Klebsiella_pneumoniae_NZ_CP047271.1 k141_68

CONTIG: k141_72 (885bp)
Best alignment score: 858.0 (LEN: 885, IDY: 96.95), Total number of alignments: 1
		One align captures most of this contig: 1413739 1414623 | 1 885 | 885 885 | 96.95 | Klebsiella_pneumoniae_NZ_CP047271.1 k141_72

CONTIG: k141_316 (807bp)
Best alignment score: 807.0 (LEN: 807, IDY: 100.00), Total number of alignments: 1
		One align captures most of this contig: 449587 450393 | 807 1 | 807 807 | 100.0 | Klebsiella_pneumoniae_NZ_CP047271.1 k141_316

CONTIG: k141_79 (549bp)
Best alignment score: 548.0 (LEN: 549, IDY: 99.82), Total number of alignments: 1
		One align captures most of this contig: 5225532 5226080 | 549 1 | 549 549 | 99.82 | Klebsiella_pneumoniae_NZ_CP047271.1 k141_79

CONTIG: k141_320 (608bp)
Best alignment score: 603.0 (LEN: 608, IDY: 99.18), Total number of alignments: 1
		One align captures most of this contig: 4557706 4558312 | 1 608 | 607 608 | 99.18 | Klebsiella_pneumoniae_NZ_CP047271.1 k141_320

CONTIG: k141_81 (548bp)
Best alignment score: 547.0 (LEN: 548, IDY: 99.82), Total number of alignments: 1
		One align captures most of this contig: 5195187 5195734 | 548 1 | 548 548 | 99.82 | Klebsiella_pneumoniae_NZ_CP047271.1 k141_81

CONTIG: k141_337 (544bp)
Best alignment score: 544.0 (LEN: 544, IDY: 100.00), Total number of alignments: 1
		One align captures most of this contig: 1588398 1588941 | 544 1 | 544 544 | 100.0 | Klebsiella_pneumoniae_NZ_CP047271.1 k141_337

CONTIG: k141_345 (513bp)
Best alignment score: 511.0 (LEN: 513, IDY: 99.61), Total number of alignments: 1
		One align captures most of this contig: 3775307 3775819 | 513 1 | 513 513 | 99.61 | Klebsiella_pneumoniae_NZ_CP047271.1 k141_345

CONTIG: k141_352 (589bp)
Best alignment score: 586.0 (LEN: 589, IDY: 99.49), Total number of alignments: 1
		One align captures most of this contig: 4010826 4011414 | 589 1 | 589 589 | 99.49 | Klebsiella_pneumoniae_NZ_CP047271.1 k141_352

CONTIG: k141_357 (549bp)
Best alignment score: 546.0 (LEN: 549, IDY: 99.45), Total number of alignments: 1
		One align captures most of this contig: 4327114 4327662 | 1 549 | 549 549 | 99.45 | Klebsiella_pneumoniae_NZ_CP047271.1 k141_357

CONTIG: k141_365 (540bp)
Best alignment score: 537.0 (LEN: 540, IDY: 99.44), Total number of alignments: 1
		One align captures most of this contig: 4423854 4424393 | 1 540 | 540 540 | 99.44 | Klebsiella_pneumoniae_NZ_CP047271.1 k141_365

CONTIG: k141_371 (1126bp)
Best alignment score: 881.0 (LEN: 885, IDY: 99.55), Total number of alignments: 4
			Looking for the best set of alignments (out of 4 total alignments)
			Skipping redundant alignments after choosing the best set of alignments
		Skipping redundant alignment 1788301 1789174 | 252 1126 | 874 875 | 99.66 | Klebsiella_pneumoniae_NZ_CP047271.1 k141_371
		Skipping redundant alignment 3244217 3245091 | 1126 251 | 875 876 | 99.66 | Klebsiella_pneumoniae_NZ_CP047271.1 k141_371
		Skipping redundant alignment 1932835 1933718 | 242 1126 | 884 885 | 99.55 | Klebsiella_pneumoniae_NZ_CP047271.1 k141_371
		This contig has several significant sets of alignments. [An ambiguously mapped contig]
		Using only the very best set (option --ambiguity-usage is set to "one").
			The best set is below. Score: 881.0, number of alignments: 1, unaligned bases: 241
		Alignment: 1201345 1202228 | 242 1126 | 884 885 | 99.55 | Klebsiella_pneumoniae_NZ_CP047271.1 k141_371

CONTIG: k141_378 (733bp)
Best alignment score: 730.0 (LEN: 733, IDY: 99.59), Total number of alignments: 1
		One align captures most of this contig: 3858876 3859608 | 1 733 | 733 733 | 99.59 | Klebsiella_pneumoniae_NZ_CP047271.1 k141_378

CONTIG: k141_381 (537bp)
Best alignment score: 536.0 (LEN: 537, IDY: 99.81), Total number of alignments: 1
		One align captures most of this contig: 4330105 4330641 | 537 1 | 537 537 | 99.81 | Klebsiella_pneumoniae_NZ_CP047271.1 k141_381

CONTIG: k141_386 (686bp)
Best alignment score: 449.0 (LEN: 453, IDY: 99.12), Total number of alignments: 2
			Looking for the best set of alignments (out of 2 total alignments)
			The best set is below. Score: 612.3, number of alignments: 2, unaligned bases: 0
		This contig is misassembled.
			Excluding internal overlap of size 23 between Alignment 1 and 2: 2786929 2787183 | 431 686 | 255 256 --> 2786952 2787183 | 454 686 | 232 233
			Real Alignment 1: 2792242 2792694 | 453 1 | 453 453 | 99.12 | Klebsiella_pneumoniae_NZ_CP047271.1 k141_386
			  Extensive misassembly (relocation, inconsistency = 5058) between these two alignments
			Real Alignment 2: 2786952 2787183 | 454 686 | 232 233 | 96.48 | Klebsiella_pneumoniae_NZ_CP047271.1 k141_386

CONTIG: k141_406 (521bp)
Best alignment score: 518.0 (LEN: 521, IDY: 99.42), Total number of alignments: 1
		One align captures most of this contig: 55194 55714 | 1 521 | 521 521 | 99.42 | Klebsiella_pneumoniae_NZ_CP047271.1 k141_406

CONTIG: k141_409 (554bp)
Best alignment score: 552.0 (LEN: 554, IDY: 99.64), Total number of alignments: 1
		One align captures most of this contig: 4170311 4170864 | 1 554 | 554 554 | 99.64 | Klebsiella_pneumoniae_NZ_CP047271.1 k141_409

CONTIG: k141_411 (1331bp)
Best alignment score: 969.0 (LEN: 970, IDY: 99.90), Total number of alignments: 4
			Looking for the best set of alignments (out of 4 total alignments)
			Skipping redundant alignments after choosing the best set of alignments
		Skipping redundant alignment 3243174 3244141 | 968 1 | 968 968 | 99.9 | Klebsiella_pneumoniae_NZ_CP047271.1 k141_411
		Skipping redundant alignment 1202304 1203272 | 1 969 | 969 969 | 99.9 | Klebsiella_pneumoniae_NZ_CP047271.1 k141_411
		Skipping redundant alignment 1789250 1790218 | 1 969 | 969 969 | 99.9 | Klebsiella_pneumoniae_NZ_CP047271.1 k141_411
		This contig has several significant sets of alignments. [An ambiguously mapped contig]
		Using only the very best set (option --ambiguity-usage is set to "one").
			The best set is below. Score: 969.0, number of alignments: 1, unaligned bases: 361
		Alignment: 1933794 1934763 | 1 970 | 970 970 | 99.9 | Klebsiella_pneumoniae_NZ_CP047271.1 k141_411

CONTIG: k141_412 (505bp)
Best alignment score: 504.0 (LEN: 505, IDY: 99.80), Total number of alignments: 1
		One align captures most of this contig: 5305290 5305794 | 1 505 | 505 505 | 99.8 | Klebsiella_pneumoniae_NZ_CP047271.1 k141_412

CONTIG: k141_419 (562bp)
Best alignment score: 557.0 (LEN: 562, IDY: 99.11), Total number of alignments: 1
		One align captures most of this contig: 1140163 1140724 | 1 562 | 562 562 | 99.11 | Klebsiella_pneumoniae_NZ_CP047271.1 k141_419

CONTIG: k141_101 (547bp)
Best alignment score: 539.0 (LEN: 541, IDY: 99.63), Total number of alignments: 1
		One align captures most of this contig: 3602599 3603139 | 541 1 | 541 541 | 99.63 | Klebsiella_pneumoniae_NZ_CP047271.1 k141_101

CONTIG: k141_115 (580bp)
Best alignment score: 575.0 (LEN: 580, IDY: 99.14), Total number of alignments: 1
		One align captures most of this contig: 2152886 2153465 | 1 580 | 580 580 | 99.14 | Klebsiella_pneumoniae_NZ_CP047271.1 k141_115

CONTIG: k141_116 (545bp)
Best alignment score: 540.0 (LEN: 545, IDY: 99.08), Total number of alignments: 1
		One align captures most of this contig: 2994469 2995013 | 545 1 | 545 545 | 99.08 | Klebsiella_pneumoniae_NZ_CP047271.1 k141_116

CONTIG: k141_117 (519bp)
Best alignment score: 518.0 (LEN: 519, IDY: 99.81), Total number of alignments: 1
		One align captures most of this contig: 1000462 1000980 | 519 1 | 519 519 | 99.81 | Klebsiella_pneumoniae_NZ_CP047271.1 k141_117

CONTIG: k141_124 (588bp)
Best alignment score: 588.0 (LEN: 588, IDY: 100.00), Total number of alignments: 1
		One align captures most of this contig: 4338505 4339092 | 1 588 | 588 588 | 100.0 | Klebsiella_pneumoniae_NZ_CP047271.1 k141_124

CONTIG: k141_128 (517bp)
Best alignment score: 514.0 (LEN: 517, IDY: 99.42), Total number of alignments: 1
		One align captures most of this contig: 922818 923334 | 1 517 | 517 517 | 99.42 | Klebsiella_pneumoniae_NZ_CP047271.1 k141_128

CONTIG: k141_136 (648bp)
Best alignment score: 645.0 (LEN: 648, IDY: 99.54), Total number of alignments: 1
		One align captures most of this contig: 4762256 4762903 | 648 1 | 648 648 | 99.54 | Klebsiella_pneumoniae_NZ_CP047271.1 k141_136

CONTIG: k141_144 (500bp)
Best alignment score: 495.0 (LEN: 500, IDY: 99.00), Total number of alignments: 1
		One align captures most of this contig: 2277656 2278155 | 1 500 | 500 500 | 99.0 | Klebsiella_pneumoniae_NZ_CP047271.1 k141_144

CONTIG: k141_444 (664bp)
Best alignment score: 661.0 (LEN: 664, IDY: 99.55), Total number of alignments: 1
		One align captures most of this contig: 2984297 2984960 | 664 1 | 664 664 | 99.55 | Klebsiella_pneumoniae_NZ_CP047271.1 k141_444

CONTIG: k141_446 (853bp)
Best alignment score: 844.0 (LEN: 853, IDY: 98.94), Total number of alignments: 1
		One align captures most of this contig: 91101 91953 | 853 1 | 853 853 | 98.94 | Klebsiella_pneumoniae_NZ_CP047271.1 k141_446

CONTIG: k141_449 (500bp)
Best alignment score: 499.0 (LEN: 500, IDY: 99.80), Total number of alignments: 1
		One align captures most of this contig: 382182 382681 | 500 1 | 500 500 | 99.8 | Klebsiella_pneumoniae_NZ_CP047271.1 k141_449

CONTIG: k141_469 (693bp)
Best alignment score: 690.0 (LEN: 693, IDY: 99.57), Total number of alignments: 1
		One align captures most of this contig: 3141953 3142645 | 693 1 | 693 693 | 99.57 | Klebsiella_pneumoniae_NZ_CP047271.1 k141_469

CONTIG: k141_471 (638bp)
Best alignment score: 633.0 (LEN: 637, IDY: 99.37), Total number of alignments: 1
		One align captures most of this contig: 4341482 4342118 | 637 1 | 637 637 | 99.37 | Klebsiella_pneumoniae_NZ_CP047271.1 k141_471

CONTIG: k141_475 (778bp)
Best alignment score: 772.0 (LEN: 778, IDY: 99.23), Total number of alignments: 1
		One align captures most of this contig: 3979260 3980037 | 778 1 | 778 778 | 99.23 | Klebsiella_pneumoniae_NZ_CP047271.1 k141_475

CONTIG: k141_478 (593bp)
Best alignment score: 591.0 (LEN: 593, IDY: 99.66), Total number of alignments: 1
		One align captures most of this contig: 4411755 4412347 | 593 1 | 593 593 | 99.66 | Klebsiella_pneumoniae_NZ_CP047271.1 k141_478

CONTIG: k141_479 (641bp)
Best alignment score: 638.0 (LEN: 641, IDY: 99.53), Total number of alignments: 1
		One align captures most of this contig: 2188637 2189277 | 1 641 | 641 641 | 99.53 | Klebsiella_pneumoniae_NZ_CP047271.1 k141_479

CONTIG: k141_497 (706bp)
Best alignment score: 670.0 (LEN: 677, IDY: 98.97), Total number of alignments: 1
			Looking for the best set of alignments (out of 1 total alignments)
			The best set is below. Score: 670.0, number of alignments: 1, unaligned bases: 29
		Alignment: 93836 94511 | 30 706 | 676 677 | 98.97 | Klebsiella_pneumoniae_NZ_CP047271.1 k141_497

CONTIG: k141_518 (642bp)
Best alignment score: 639.0 (LEN: 642, IDY: 99.53), Total number of alignments: 1
		One align captures most of this contig: 3859929 3860570 | 1 642 | 642 642 | 99.53 | Klebsiella_pneumoniae_NZ_CP047271.1 k141_518

CONTIG: k141_523 (723bp)
Best alignment score: 721.0 (LEN: 723, IDY: 99.72), Total number of alignments: 1
		One align captures most of this contig: 3730123 3730845 | 1 723 | 723 723 | 99.72 | Klebsiella_pneumoniae_NZ_CP047271.1 k141_523

CONTIG: k141_534 (509bp)
Best alignment score: 508.0 (LEN: 509, IDY: 99.80), Total number of alignments: 1
		One align captures most of this contig: 5031896 5032404 | 509 1 | 509 509 | 99.8 | Klebsiella_pneumoniae_NZ_CP047271.1 k141_534

CONTIG: k141_544 (505bp)
Best alignment score: 505.0 (LEN: 505, IDY: 100.00), Total number of alignments: 1
		One align captures most of this contig: 5036840 5037344 | 1 505 | 505 505 | 100.0 | Klebsiella_pneumoniae_NZ_CP047271.1 k141_544

CONTIG: k141_554 (603bp)
Best alignment score: 603.0 (LEN: 603, IDY: 100.00), Total number of alignments: 1
		One align captures most of this contig: 102731 103333 | 603 1 | 603 603 | 100.0 | Klebsiella_pneumoniae_NZ_CP047271.1 k141_554

CONTIG: k141_148 (510bp)
Best alignment score: 490.0 (LEN: 493, IDY: 99.39), Total number of alignments: 1
			Looking for the best set of alignments (out of 1 total alignments)
			The best set is below. Score: 490.0, number of alignments: 1, unaligned bases: 17
		Alignment: 3058704 3059196 | 493 1 | 493 493 | 99.39 | Klebsiella_pneumoniae_NZ_CP047271.1 k141_148

CONTIG: k141_151 (554bp)
Best alignment score: 546.0 (LEN: 554, IDY: 98.56), Total number of alignments: 1
		One align captures most of this contig: 3598203 3598756 | 554 1 | 554 554 | 98.56 | Klebsiella_pneumoniae_NZ_CP047271.1 k141_151

CONTIG: k141_153 (943bp)
Best alignment score: 943.0 (LEN: 943, IDY: 100.00), Total number of alignments: 1
		One align captures most of this contig: 2264247 2265189 | 943 1 | 943 943 | 100.0 | Klebsiella_pneumoniae_NZ_CP047271.1 k141_153

CONTIG: k141_159 (568bp)
Best alignment score: 557.0 (LEN: 559, IDY: 99.64), Total number of alignments: 1
		One align captures most of this contig: 1586038 1586596 | 559 1 | 559 559 | 99.64 | Klebsiella_pneumoniae_NZ_CP047271.1 k141_159

CONTIG: k141_160 (585bp)
Best alignment score: 585.0 (LEN: 585, IDY: 100.00), Total number of alignments: 1
		One align captures most of this contig: 5038032 5038616 | 585 1 | 585 585 | 100.0 | Klebsiella_pneumoniae_NZ_CP047271.1 k141_160

CONTIG: k141_163 (571bp)
Best alignment score: 569.0 (LEN: 571, IDY: 99.65), Total number of alignments: 1
		One align captures most of this contig: 644376 644946 | 1 571 | 571 571 | 99.65 | Klebsiella_pneumoniae_NZ_CP047271.1 k141_163

CONTIG: k141_171 (904bp)
Best alignment score: 886.0 (LEN: 904, IDY: 98.01), Total number of alignments: 1
		One align captures most of this contig: 4278545 4279448 | 1 904 | 904 904 | 98.01 | Klebsiella_pneumoniae_NZ_CP047271.1 k141_171

CONTIG: k141_181 (670bp)
Best alignment score: 664.0 (LEN: 670, IDY: 99.10), Total number of alignments: 1
		One align captures most of this contig: 4768317 4768986 | 670 1 | 670 670 | 99.1 | Klebsiella_pneumoniae_NZ_CP047271.1 k141_181

CONTIG: k141_186 (513bp)
Best alignment score: 512.0 (LEN: 513, IDY: 99.81), Total number of alignments: 1
		One align captures most of this contig: 596798 597310 | 513 1 | 513 513 | 99.81 | Klebsiella_pneumoniae_NZ_CP047271.1 k141_186

CONTIG: k141_197 (513bp)
Best alignment score: 476.0 (LEN: 478, IDY: 99.58), Total number of alignments: 1
			Looking for the best set of alignments (out of 1 total alignments)
			The best set is below. Score: 476.0, number of alignments: 1, unaligned bases: 35
		Alignment: 1354671 1355148 | 513 36 | 478 478 | 99.58 | Klebsiella_pneumoniae_NZ_CP047271.1 k141_197

CONTIG: k141_202 (589bp)
Best alignment score: 587.0 (LEN: 589, IDY: 99.66), Total number of alignments: 1
		One align captures most of this contig: 4024090 4024678 | 1 589 | 589 589 | 99.66 | Klebsiella_pneumoniae_NZ_CP047271.1 k141_202

CONTIG: k141_208 (532bp)
Best alignment score: 530.0 (LEN: 532, IDY: 99.62), Total number of alignments: 1
		One align captures most of this contig: 1777372 1777903 | 532 1 | 532 532 | 99.62 | Klebsiella_pneumoniae_NZ_CP047271.1 k141_208

CONTIG: k141_210 (634bp)
Best alignment score: 628.0 (LEN: 634, IDY: 99.05), Total number of alignments: 1
		One align captures most of this contig: 1068244 1068877 | 634 1 | 634 634 | 99.05 | Klebsiella_pneumoniae_NZ_CP047271.1 k141_210

CONTIG: k141_211 (604bp)
Best alignment score: 602.0 (LEN: 604, IDY: 99.67), Total number of alignments: 1
		One align captures most of this contig: 406500 407103 | 1 604 | 604 604 | 99.67 | Klebsiella_pneumoniae_NZ_CP047271.1 k141_211

CONTIG: k141_232 (565bp)
Best alignment score: 560.0 (LEN: 565, IDY: 99.12), Total number of alignments: 1
		One align captures most of this contig: 1608015 1608579 | 1 565 | 565 565 | 99.12 | Klebsiella_pneumoniae_NZ_CP047271.1 k141_232

CONTIG: k141_238 (601bp)
Best alignment score: 598.0 (LEN: 601, IDY: 99.50), Total number of alignments: 1
		One align captures most of this contig: 2720759 2721359 | 1 601 | 601 601 | 99.5 | Klebsiella_pneumoniae_NZ_CP047271.1 k141_238

CONTIG: k141_242 (517bp)
Best alignment score: 517.0 (LEN: 517, IDY: 100.00), Total number of alignments: 1
		One align captures most of this contig: 5182555 5183071 | 517 1 | 517 517 | 100.0 | Klebsiella_pneumoniae_NZ_CP047271.1 k141_242

CONTIG: k141_243 (543bp)
Best alignment score: 541.0 (LEN: 543, IDY: 99.63), Total number of alignments: 1
		One align captures most of this contig: 1109029 1109571 | 543 1 | 543 543 | 99.63 | Klebsiella_pneumoniae_NZ_CP047271.1 k141_243

CONTIG: k141_247 (626bp)
Best alignment score: 621.0 (LEN: 626, IDY: 99.20), Total number of alignments: 1
		One align captures most of this contig: 1014524 1015149 | 1 626 | 626 626 | 99.2 | Klebsiella_pneumoniae_NZ_CP047271.1 k141_247

CONTIG: k141_248 (544bp)
Best alignment score: 543.0 (LEN: 544, IDY: 99.82), Total number of alignments: 1
		One align captures most of this contig: 3007937 3008480 | 544 1 | 544 544 | 99.82 | Klebsiella_pneumoniae_NZ_CP047271.1 k141_248

CONTIG: k141_250 (679bp)
Best alignment score: 676.0 (LEN: 679, IDY: 99.56), Total number of alignments: 1
		One align captures most of this contig: 5227026 5227704 | 1 679 | 679 679 | 99.56 | Klebsiella_pneumoniae_NZ_CP047271.1 k141_250

CONTIG: k141_252 (873bp)
Best alignment score: 872.0 (LEN: 873, IDY: 99.89), Total number of alignments: 1
		One align captures most of this contig: 3927766 3928638 | 873 1 | 873 873 | 99.89 | Klebsiella_pneumoniae_NZ_CP047271.1 k141_252

CONTIG: k141_255 (544bp)
Best alignment score: 543.0 (LEN: 544, IDY: 99.82), Total number of alignments: 1
		One align captures most of this contig: 2962246 2962789 | 1 544 | 544 544 | 99.82 | Klebsiella_pneumoniae_NZ_CP047271.1 k141_255

CONTIG: k141_256 (508bp)
Best alignment score: 508.0 (LEN: 508, IDY: 100.00), Total number of alignments: 1
		One align captures most of this contig: 5302094 5302601 | 508 1 | 508 508 | 100.0 | Klebsiella_pneumoniae_NZ_CP047271.1 k141_256

CONTIG: k141_259 (619bp)
Best alignment score: 619.0 (LEN: 619, IDY: 100.00), Total number of alignments: 1
		One align captures most of this contig: 5032860 5033478 | 619 1 | 619 619 | 100.0 | Klebsiella_pneumoniae_NZ_CP047271.1 k141_259

CONTIG: k141_264 (865bp)
Best alignment score: 855.0 (LEN: 865, IDY: 98.84), Total number of alignments: 1
		One align captures most of this contig: 1081248 1082112 | 865 1 | 865 865 | 98.84 | Klebsiella_pneumoniae_NZ_CP047271.1 k141_264

CONTIG: k141_282 (536bp)
Best alignment score: 472.0 (LEN: 489, IDY: 96.52), Total number of alignments: 1
			Looking for the best set of alignments (out of 1 total alignments)
			The best set is below. Score: 472.0, number of alignments: 1, unaligned bases: 47
		Alignment: 2272942 2273430 | 536 48 | 489 489 | 96.52 | Klebsiella_pneumoniae_NZ_CP047271.1 k141_282

CONTIG: k141_287 (515bp)
Best alignment score: 512.0 (LEN: 515, IDY: 99.42), Total number of alignments: 1
		One align captures most of this contig: 1401634 1402148 | 515 1 | 515 515 | 99.42 | Klebsiella_pneumoniae_NZ_CP047271.1 k141_287

CONTIG: k141_560 (576bp)
Best alignment score: 575.0 (LEN: 576, IDY: 99.83), Total number of alignments: 1
		One align captures most of this contig: 1042717 1043292 | 576 1 | 576 576 | 99.83 | Klebsiella_pneumoniae_NZ_CP047271.1 k141_560

CONTIG: k141_574 (571bp)
Best alignment score: 569.0 (LEN: 571, IDY: 99.65), Total number of alignments: 1
		One align captures most of this contig: 4965460 4966030 | 571 1 | 571 571 | 99.65 | Klebsiella_pneumoniae_NZ_CP047271.1 k141_574

CONTIG: k141_575 (517bp)
Best alignment score: 516.0 (LEN: 517, IDY: 99.81), Total number of alignments: 1
		One align captures most of this contig: 17884 18400 | 1 517 | 517 517 | 99.81 | Klebsiella_pneumoniae_NZ_CP047271.1 k141_575

Analyzing coverage...
Writing SNPs into /home/hannelore/PROJECTHH/Scripts/Pipeline/work/5b/fd06bcddfdd15e6ad5a6ca9bd7cd34/metaquast-results/runs_per_reference/Klebsiella_pneumoniae/contigs_reports/minimap_output/TRIM_ERR1795075_Illumina_MiSeq_paired_end_sequencing_EXP_3_1_2017_01_13_14_47_56_mini_1-contigs.used_snps.gz

Analysis is finished!
Founded SNPs were written into /home/hannelore/PROJECTHH/Scripts/Pipeline/work/5b/fd06bcddfdd15e6ad5a6ca9bd7cd34/metaquast-results/runs_per_reference/Klebsiella_pneumoniae/contigs_reports/minimap_output/TRIM_ERR1795075_Illumina_MiSeq_paired_end_sequencing_EXP_3_1_2017_01_13_14_47_56_mini_1-contigs.used_snps.gz

Results:
	Local Misassemblies: 0
	Misassemblies: 1
		Relocations: 1
		Translocations: 0
		Inversions: 0
	Scaffold gap extensive misassemblies: 0
	Scaffold gap local misassemblies: 0
	Misassembled Contigs: 1
	Misassembled Contig Bases: 686
	Misassemblies Inter-Contig Overlap: 0
Unaligned Contigs: 0 + 0 part
Half Unaligned Contigs with Misassemblies: 0
Unaligned Contig Bases: 0

Ambiguously Mapped Contigs: 3
Total Bases in Ambiguously Mapped Contigs: 3952
Extra Bases in Ambiguously Mapped Contigs: 0
Note that --allow-ambiguity option was set to "one" and only first alignment per each of these contigs was used.

	Covered Bases: 57597

	SNPs: 314
	Insertions: 6
	Deletions: 2

