Aligning contigs to reference...
	Aligning contigs to the reference
Filtering alignments...
Parsing coords...
Loading reference...
	Loaded [Klebsiella_pneumoniae_NZ_CP047271.1]
	Loaded [Klebsiella_pneumoniae_NZ_CP047272.1]
	Total Regions: 2
	Total Region Length: 5577703
Analyzing contigs...
CONTIG: k141_320 (644bp)
Best alignment score: 641.0 (LEN: 644, IDY: 99.53), Total number of alignments: 1
		One align captures most of this contig: 4130632 4131275 | 644 1 | 644 644 | 99.53 | Klebsiella_pneumoniae_NZ_CP047271.1 k141_320

CONTIG: k141_4 (509bp)
Best alignment score: 507.0 (LEN: 509, IDY: 99.61), Total number of alignments: 1
		One align captures most of this contig: 4057846 4058354 | 509 1 | 509 509 | 99.61 | Klebsiella_pneumoniae_NZ_CP047271.1 k141_4

CONTIG: k141_6 (564bp)
Best alignment score: 563.0 (LEN: 563, IDY: 100.00), Total number of alignments: 1
		One align captures most of this contig: 4338506 4339068 | 2 564 | 563 563 | 100.0 | Klebsiella_pneumoniae_NZ_CP047271.1 k141_6

CONTIG: k141_7 (990bp)
Best alignment score: 987.0 (LEN: 990, IDY: 99.70), Total number of alignments: 1
		One align captures most of this contig: 469237 470226 | 990 1 | 990 990 | 99.7 | Klebsiella_pneumoniae_NZ_CP047271.1 k141_7

CONTIG: k141_20 (643bp)
Best alignment score: 642.0 (LEN: 643, IDY: 99.84), Total number of alignments: 1
		One align captures most of this contig: 3426987 3427629 | 1 643 | 643 643 | 99.84 | Klebsiella_pneumoniae_NZ_CP047271.1 k141_20

CONTIG: k141_24 (539bp)
Best alignment score: 537.0 (LEN: 539, IDY: 99.63), Total number of alignments: 1
		One align captures most of this contig: 385975 386513 | 539 1 | 539 539 | 99.63 | Klebsiella_pneumoniae_NZ_CP047271.1 k141_24

CONTIG: k141_28 (1900bp)
Best alignment score: 1479.0 (LEN: 1479, IDY: 100.00), Total number of alignments: 4
			Looking for the best set of alignments (out of 4 total alignments)
			Skipping redundant alignments after choosing the best set of alignments
		Skipping redundant alignment 1788738 1790216 | 1900 422 | 1479 1479 | 100.0 | Klebsiella_pneumoniae_NZ_CP047271.1 k141_28
		Skipping redundant alignment 1933282 1934760 | 1900 422 | 1479 1479 | 100.0 | Klebsiella_pneumoniae_NZ_CP047271.1 k141_28
		Skipping redundant alignment 1201792 1203270 | 1900 422 | 1479 1479 | 100.0 | Klebsiella_pneumoniae_NZ_CP047271.1 k141_28
		This contig has several significant sets of alignments. [An ambiguously mapped contig]
		Using only the very best set (option --ambiguity-usage is set to "one").
			The best set is below. Score: 1479.0, number of alignments: 1, unaligned bases: 421
		Alignment: 3243175 3244653 | 422 1900 | 1479 1479 | 100.0 | Klebsiella_pneumoniae_NZ_CP047271.1 k141_28

CONTIG: k141_31 (598bp)
Best alignment score: 595.0 (LEN: 598, IDY: 99.50), Total number of alignments: 1
		One align captures most of this contig: 4012660 4013257 | 598 1 | 598 598 | 99.5 | Klebsiella_pneumoniae_NZ_CP047271.1 k141_31

CONTIG: k141_49 (563bp)
Best alignment score: 562.0 (LEN: 563, IDY: 99.82), Total number of alignments: 1
		One align captures most of this contig: 4276542 4277104 | 563 1 | 563 563 | 99.82 | Klebsiella_pneumoniae_NZ_CP047271.1 k141_49

CONTIG: k141_54 (549bp)
Best alignment score: 549.0 (LEN: 549, IDY: 100.00), Total number of alignments: 1
		One align captures most of this contig: 4282538 4283086 | 549 1 | 549 549 | 100.0 | Klebsiella_pneumoniae_NZ_CP047271.1 k141_54

CONTIG: k141_58 (512bp)
Best alignment score: 511.0 (LEN: 512, IDY: 99.80), Total number of alignments: 1
		One align captures most of this contig: 347274 347784 | 512 1 | 511 512 | 99.8 | Klebsiella_pneumoniae_NZ_CP047271.1 k141_58

CONTIG: k141_63 (595bp)
Best alignment score: 593.0 (LEN: 595, IDY: 99.66), Total number of alignments: 1
		One align captures most of this contig: 4862997 4863591 | 1 595 | 595 595 | 99.66 | Klebsiella_pneumoniae_NZ_CP047271.1 k141_63

CONTIG: k141_66 (592bp)
Best alignment score: 592.0 (LEN: 592, IDY: 100.00), Total number of alignments: 1
		One align captures most of this contig: 3261207 3261798 | 1 592 | 592 592 | 100.0 | Klebsiella_pneumoniae_NZ_CP047271.1 k141_66

CONTIG: k141_73 (512bp)
Best alignment score: 509.0 (LEN: 512, IDY: 99.41), Total number of alignments: 1
		One align captures most of this contig: 1422207 1422718 | 1 512 | 512 512 | 99.41 | Klebsiella_pneumoniae_NZ_CP047271.1 k141_73

CONTIG: k141_82 (538bp)
Best alignment score: 537.0 (LEN: 538, IDY: 99.81), Total number of alignments: 1
		One align captures most of this contig: 4880875 4881412 | 1 538 | 538 538 | 99.81 | Klebsiella_pneumoniae_NZ_CP047271.1 k141_82

CONTIG: k141_85 (532bp)
Best alignment score: 532.0 (LEN: 532, IDY: 100.00), Total number of alignments: 1
		One align captures most of this contig: 2427963 2428494 | 532 1 | 532 532 | 100.0 | Klebsiella_pneumoniae_NZ_CP047271.1 k141_85

CONTIG: k141_94 (544bp)
Best alignment score: 544.0 (LEN: 544, IDY: 100.00), Total number of alignments: 1
		One align captures most of this contig: 56399 56942 | 544 1 | 544 544 | 100.0 | Klebsiella_pneumoniae_NZ_CP047271.1 k141_94

CONTIG: k141_95 (624bp)
Best alignment score: 609.0 (LEN: 614, IDY: 99.19), Total number of alignments: 1
			Looking for the best set of alignments (out of 1 total alignments)
			The best set is below. Score: 609.0, number of alignments: 1, unaligned bases: 10
		Alignment: 5008413 5009027 | 1 614 | 615 614 | 99.19 | Klebsiella_pneumoniae_NZ_CP047271.1 k141_95

CONTIG: k141_98 (558bp)
Best alignment score: 552.0 (LEN: 558, IDY: 98.92), Total number of alignments: 1
		One align captures most of this contig: 2860991 2861548 | 558 1 | 558 558 | 98.92 | Klebsiella_pneumoniae_NZ_CP047271.1 k141_98

CONTIG: k141_99 (500bp)
Best alignment score: 495.0 (LEN: 500, IDY: 99.00), Total number of alignments: 1
		One align captures most of this contig: 2581626 2582125 | 500 1 | 500 500 | 99.0 | Klebsiella_pneumoniae_NZ_CP047271.1 k141_99

CONTIG: k141_100 (576bp)
Best alignment score: 573.0 (LEN: 576, IDY: 99.48), Total number of alignments: 1
		One align captures most of this contig: 4265081 4265656 | 1 576 | 576 576 | 99.48 | Klebsiella_pneumoniae_NZ_CP047271.1 k141_100

CONTIG: k141_103 (569bp)
Best alignment score: 565.0 (LEN: 569, IDY: 99.30), Total number of alignments: 1
		One align captures most of this contig: 860390 860958 | 1 569 | 569 569 | 99.3 | Klebsiella_pneumoniae_NZ_CP047271.1 k141_103

CONTIG: k141_113 (521bp)
Best alignment score: 520.0 (LEN: 521, IDY: 99.81), Total number of alignments: 1
		One align captures most of this contig: 2671607 2672127 | 1 521 | 521 521 | 99.81 | Klebsiella_pneumoniae_NZ_CP047271.1 k141_113

CONTIG: k141_122 (500bp)
Best alignment score: 495.0 (LEN: 495, IDY: 100.00), Total number of alignments: 1
		One align captures most of this contig: 4824487 4824981 | 6 500 | 495 495 | 100.0 | Klebsiella_pneumoniae_NZ_CP047271.1 k141_122

CONTIG: k141_127 (733bp)
Best alignment score: 729.0 (LEN: 733, IDY: 99.45), Total number of alignments: 1
		One align captures most of this contig: 374884 375616 | 733 1 | 733 733 | 99.45 | Klebsiella_pneumoniae_NZ_CP047271.1 k141_127

CONTIG: k141_134 (514bp)
Best alignment score: 512.0 (LEN: 514, IDY: 99.61), Total number of alignments: 1
		One align captures most of this contig: 777727 778240 | 514 1 | 514 514 | 99.61 | Klebsiella_pneumoniae_NZ_CP047271.1 k141_134

CONTIG: k141_141 (516bp)
Best alignment score: 514.0 (LEN: 516, IDY: 99.61), Total number of alignments: 1
		One align captures most of this contig: 3512644 3513159 | 516 1 | 516 516 | 99.61 | Klebsiella_pneumoniae_NZ_CP047271.1 k141_141

CONTIG: k141_143 (2150bp)
Best alignment score: 2147.0 (LEN: 2150, IDY: 99.86), Total number of alignments: 8
		This contig has 8 significant alignments. [An ambiguously mapped contig]
		Using only first of these alignment (option --ambiguity-usage is set to "one"):
			Alignment: 465094 467243 | 1 2150 | 2150 2150 | 99.86 | Klebsiella_pneumoniae_NZ_CP047271.1 k141_143
			Skipping alignment 5250894 5253043 | 2150 1 | 2150 2150 | 99.86 | Klebsiella_pneumoniae_NZ_CP047271.1 k141_143
			Skipping alignment 5146265 5148414 | 2150 1 | 2150 2150 | 99.81 | Klebsiella_pneumoniae_NZ_CP047271.1 k141_143
			Skipping alignment 5009433 5011582 | 2150 1 | 2150 2150 | 99.81 | Klebsiella_pneumoniae_NZ_CP047271.1 k141_143
			Skipping alignment 5054479 5056628 | 2150 1 | 2150 2150 | 99.81 | Klebsiella_pneumoniae_NZ_CP047271.1 k141_143
			Skipping alignment 1288808 1290957 | 1 2150 | 2150 2150 | 99.77 | Klebsiella_pneumoniae_NZ_CP047271.1 k141_143
			Skipping alignment 4292111 4294260 | 2150 1 | 2150 2150 | 99.77 | Klebsiella_pneumoniae_NZ_CP047271.1 k141_143
			Skipping alignment 4652886 4655035 | 2150 1 | 2150 2150 | 99.77 | Klebsiella_pneumoniae_NZ_CP047271.1 k141_143

CONTIG: k141_146 (546bp)
Best alignment score: 542.0 (LEN: 546, IDY: 99.27), Total number of alignments: 1
		One align captures most of this contig: 5120314 5120859 | 1 546 | 546 546 | 99.27 | Klebsiella_pneumoniae_NZ_CP047271.1 k141_146

CONTIG: k141_152 (512bp)
Best alignment score: 511.0 (LEN: 512, IDY: 99.80), Total number of alignments: 1
		One align captures most of this contig: 3466525 3467036 | 1 512 | 512 512 | 99.8 | Klebsiella_pneumoniae_NZ_CP047271.1 k141_152

CONTIG: k141_158 (507bp)
Best alignment score: 504.0 (LEN: 507, IDY: 99.41), Total number of alignments: 1
		One align captures most of this contig: 2023052 2023558 | 507 1 | 507 507 | 99.41 | Klebsiella_pneumoniae_NZ_CP047271.1 k141_158

CONTIG: k141_159 (2115bp)
Best alignment score: 2098.0 (LEN: 2109, IDY: 99.48), Total number of alignments: 8
		Skipping these alignments as insignificant (option --ambiguity-score is set to "0.99"):
			Skipping alignment 5012318 5014206 | 65 1953 | 1889 1889 | 99.21 | Klebsiella_pneumoniae_NZ_CP047271.1 k141_159
			Skipping alignment 4655770 4657637 | 64 1931 | 1868 1868 | 99.46 | Klebsiella_pneumoniae_NZ_CP047271.1 k141_159
			Skipping alignment 462637 464495 | 1931 73 | 1859 1859 | 99.57 | Klebsiella_pneumoniae_NZ_CP047271.1 k141_159
			Skipping alignment 5057386 5059182 | 1 1797 | 1797 1797 | 99.5 | Klebsiella_pneumoniae_NZ_CP047271.1 k141_159
			Skipping alignment 1286280 1288077 | 1861 64 | 1798 1798 | 99.22 | Klebsiella_pneumoniae_NZ_CP047271.1 k141_159
			Skipping alignment 5149172 5150968 | 1 1800 | 1797 1800 | 99.0 | Klebsiella_pneumoniae_NZ_CP047271.1 k141_159
			Skipping alignment 5253778 5255511 | 64 1797 | 1734 1734 | 99.6 | Klebsiella_pneumoniae_NZ_CP047271.1 k141_159
		One align captures most of this contig: 4295096 4297205 | 1 2109 | 2110 2109 | 99.48 | Klebsiella_pneumoniae_NZ_CP047271.1 k141_159

CONTIG: k141_172 (655bp)
Best alignment score: 653.0 (LEN: 655, IDY: 99.69), Total number of alignments: 1
		One align captures most of this contig: 2995874 2996528 | 655 1 | 655 655 | 99.69 | Klebsiella_pneumoniae_NZ_CP047271.1 k141_172

CONTIG: k141_173 (762bp)
Best alignment score: 761.0 (LEN: 762, IDY: 99.87), Total number of alignments: 1
		One align captures most of this contig: 3673076 3673837 | 1 762 | 762 762 | 99.87 | Klebsiella_pneumoniae_NZ_CP047271.1 k141_173

CONTIG: k141_179 (573bp)
Best alignment score: 570.0 (LEN: 573, IDY: 99.48), Total number of alignments: 1
		One align captures most of this contig: 1573758 1574330 | 573 1 | 573 573 | 99.48 | Klebsiella_pneumoniae_NZ_CP047271.1 k141_179

CONTIG: k141_180 (552bp)
Best alignment score: 549.0 (LEN: 552, IDY: 99.46), Total number of alignments: 1
		One align captures most of this contig: 493141 493692 | 1 552 | 552 552 | 99.46 | Klebsiella_pneumoniae_NZ_CP047271.1 k141_180

CONTIG: k141_181 (506bp)
Best alignment score: 502.0 (LEN: 506, IDY: 99.21), Total number of alignments: 1
		One align captures most of this contig: 397997 398502 | 1 506 | 506 506 | 99.21 | Klebsiella_pneumoniae_NZ_CP047271.1 k141_181

CONTIG: k141_332 (514bp)
Best alignment score: 511.0 (LEN: 514, IDY: 99.42), Total number of alignments: 1
		One align captures most of this contig: 5230790 5231303 | 514 1 | 514 514 | 99.42 | Klebsiella_pneumoniae_NZ_CP047271.1 k141_332

CONTIG: k141_334 (641bp)
Best alignment score: 630.0 (LEN: 637, IDY: 98.90), Total number of alignments: 1
		One align captures most of this contig: 2792215 2792851 | 1 637 | 637 637 | 98.9 | Klebsiella_pneumoniae_NZ_CP047271.1 k141_334

CONTIG: k141_194 (548bp)
Best alignment score: 539.0 (LEN: 548, IDY: 98.36), Total number of alignments: 1
		One align captures most of this contig: 2762213 2762760 | 1 548 | 548 548 | 98.36 | Klebsiella_pneumoniae_NZ_CP047271.1 k141_194

CONTIG: k141_199 (604bp)
Best alignment score: 598.0 (LEN: 604, IDY: 99.01), Total number of alignments: 1
		One align captures most of this contig: 3796372 3796975 | 1 604 | 604 604 | 99.01 | Klebsiella_pneumoniae_NZ_CP047271.1 k141_199

CONTIG: k141_350 (586bp)
Best alignment score: 580.0 (LEN: 586, IDY: 98.98), Total number of alignments: 1
		One align captures most of this contig: 4113096 4113681 | 586 1 | 586 586 | 98.98 | Klebsiella_pneumoniae_NZ_CP047271.1 k141_350

CONTIG: k141_355 (523bp)
Best alignment score: 522.0 (LEN: 523, IDY: 99.81), Total number of alignments: 1
		One align captures most of this contig: 4307308 4307830 | 1 523 | 523 523 | 99.81 | Klebsiella_pneumoniae_NZ_CP047271.1 k141_355

CONTIG: k141_207 (543bp)
Best alignment score: 534.0 (LEN: 543, IDY: 98.34), Total number of alignments: 1
		One align captures most of this contig: 3174636 3175178 | 543 1 | 543 543 | 98.34 | Klebsiella_pneumoniae_NZ_CP047271.1 k141_207

CONTIG: k141_208 (574bp)
Best alignment score: 570.0 (LEN: 574, IDY: 99.30), Total number of alignments: 1
		One align captures most of this contig: 2975941 2976515 | 574 1 | 575 574 | 99.3 | Klebsiella_pneumoniae_NZ_CP047271.1 k141_208

CONTIG: k141_359 (528bp)
Best alignment score: 522.0 (LEN: 528, IDY: 98.86), Total number of alignments: 1
		One align captures most of this contig: 4645007 4645534 | 1 528 | 528 528 | 98.86 | Klebsiella_pneumoniae_NZ_CP047271.1 k141_359

CONTIG: k141_362 (1136bp)
Best alignment score: 105.0 (LEN: 105, IDY: 100.00), Total number of alignments: 1
			Looking for the best set of alignments (out of 1 total alignments)
			The best set is below. Score: 105.0, number of alignments: 1, unaligned bases: 1031
		This contig is partially unaligned. (Aligned 105 out of 1136 non-N bases (9.24%))
		Alignment: 230379 230483 | 1029 1133 | 105 105 | 100.0 | Klebsiella_pneumoniae_NZ_CP047271.1 k141_362
		Unaligned bases: 1 to 1028 (1028)
		Unaligned bases: 1134 to 1136 (3)

CONTIG: k141_365 (589bp)
Best alignment score: 587.0 (LEN: 589, IDY: 99.66), Total number of alignments: 1
		One align captures most of this contig: 5231808 5232396 | 1 589 | 589 589 | 99.66 | Klebsiella_pneumoniae_NZ_CP047271.1 k141_365

CONTIG: k141_367 (587bp)
Best alignment score: 508.0 (LEN: 512, IDY: 99.22), Total number of alignments: 11
			Looking for the best set of alignments (out of 11 total alignments)
			Skipping redundant alignments after choosing the best set of alignments
		Skipping redundant alignment 3109108 3109586 | 1 479 | 479 479 | 100.0 | Klebsiella_pneumoniae_NZ_CP047271.1 k141_367
		Skipping redundant alignment 3373705 3374183 | 1 479 | 479 479 | 100.0 | Klebsiella_pneumoniae_NZ_CP047271.1 k141_367
		Skipping redundant alignment 1770351 1770829 | 1 479 | 479 479 | 99.79 | Klebsiella_pneumoniae_NZ_CP047271.1 k141_367
		Skipping redundant alignment 4850814 4851292 | 479 1 | 479 479 | 99.79 | Klebsiella_pneumoniae_NZ_CP047271.1 k141_367
		Skipping redundant alignment 147860 148338 | 1 479 | 479 479 | 99.37 | Klebsiella_pneumoniae_NZ_CP047272.1 k141_367
		Skipping redundant alignment 738875 739386 | 1 512 | 512 512 | 99.22 | Klebsiella_pneumoniae_NZ_CP047271.1 k141_367
		Skipping redundant alignment 1201406 1201480 | 587 513 | 75 75 | 100.0 | Klebsiella_pneumoniae_NZ_CP047271.1 k141_367
		Skipping redundant alignment 1788352 1788426 | 587 513 | 75 75 | 100.0 | Klebsiella_pneumoniae_NZ_CP047271.1 k141_367
		Skipping redundant alignment 3244965 3245039 | 513 587 | 75 75 | 100.0 | Klebsiella_pneumoniae_NZ_CP047271.1 k141_367
		This contig has several significant sets of alignments. [An ambiguously mapped contig]
		Using only the very best set (option --ambiguity-usage is set to "one").
			The best set is below. Score: 533.0, number of alignments: 2, unaligned bases: 0
		This contig is misassembled.
			Real Alignment 1: 2195335 2195846 | 1 512 | 512 512 | 99.22 | Klebsiella_pneumoniae_NZ_CP047271.1 k141_367
			  Extensive misassembly (relocation, inconsistency = 262364) between these two alignments
			Real Alignment 2: 1932896 1932970 | 587 513 | 75 75 | 100.0 | Klebsiella_pneumoniae_NZ_CP047271.1 k141_367

CONTIG: k141_379 (508bp)
Best alignment score: 507.0 (LEN: 507, IDY: 100.00), Total number of alignments: 1
		One align captures most of this contig: 3045895 3046401 | 2 508 | 507 507 | 100.0 | Klebsiella_pneumoniae_NZ_CP047271.1 k141_379

CONTIG: k141_380 (647bp)
Best alignment score: 643.0 (LEN: 647, IDY: 99.38), Total number of alignments: 1
		One align captures most of this contig: 4121900 4122546 | 647 1 | 647 647 | 99.38 | Klebsiella_pneumoniae_NZ_CP047271.1 k141_380

CONTIG: k141_382 (643bp)
Best alignment score: 637.0 (LEN: 643, IDY: 99.07), Total number of alignments: 1
		One align captures most of this contig: 1065728 1066370 | 1 643 | 643 643 | 99.07 | Klebsiella_pneumoniae_NZ_CP047271.1 k141_382

CONTIG: k141_397 (707bp)
Best alignment score: 703.0 (LEN: 707, IDY: 99.43), Total number of alignments: 1
		One align captures most of this contig: 5171249 5171955 | 1 707 | 707 707 | 99.43 | Klebsiella_pneumoniae_NZ_CP047271.1 k141_397

CONTIG: k141_400 (524bp)
Best alignment score: 520.0 (LEN: 524, IDY: 99.24), Total number of alignments: 1
		One align captures most of this contig: 2804039 2804562 | 1 524 | 524 524 | 99.24 | Klebsiella_pneumoniae_NZ_CP047271.1 k141_400

CONTIG: k141_404 (742bp)
Best alignment score: 741.0 (LEN: 742, IDY: 99.87), Total number of alignments: 1
		One align captures most of this contig: 694889 695630 | 1 742 | 742 742 | 99.87 | Klebsiella_pneumoniae_NZ_CP047271.1 k141_404

CONTIG: k141_411 (558bp)
Best alignment score: 557.0 (LEN: 558, IDY: 99.82), Total number of alignments: 1
		One align captures most of this contig: 1949792 1950349 | 558 1 | 558 558 | 99.82 | Klebsiella_pneumoniae_NZ_CP047271.1 k141_411

CONTIG: k141_414 (920bp)
Best alignment score: 919.0 (LEN: 920, IDY: 99.89), Total number of alignments: 1
		One align captures most of this contig: 4558813 4559732 | 1 920 | 920 920 | 99.89 | Klebsiella_pneumoniae_NZ_CP047271.1 k141_414

CONTIG: k141_419 (513bp)
Best alignment score: 510.0 (LEN: 512, IDY: 99.61), Total number of alignments: 1
		One align captures most of this contig: 3613112 3613623 | 512 1 | 512 512 | 99.61 | Klebsiella_pneumoniae_NZ_CP047271.1 k141_419

CONTIG: k141_423 (656bp)
Best alignment score: 653.0 (LEN: 656, IDY: 99.54), Total number of alignments: 1
		One align captures most of this contig: 228229 228884 | 656 1 | 656 656 | 99.54 | Klebsiella_pneumoniae_NZ_CP047271.1 k141_423

CONTIG: k141_432 (622bp)
Best alignment score: 619.0 (LEN: 622, IDY: 99.52), Total number of alignments: 1
		One align captures most of this contig: 5191366 5191987 | 622 1 | 622 622 | 99.52 | Klebsiella_pneumoniae_NZ_CP047271.1 k141_432

CONTIG: k141_434 (770bp)
Best alignment score: 574.0 (LEN: 579, IDY: 99.14), Total number of alignments: 3
			Looking for the best set of alignments (out of 3 total alignments)
			Skipping redundant alignments after choosing the best set of alignments
		Skipping redundant alignment 4291351 4291610 | 501 760 | 260 260 | 99.62 | Klebsiella_pneumoniae_NZ_CP047271.1 k141_434
			The best set is below. Score: 673.9, number of alignments: 2, unaligned bases: 0
		This contig is misassembled.
			Excluding internal overlap of size 79 between Alignment 1 and 2: 5145605 5145873 | 501 770 | 269 270 --> 5145684 5145873 | 580 770 | 190 191
			Real Alignment 1: 4281398 4281976 | 1 579 | 579 579 | 99.14 | Klebsiella_pneumoniae_NZ_CP047271.1 k141_434
			  Extensive misassembly (relocation, inconsistency = 863707) between these two alignments
			Real Alignment 2: 5145684 5145873 | 580 770 | 190 191 | 99.26 | Klebsiella_pneumoniae_NZ_CP047271.1 k141_434

CONTIG: k141_221 (773bp)
Best alignment score: 763.0 (LEN: 773, IDY: 98.71), Total number of alignments: 1
		One align captures most of this contig: 4144255 4145027 | 1 773 | 773 773 | 98.71 | Klebsiella_pneumoniae_NZ_CP047271.1 k141_221

CONTIG: k141_224 (558bp)
Best alignment score: 556.0 (LEN: 558, IDY: 99.64), Total number of alignments: 1
		One align captures most of this contig: 3002645 3003202 | 558 1 | 558 558 | 99.64 | Klebsiella_pneumoniae_NZ_CP047271.1 k141_224

CONTIG: k141_447 (566bp)
Best alignment score: 564.0 (LEN: 566, IDY: 99.65), Total number of alignments: 1
		One align captures most of this contig: 2313118 2313683 | 566 1 | 566 566 | 99.65 | Klebsiella_pneumoniae_NZ_CP047271.1 k141_447

CONTIG: k141_229 (621bp)
Best alignment score: 620.0 (LEN: 621, IDY: 99.84), Total number of alignments: 1
		One align captures most of this contig: 1971477 1972097 | 621 1 | 621 621 | 99.84 | Klebsiella_pneumoniae_NZ_CP047271.1 k141_229

CONTIG: k141_452 (541bp)
Best alignment score: 539.0 (LEN: 541, IDY: 99.63), Total number of alignments: 1
		One align captures most of this contig: 1148187 1148727 | 1 541 | 541 541 | 99.63 | Klebsiella_pneumoniae_NZ_CP047271.1 k141_452

CONTIG: k141_458 (725bp)
Best alignment score: 723.0 (LEN: 725, IDY: 99.72), Total number of alignments: 1
		One align captures most of this contig: 4753281 4754005 | 1 725 | 725 725 | 99.72 | Klebsiella_pneumoniae_NZ_CP047271.1 k141_458

CONTIG: k141_462 (515bp)
Best alignment score: 515.0 (LEN: 515, IDY: 100.00), Total number of alignments: 1
		One align captures most of this contig: 3465523 3466037 | 1 515 | 515 515 | 100.0 | Klebsiella_pneumoniae_NZ_CP047271.1 k141_462

CONTIG: k141_473 (771bp)
Best alignment score: 771.0 (LEN: 771, IDY: 100.00), Total number of alignments: 1
		One align captures most of this contig: 1278426 1279196 | 771 1 | 771 771 | 100.0 | Klebsiella_pneumoniae_NZ_CP047271.1 k141_473

CONTIG: k141_476 (548bp)
Best alignment score: 545.0 (LEN: 548, IDY: 99.45), Total number of alignments: 1
		One align captures most of this contig: 3827074 3827621 | 1 548 | 548 548 | 99.45 | Klebsiella_pneumoniae_NZ_CP047271.1 k141_476

CONTIG: k141_488 (532bp)
Best alignment score: 531.0 (LEN: 532, IDY: 99.81), Total number of alignments: 1
		One align captures most of this contig: 1340713 1341244 | 1 532 | 532 532 | 99.81 | Klebsiella_pneumoniae_NZ_CP047271.1 k141_488

CONTIG: k141_496 (815bp)
Best alignment score: 814.0 (LEN: 815, IDY: 99.88), Total number of alignments: 1
		One align captures most of this contig: 3596462 3597276 | 815 1 | 815 815 | 99.88 | Klebsiella_pneumoniae_NZ_CP047271.1 k141_496

CONTIG: k141_504 (700bp)
Best alignment score: 696.0 (LEN: 700, IDY: 99.43), Total number of alignments: 1
		One align captures most of this contig: 1304208 1304907 | 1 700 | 700 700 | 99.43 | Klebsiella_pneumoniae_NZ_CP047271.1 k141_504

CONTIG: k141_512 (666bp)
Best alignment score: 664.0 (LEN: 666, IDY: 99.70), Total number of alignments: 1
		One align captures most of this contig: 1551229 1551894 | 1 666 | 666 666 | 99.7 | Klebsiella_pneumoniae_NZ_CP047271.1 k141_512

CONTIG: k141_514 (529bp)
Best alignment score: 529.0 (LEN: 529, IDY: 100.00), Total number of alignments: 1
		One align captures most of this contig: 4183629 4184157 | 1 529 | 529 529 | 100.0 | Klebsiella_pneumoniae_NZ_CP047271.1 k141_514

CONTIG: k141_517 (652bp)
Best alignment score: 648.0 (LEN: 652, IDY: 99.39), Total number of alignments: 1
		One align captures most of this contig: 693709 694360 | 652 1 | 652 652 | 99.39 | Klebsiella_pneumoniae_NZ_CP047271.1 k141_517

CONTIG: k141_522 (528bp)
Best alignment score: 525.0 (LEN: 528, IDY: 99.43), Total number of alignments: 1
		One align captures most of this contig: 485708 486235 | 528 1 | 528 528 | 99.43 | Klebsiella_pneumoniae_NZ_CP047271.1 k141_522

CONTIG: k141_525 (540bp)
Best alignment score: 534.0 (LEN: 540, IDY: 98.89), Total number of alignments: 1
		One align captures most of this contig: 4407370 4407909 | 540 1 | 540 540 | 98.89 | Klebsiella_pneumoniae_NZ_CP047271.1 k141_525

CONTIG: k141_532 (519bp)
Best alignment score: 517.0 (LEN: 519, IDY: 99.61), Total number of alignments: 1
		One align captures most of this contig: 4981693 4982211 | 1 519 | 519 519 | 99.61 | Klebsiella_pneumoniae_NZ_CP047271.1 k141_532

CONTIG: k141_533 (560bp)
Best alignment score: 557.0 (LEN: 560, IDY: 99.46), Total number of alignments: 1
		One align captures most of this contig: 1470148 1470707 | 560 1 | 560 560 | 99.46 | Klebsiella_pneumoniae_NZ_CP047271.1 k141_533

CONTIG: k141_534 (641bp)
Best alignment score: 640.0 (LEN: 641, IDY: 99.84), Total number of alignments: 1
		One align captures most of this contig: 441604 442244 | 1 641 | 641 641 | 99.84 | Klebsiella_pneumoniae_NZ_CP047271.1 k141_534

CONTIG: k141_537 (544bp)
Best alignment score: 539.0 (LEN: 544, IDY: 99.08), Total number of alignments: 1
		One align captures most of this contig: 3904356 3904899 | 544 1 | 544 544 | 99.08 | Klebsiella_pneumoniae_NZ_CP047271.1 k141_537

CONTIG: k141_538 (624bp)
Best alignment score: 623.0 (LEN: 624, IDY: 99.84), Total number of alignments: 1
		One align captures most of this contig: 546786 547409 | 624 1 | 624 624 | 99.84 | Klebsiella_pneumoniae_NZ_CP047271.1 k141_538

CONTIG: k141_539 (509bp)
Best alignment score: 508.0 (LEN: 509, IDY: 99.80), Total number of alignments: 1
		One align captures most of this contig: 5041108 5041616 | 509 1 | 509 509 | 99.8 | Klebsiella_pneumoniae_NZ_CP047271.1 k141_539

CONTIG: k141_541 (521bp)
Best alignment score: 521.0 (LEN: 521, IDY: 100.00), Total number of alignments: 1
		One align captures most of this contig: 434696 435216 | 1 521 | 521 521 | 100.0 | Klebsiella_pneumoniae_NZ_CP047271.1 k141_541

CONTIG: k141_542 (635bp)
Best alignment score: 633.0 (LEN: 634, IDY: 99.84), Total number of alignments: 1
		One align captures most of this contig: 499676 500309 | 634 1 | 634 634 | 99.84 | Klebsiella_pneumoniae_NZ_CP047271.1 k141_542

CONTIG: k141_545 (668bp)
Best alignment score: 664.0 (LEN: 668, IDY: 99.40), Total number of alignments: 1
		One align captures most of this contig: 1623148 1623815 | 668 1 | 668 668 | 99.4 | Klebsiella_pneumoniae_NZ_CP047271.1 k141_545

CONTIG: k141_555 (621bp)
Best alignment score: 619.0 (LEN: 621, IDY: 99.68), Total number of alignments: 1
		One align captures most of this contig: 235035 235655 | 1 621 | 621 621 | 99.68 | Klebsiella_pneumoniae_NZ_CP047271.1 k141_555

CONTIG: k141_569 (626bp)
Best alignment score: 621.0 (LEN: 626, IDY: 99.20), Total number of alignments: 1
		One align captures most of this contig: 121909 122534 | 1 626 | 626 626 | 99.2 | Klebsiella_pneumoniae_NZ_CP047271.1 k141_569

CONTIG: k141_575 (649bp)
Best alignment score: 645.0 (LEN: 649, IDY: 99.38), Total number of alignments: 1
		One align captures most of this contig: 2141366 2142014 | 1 649 | 649 649 | 99.38 | Klebsiella_pneumoniae_NZ_CP047271.1 k141_575

CONTIG: k141_580 (577bp)
Best alignment score: 570.0 (LEN: 577, IDY: 98.79), Total number of alignments: 1
		One align captures most of this contig: 2182513 2183089 | 577 1 | 577 577 | 98.79 | Klebsiella_pneumoniae_NZ_CP047271.1 k141_580

CONTIG: k141_235 (509bp)
Best alignment score: 509.0 (LEN: 509, IDY: 100.00), Total number of alignments: 1
		One align captures most of this contig: 2269763 2270271 | 1 509 | 509 509 | 100.0 | Klebsiella_pneumoniae_NZ_CP047271.1 k141_235

CONTIG: k141_587 (578bp)
Best alignment score: 578.0 (LEN: 578, IDY: 100.00), Total number of alignments: 1
		One align captures most of this contig: 514748 515325 | 578 1 | 578 578 | 100.0 | Klebsiella_pneumoniae_NZ_CP047271.1 k141_587

CONTIG: k141_243 (564bp)
Best alignment score: 554.0 (LEN: 558, IDY: 99.28), Total number of alignments: 1
		One align captures most of this contig: 1433180 1433737 | 564 7 | 558 558 | 99.28 | Klebsiella_pneumoniae_NZ_CP047271.1 k141_243

CONTIG: k141_590 (564bp)
Best alignment score: 562.0 (LEN: 564, IDY: 99.65), Total number of alignments: 1
		One align captures most of this contig: 813794 814357 | 1 564 | 564 564 | 99.65 | Klebsiella_pneumoniae_NZ_CP047271.1 k141_590

CONTIG: k141_594 (581bp)
Best alignment score: 572.0 (LEN: 577, IDY: 99.13), Total number of alignments: 1
		One align captures most of this contig: 2787608 2788184 | 1 577 | 577 577 | 99.13 | Klebsiella_pneumoniae_NZ_CP047271.1 k141_594

CONTIG: k141_249 (1117bp)
Best alignment score: 1106.1 (LEN: 1117, IDY: 99.02), Total number of alignments: 1
		One align captures most of this contig: 2647426 2648542 | 1117 1 | 1117 1117 | 99.02 | Klebsiella_pneumoniae_NZ_CP047271.1 k141_249

CONTIG: k141_252 (552bp)
Best alignment score: 550.0 (LEN: 552, IDY: 99.64), Total number of alignments: 1
		One align captures most of this contig: 3752197 3752748 | 552 1 | 552 552 | 99.64 | Klebsiella_pneumoniae_NZ_CP047271.1 k141_252

CONTIG: k141_605 (575bp)
Best alignment score: 572.0 (LEN: 575, IDY: 99.48), Total number of alignments: 1
		One align captures most of this contig: 1787653 1788227 | 1 575 | 575 575 | 99.48 | Klebsiella_pneumoniae_NZ_CP047271.1 k141_605

CONTIG: k141_255 (544bp)
Best alignment score: 541.0 (LEN: 542, IDY: 99.82), Total number of alignments: 1
		One align captures most of this contig: 4164307 4164848 | 1 542 | 542 542 | 99.82 | Klebsiella_pneumoniae_NZ_CP047271.1 k141_255

CONTIG: k141_607 (618bp)
Best alignment score: 617.0 (LEN: 618, IDY: 99.84), Total number of alignments: 1
		One align captures most of this contig: 1542904 1543521 | 1 618 | 618 618 | 99.84 | Klebsiella_pneumoniae_NZ_CP047271.1 k141_607

CONTIG: k141_612 (542bp)
Best alignment score: 540.0 (LEN: 542, IDY: 99.63), Total number of alignments: 1
		One align captures most of this contig: 1990534 1991075 | 1 542 | 542 542 | 99.63 | Klebsiella_pneumoniae_NZ_CP047271.1 k141_612

CONTIG: k141_265 (533bp)
Best alignment score: 531.0 (LEN: 533, IDY: 99.62), Total number of alignments: 1
		One align captures most of this contig: 3641882 3642414 | 533 1 | 533 533 | 99.62 | Klebsiella_pneumoniae_NZ_CP047271.1 k141_265

CONTIG: k141_616 (638bp)
Best alignment score: 637.0 (LEN: 638, IDY: 99.84), Total number of alignments: 1
		One align captures most of this contig: 4429558 4430195 | 1 638 | 638 638 | 99.84 | Klebsiella_pneumoniae_NZ_CP047271.1 k141_616

CONTIG: k141_621 (500bp)
Best alignment score: 498.0 (LEN: 500, IDY: 99.60), Total number of alignments: 1
		One align captures most of this contig: 3394164 3394663 | 1 500 | 500 500 | 99.6 | Klebsiella_pneumoniae_NZ_CP047271.1 k141_621

CONTIG: k141_273 (576bp)
Best alignment score: 572.0 (LEN: 576, IDY: 99.31), Total number of alignments: 1
		One align captures most of this contig: 2450427 2451002 | 1 576 | 576 576 | 99.31 | Klebsiella_pneumoniae_NZ_CP047271.1 k141_273

CONTIG: k141_276 (562bp)
Best alignment score: 559.0 (LEN: 562, IDY: 99.47), Total number of alignments: 1
		One align captures most of this contig: 3740515 3741076 | 1 562 | 562 562 | 99.47 | Klebsiella_pneumoniae_NZ_CP047271.1 k141_276

CONTIG: k141_285 (709bp)
Best alignment score: 706.0 (LEN: 709, IDY: 99.58), Total number of alignments: 1
		One align captures most of this contig: 486637 487345 | 1 709 | 709 709 | 99.58 | Klebsiella_pneumoniae_NZ_CP047271.1 k141_285

CONTIG: k141_286 (519bp)
Best alignment score: 515.0 (LEN: 515, IDY: 100.00), Total number of alignments: 1
		One align captures most of this contig: 273605 274119 | 519 5 | 515 515 | 100.0 | Klebsiella_pneumoniae_NZ_CP047271.1 k141_286

CONTIG: k141_287 (534bp)
Best alignment score: 529.0 (LEN: 534, IDY: 99.06), Total number of alignments: 1
		One align captures most of this contig: 338819 339352 | 534 1 | 534 534 | 99.06 | Klebsiella_pneumoniae_NZ_CP047271.1 k141_287

CONTIG: k141_290 (519bp)
Best alignment score: 514.0 (LEN: 519, IDY: 99.04), Total number of alignments: 1
		One align captures most of this contig: 4617123 4617641 | 1 519 | 519 519 | 99.04 | Klebsiella_pneumoniae_NZ_CP047271.1 k141_290

CONTIG: k141_296 (676bp)
Best alignment score: 673.0 (LEN: 674, IDY: 99.85), Total number of alignments: 1
		One align captures most of this contig: 4861784 4862457 | 1 674 | 674 674 | 99.85 | Klebsiella_pneumoniae_NZ_CP047271.1 k141_296

CONTIG: k141_310 (568bp)
Best alignment score: 565.0 (LEN: 568, IDY: 99.47), Total number of alignments: 1
		One align captures most of this contig: 2343419 2343987 | 568 1 | 569 568 | 99.47 | Klebsiella_pneumoniae_NZ_CP047271.1 k141_310

CONTIG: k141_628 (630bp)
Best alignment score: 628.0 (LEN: 630, IDY: 99.68), Total number of alignments: 1
		One align captures most of this contig: 2722721 2723350 | 630 1 | 630 630 | 99.68 | Klebsiella_pneumoniae_NZ_CP047271.1 k141_628

CONTIG: k141_88 (785bp)
Best alignment score: 785.0 (LEN: 785, IDY: 100.00), Total number of alignments: 10
		This contig has 10 significant alignments. [An ambiguously mapped contig]
		Using only first of these alignment (option --ambiguity-usage is set to "one"):
			Alignment: 143928 144712 | 785 1 | 785 785 | 100.0 | Klebsiella_pneumoniae_NZ_CP047272.1 k141_88
			Skipping alignment 178797 179581 | 785 1 | 785 785 | 100.0 | Klebsiella_pneumoniae_NZ_CP047272.1 k141_88
			Skipping alignment 127124 127908 | 1 785 | 785 785 | 100.0 | Klebsiella_pneumoniae_NZ_CP047272.1 k141_88
			Skipping alignment 163756 164540 | 785 1 | 785 785 | 100.0 | Klebsiella_pneumoniae_NZ_CP047272.1 k141_88
			Skipping alignment 23227 24011 | 785 1 | 785 785 | 100.0 | Klebsiella_pneumoniae_NZ_CP047272.1 k141_88
			Skipping alignment 165975 166759 | 785 1 | 785 785 | 100.0 | Klebsiella_pneumoniae_NZ_CP047272.1 k141_88
			Skipping alignment 142661 143445 | 1 785 | 785 785 | 100.0 | Klebsiella_pneumoniae_NZ_CP047272.1 k141_88
			Skipping alignment 70599 71383 | 1 785 | 785 785 | 100.0 | Klebsiella_pneumoniae_NZ_CP047272.1 k141_88
			Skipping alignment 159396 160180 | 785 1 | 785 785 | 99.87 | Klebsiella_pneumoniae_NZ_CP047272.1 k141_88
			Skipping alignment 12893 13677 | 785 1 | 785 785 | 99.87 | Klebsiella_pneumoniae_NZ_CP047272.1 k141_88

CONTIG: k141_528 (563bp)
Best alignment score: 557.0 (LEN: 563, IDY: 98.93), Total number of alignments: 1
		One align captures most of this contig: 21408 21970 | 563 1 | 563 563 | 98.93 | Klebsiella_pneumoniae_NZ_CP047272.1 k141_528

CONTIG: k141_284 (574bp)
Best alignment score: 505.0 (LEN: 506, IDY: 99.80), Total number of alignments: 2
			Looking for the best set of alignments (out of 2 total alignments)
			Skipping redundant alignments after choosing the best set of alignments
		Skipping redundant alignment 56359 56863 | 1 505 | 505 505 | 99.8 | Klebsiella_pneumoniae_NZ_CP047272.1 k141_284
		This contig has several significant sets of alignments. [An ambiguously mapped contig]
		Using only the very best set (option --ambiguity-usage is set to "one").
			The best set is below. Score: 505.0, number of alignments: 1, unaligned bases: 68
		Alignment: 124722 125227 | 1 506 | 506 506 | 99.8 | Klebsiella_pneumoniae_NZ_CP047272.1 k141_284

Analyzing coverage...
Writing SNPs into /home/hannelore/PROJECTHH/Scripts/Pipeline/work/5b/fd06bcddfdd15e6ad5a6ca9bd7cd34/metaquast-results/runs_per_reference/Klebsiella_pneumoniae/contigs_reports/minimap_output/TRIM_ERR1795087_Illumina_MiSeq_paired_end_sequencing_EXP_15_1_2017_01_13_14_47_56_mini_1-contigs.used_snps.gz

Analysis is finished!
Founded SNPs were written into /home/hannelore/PROJECTHH/Scripts/Pipeline/work/5b/fd06bcddfdd15e6ad5a6ca9bd7cd34/metaquast-results/runs_per_reference/Klebsiella_pneumoniae/contigs_reports/minimap_output/TRIM_ERR1795087_Illumina_MiSeq_paired_end_sequencing_EXP_15_1_2017_01_13_14_47_56_mini_1-contigs.used_snps.gz

Results:
	Local Misassemblies: 0
	Misassemblies: 2
		Relocations: 2
		Translocations: 0
		Inversions: 0
	Scaffold gap extensive misassemblies: 0
	Scaffold gap local misassemblies: 0
	Misassembled Contigs: 2
	Misassembled Contig Bases: 1357
	Misassemblies Inter-Contig Overlap: 0
Unaligned Contigs: 0 + 1 part
Half Unaligned Contigs with Misassemblies: 0
Unaligned Contig Bases: 1031

Ambiguously Mapped Contigs: 5
Total Bases in Ambiguously Mapped Contigs: 5996
Extra Bases in Ambiguously Mapped Contigs: 0
Note that --allow-ambiguity option was set to "one" and only first alignment per each of these contigs was used.

	Covered Bases: 73335

	SNPs: 323
	Insertions: 2
	Deletions: 4

