[M::mm_idx_gen::0.138*0.98] collected minimizers
[M::mm_idx_gen::0.173*0.98] sorted minimizers
[M::main::0.173*0.98] loaded/built the index for 2 target sequence(s)
[M::mm_mapopt_update::0.181*0.98] mid_occ = 200
[M::mm_idx_stat] kmer size: 19; skip: 19; is_hpc: 0; #seq: 2
[M::mm_idx_stat::0.187*0.98] distinct minimizers: 547895 (99.23% are singletons); average occurrences: 1.018; average spacing: 10.003
[M::worker_pipeline::0.217*0.98] mapped 90 sequences
[M::main] Version: 2.11-r797
[M::main] CMD: /opt/quast-5.0.2/quast_libs/minimap2/minimap2 -c -x asm5 -B5 -O4,16 --no-long-join -r 85 -N 50 -s 65 -z 200 --mask-level 0.9 --min-occ 200 -g 2500 --score-N 2 --cs -t 1 /home/hannelore/PROJECTHH/Scripts/Pipeline/work/5b/fd06bcddfdd15e6ad5a6ca9bd7cd34/metaquast-results/quast_corrected_input/Klebsiella_pneumoniae.fasta /home/hannelore/PROJECTHH/Scripts/Pipeline/work/5b/fd06bcddfdd15e6ad5a6ca9bd7cd34/metaquast-results/quast_corrected_input/TRIM_ERR1795079_Illumina_MiSeq_paired_end_sequencing_EXP_7_1_2017_01_13_14_47_56_mini_1-contigs_to_Klebsiella_pneumoniae.fasta
[M::main] Real time: 0.224 sec; CPU: 0.220 sec
