Aligning contigs to reference...
	Aligning contigs to the reference
Filtering alignments...
Parsing coords...
Loading reference...
	Loaded [Klebsiella_pneumoniae_NZ_CP047271.1]
	Loaded [Klebsiella_pneumoniae_NZ_CP047272.1]
	Total Regions: 2
	Total Region Length: 5577703
Analyzing contigs...
CONTIG: k141_292 (739bp)
Best alignment score: 734.0 (LEN: 739, IDY: 99.32), Total number of alignments: 1
		One align captures most of this contig: 3390707 3391445 | 739 1 | 739 739 | 99.32 | Klebsiella_pneumoniae_NZ_CP047271.1 k141_292

CONTIG: k141_7 (517bp)
Best alignment score: 512.0 (LEN: 517, IDY: 99.03), Total number of alignments: 1
		One align captures most of this contig: 2601798 2602314 | 517 1 | 517 517 | 99.03 | Klebsiella_pneumoniae_NZ_CP047271.1 k141_7

CONTIG: k141_295 (510bp)
Best alignment score: 510.0 (LEN: 510, IDY: 100.00), Total number of alignments: 1
		One align captures most of this contig: 3485122 3485631 | 1 510 | 510 510 | 100.0 | Klebsiella_pneumoniae_NZ_CP047271.1 k141_295

CONTIG: k141_296 (561bp)
Best alignment score: 561.0 (LEN: 561, IDY: 100.00), Total number of alignments: 1
		One align captures most of this contig: 2661760 2662320 | 561 1 | 561 561 | 100.0 | Klebsiella_pneumoniae_NZ_CP047271.1 k141_296

CONTIG: k141_304 (513bp)
Best alignment score: 509.0 (LEN: 513, IDY: 99.22), Total number of alignments: 1
		One align captures most of this contig: 1889582 1890094 | 1 513 | 513 513 | 99.22 | Klebsiella_pneumoniae_NZ_CP047271.1 k141_304

CONTIG: k141_309 (500bp)
Best alignment score: 496.0 (LEN: 500, IDY: 99.20), Total number of alignments: 1
		One align captures most of this contig: 329899 330398 | 500 1 | 500 500 | 99.2 | Klebsiella_pneumoniae_NZ_CP047271.1 k141_309

CONTIG: k141_322 (526bp)
Best alignment score: 523.0 (LEN: 526, IDY: 99.43), Total number of alignments: 1
		One align captures most of this contig: 1344830 1345355 | 1 526 | 526 526 | 99.43 | Klebsiella_pneumoniae_NZ_CP047271.1 k141_322

CONTIG: k141_329 (553bp)
Best alignment score: 553.0 (LEN: 553, IDY: 100.00), Total number of alignments: 1
		One align captures most of this contig: 1124899 1125451 | 1 553 | 553 553 | 100.0 | Klebsiella_pneumoniae_NZ_CP047271.1 k141_329

CONTIG: k141_331 (524bp)
Best alignment score: 523.0 (LEN: 524, IDY: 99.81), Total number of alignments: 1
		One align captures most of this contig: 14546 15069 | 1 524 | 524 524 | 99.81 | Klebsiella_pneumoniae_NZ_CP047271.1 k141_331

CONTIG: k141_337 (510bp)
Best alignment score: 505.0 (LEN: 510, IDY: 99.02), Total number of alignments: 1
		One align captures most of this contig: 2942176 2942685 | 510 1 | 510 510 | 99.02 | Klebsiella_pneumoniae_NZ_CP047271.1 k141_337

CONTIG: k141_340 (761bp)
Best alignment score: 756.0 (LEN: 761, IDY: 99.34), Total number of alignments: 1
		One align captures most of this contig: 4839844 4840604 | 761 1 | 761 761 | 99.34 | Klebsiella_pneumoniae_NZ_CP047271.1 k141_340

CONTIG: k141_348 (993bp)
Best alignment score: 986.0 (LEN: 993, IDY: 99.30), Total number of alignments: 1
		One align captures most of this contig: 1586494 1587486 | 1 993 | 993 993 | 99.3 | Klebsiella_pneumoniae_NZ_CP047271.1 k141_348

CONTIG: k141_350 (585bp)
Best alignment score: 581.0 (LEN: 585, IDY: 99.32), Total number of alignments: 1
		One align captures most of this contig: 4498624 4499208 | 585 1 | 585 585 | 99.32 | Klebsiella_pneumoniae_NZ_CP047271.1 k141_350

CONTIG: k141_8 (710bp)
Best alignment score: 707.0 (LEN: 710, IDY: 99.58), Total number of alignments: 1
		One align captures most of this contig: 4982330 4983039 | 1 710 | 710 710 | 99.58 | Klebsiella_pneumoniae_NZ_CP047271.1 k141_8

CONTIG: k141_16 (528bp)
Best alignment score: 527.0 (LEN: 528, IDY: 99.81), Total number of alignments: 1
		One align captures most of this contig: 3148827 3149354 | 528 1 | 528 528 | 99.81 | Klebsiella_pneumoniae_NZ_CP047271.1 k141_16

CONTIG: k141_21 (1508bp)
Best alignment score: 1506.0 (LEN: 1508, IDY: 99.87), Total number of alignments: 4
		Skipping these alignments as insignificant (option --ambiguity-score is set to "0.99"):
			Skipping alignment 1201343 1202783 | 67 1508 | 1441 1442 | 99.72 | Klebsiella_pneumoniae_NZ_CP047271.1 k141_21
			Skipping alignment 3243662 3245087 | 1508 82 | 1426 1427 | 99.86 | Klebsiella_pneumoniae_NZ_CP047271.1 k141_21
			Skipping alignment 1788304 1789729 | 82 1508 | 1426 1427 | 99.86 | Klebsiella_pneumoniae_NZ_CP047271.1 k141_21
		One align captures most of this contig: 1932767 1934273 | 1 1508 | 1507 1508 | 99.87 | Klebsiella_pneumoniae_NZ_CP047271.1 k141_21

CONTIG: k141_363 (556bp)
Best alignment score: 556.0 (LEN: 556, IDY: 100.00), Total number of alignments: 1
		One align captures most of this contig: 4013331 4013886 | 556 1 | 556 556 | 100.0 | Klebsiella_pneumoniae_NZ_CP047271.1 k141_363

CONTIG: k141_33 (528bp)
Best alignment score: 526.0 (LEN: 528, IDY: 99.62), Total number of alignments: 1
		One align captures most of this contig: 3577016 3577543 | 1 528 | 528 528 | 99.62 | Klebsiella_pneumoniae_NZ_CP047271.1 k141_33

CONTIG: k141_371 (766bp)
Best alignment score: 762.0 (LEN: 766, IDY: 99.48), Total number of alignments: 1
		One align captures most of this contig: 3946568 3947333 | 1 766 | 766 766 | 99.48 | Klebsiella_pneumoniae_NZ_CP047271.1 k141_371

CONTIG: k141_373 (730bp)
Best alignment score: 726.0 (LEN: 729, IDY: 99.59), Total number of alignments: 1
		One align captures most of this contig: 23558 24286 | 729 1 | 729 729 | 99.59 | Klebsiella_pneumoniae_NZ_CP047271.1 k141_373

CONTIG: k141_39 (963bp)
Best alignment score: 575.0 (LEN: 575, IDY: 100.00), Total number of alignments: 1
			Looking for the best set of alignments (out of 1 total alignments)
			The best set is below. Score: 575.0, number of alignments: 1, unaligned bases: 388
		Alignment: 4052994 4053568 | 575 1 | 575 575 | 100.0 | Klebsiella_pneumoniae_NZ_CP047271.1 k141_39

CONTIG: k141_381 (560bp)
Best alignment score: 560.0 (LEN: 560, IDY: 100.00), Total number of alignments: 1
		One align captures most of this contig: 1852735 1853294 | 560 1 | 560 560 | 100.0 | Klebsiella_pneumoniae_NZ_CP047271.1 k141_381

CONTIG: k141_386 (562bp)
Best alignment score: 555.0 (LEN: 562, IDY: 98.75), Total number of alignments: 1
		One align captures most of this contig: 2570205 2570766 | 1 562 | 562 562 | 98.75 | Klebsiella_pneumoniae_NZ_CP047271.1 k141_386

CONTIG: k141_389 (908bp)
Best alignment score: 900.0 (LEN: 907, IDY: 99.23), Total number of alignments: 1
		One align captures most of this contig: 3428624 3429530 | 1 907 | 907 907 | 99.23 | Klebsiella_pneumoniae_NZ_CP047271.1 k141_389

CONTIG: k141_50 (856bp)
Best alignment score: 849.0 (LEN: 856, IDY: 99.18), Total number of alignments: 1
		One align captures most of this contig: 3719255 3720110 | 1 856 | 856 856 | 99.18 | Klebsiella_pneumoniae_NZ_CP047271.1 k141_50

CONTIG: k141_60 (519bp)
Best alignment score: 361.0 (LEN: 362, IDY: 99.72), Total number of alignments: 1
			Looking for the best set of alignments (out of 1 total alignments)
			The best set is below. Score: 361.0, number of alignments: 1, unaligned bases: 157
		Alignment: 5172933 5173294 | 519 158 | 362 362 | 99.72 | Klebsiella_pneumoniae_NZ_CP047271.1 k141_60

CONTIG: k141_61 (575bp)
Best alignment score: 569.0 (LEN: 575, IDY: 98.96), Total number of alignments: 1
		One align captures most of this contig: 1485812 1486386 | 1 575 | 575 575 | 98.96 | Klebsiella_pneumoniae_NZ_CP047271.1 k141_61

CONTIG: k141_402 (502bp)
Best alignment score: 497.0 (LEN: 502, IDY: 99.00), Total number of alignments: 1
		One align captures most of this contig: 4116641 4117142 | 1 502 | 502 502 | 99.0 | Klebsiella_pneumoniae_NZ_CP047271.1 k141_402

CONTIG: k141_65 (611bp)
Best alignment score: 611.0 (LEN: 611, IDY: 100.00), Total number of alignments: 1
		One align captures most of this contig: 3405244 3405854 | 1 611 | 611 611 | 100.0 | Klebsiella_pneumoniae_NZ_CP047271.1 k141_65

CONTIG: k141_403 (568bp)
Best alignment score: 566.0 (LEN: 568, IDY: 99.65), Total number of alignments: 1
		One align captures most of this contig: 4327961 4328528 | 1 568 | 568 568 | 99.65 | Klebsiella_pneumoniae_NZ_CP047271.1 k141_403

CONTIG: k141_68 (573bp)
Best alignment score: 568.0 (LEN: 573, IDY: 99.13), Total number of alignments: 1
		One align captures most of this contig: 2507698 2508270 | 1 573 | 573 573 | 99.13 | Klebsiella_pneumoniae_NZ_CP047271.1 k141_68

CONTIG: k141_70 (3915bp)
Best alignment score: 3305.1 (LEN: 3316, IDY: 99.67), Total number of alignments: 10
			Looking for the best set of alignments (out of 10 total alignments)
			Skipping redundant alignments after choosing the best set of alignments
		Skipping redundant alignment 5250162 5250392 | 499 729 | 231 231 | 97.84 | Klebsiella_pneumoniae_NZ_CP047271.1 k141_70
		Skipping redundant alignment 5250537 5253593 | 775 3831 | 3057 3057 | 99.74 | Klebsiella_pneumoniae_NZ_CP047271.1 k141_70
		Skipping redundant alignment 4652355 4655585 | 600 3831 | 3231 3232 | 99.6 | Klebsiella_pneumoniae_NZ_CP047271.1 k141_70
		Skipping redundant alignment 1288262 1291492 | 3831 600 | 3231 3232 | 98.86 | Klebsiella_pneumoniae_NZ_CP047271.1 k141_70
		Skipping redundant alignment 4291755 4294819 | 775 3832 | 3065 3058 | 99.38 | Klebsiella_pneumoniae_NZ_CP047271.1 k141_70
		Skipping redundant alignment 5053948 5057179 | 600 3832 | 3232 3233 | 99.6 | Klebsiella_pneumoniae_NZ_CP047271.1 k141_70
		Skipping redundant alignment 5145734 5148965 | 600 3832 | 3232 3233 | 99.57 | Klebsiella_pneumoniae_NZ_CP047271.1 k141_70
		Skipping redundant alignment 464460 467774 | 3915 600 | 3315 3316 | 99.67 | Klebsiella_pneumoniae_NZ_CP047271.1 k141_70
			The best set is below. Score: 3757.8, number of alignments: 2, unaligned bases: 84
		This contig is misassembled.
			Excluding internal overlap of size 17 between Alignment 1 and 2: 5008130 5008746 | 1 616 | 617 616 --> 5008130 5008729 | 1 599 | 600 599
			Real Alignment 1: 5008130 5008729 | 1 599 | 600 599 | 99.35 | Klebsiella_pneumoniae_NZ_CP047271.1 k141_70
			  Gap between these two alignments (local misassembly). Inconsistency = 168
			Real Alignment 2: 5008898 5012132 | 600 3831 | 3235 3232 | 98.86 | Klebsiella_pneumoniae_NZ_CP047271.1 k141_70

CONTIG: k141_421 (513bp)
Best alignment score: 511.0 (LEN: 513, IDY: 99.61), Total number of alignments: 1
		One align captures most of this contig: 5193337 5193849 | 513 1 | 513 513 | 99.61 | Klebsiella_pneumoniae_NZ_CP047271.1 k141_421

CONTIG: k141_432 (530bp)
Best alignment score: 529.0 (LEN: 530, IDY: 99.81), Total number of alignments: 1
		One align captures most of this contig: 4578833 4579362 | 1 530 | 530 530 | 99.81 | Klebsiella_pneumoniae_NZ_CP047271.1 k141_432

CONTIG: k141_443 (1426bp)
Best alignment score: 1191.0 (LEN: 1201, IDY: 99.17), Total number of alignments: 5
			Looking for the best set of alignments (out of 5 total alignments)
			Skipping redundant alignments after choosing the best set of alignments
		Skipping redundant alignment 129180 130381 | 89 1290 | 1202 1202 | 99.08 | Klebsiella_pneumoniae_NZ_CP047271.1 k141_443
		Skipping redundant alignment 182138 183340 | 1291 89 | 1203 1203 | 99.0 | Klebsiella_pneumoniae_NZ_CP047272.1 k141_443
		This contig has several significant sets of alignments. [An ambiguously mapped contig]
		Using only the very best set (option --ambiguity-usage is set to "one").
			The best set is below. Score: 1255.0, number of alignments: 3, unaligned bases: 14
		This contig is misassembled.
			Real Alignment 1: 3961409 3961484 | 91 15 | 76 77 | 98.7 | Klebsiella_pneumoniae_NZ_CP047271.1 k141_443
			  Extensive misassembly (relocation, inconsistency = 924343) between these two alignments
			Excluding internal overlap of size 5 between Alignment 2 and 3: 5128275 5128413 | 1426 1288 | 139 139 --> 5128275 5128408 | 1426 1293 | 134 134
			Real Alignment 2: 3035865 3037065 | 92 1292 | 1201 1201 | 99.17 | Klebsiella_pneumoniae_NZ_CP047271.1 k141_443
			  Extensive misassembly (relocation, inconsistency = 2091209) between these two alignments
			Real Alignment 3: 5128275 5128408 | 1426 1293 | 134 134 | 99.28 | Klebsiella_pneumoniae_NZ_CP047271.1 k141_443

CONTIG: k141_98 (719bp)
Best alignment score: 715.0 (LEN: 719, IDY: 99.44), Total number of alignments: 1
		One align captures most of this contig: 4448202 4448920 | 719 1 | 719 719 | 99.44 | Klebsiella_pneumoniae_NZ_CP047271.1 k141_98

CONTIG: k141_449 (520bp)
Best alignment score: 516.0 (LEN: 520, IDY: 99.23), Total number of alignments: 1
		One align captures most of this contig: 31397 31917 | 520 1 | 521 520 | 99.23 | Klebsiella_pneumoniae_NZ_CP047271.1 k141_449

CONTIG: k141_100 (946bp)
Best alignment score: 288.0 (LEN: 289, IDY: 99.65), Total number of alignments: 1
			Looking for the best set of alignments (out of 1 total alignments)
			The best set is below. Score: 288.0, number of alignments: 1, unaligned bases: 657
		This contig is partially unaligned. (Aligned 289 out of 946 non-N bases (30.55%))
		Alignment: 3871674 3871962 | 946 658 | 289 289 | 99.65 | Klebsiella_pneumoniae_NZ_CP047271.1 k141_100
		Unaligned bases: 1 to 657 (657)

CONTIG: k141_103 (529bp)
Best alignment score: 524.0 (LEN: 529, IDY: 99.05), Total number of alignments: 1
		One align captures most of this contig: 3647214 3647742 | 1 529 | 529 529 | 99.05 | Klebsiella_pneumoniae_NZ_CP047271.1 k141_103

CONTIG: k141_112 (580bp)
Best alignment score: 578.0 (LEN: 580, IDY: 99.66), Total number of alignments: 1
		One align captures most of this contig: 2499582 2500161 | 1 580 | 580 580 | 99.66 | Klebsiella_pneumoniae_NZ_CP047271.1 k141_112

CONTIG: k141_470 (696bp)
Best alignment score: 696.0 (LEN: 696, IDY: 100.00), Total number of alignments: 1
		One align captures most of this contig: 4534252 4534947 | 696 1 | 696 696 | 100.0 | Klebsiella_pneumoniae_NZ_CP047271.1 k141_470

CONTIG: k141_471 (631bp)
Best alignment score: 625.0 (LEN: 631, IDY: 99.05), Total number of alignments: 1
		One align captures most of this contig: 3240093 3240723 | 1 631 | 631 631 | 99.05 | Klebsiella_pneumoniae_NZ_CP047271.1 k141_471

CONTIG: k141_472 (526bp)
Best alignment score: 524.0 (LEN: 526, IDY: 99.62), Total number of alignments: 1
		One align captures most of this contig: 1044016 1044541 | 1 526 | 526 526 | 99.62 | Klebsiella_pneumoniae_NZ_CP047271.1 k141_472

CONTIG: k141_116 (501bp)
Best alignment score: 498.0 (LEN: 500, IDY: 99.60), Total number of alignments: 1
		One align captures most of this contig: 4314791 4315290 | 500 1 | 500 500 | 99.6 | Klebsiella_pneumoniae_NZ_CP047271.1 k141_116

CONTIG: k141_475 (522bp)
Best alignment score: 521.0 (LEN: 522, IDY: 99.81), Total number of alignments: 1
		One align captures most of this contig: 3440852 3441373 | 522 1 | 522 522 | 99.81 | Klebsiella_pneumoniae_NZ_CP047271.1 k141_475

CONTIG: k141_121 (853bp)
Best alignment score: 850.0 (LEN: 853, IDY: 99.65), Total number of alignments: 1
		One align captures most of this contig: 4319026 4319878 | 1 853 | 853 853 | 99.65 | Klebsiella_pneumoniae_NZ_CP047271.1 k141_121

CONTIG: k141_477 (601bp)
Best alignment score: 597.0 (LEN: 601, IDY: 99.33), Total number of alignments: 1
		One align captures most of this contig: 4209859 4210459 | 1 601 | 601 601 | 99.33 | Klebsiella_pneumoniae_NZ_CP047271.1 k141_477

CONTIG: k141_136 (553bp)
Best alignment score: 552.0 (LEN: 553, IDY: 99.82), Total number of alignments: 1
		One align captures most of this contig: 1123703 1124255 | 553 1 | 553 553 | 99.82 | Klebsiella_pneumoniae_NZ_CP047271.1 k141_136

CONTIG: k141_137 (590bp)
Best alignment score: 585.0 (LEN: 590, IDY: 99.15), Total number of alignments: 1
		One align captures most of this contig: 2263232 2263821 | 1 590 | 590 590 | 99.15 | Klebsiella_pneumoniae_NZ_CP047271.1 k141_137

CONTIG: k141_494 (506bp)
Best alignment score: 504.0 (LEN: 506, IDY: 99.60), Total number of alignments: 1
		One align captures most of this contig: 5277448 5277952 | 506 1 | 505 506 | 99.6 | Klebsiella_pneumoniae_NZ_CP047271.1 k141_494

CONTIG: k141_147 (523bp)
Best alignment score: 522.0 (LEN: 523, IDY: 99.81), Total number of alignments: 1
		One align captures most of this contig: 2722712 2723234 | 1 523 | 523 523 | 99.81 | Klebsiella_pneumoniae_NZ_CP047271.1 k141_147

CONTIG: k141_151 (816bp)
Best alignment score: 812.0 (LEN: 816, IDY: 99.51), Total number of alignments: 1
		One align captures most of this contig: 3642141 3642955 | 1 816 | 815 816 | 99.51 | Klebsiella_pneumoniae_NZ_CP047271.1 k141_151

CONTIG: k141_513 (586bp)
Best alignment score: 585.0 (LEN: 586, IDY: 99.83), Total number of alignments: 1
		One align captures most of this contig: 4389266 4389851 | 586 1 | 586 586 | 99.83 | Klebsiella_pneumoniae_NZ_CP047271.1 k141_513

CONTIG: k141_172 (582bp)
Best alignment score: 303.0 (LEN: 307, IDY: 98.70), Total number of alignments: 2
			Looking for the best set of alignments (out of 2 total alignments)
			The best set is below. Score: 508.1, number of alignments: 2, unaligned bases: 0
		This contig is misassembled.
			Excluding internal overlap of size 23 between Alignment 1 and 2: 4768861 4769158 | 298 1 | 298 298 --> 4768884 4769158 | 275 1 | 275 275
			Real Alignment 1: 4768884 4769158 | 275 1 | 275 275 | 96.98 | Klebsiella_pneumoniae_NZ_CP047271.1 k141_172
			  Extensive misassembly (relocation, inconsistency = 436254) between these two alignments
			Real Alignment 2: 5205413 5205719 | 276 582 | 307 307 | 98.7 | Klebsiella_pneumoniae_NZ_CP047271.1 k141_172

CONTIG: k141_525 (658bp)
Best alignment score: 657.0 (LEN: 658, IDY: 99.85), Total number of alignments: 1
		One align captures most of this contig: 3927756 3928413 | 1 658 | 658 658 | 99.85 | Klebsiella_pneumoniae_NZ_CP047271.1 k141_525

CONTIG: k141_176 (529bp)
Best alignment score: 526.0 (LEN: 529, IDY: 99.43), Total number of alignments: 1
		One align captures most of this contig: 2545018 2545546 | 529 1 | 529 529 | 99.43 | Klebsiella_pneumoniae_NZ_CP047271.1 k141_176

CONTIG: k141_532 (532bp)
Best alignment score: 528.0 (LEN: 532, IDY: 99.25), Total number of alignments: 1
		One align captures most of this contig: 1436948 1437479 | 532 1 | 532 532 | 99.25 | Klebsiella_pneumoniae_NZ_CP047271.1 k141_532

CONTIG: k141_536 (631bp)
Best alignment score: 630.0 (LEN: 631, IDY: 99.84), Total number of alignments: 1
		One align captures most of this contig: 542734 543364 | 631 1 | 631 631 | 99.84 | Klebsiella_pneumoniae_NZ_CP047271.1 k141_536

CONTIG: k141_538 (620bp)
Best alignment score: 620.0 (LEN: 620, IDY: 100.00), Total number of alignments: 1
		One align captures most of this contig: 2256650 2257269 | 1 620 | 620 620 | 100.0 | Klebsiella_pneumoniae_NZ_CP047271.1 k141_538

CONTIG: k141_540 (863bp)
Best alignment score: 855.0 (LEN: 856, IDY: 99.88), Total number of alignments: 1
		One align captures most of this contig: 1565992 1566847 | 863 8 | 856 856 | 99.88 | Klebsiella_pneumoniae_NZ_CP047271.1 k141_540

CONTIG: k141_191 (556bp)
Best alignment score: 552.0 (LEN: 556, IDY: 99.28), Total number of alignments: 1
		One align captures most of this contig: 1728340 1728895 | 556 1 | 556 556 | 99.28 | Klebsiella_pneumoniae_NZ_CP047271.1 k141_191

CONTIG: k141_545 (516bp)
Best alignment score: 513.0 (LEN: 516, IDY: 99.42), Total number of alignments: 1
		One align captures most of this contig: 3241792 3242307 | 1 516 | 516 516 | 99.42 | Klebsiella_pneumoniae_NZ_CP047271.1 k141_545

CONTIG: k141_550 (677bp)
Best alignment score: 670.0 (LEN: 677, IDY: 98.97), Total number of alignments: 1
		One align captures most of this contig: 3473200 3473876 | 677 1 | 677 677 | 98.97 | Klebsiella_pneumoniae_NZ_CP047271.1 k141_550

CONTIG: k141_561 (544bp)
Best alignment score: 543.0 (LEN: 544, IDY: 99.82), Total number of alignments: 1
		One align captures most of this contig: 4300039 4300582 | 544 1 | 544 544 | 99.82 | Klebsiella_pneumoniae_NZ_CP047271.1 k141_561

CONTIG: k141_197 (607bp)
Best alignment score: 607.0 (LEN: 607, IDY: 100.00), Total number of alignments: 1
		One align captures most of this contig: 4542534 4543140 | 1 607 | 607 607 | 100.0 | Klebsiella_pneumoniae_NZ_CP047271.1 k141_197

CONTIG: k141_198 (503bp)
Best alignment score: 502.0 (LEN: 503, IDY: 99.80), Total number of alignments: 1
		One align captures most of this contig: 1642509 1643011 | 503 1 | 503 503 | 99.8 | Klebsiella_pneumoniae_NZ_CP047271.1 k141_198

CONTIG: k141_208 (501bp)
Best alignment score: 501.0 (LEN: 501, IDY: 100.00), Total number of alignments: 1
		One align captures most of this contig: 5304502 5305002 | 1 501 | 501 501 | 100.0 | Klebsiella_pneumoniae_NZ_CP047271.1 k141_208

CONTIG: k141_226 (535bp)
Best alignment score: 532.0 (LEN: 535, IDY: 99.44), Total number of alignments: 1
		One align captures most of this contig: 5000360 5000894 | 1 535 | 535 535 | 99.44 | Klebsiella_pneumoniae_NZ_CP047271.1 k141_226

CONTIG: k141_229 (551bp)
Best alignment score: 547.0 (LEN: 551, IDY: 99.27), Total number of alignments: 1
		One align captures most of this contig: 4882310 4882860 | 1 551 | 551 551 | 99.27 | Klebsiella_pneumoniae_NZ_CP047271.1 k141_229

CONTIG: k141_234 (591bp)
Best alignment score: 588.0 (LEN: 591, IDY: 99.49), Total number of alignments: 1
		One align captures most of this contig: 3687392 3687982 | 591 1 | 591 591 | 99.49 | Klebsiella_pneumoniae_NZ_CP047271.1 k141_234

CONTIG: k141_237 (558bp)
Best alignment score: 557.0 (LEN: 558, IDY: 99.82), Total number of alignments: 1
		One align captures most of this contig: 5234188 5234745 | 1 558 | 558 558 | 99.82 | Klebsiella_pneumoniae_NZ_CP047271.1 k141_237

CONTIG: k141_252 (572bp)
Best alignment score: 570.0 (LEN: 572, IDY: 99.65), Total number of alignments: 1
		One align captures most of this contig: 816465 817036 | 572 1 | 572 572 | 99.65 | Klebsiella_pneumoniae_NZ_CP047271.1 k141_252

CONTIG: k141_254 (714bp)
Best alignment score: 710.0 (LEN: 714, IDY: 99.44), Total number of alignments: 1
		One align captures most of this contig: 3200165 3200878 | 1 714 | 714 714 | 99.44 | Klebsiella_pneumoniae_NZ_CP047271.1 k141_254

CONTIG: k141_257 (545bp)
Best alignment score: 394.0 (LEN: 397, IDY: 99.24), Total number of alignments: 2
			Looking for the best set of alignments (out of 2 total alignments)
			The best set is below. Score: 490.0, number of alignments: 2, unaligned bases: 0
		This contig is misassembled.
			Excluding internal overlap of size 4 between Alignment 1 and 2: 4485696 4485847 | 152 1 | 152 152 --> 4485700 4485847 | 148 1 | 148 148
			Real Alignment 1: 4485700 4485847 | 148 1 | 148 148 | 99.34 | Klebsiella_pneumoniae_NZ_CP047271.1 k141_257
			  Extensive misassembly (inversion) between these two alignments
			Real Alignment 2: 4485705 4486101 | 149 545 | 397 397 | 99.24 | Klebsiella_pneumoniae_NZ_CP047271.1 k141_257

CONTIG: k141_258 (501bp)
Best alignment score: 495.0 (LEN: 499, IDY: 99.20), Total number of alignments: 1
		One align captures most of this contig: 3470657 3471155 | 3 501 | 499 499 | 99.2 | Klebsiella_pneumoniae_NZ_CP047271.1 k141_258

CONTIG: k141_271 (590bp)
Best alignment score: 586.0 (LEN: 590, IDY: 99.32), Total number of alignments: 1
		One align captures most of this contig: 159123 159712 | 1 590 | 590 590 | 99.32 | Klebsiella_pneumoniae_NZ_CP047271.1 k141_271

CONTIG: k141_306 (780bp)
Best alignment score: 660.0 (LEN: 660, IDY: 100.00), Total number of alignments: 1
			Looking for the best set of alignments (out of 1 total alignments)
			The best set is below. Score: 660.0, number of alignments: 1, unaligned bases: 120
		Alignment: 171758 172417 | 121 780 | 660 660 | 100.0 | Klebsiella_pneumoniae_NZ_CP047272.1 k141_306

CONTIG: k141_426 (646bp)
Best alignment score: 465.0 (LEN: 477, IDY: 97.48), Total number of alignments: 1
			Looking for the best set of alignments (out of 1 total alignments)
			The best set is below. Score: 465.0, number of alignments: 1, unaligned bases: 169
		Alignment: 128854 129330 | 624 148 | 477 477 | 97.48 | Klebsiella_pneumoniae_NZ_CP047272.1 k141_426

Analyzing coverage...
Writing SNPs into /home/hannelore/PROJECTHH/Scripts/Pipeline/work/5b/fd06bcddfdd15e6ad5a6ca9bd7cd34/metaquast-results/runs_per_reference/Klebsiella_pneumoniae/contigs_reports/minimap_output/TRIM_ERR1795072_Illumina_MiSeq_paired_end_sequencing_EXP_0_1_2017_01_13_14_47_56_mini_1-contigs.used_snps.gz

Analysis is finished!
Founded SNPs were written into /home/hannelore/PROJECTHH/Scripts/Pipeline/work/5b/fd06bcddfdd15e6ad5a6ca9bd7cd34/metaquast-results/runs_per_reference/Klebsiella_pneumoniae/contigs_reports/minimap_output/TRIM_ERR1795072_Illumina_MiSeq_paired_end_sequencing_EXP_0_1_2017_01_13_14_47_56_mini_1-contigs.used_snps.gz

Results:
	Local Misassemblies: 1
	Misassemblies: 4
		Relocations: 3
		Translocations: 0
		Inversions: 1
	Scaffold gap extensive misassemblies: 0
	Scaffold gap local misassemblies: 0
	Misassembled Contigs: 3
	Misassembled Contig Bases: 2553
	Misassemblies Inter-Contig Overlap: 0
Unaligned Contigs: 0 + 1 part
Half Unaligned Contigs with Misassemblies: 0
Unaligned Contig Bases: 657

Ambiguously Mapped Contigs: 1
Total Bases in Ambiguously Mapped Contigs: 1426
Extra Bases in Ambiguously Mapped Contigs: 0
Note that --allow-ambiguity option was set to "one" and only first alignment per each of these contigs was used.

	Covered Bases: 51056

	SNPs: 264
	Insertions: 8
	Deletions: 9

