[M::mm_idx_gen::0.613*0.98] collected minimizers
[M::mm_idx_gen::0.852*0.97] sorted minimizers
[M::main::0.852*0.97] loaded/built the index for 162 target sequence(s)
[M::mm_mapopt_update::0.877*0.97] mid_occ = 200
[M::mm_idx_stat] kmer size: 19; skip: 19; is_hpc: 0; #seq: 162
[M::mm_idx_stat::0.902*0.97] distinct minimizers: 1491938 (66.50% are singletons); average occurrences: 1.619; average spacing: 10.003
[M::worker_pipeline::0.977*0.97] mapped 59 sequences
[M::main] Version: 2.11-r797
[M::main] CMD: /opt/quast-5.0.2/quast_libs/minimap2/minimap2 -c -x asm10 -B5 -O4,16 --no-long-join -r 85 -N 100 -s 65 -z 200 --mask-level 1 --min-occ 200 -g 2500 --score-N 2 --cs -t 1 /home/hannelore/PROJECTHH/Scripts/Pipeline/work/5b/fd06bcddfdd15e6ad5a6ca9bd7cd34/metaquast-results/quast_corrected_input/combined_reference.fasta /home/hannelore/PROJECTHH/Scripts/Pipeline/work/5b/fd06bcddfdd15e6ad5a6ca9bd7cd34/metaquast-results/combined_reference/../quast_corrected_input/TRIM_SO_9245_KP_mini_1_contigs.fa
[M::main] Real time: 0.982 sec; CPU: 0.952 sec
