Aligning contigs to reference...
	Aligning contigs to the reference
Filtering alignments...
Parsing coords...
Loading reference...
	Loaded [Klebsiella_pneumoniae_subsp._pneumoniae_KPNIH20_NZ_AKAK01000001.1]
	Loaded [Klebsiella_pneumoniae_subsp._pneumoniae_KPNIH20_NZ_AKAK01000002.1]
	Loaded [Klebsiella_pneumoniae_subsp._pneumoniae_KPNIH20_NZ_AKAK01000003.1]
	Loaded [Klebsiella_pneumoniae_subsp._pneumoniae_KPNIH20_NZ_AKAK01000004.1]
	Loaded [Klebsiella_pneumoniae_subsp._pneumoniae_KPNIH20_NZ_AKAK01000005.1]
	Loaded [Klebsiella_pneumoniae_subsp._pneumoniae_KPNIH20_NZ_AKAK01000006.1]
	Loaded [Klebsiella_pneumoniae_subsp._pneumoniae_KPNIH20_NZ_AKAK01000007.1]
	Loaded [Klebsiella_pneumoniae_subsp._pneumoniae_KPNIH20_NZ_AKAK01000008.1]
	Loaded [Klebsiella_pneumoniae_subsp._pneumoniae_KPNIH20_NZ_AKAK01000009.1]
	Loaded [Klebsiella_pneumoniae_subsp._pneumoniae_KPNIH20_NZ_AKAK01000010.1]
	Loaded [Klebsiella_pneumoniae_subsp._pneumoniae_KPNIH20_NZ_AKAK01000011.1]
	Loaded [Klebsiella_pneumoniae_subsp._pneumoniae_KPNIH20_NZ_AKAK01000012.1]
	Loaded [Klebsiella_pneumoniae_subsp._pneumoniae_KPNIH20_NZ_AKAK01000013.1]
	Loaded [Klebsiella_pneumoniae_subsp._pneumoniae_KPNIH20_NZ_AKAK01000014.1]
	Loaded [Klebsiella_pneumoniae_subsp._pneumoniae_KPNIH20_NZ_AKAK01000015.1]
	Loaded [Klebsiella_pneumoniae_subsp._pneumoniae_KPNIH20_NZ_AKAK01000016.1]
	Loaded [Klebsiella_pneumoniae_subsp._pneumoniae_KPNIH20_NZ_AKAK01000017.1]
	Loaded [Klebsiella_pneumoniae_subsp._pneumoniae_KPNIH20_NZ_AKAK01000018.1]
	Loaded [Klebsiella_pneumoniae_subsp._pneumoniae_KPNIH20_NZ_AKAK01000019.1]
	Loaded [Klebsiella_pneumoniae_subsp._pneumoniae_KPNIH20_NZ_AKAK01000020.1]
	Loaded [Klebsiella_pneumoniae_subsp._pneumoniae_KPNIH20_NZ_AKAK01000021.1]
	Loaded [Klebsiella_pneumoniae_subsp._pneumoniae_KPNIH20_NZ_AKAK01000022.1]
	Loaded [Klebsiella_pneumoniae_subsp._pneumoniae_KPNIH20_NZ_AKAK01000023.1]
	Loaded [Klebsiella_pneumoniae_subsp._pneumoniae_KPNIH20_NZ_AKAK01000024.1]
	Loaded [Klebsiella_pneumoniae_subsp._pneumoniae_KPNIH20_NZ_AKAK01000025.1]
	Loaded [Klebsiella_pneumoniae_subsp._pneumoniae_KPNIH20_NZ_AKAK01000026.1]
	Loaded [Klebsiella_pneumoniae_subsp._pneumoniae_KPNIH20_NZ_AKAK01000027.1]
	Loaded [Klebsiella_pneumoniae_subsp._pneumoniae_KPNIH20_NZ_AKAK01000028.1]
	Loaded [Klebsiella_pneumoniae_subsp._pneumoniae_KPNIH20_NZ_AKAK01000029.1]
	Loaded [Klebsiella_pneumoniae_subsp._pneumoniae_KPNIH20_NZ_AKAK01000030.1]
	Loaded [Klebsiella_pneumoniae_subsp._pneumoniae_KPNIH20_NZ_AKAK01000031.1]
	Loaded [Klebsiella_pneumoniae_subsp._pneumoniae_KPNIH20_NZ_AKAK01000032.1]
	Loaded [Klebsiella_pneumoniae_subsp._pneumoniae_KPNIH20_NZ_AKAK01000033.1]
	Loaded [Klebsiella_pneumoniae_subsp._pneumoniae_KPNIH20_NZ_AKAK01000034.1]
	Loaded [Klebsiella_pneumoniae_subsp._pneumoniae_KPNIH20_NZ_AKAK01000035.1]
	Loaded [Klebsiella_pneumoniae_subsp._pneumoniae_KPNIH20_NZ_AKAK01000036.1]
	Loaded [Klebsiella_pneumoniae_subsp._pneumoniae_KPNIH20_NZ_AKAK01000037.1]
	Loaded [Klebsiella_pneumoniae_subsp._pneumoniae_KPNIH20_NZ_AKAK01000038.1]
	Loaded [Klebsiella_pneumoniae_subsp._pneumoniae_KPNIH20_NZ_AKAK01000039.1]
	Loaded [Klebsiella_pneumoniae_subsp._pneumoniae_KPNIH20_NZ_AKAK01000040.1]
	Loaded [Klebsiella_pneumoniae_subsp._pneumoniae_KPNIH20_NZ_AKAK01000041.1]
	Loaded [Klebsiella_pneumoniae_subsp._pneumoniae_KPNIH20_NZ_AKAK01000042.1]
	Loaded [Klebsiella_pneumoniae_subsp._pneumoniae_KPNIH20_NZ_AKAK01000043.1]
	Loaded [Klebsiella_pneumoniae_subsp._pneumoniae_KPNIH20_NZ_AKAK01000044.1]
	Loaded [Klebsiella_pneumoniae_subsp._pneumoniae_KPNIH20_NZ_AKAK01000045.1]
	Loaded [Klebsiella_pneumoniae_subsp._pneumoniae_KPNIH20_NZ_AKAK01000046.1]
	Loaded [Klebsiella_pneumoniae_subsp._pneumoniae_KPNIH20_NZ_AKAK01000047.1]
	Loaded [Klebsiella_pneumoniae_subsp._pneumoniae_KPNIH20_NZ_AKAK01000048.1]
	Loaded [Klebsiella_pneumoniae_subsp._pneumoniae_KPNIH20_NZ_AKAK01000049.1]
	Loaded [Klebsiella_pneumoniae_subsp._pneumoniae_KPNIH20_NZ_AKAK01000050.1]
	Loaded [Klebsiella_pneumoniae_subsp._pneumoniae_KPNIH20_NZ_AKAK01000051.1]
	Loaded [Klebsiella_pneumoniae_subsp._pneumoniae_KPNIH20_NZ_AKAK01000052.1]
	Loaded [Klebsiella_pneumoniae_subsp._pneumoniae_KPNIH20_NZ_AKAK01000053.1]
	Loaded [Klebsiella_pneumoniae_subsp._pneumoniae_KPNIH20_NZ_AKAK01000054.1]
	Loaded [Klebsiella_pneumoniae_subsp._pneumoniae_KPNIH20_NZ_AKAK01000055.1]
	Loaded [Klebsiella_pneumoniae_subsp._pneumoniae_KPNIH20_NZ_AKAK01000056.1]
	Loaded [Klebsiella_pneumoniae_subsp._pneumoniae_KPNIH20_NZ_AKAK01000057.1]
	Loaded [Klebsiella_pneumoniae_subsp._pneumoniae_KPNIH20_NZ_AKAK01000058.1]
	Loaded [Klebsiella_pneumoniae_subsp._pneumoniae_KPNIH20_NZ_AKAK01000059.1]
	Loaded [Klebsiella_pneumoniae_subsp._pneumoniae_KPNIH20_NZ_AKAK01000060.1]
	Loaded [Klebsiella_pneumoniae_subsp._pneumoniae_KPNIH20_NZ_AKAK01000061.1]
	Loaded [Klebsiella_pneumoniae_subsp._pneumoniae_KPNIH20_NZ_AKAK01000062.1]
	Loaded [Klebsiella_pneumoniae_subsp._pneumoniae_KPNIH20_NZ_AKAK01000063.1]
	Loaded [Klebsiella_pneumoniae_subsp._pneumoniae_KPNIH20_NZ_AKAK01000064.1]
	Loaded [Klebsiella_pneumoniae_subsp._pneumoniae_KPNIH20_NZ_AKAK01000065.1]
	Loaded [Klebsiella_pneumoniae_subsp._pneumoniae_KPNIH20_NZ_AKAK01000066.1]
	Loaded [Klebsiella_pneumoniae_subsp._pneumoniae_KPNIH20_NZ_AKAK01000067.1]
	Loaded [Klebsiella_pneumoniae_subsp._pneumoniae_KPNIH20_NZ_AKAK01000068.1]
	Loaded [Klebsiella_pneumoniae_subsp._pneumoniae_KPNIH20_NZ_AKAK01000069.1]
	Loaded [Klebsiella_pneumoniae_subsp._pneumoniae_KPNIH20_NZ_AKAK01000070.1]
	Loaded [Klebsiella_pneumoniae_subsp._pneumoniae_KPNIH20_NZ_AKAK01000071.1]
	Loaded [Klebsiella_pneumoniae_subsp._pneumoniae_KPNIH20_NZ_AKAK01000072.1]
	Loaded [Klebsiella_pneumoniae_subsp._pneumoniae_KPNIH20_NZ_AKAK01000073.1]
	Loaded [Klebsiella_pneumoniae_subsp._pneumoniae_KPNIH20_NZ_AKAK01000074.1]
	Loaded [Klebsiella_pneumoniae_subsp._pneumoniae_KPNIH20_NZ_AKAK01000075.1]
	Loaded [Klebsiella_pneumoniae_subsp._pneumoniae_KPNIH20_NZ_AKAK01000076.1]
	Loaded [Klebsiella_pneumoniae_subsp._pneumoniae_KPNIH20_NZ_AKAK01000077.1]
	Loaded [Klebsiella_pneumoniae_subsp._pneumoniae_KPNIH20_NZ_AKAK01000078.1]
	Loaded [Klebsiella_pneumoniae_subsp._pneumoniae_KPNIH20_NZ_AKAK01000079.1]
	Loaded [Klebsiella_pneumoniae_subsp._pneumoniae_KPNIH20_NZ_AKAK01000080.1]
	Loaded [Klebsiella_pneumoniae_subsp._pneumoniae_KPNIH20_NZ_AKAK01000081.1]
	Loaded [Klebsiella_pneumoniae_subsp._pneumoniae_KPNIH20_NZ_AKAK01000082.1]
	Loaded [Klebsiella_pneumoniae_subsp._pneumoniae_KPNIH20_NZ_AKAK01000083.1]
	Loaded [Klebsiella_pneumoniae_subsp._pneumoniae_KPNIH20_NZ_AKAK01000084.1]
	Loaded [Klebsiella_pneumoniae_subsp._pneumoniae_KPNIH20_NZ_AKAK01000085.1]
	Loaded [Klebsiella_pneumoniae_subsp._pneumoniae_KPNIH20_NZ_AKAK01000086.1]
	Loaded [Klebsiella_pneumoniae_subsp._pneumoniae_KPNIH20_NZ_AKAK01000087.1]
	Loaded [Klebsiella_pneumoniae_subsp._pneumoniae_KPNIH20_NZ_AKAK01000088.1]
	Loaded [Klebsiella_pneumoniae_subsp._pneumoniae_KPNIH20_NZ_AKAK01000089.1]
	Loaded [Klebsiella_pneumoniae_subsp._pneumoniae_KPNIH20_NZ_AKAK01000090.1]
	Loaded [Klebsiella_pneumoniae_subsp._pneumoniae_KPNIH20_NZ_AKAK01000091.1]
	Loaded [Klebsiella_pneumoniae_subsp._pneumoniae_KPNIH20_NZ_AKAK01000092.1]
	Loaded [Klebsiella_pneumoniae_subsp._pneumoniae_KPNIH20_NZ_AKAK01000093.1]
	Loaded [Klebsiella_pneumoniae_subsp._pneumoniae_KPNIH20_NZ_AKAK01000094.1]
	Loaded [Klebsiella_pneumoniae_subsp._pneumoniae_KPNIH20_NZ_AKAK01000095.1]
	Loaded [Klebsiella_pneumoniae_subsp._pneumoniae_KPNIH20_NZ_AKAK01000096.1]
	Loaded [Klebsiella_pneumoniae_subsp._pneumoniae_KPNIH20_NZ_AKAK01000097.1]
	Loaded [Klebsiella_pneumoniae_subsp._pneumoniae_KPNIH20_NZ_AKAK01000098.1]
	Loaded [Klebsiella_pneumoniae_subsp._pneumoniae_KPNIH20_NZ_AKAK01000099.1]
	Loaded [Klebsiella_pneumoniae_subsp._pneumoniae_KPNIH20_NZ_AKAK01000100.1]
	Loaded [Klebsiella_pneumoniae_subsp._pneumoniae_KPNIH20_NZ_AKAK01000101.1]
	Loaded [Klebsiella_pneumoniae_subsp._pneumoniae_KPNIH20_NZ_AKAK01000102.1]
	Loaded [Klebsiella_pneumoniae_subsp._pneumoniae_KPNIH20_NZ_AKAK01000103.1]
	Loaded [Klebsiella_pneumoniae_subsp._pneumoniae_KPNIH20_NZ_AKAK01000104.1]
	Loaded [Klebsiella_pneumoniae_subsp._pneumoniae_KPNIH20_NZ_AKAK01000105.1]
	Loaded [Klebsiella_pneumoniae_subsp._pneumoniae_KPNIH20_NZ_AKAK01000106.1]
	Loaded [Klebsiella_pneumoniae_subsp._pneumoniae_KPNIH20_NZ_AKAK01000107.1]
	Loaded [Klebsiella_pneumoniae_subsp._pneumoniae_KPNIH20_NZ_AKAK01000108.1]
	Loaded [Klebsiella_pneumoniae_subsp._pneumoniae_KPNIH20_NZ_AKAK01000109.1]
	Loaded [Klebsiella_pneumoniae_subsp._pneumoniae_KPNIH20_NZ_AKAK01000110.1]
	Loaded [Klebsiella_pneumoniae_subsp._pneumoniae_KPNIH20_NZ_AKAK01000111.1]
	Loaded [Klebsiella_pneumoniae_subsp._pneumoniae_KPNIH20_NZ_AKAK01000112.1]
	Loaded [Klebsiella_pneumoniae_subsp._pneumoniae_KPNIH20_NZ_AKAK01000113.1]
	Loaded [Klebsiella_pneumoniae_subsp._pneumoniae_KPNIH20_NZ_AKAK01000114.1]
	Loaded [Klebsiella_pneumoniae_subsp._pneumoniae_KPNIH20_NZ_AKAK01000115.1]
	Loaded [Klebsiella_pneumoniae_subsp._pneumoniae_KPNIH20_NZ_AKAK01000116.1]
	Loaded [Klebsiella_pneumoniae_subsp._pneumoniae_KPNIH20_NZ_AKAK01000117.1]
	Loaded [Klebsiella_pneumoniae_subsp._pneumoniae_KPNIH20_NZ_AKAK01000118.1]
	Loaded [Klebsiella_pneumoniae_subsp._pneumoniae_KPNIH20_NZ_AKAK01000119.1]
	Loaded [Klebsiella_pneumoniae_subsp._pneumoniae_KPNIH20_NZ_AKAK01000120.1]
	Loaded [Klebsiella_pneumoniae_subsp._pneumoniae_KPNIH20_NZ_AKAK01000121.1]
	Loaded [Klebsiella_pneumoniae_subsp._pneumoniae_KPNIH20_NZ_AKAK01000122.1]
	Loaded [Klebsiella_pneumoniae_subsp._pneumoniae_KPNIH20_NZ_AKAK01000123.1]
	Loaded [Klebsiella_pneumoniae_subsp._pneumoniae_KPNIH20_NZ_AKAK01000124.1]
	Loaded [Klebsiella_pneumoniae_subsp._pneumoniae_KPNIH20_NZ_AKAK01000125.1]
	Loaded [Klebsiella_pneumoniae_subsp._pneumoniae_KPNIH20_NZ_AKAK01000126.1]
	Loaded [Klebsiella_pneumoniae_subsp._pneumoniae_KPNIH20_NZ_AKAK01000127.1]
	Loaded [Klebsiella_pneumoniae_subsp._pneumoniae_KPNIH20_NZ_AKAK01000128.1]
	Loaded [Klebsiella_pneumoniae_subsp._pneumoniae_KPNIH20_NZ_AKAK01000129.1]
	Loaded [Klebsiella_pneumoniae_subsp._pneumoniae_KPNIH20_NZ_AKAK01000130.1]
	Loaded [Klebsiella_pneumoniae_subsp._pneumoniae_KPNIH20_NZ_AKAK01000131.1]
	Loaded [Klebsiella_pneumoniae_subsp._pneumoniae_KPNIH20_NZ_AKAK01000132.1]
	Loaded [Klebsiella_pneumoniae_subsp._pneumoniae_KPNIH20_NZ_AKAK01000133.1]
	Loaded [Klebsiella_pneumoniae_subsp._pneumoniae_KPNIH20_NZ_AKAK01000134.1]
	Loaded [Klebsiella_pneumoniae_subsp._pneumoniae_KPNIH20_NZ_AKAK01000135.1]
	Loaded [Klebsiella_pneumoniae_subsp._pneumoniae_KPNIH20_NZ_AKAK01000136.1]
	Loaded [Klebsiella_pneumoniae_subsp._pneumoniae_KPNIH20_NZ_AKAK01000137.1]
	Loaded [Klebsiella_pneumoniae_subsp._pneumoniae_KPNIH20_NZ_AKAK01000138.1]
	Loaded [Klebsiella_pneumoniae_subsp._pneumoniae_KPNIH20_NZ_AKAK01000139.1]
	Loaded [Klebsiella_pneumoniae_subsp._pneumoniae_KPNIH20_NZ_AKAK01000140.1]
	Loaded [Klebsiella_pneumoniae_subsp._pneumoniae_KPNIH20_NZ_AKAK01000141.1]
	Loaded [Klebsiella_pneumoniae_subsp._pneumoniae_KPNIH20_NZ_AKAK01000142.1]
	Loaded [Klebsiella_pneumoniae_subsp._pneumoniae_KPNIH20_NZ_AKAK01000143.1]
	Loaded [Klebsiella_pneumoniae_subsp._pneumoniae_KPNIH20_NZ_AKAK01000144.1]
	Loaded [Klebsiella_pneumoniae_subsp._pneumoniae_KPNIH20_NZ_AKAK01000145.1]
	Loaded [Klebsiella_pneumoniae_subsp._pneumoniae_KPNIH20_NZ_AKAK01000146.1]
	Loaded [Klebsiella_pneumoniae_subsp._pneumoniae_KPNIH20_NZ_AKAK01000147.1]
	Loaded [Klebsiella_pneumoniae_subsp._pneumoniae_KPNIH20_NZ_AKAK01000148.1]
	Loaded [Klebsiella_pneumoniae_subsp._pneumoniae_KPNIH20_NZ_AKAK01000149.1]
	Loaded [Klebsiella_pneumoniae_subsp._pneumoniae_KPNIH20_NZ_AKAK01000150.1]
	Loaded [Klebsiella_pneumoniae_subsp._pneumoniae_KPNIH20_NZ_AKAK01000151.1]
	Loaded [Klebsiella_pneumoniae_subsp._pneumoniae_KPNIH20_NZ_AKAK01000152.1]
	Loaded [Klebsiella_pneumoniae_subsp._pneumoniae_KPNIH20_NZ_AKAK01000153.1]
	Loaded [Klebsiella_pneumoniae_subsp._pneumoniae_KPNIH20_NZ_AKAK01000154.1]
	Loaded [Klebsiella_pneumoniae_subsp._pneumoniae_KPNIH20_NZ_AKAK01000155.1]
	Total Regions: 155
	Total Region Length: 5724448
Analyzing contigs...
CONTIG: k141_4 (623bp)
Best alignment score: 622.0 (LEN: 623, IDY: 99.84), Total number of alignments: 1
		One align captures most of this contig: 2577 3199 | 623 1 | 623 623 | 99.84 | Klebsiella_pneumoniae_subsp._pneumoniae_KPNIH20_NZ_AKAK01000024.1 k141_4

CONTIG: k141_280 (602bp)
Best alignment score: 601.0 (LEN: 602, IDY: 99.83), Total number of alignments: 1
		One align captures most of this contig: 44174 44775 | 1 602 | 602 602 | 99.83 | Klebsiella_pneumoniae_subsp._pneumoniae_KPNIH20_NZ_AKAK01000024.1 k141_280

CONTIG: k141_8 (504bp)
Best alignment score: 297.0 (LEN: 300, IDY: 99.00), Total number of alignments: 2
			Looking for the best set of alignments (out of 2 total alignments)
			The best set is below. Score: 436.8, number of alignments: 2, unaligned bases: 0
		This contig is misassembled.
			Excluding internal overlap of size 21 between Alignment 1 and 2: 23772 23996 | 504 280 | 225 225 --> 23772 23975 | 504 301 | 204 204
			Real Alignment 1: 88956 89255 | 300 1 | 300 300 | 99.0 | Klebsiella_pneumoniae_subsp._pneumoniae_KPNIH20_NZ_AKAK01000002.1 k141_8
			  Extensive misassembly (translocation) between these two alignments
			Real Alignment 2: 23772 23975 | 504 301 | 204 204 | 98.67 | Klebsiella_pneumoniae_subsp._pneumoniae_KPNIH20_NZ_AKAK01000041.1 k141_8

CONTIG: k141_379 (547bp)
Best alignment score: 547.0 (LEN: 547, IDY: 100.00), Total number of alignments: 1
		One align captures most of this contig: 85900 86446 | 547 1 | 547 547 | 100.0 | Klebsiella_pneumoniae_subsp._pneumoniae_KPNIH20_NZ_AKAK01000002.1 k141_379

CONTIG: k141_471 (750bp)
Best alignment score: 367.0 (LEN: 378, IDY: 97.10), Total number of alignments: 5
			Looking for the best set of alignments (out of 5 total alignments)
			Skipping redundant alignments after choosing the best set of alignments
		Skipping redundant alignment 122 285 | 417 254 | 164 164 | 95.73 | Klebsiella_pneumoniae_subsp._pneumoniae_KPNIH20_NZ_AKAK01000016.1 k141_471
		Skipping redundant alignment 95149 95359 | 251 461 | 211 211 | 98.1 | Klebsiella_pneumoniae_subsp._pneumoniae_KPNIH20_NZ_AKAK01000002.1 k141_471
			The best set is below. Score: 462.0, number of alignments: 3, unaligned bases: 164
		This contig is misassembled.
			Real Alignment 1: 94954 95090 | 62 198 | 137 137 | 97.08 | Klebsiella_pneumoniae_subsp._pneumoniae_KPNIH20_NZ_AKAK01000002.1 k141_471
			  Extensive misassembly (translocation) between these two alignments
			Excluding internal overlap of size 14 between Alignment 2 and 3: 435 519 | 684 600 | 85 85 --> 435 505 | 684 614 | 71 71
			Real Alignment 2: 5358 5736 | 236 613 | 379 378 | 97.1 | Klebsiella_pneumoniae_subsp._pneumoniae_KPNIH20_NZ_AKAK01000012.1 k141_471
			  Extensive misassembly (translocation) between these two alignments
			Real Alignment 3: 435 505 | 684 614 | 71 71 | 100.0 | Klebsiella_pneumoniae_subsp._pneumoniae_KPNIH20_NZ_AKAK01000055.1 k141_471

CONTIG: k141_287 (555bp)
Best alignment score: 554.0 (LEN: 555, IDY: 99.82), Total number of alignments: 1
		One align captures most of this contig: 217296 217850 | 1 555 | 555 555 | 99.82 | Klebsiella_pneumoniae_subsp._pneumoniae_KPNIH20_NZ_AKAK01000001.1 k141_287

CONTIG: k141_70 (509bp)
Best alignment score: 505.0 (LEN: 509, IDY: 99.21), Total number of alignments: 1
		One align captures most of this contig: 101247 101755 | 1 509 | 509 509 | 99.21 | Klebsiella_pneumoniae_subsp._pneumoniae_KPNIH20_NZ_AKAK01000001.1 k141_70

CONTIG: k141_387 (693bp)
Best alignment score: 687.0 (LEN: 693, IDY: 99.13), Total number of alignments: 1
		One align captures most of this contig: 368659 369351 | 1 693 | 693 693 | 99.13 | Klebsiella_pneumoniae_subsp._pneumoniae_KPNIH20_NZ_AKAK01000001.1 k141_387

CONTIG: k141_212 (693bp)
Best alignment score: 688.0 (LEN: 693, IDY: 99.28), Total number of alignments: 1
		One align captures most of this contig: 309516 310208 | 693 1 | 693 693 | 99.28 | Klebsiella_pneumoniae_subsp._pneumoniae_KPNIH20_NZ_AKAK01000001.1 k141_212

CONTIG: k141_25 (552bp)
Best alignment score: 551.0 (LEN: 552, IDY: 99.82), Total number of alignments: 1
		One align captures most of this contig: 97387 97938 | 552 1 | 552 552 | 99.82 | Klebsiella_pneumoniae_subsp._pneumoniae_KPNIH20_NZ_AKAK01000014.1 k141_25

CONTIG: k141_161 (1572bp)
Best alignment score: 819.0 (LEN: 819, IDY: 100.00), Total number of alignments: 2
			Looking for the best set of alignments (out of 2 total alignments)
			The best set is below. Score: 1449.0, number of alignments: 2, unaligned bases: 39
		This contig is misassembled.
			Real Alignment 1: 1 819 | 855 37 | 819 819 | 100.0 | Klebsiella_pneumoniae_subsp._pneumoniae_KPNIH20_NZ_AKAK01000118.1 k141_161
			  Extensive misassembly (translocation) between these two alignments
			Real Alignment 2: 7686 8399 | 1572 859 | 714 714 | 99.44 | Klebsiella_pneumoniae_subsp._pneumoniae_KPNIH20_NZ_AKAK01000014.1 k141_161

CONTIG: k141_195 (713bp)
Best alignment score: 706.0 (LEN: 713, IDY: 99.02), Total number of alignments: 1
		One align captures most of this contig: 6852 7564 | 1 713 | 713 713 | 99.02 | Klebsiella_pneumoniae_subsp._pneumoniae_KPNIH20_NZ_AKAK01000014.1 k141_195

CONTIG: k141_240 (640bp)
Best alignment score: 638.0 (LEN: 640, IDY: 99.69), Total number of alignments: 1
		One align captures most of this contig: 6038 6677 | 640 1 | 640 640 | 99.69 | Klebsiella_pneumoniae_subsp._pneumoniae_KPNIH20_NZ_AKAK01000014.1 k141_240

CONTIG: k141_476 (595bp)
Best alignment score: 576.4 (LEN: 595, IDY: 96.88), Total number of alignments: 1
		One align captures most of this contig: 4645 5252 | 595 1 | 608 595 | 96.88 | Klebsiella_pneumoniae_subsp._pneumoniae_KPNIH20_NZ_AKAK01000014.1 k141_476

CONTIG: k141_492 (646bp)
Best alignment score: 641.0 (LEN: 646, IDY: 99.23), Total number of alignments: 1
		One align captures most of this contig: 5283 5928 | 646 1 | 646 646 | 99.23 | Klebsiella_pneumoniae_subsp._pneumoniae_KPNIH20_NZ_AKAK01000014.1 k141_492

CONTIG: k141_28 (559bp)
Best alignment score: 558.0 (LEN: 559, IDY: 99.82), Total number of alignments: 1
		One align captures most of this contig: 60665 61223 | 1 559 | 559 559 | 99.82 | Klebsiella_pneumoniae_subsp._pneumoniae_KPNIH20_NZ_AKAK01000010.1 k141_28

CONTIG: k141_38 (507bp)
Best alignment score: 506.0 (LEN: 507, IDY: 99.80), Total number of alignments: 1
		One align captures most of this contig: 13342 13848 | 1 507 | 507 507 | 99.8 | Klebsiella_pneumoniae_subsp._pneumoniae_KPNIH20_NZ_AKAK01000027.1 k141_38

CONTIG: k141_209 (569bp)
Best alignment score: 565.0 (LEN: 569, IDY: 99.30), Total number of alignments: 1
		One align captures most of this contig: 22101 22669 | 1 569 | 569 569 | 99.3 | Klebsiella_pneumoniae_subsp._pneumoniae_KPNIH20_NZ_AKAK01000027.1 k141_209

CONTIG: k141_46 (599bp)
Best alignment score: 594.0 (LEN: 599, IDY: 99.17), Total number of alignments: 1
		One align captures most of this contig: 43425 44023 | 599 1 | 599 599 | 99.17 | Klebsiella_pneumoniae_subsp._pneumoniae_KPNIH20_NZ_AKAK01000029.1 k141_46

CONTIG: k141_53 (505bp)
Best alignment score: 503.0 (LEN: 505, IDY: 99.60), Total number of alignments: 1
		One align captures most of this contig: 81519 82023 | 1 505 | 505 505 | 99.6 | Klebsiella_pneumoniae_subsp._pneumoniae_KPNIH20_NZ_AKAK01000016.1 k141_53

CONTIG: k141_463 (554bp)
Best alignment score: 550.0 (LEN: 554, IDY: 99.28), Total number of alignments: 1
		One align captures most of this contig: 1833 2386 | 1 554 | 554 554 | 99.28 | Klebsiella_pneumoniae_subsp._pneumoniae_KPNIH20_NZ_AKAK01000016.1 k141_463

CONTIG: k141_56 (604bp)
Best alignment score: 597.0 (LEN: 604, IDY: 98.84), Total number of alignments: 1
		One align captures most of this contig: 105387 105990 | 1 604 | 604 604 | 98.84 | Klebsiella_pneumoniae_subsp._pneumoniae_KPNIH20_NZ_AKAK01000007.1 k141_56

CONTIG: k141_356 (628bp)
Best alignment score: 623.0 (LEN: 628, IDY: 99.20), Total number of alignments: 1
		One align captures most of this contig: 175321 175948 | 628 1 | 628 628 | 99.2 | Klebsiella_pneumoniae_subsp._pneumoniae_KPNIH20_NZ_AKAK01000007.1 k141_356

CONTIG: k141_94 (542bp)
Best alignment score: 540.0 (LEN: 542, IDY: 99.63), Total number of alignments: 1
		One align captures most of this contig: 175514 176055 | 542 1 | 542 542 | 99.63 | Klebsiella_pneumoniae_subsp._pneumoniae_KPNIH20_NZ_AKAK01000009.1 k141_94

CONTIG: k141_99 (858bp)
Best alignment score: 855.0 (LEN: 858, IDY: 99.65), Total number of alignments: 1
		One align captures most of this contig: 10220 11077 | 858 1 | 858 858 | 99.65 | Klebsiella_pneumoniae_subsp._pneumoniae_KPNIH20_NZ_AKAK01000023.1 k141_99

CONTIG: k141_106 (504bp)
Best alignment score: 501.0 (LEN: 504, IDY: 99.40), Total number of alignments: 1
		One align captures most of this contig: 4905 5408 | 1 504 | 504 504 | 99.4 | Klebsiella_pneumoniae_subsp._pneumoniae_KPNIH20_NZ_AKAK01000052.1 k141_106

CONTIG: k141_322 (518bp)
Best alignment score: 507.0 (LEN: 518, IDY: 97.88), Total number of alignments: 1
		One align captures most of this contig: 50691 51208 | 518 1 | 518 518 | 97.88 | Klebsiella_pneumoniae_subsp._pneumoniae_KPNIH20_NZ_AKAK01000004.1 k141_322

CONTIG: k141_329 (523bp)
Best alignment score: 522.0 (LEN: 523, IDY: 99.81), Total number of alignments: 1
		One align captures most of this contig: 189511 190033 | 1 523 | 523 523 | 99.81 | Klebsiella_pneumoniae_subsp._pneumoniae_KPNIH20_NZ_AKAK01000006.1 k141_329

CONTIG: k141_343 (527bp)
Best alignment score: 523.0 (LEN: 527, IDY: 99.24), Total number of alignments: 1
		One align captures most of this contig: 1993 2519 | 527 1 | 527 527 | 99.24 | Klebsiella_pneumoniae_subsp._pneumoniae_KPNIH20_NZ_AKAK01000006.1 k141_343

CONTIG: k141_160 (667bp)
Best alignment score: 664.0 (LEN: 667, IDY: 99.55), Total number of alignments: 1
		One align captures most of this contig: 225846 226512 | 1 667 | 667 667 | 99.55 | Klebsiella_pneumoniae_subsp._pneumoniae_KPNIH20_NZ_AKAK01000006.1 k141_160

CONTIG: k141_412 (515bp)
Best alignment score: 511.0 (LEN: 515, IDY: 99.22), Total number of alignments: 1
		One align captures most of this contig: 34524 35038 | 515 1 | 515 515 | 99.22 | Klebsiella_pneumoniae_subsp._pneumoniae_KPNIH20_NZ_AKAK01000006.1 k141_412

CONTIG: k141_230 (565bp)
Best alignment score: 563.0 (LEN: 565, IDY: 99.65), Total number of alignments: 1
		One align captures most of this contig: 128134 128698 | 565 1 | 565 565 | 99.65 | Klebsiella_pneumoniae_subsp._pneumoniae_KPNIH20_NZ_AKAK01000006.1 k141_230

CONTIG: k141_140 (780bp)
Best alignment score: 779.0 (LEN: 780, IDY: 99.87), Total number of alignments: 1
		One align captures most of this contig: 153717 154496 | 780 1 | 780 780 | 99.87 | Klebsiella_pneumoniae_subsp._pneumoniae_KPNIH20_NZ_AKAK01000011.1 k141_140

CONTIG: k141_345 (550bp)
Best alignment score: 547.0 (LEN: 550, IDY: 99.45), Total number of alignments: 1
		One align captures most of this contig: 74307 74856 | 1 550 | 550 550 | 99.45 | Klebsiella_pneumoniae_subsp._pneumoniae_KPNIH20_NZ_AKAK01000008.1 k141_345

CONTIG: k141_157 (514bp)
Best alignment score: 507.0 (LEN: 514, IDY: 98.64), Total number of alignments: 1
		One align captures most of this contig: 21469 21982 | 514 1 | 514 514 | 98.64 | Klebsiella_pneumoniae_subsp._pneumoniae_KPNIH20_NZ_AKAK01000040.1 k141_157

CONTIG: k141_165 (505bp)
Best alignment score: 499.0 (LEN: 505, IDY: 98.81), Total number of alignments: 1
		One align captures most of this contig: 27830 28334 | 505 1 | 505 505 | 98.81 | Klebsiella_pneumoniae_subsp._pneumoniae_KPNIH20_NZ_AKAK01000033.1 k141_165

CONTIG: k141_239 (539bp)
Best alignment score: 537.0 (LEN: 539, IDY: 99.63), Total number of alignments: 1
		One align captures most of this contig: 15307 15845 | 1 539 | 539 539 | 99.63 | Klebsiella_pneumoniae_subsp._pneumoniae_KPNIH20_NZ_AKAK01000033.1 k141_239

CONTIG: k141_375 (1758bp)
Best alignment score: 1752.0 (LEN: 1758, IDY: 99.66), Total number of alignments: 1
		One align captures most of this contig: 9 1766 | 1 1758 | 1758 1758 | 99.66 | Klebsiella_pneumoniae_subsp._pneumoniae_KPNIH20_NZ_AKAK01000096.1 k141_375

CONTIG: k141_181 (523bp)
Best alignment score: 522.0 (LEN: 523, IDY: 99.81), Total number of alignments: 1
		One align captures most of this contig: 42050 42572 | 1 523 | 523 523 | 99.81 | Klebsiella_pneumoniae_subsp._pneumoniae_KPNIH20_NZ_AKAK01000012.1 k141_181

CONTIG: k141_262 (572bp)
Best alignment score: 570.0 (LEN: 572, IDY: 99.65), Total number of alignments: 1
		One align captures most of this contig: 37247 37818 | 572 1 | 572 572 | 99.65 | Klebsiella_pneumoniae_subsp._pneumoniae_KPNIH20_NZ_AKAK01000012.1 k141_262

CONTIG: k141_420 (593bp)
Best alignment score: 342.0 (LEN: 344, IDY: 99.42), Total number of alignments: 1
			Looking for the best set of alignments (out of 1 total alignments)
			The best set is below. Score: 342.0, number of alignments: 1, unaligned bases: 249
		Alignment: 6953 7296 | 344 1 | 344 344 | 99.42 | Klebsiella_pneumoniae_subsp._pneumoniae_KPNIH20_NZ_AKAK01000018.1 k141_420

CONTIG: k141_438 (587bp)
Best alignment score: 586.0 (LEN: 587, IDY: 99.83), Total number of alignments: 1
		One align captures most of this contig: 140886 141472 | 1 587 | 587 587 | 99.83 | Klebsiella_pneumoniae_subsp._pneumoniae_KPNIH20_NZ_AKAK01000003.1 k141_438

CONTIG: k141_470 (659bp)
Best alignment score: 657.0 (LEN: 659, IDY: 99.70), Total number of alignments: 1
		One align captures most of this contig: 192099 192757 | 1 659 | 659 659 | 99.7 | Klebsiella_pneumoniae_subsp._pneumoniae_KPNIH20_NZ_AKAK01000003.1 k141_470

CONTIG: k141_527 (500bp)
Best alignment score: 497.0 (LEN: 500, IDY: 99.40), Total number of alignments: 1
		One align captures most of this contig: 226485 226984 | 500 1 | 500 500 | 99.4 | Klebsiella_pneumoniae_subsp._pneumoniae_KPNIH20_NZ_AKAK01000003.1 k141_527

CONTIG: k141_517 (621bp)
Best alignment score: 613.0 (LEN: 620, IDY: 98.87), Total number of alignments: 1
		One align captures most of this contig: 25252 25871 | 621 2 | 620 620 | 98.87 | Klebsiella_pneumoniae_subsp._pneumoniae_KPNIH20_NZ_AKAK01000022.1 k141_517

CONTIG: k141_525 (508bp)
Best alignment score: 501.0 (LEN: 508, IDY: 98.62), Total number of alignments: 1
		One align captures most of this contig: 39474 39981 | 1 508 | 508 508 | 98.62 | Klebsiella_pneumoniae_subsp._pneumoniae_KPNIH20_NZ_AKAK01000021.1 k141_525

CONTIG: k141_526 (611bp)
Best alignment score: 603.0 (LEN: 611, IDY: 98.69), Total number of alignments: 1
		One align captures most of this contig: 39754 40364 | 1 611 | 611 611 | 98.69 | Klebsiella_pneumoniae_subsp._pneumoniae_KPNIH20_NZ_AKAK01000013.1 k141_526

Analyzing coverage...
Writing SNPs into /home/hannelore/PROJECTHH/Scripts/Pipeline/work/5b/fd06bcddfdd15e6ad5a6ca9bd7cd34/metaquast-results/runs_per_reference/Klebsiella_pneumoniae_subsp._pneumoniae_KPNIH20/contigs_reports/minimap_output/TRIM_SO_9245_KP_mini_1-contigs.used_snps.gz

Analysis is finished!
Founded SNPs were written into /home/hannelore/PROJECTHH/Scripts/Pipeline/work/5b/fd06bcddfdd15e6ad5a6ca9bd7cd34/metaquast-results/runs_per_reference/Klebsiella_pneumoniae_subsp._pneumoniae_KPNIH20/contigs_reports/minimap_output/TRIM_SO_9245_KP_mini_1-contigs.used_snps.gz

Results:
	Local Misassemblies: 0
	Misassemblies: 4
		Relocations: 0
		Translocations: 4
		Inversions: 0
	Scaffold gap extensive misassemblies: 0
	Scaffold gap local misassemblies: 0
	Misassembled Contigs: 3
	Misassembled Contig Bases: 2826
	Misassemblies Inter-Contig Overlap: 0
Unaligned Contigs: 0 + 0 part
Half Unaligned Contigs with Misassemblies: 0
Unaligned Contig Bases: 0

Ambiguously Mapped Contigs: 0
Total Bases in Ambiguously Mapped Contigs: 0
Extra Bases in Ambiguously Mapped Contigs: 0
Note that --allow-ambiguity option was set to "one" and only first alignment per each of these contigs was used.

	Covered Bases: 29319

	SNPs: 183
	Insertions: 0
	Deletions: 14

