Aligning contigs to reference...
	Aligning contigs to the reference
Filtering alignments...
Parsing coords...
Loading reference...
	Loaded [Klebsiella_pneumoniae_subsp._pneumoniae_NZ_CP047675.1]
	Loaded [Klebsiella_pneumoniae_subsp._pneumoniae_NZ_CP047676.1]
	Total Regions: 2
	Total Region Length: 5606998
Analyzing contigs...
CONTIG: k141_320 (644bp)
Best alignment score: 642.0 (LEN: 644, IDY: 99.69), Total number of alignments: 1
		One align captures most of this contig: 1198252 1198895 | 1 644 | 644 644 | 99.69 | Klebsiella_pneumoniae_subsp._pneumoniae_NZ_CP047675.1 k141_320

CONTIG: k141_4 (509bp)
Best alignment score: 507.0 (LEN: 509, IDY: 99.61), Total number of alignments: 1
		One align captures most of this contig: 1271163 1271671 | 1 509 | 509 509 | 99.61 | Klebsiella_pneumoniae_subsp._pneumoniae_NZ_CP047675.1 k141_4

CONTIG: k141_6 (564bp)
Best alignment score: 563.0 (LEN: 563, IDY: 100.00), Total number of alignments: 1
		One align captures most of this contig: 993749 994311 | 564 2 | 563 563 | 100.0 | Klebsiella_pneumoniae_subsp._pneumoniae_NZ_CP047675.1 k141_6

CONTIG: k141_7 (990bp)
Best alignment score: 984.0 (LEN: 990, IDY: 99.39), Total number of alignments: 1
		One align captures most of this contig: 4882211 4883200 | 1 990 | 990 990 | 99.39 | Klebsiella_pneumoniae_subsp._pneumoniae_NZ_CP047675.1 k141_7

CONTIG: k141_14 (1163bp)
Best alignment score: 1163.0 (LEN: 1163, IDY: 100.00), Total number of alignments: 1
		One align captures most of this contig: 4757951 4759113 | 1 1163 | 1163 1163 | 100.0 | Klebsiella_pneumoniae_subsp._pneumoniae_NZ_CP047675.1 k141_14

CONTIG: k141_20 (643bp)
Best alignment score: 642.0 (LEN: 643, IDY: 99.84), Total number of alignments: 1
		One align captures most of this contig: 1887072 1887714 | 643 1 | 643 643 | 99.84 | Klebsiella_pneumoniae_subsp._pneumoniae_NZ_CP047675.1 k141_20

CONTIG: k141_24 (539bp)
Best alignment score: 538.0 (LEN: 539, IDY: 99.81), Total number of alignments: 1
		One align captures most of this contig: 4965935 4966473 | 1 539 | 539 539 | 99.81 | Klebsiella_pneumoniae_subsp._pneumoniae_NZ_CP047675.1 k141_24

CONTIG: k141_28 (1900bp)
Best alignment score: 1476.9 (LEN: 1479, IDY: 99.86), Total number of alignments: 3
			Looking for the best set of alignments (out of 3 total alignments)
			Skipping redundant alignments after choosing the best set of alignments
		Skipping redundant alignment 2176216 2177694 | 422 1900 | 1479 1479 | 99.86 | Klebsiella_pneumoniae_subsp._pneumoniae_NZ_CP047675.1 k141_28
		Skipping redundant alignment 3619368 3620846 | 422 1900 | 1479 1479 | 99.86 | Klebsiella_pneumoniae_subsp._pneumoniae_NZ_CP047675.1 k141_28
		This contig has several significant sets of alignments. [An ambiguously mapped contig]
		Using only the very best set (option --ambiguity-usage is set to "one").
			The best set is below. Score: 1476.9, number of alignments: 1, unaligned bases: 421
		Alignment: 2102253 2103731 | 1900 422 | 1479 1479 | 99.86 | Klebsiella_pneumoniae_subsp._pneumoniae_NZ_CP047675.1 k141_28

CONTIG: k141_49 (563bp)
Best alignment score: 561.0 (LEN: 563, IDY: 99.64), Total number of alignments: 1
		One align captures most of this contig: 1055528 1056090 | 1 563 | 563 563 | 99.64 | Klebsiella_pneumoniae_subsp._pneumoniae_NZ_CP047675.1 k141_49

CONTIG: k141_54 (549bp)
Best alignment score: 547.0 (LEN: 549, IDY: 99.64), Total number of alignments: 1
		One align captures most of this contig: 1049546 1050094 | 1 549 | 549 549 | 99.64 | Klebsiella_pneumoniae_subsp._pneumoniae_NZ_CP047675.1 k141_54

CONTIG: k141_58 (512bp)
Best alignment score: 509.0 (LEN: 512, IDY: 99.41), Total number of alignments: 1
		One align captures most of this contig: 5003867 5004377 | 1 512 | 511 512 | 99.41 | Klebsiella_pneumoniae_subsp._pneumoniae_NZ_CP047675.1 k141_58

CONTIG: k141_63 (595bp)
Best alignment score: 593.0 (LEN: 595, IDY: 99.66), Total number of alignments: 1
		One align captures most of this contig: 407094 407688 | 595 1 | 595 595 | 99.66 | Klebsiella_pneumoniae_subsp._pneumoniae_NZ_CP047675.1 k141_63

CONTIG: k141_66 (592bp)
Best alignment score: 590.0 (LEN: 592, IDY: 99.66), Total number of alignments: 1
		One align captures most of this contig: 1993699 1994290 | 592 1 | 592 592 | 99.66 | Klebsiella_pneumoniae_subsp._pneumoniae_NZ_CP047675.1 k141_66

CONTIG: k141_73 (512bp)
Best alignment score: 508.0 (LEN: 512, IDY: 99.22), Total number of alignments: 1
		One align captures most of this contig: 3998599 3999110 | 512 1 | 512 512 | 99.22 | Klebsiella_pneumoniae_subsp._pneumoniae_NZ_CP047675.1 k141_73

CONTIG: k141_82 (538bp)
Best alignment score: 536.0 (LEN: 538, IDY: 99.63), Total number of alignments: 1
		One align captures most of this contig: 388667 389204 | 538 1 | 538 538 | 99.63 | Klebsiella_pneumoniae_subsp._pneumoniae_NZ_CP047675.1 k141_82

CONTIG: k141_85 (532bp)
Best alignment score: 529.0 (LEN: 532, IDY: 99.44), Total number of alignments: 1
		One align captures most of this contig: 2639635 2640166 | 532 1 | 532 532 | 99.44 | Klebsiella_pneumoniae_subsp._pneumoniae_NZ_CP047675.1 k141_85

CONTIG: k141_94 (544bp)
Best alignment score: 539.0 (LEN: 544, IDY: 99.08), Total number of alignments: 1
		One align captures most of this contig: 5287921 5288464 | 1 544 | 544 544 | 99.08 | Klebsiella_pneumoniae_subsp._pneumoniae_NZ_CP047675.1 k141_94

CONTIG: k141_98 (558bp)
Best alignment score: 555.0 (LEN: 558, IDY: 99.46), Total number of alignments: 1
		One align captures most of this contig: 3082587 3083144 | 558 1 | 558 558 | 99.46 | Klebsiella_pneumoniae_subsp._pneumoniae_NZ_CP047675.1 k141_98

CONTIG: k141_99 (500bp)
Best alignment score: 499.0 (LEN: 500, IDY: 99.80), Total number of alignments: 1
		One align captures most of this contig: 2804588 2805087 | 500 1 | 500 500 | 99.8 | Klebsiella_pneumoniae_subsp._pneumoniae_NZ_CP047675.1 k141_99

CONTIG: k141_100 (576bp)
Best alignment score: 570.0 (LEN: 576, IDY: 98.96), Total number of alignments: 1
		One align captures most of this contig: 1066976 1067551 | 576 1 | 576 576 | 98.96 | Klebsiella_pneumoniae_subsp._pneumoniae_NZ_CP047675.1 k141_100

CONTIG: k141_103 (569bp)
Best alignment score: 567.0 (LEN: 569, IDY: 99.65), Total number of alignments: 1
		One align captures most of this contig: 4492611 4493179 | 569 1 | 569 569 | 99.65 | Klebsiella_pneumoniae_subsp._pneumoniae_NZ_CP047675.1 k141_103

CONTIG: k141_113 (521bp)
Best alignment score: 521.0 (LEN: 521, IDY: 100.00), Total number of alignments: 1
		One align captures most of this contig: 2887558 2888078 | 1 521 | 521 521 | 100.0 | Klebsiella_pneumoniae_subsp._pneumoniae_NZ_CP047675.1 k141_113

CONTIG: k141_115 (563bp)
Best alignment score: 563.0 (LEN: 563, IDY: 100.00), Total number of alignments: 1
		One align captures most of this contig: 4760766 4761328 | 1 563 | 563 563 | 100.0 | Klebsiella_pneumoniae_subsp._pneumoniae_NZ_CP047675.1 k141_115

CONTIG: k141_122 (500bp)
Best alignment score: 495.0 (LEN: 495, IDY: 100.00), Total number of alignments: 1
		One align captures most of this contig: 443564 444058 | 500 6 | 495 495 | 100.0 | Klebsiella_pneumoniae_subsp._pneumoniae_NZ_CP047675.1 k141_122

CONTIG: k141_127 (733bp)
Best alignment score: 732.0 (LEN: 733, IDY: 99.86), Total number of alignments: 1
		One align captures most of this contig: 4976830 4977562 | 1 733 | 733 733 | 99.86 | Klebsiella_pneumoniae_subsp._pneumoniae_NZ_CP047675.1 k141_127

CONTIG: k141_134 (514bp)
Best alignment score: 509.0 (LEN: 514, IDY: 99.03), Total number of alignments: 1
		One align captures most of this contig: 4575492 4576003 | 1 514 | 512 514 | 99.03 | Klebsiella_pneumoniae_subsp._pneumoniae_NZ_CP047675.1 k141_134

CONTIG: k141_141 (516bp)
Best alignment score: 515.0 (LEN: 516, IDY: 99.81), Total number of alignments: 1
		One align captures most of this contig: 1801455 1801970 | 1 516 | 516 516 | 99.81 | Klebsiella_pneumoniae_subsp._pneumoniae_NZ_CP047675.1 k141_141

CONTIG: k141_143 (2150bp)
Best alignment score: 2144.0 (LEN: 2150, IDY: 99.72), Total number of alignments: 8
		This contig has 8 significant alignments. [An ambiguously mapped contig]
		Using only first of these alignment (option --ambiguity-usage is set to "one"):
			Alignment: 4885199 4887348 | 2150 1 | 2150 2150 | 99.72 | Klebsiella_pneumoniae_subsp._pneumoniae_NZ_CP047675.1 k141_143
			Skipping alignment 4130452 4132601 | 2150 1 | 2150 2150 | 99.72 | Klebsiella_pneumoniae_subsp._pneumoniae_NZ_CP047675.1 k141_143
			Skipping alignment 214787 216936 | 1 2150 | 2150 2150 | 99.67 | Klebsiella_pneumoniae_subsp._pneumoniae_NZ_CP047675.1 k141_143
			Skipping alignment 259933 262082 | 1 2150 | 2150 2150 | 99.67 | Klebsiella_pneumoniae_subsp._pneumoniae_NZ_CP047675.1 k141_143
			Skipping alignment 122930 125079 | 1 2150 | 2150 2150 | 99.63 | Klebsiella_pneumoniae_subsp._pneumoniae_NZ_CP047675.1 k141_143
			Skipping alignment 1038471 1040620 | 1 2150 | 2150 2150 | 99.63 | Klebsiella_pneumoniae_subsp._pneumoniae_NZ_CP047675.1 k141_143
			Skipping alignment 683147 685297 | 1 2150 | 2151 2150 | 99.49 | Klebsiella_pneumoniae_subsp._pneumoniae_NZ_CP047675.1 k141_143
			Skipping alignment 18398 20548 | 1 2150 | 2151 2150 | 99.44 | Klebsiella_pneumoniae_subsp._pneumoniae_NZ_CP047675.1 k141_143

CONTIG: k141_146 (546bp)
Best alignment score: 542.0 (LEN: 546, IDY: 99.27), Total number of alignments: 1
		One align captures most of this contig: 150486 151031 | 546 1 | 546 546 | 99.27 | Klebsiella_pneumoniae_subsp._pneumoniae_NZ_CP047675.1 k141_146

CONTIG: k141_152 (512bp)
Best alignment score: 511.0 (LEN: 512, IDY: 99.80), Total number of alignments: 1
		One align captures most of this contig: 1847666 1848177 | 512 1 | 512 512 | 99.8 | Klebsiella_pneumoniae_subsp._pneumoniae_NZ_CP047675.1 k141_152

CONTIG: k141_158 (507bp)
Best alignment score: 505.0 (LEN: 507, IDY: 99.61), Total number of alignments: 1
		One align captures most of this contig: 2271435 2271941 | 507 1 | 507 507 | 99.61 | Klebsiella_pneumoniae_subsp._pneumoniae_NZ_CP047675.1 k141_158

CONTIG: k141_159 (2115bp)
Best alignment score: 2095.1 (LEN: 2109, IDY: 99.34), Total number of alignments: 8
		Skipping these alignments as insignificant (option --ambiguity-score is set to "0.99"):
			Skipping alignment 257309 259197 | 1953 65 | 1889 1889 | 99.84 | Klebsiella_pneumoniae_subsp._pneumoniae_NZ_CP047675.1 k141_159
			Skipping alignment 680545 682411 | 1931 65 | 1867 1867 | 99.73 | Klebsiella_pneumoniae_subsp._pneumoniae_NZ_CP047675.1 k141_159
			Skipping alignment 4887947 4889805 | 73 1931 | 1859 1859 | 99.41 | Klebsiella_pneumoniae_subsp._pneumoniae_NZ_CP047675.1 k141_159
			Skipping alignment 120373 122172 | 1800 1 | 1800 1800 | 99.83 | Klebsiella_pneumoniae_subsp._pneumoniae_NZ_CP047675.1 k141_159
			Skipping alignment 212164 213960 | 1797 1 | 1797 1797 | 99.67 | Klebsiella_pneumoniae_subsp._pneumoniae_NZ_CP047675.1 k141_159
			Skipping alignment 4133344 4135141 | 64 1861 | 1798 1798 | 99.28 | Klebsiella_pneumoniae_subsp._pneumoniae_NZ_CP047675.1 k141_159
			Skipping alignment 15934 17666 | 1797 65 | 1733 1733 | 99.94 | Klebsiella_pneumoniae_subsp._pneumoniae_NZ_CP047675.1 k141_159
		One align captures most of this contig: 1035612 1037717 | 2109 1 | 2106 2109 | 99.34 | Klebsiella_pneumoniae_subsp._pneumoniae_NZ_CP047675.1 k141_159

CONTIG: k141_172 (655bp)
Best alignment score: 655.0 (LEN: 655, IDY: 100.00), Total number of alignments: 1
		One align captures most of this contig: 3217593 3218247 | 655 1 | 655 655 | 100.0 | Klebsiella_pneumoniae_subsp._pneumoniae_NZ_CP047675.1 k141_172

CONTIG: k141_173 (762bp)
Best alignment score: 759.0 (LEN: 762, IDY: 99.61), Total number of alignments: 1
		One align captures most of this contig: 1640578 1641339 | 762 1 | 762 762 | 99.61 | Klebsiella_pneumoniae_subsp._pneumoniae_NZ_CP047675.1 k141_173

CONTIG: k141_179 (573bp)
Best alignment score: 569.0 (LEN: 573, IDY: 99.30), Total number of alignments: 1
		One align captures most of this contig: 3846793 3847365 | 1 573 | 573 573 | 99.3 | Klebsiella_pneumoniae_subsp._pneumoniae_NZ_CP047675.1 k141_179

CONTIG: k141_180 (552bp)
Best alignment score: 551.0 (LEN: 552, IDY: 99.82), Total number of alignments: 1
		One align captures most of this contig: 4858747 4859298 | 552 1 | 552 552 | 99.82 | Klebsiella_pneumoniae_subsp._pneumoniae_NZ_CP047675.1 k141_180

CONTIG: k141_181 (506bp)
Best alignment score: 503.0 (LEN: 506, IDY: 99.41), Total number of alignments: 1
		One align captures most of this contig: 4953940 4954445 | 506 1 | 506 506 | 99.41 | Klebsiella_pneumoniae_subsp._pneumoniae_NZ_CP047675.1 k141_181

CONTIG: k141_332 (514bp)
Best alignment score: 510.0 (LEN: 514, IDY: 99.22), Total number of alignments: 1
		One align captures most of this contig: 40038 40551 | 1 514 | 514 514 | 99.22 | Klebsiella_pneumoniae_subsp._pneumoniae_NZ_CP047675.1 k141_332

CONTIG: k141_334 (641bp)
Best alignment score: 634.0 (LEN: 641, IDY: 98.91), Total number of alignments: 1
		One align captures most of this contig: 3008918 3009558 | 1 641 | 641 641 | 98.91 | Klebsiella_pneumoniae_subsp._pneumoniae_NZ_CP047675.1 k141_334

CONTIG: k141_194 (548bp)
Best alignment score: 534.0 (LEN: 548, IDY: 97.45), Total number of alignments: 1
		One align captures most of this contig: 2978296 2978842 | 1 548 | 547 548 | 97.45 | Klebsiella_pneumoniae_subsp._pneumoniae_NZ_CP047675.1 k141_194

CONTIG: k141_199 (604bp)
Best alignment score: 599.0 (LEN: 604, IDY: 99.17), Total number of alignments: 1
		One align captures most of this contig: 1517446 1518049 | 604 1 | 604 604 | 99.17 | Klebsiella_pneumoniae_subsp._pneumoniae_NZ_CP047675.1 k141_199

CONTIG: k141_352 (564bp)
Best alignment score: 527.0 (LEN: 529, IDY: 99.62), Total number of alignments: 1
			Looking for the best set of alignments (out of 1 total alignments)
			The best set is below. Score: 527.0, number of alignments: 1, unaligned bases: 35
		Alignment: 1266663 1267191 | 1 529 | 529 529 | 99.62 | Klebsiella_pneumoniae_subsp._pneumoniae_NZ_CP047675.1 k141_352

CONTIG: k141_355 (523bp)
Best alignment score: 521.0 (LEN: 523, IDY: 99.62), Total number of alignments: 1
		One align captures most of this contig: 1024987 1025509 | 523 1 | 523 523 | 99.62 | Klebsiella_pneumoniae_subsp._pneumoniae_NZ_CP047675.1 k141_355

CONTIG: k141_207 (543bp)
Best alignment score: 534.0 (LEN: 543, IDY: 98.34), Total number of alignments: 1
		One align captures most of this contig: 3390474 3391016 | 543 1 | 543 543 | 98.34 | Klebsiella_pneumoniae_subsp._pneumoniae_NZ_CP047675.1 k141_207

CONTIG: k141_208 (574bp)
Best alignment score: 567.0 (LEN: 574, IDY: 98.78), Total number of alignments: 1
		One align captures most of this contig: 3197661 3198235 | 574 1 | 575 574 | 98.78 | Klebsiella_pneumoniae_subsp._pneumoniae_NZ_CP047675.1 k141_208

CONTIG: k141_359 (528bp)
Best alignment score: 521.0 (LEN: 528, IDY: 98.67), Total number of alignments: 1
		One align captures most of this contig: 692500 693027 | 528 1 | 528 528 | 98.67 | Klebsiella_pneumoniae_subsp._pneumoniae_NZ_CP047675.1 k141_359

CONTIG: k141_362 (1136bp)
Best alignment score: 1044.0 (LEN: 1044, IDY: 100.00), Total number of alignments: 5
			Looking for the best set of alignments (out of 5 total alignments)
			Skipping redundant alignments after choosing the best set of alignments
		Skipping redundant alignment 1133067 1134094 | 1 1028 | 1028 1028 | 100.0 | Klebsiella_pneumoniae_subsp._pneumoniae_NZ_CP047675.1 k141_362
		Skipping redundant alignment 1460915 1461958 | 1044 1 | 1044 1044 | 100.0 | Klebsiella_pneumoniae_subsp._pneumoniae_NZ_CP047675.1 k141_362
		Skipping redundant alignment 975441 976484 | 1 1044 | 1044 1044 | 99.9 | Klebsiella_pneumoniae_subsp._pneumoniae_NZ_CP047675.1 k141_362
		This contig has several significant sets of alignments. [An ambiguously mapped contig]
		Using only the very best set (option --ambiguity-usage is set to "one").
			The best set is below. Score: 1063.1, number of alignments: 2, unaligned bases: 3
		This contig is misassembled.
			Excluding internal overlap of size 23 between Alignment 1 and 2: 5120112 5120239 | 1133 1006 | 128 128 --> 5120112 5120216 | 1133 1029 | 105 105
			Real Alignment 1: 5120634 5121661 | 1 1028 | 1028 1028 | 100.0 | Klebsiella_pneumoniae_subsp._pneumoniae_NZ_CP047675.1 k141_362
			  Extensive misassembly (inversion) between these two alignments
			Real Alignment 2: 5120112 5120216 | 1133 1029 | 105 105 | 97.67 | Klebsiella_pneumoniae_subsp._pneumoniae_NZ_CP047675.1 k141_362

CONTIG: k141_215 (559bp)
Best alignment score: 401.0 (LEN: 404, IDY: 99.26), Total number of alignments: 3
			Looking for the best set of alignments (out of 3 total alignments)
			Skipping redundant alignments after choosing the best set of alignments
		Skipping redundant alignment 3957136 3957325 | 249 438 | 190 190 | 100.0 | Klebsiella_pneumoniae_subsp._pneumoniae_NZ_CP047675.1 k141_215
			The best set is below. Score: 495.7, number of alignments: 2, unaligned bases: 0
		This contig is misassembled.
			Excluding internal overlap of size 18 between Alignment 1 and 2: 3957432 3957604 | 387 559 | 173 173 --> 3957450 3957604 | 405 559 | 155 155
			Real Alignment 1: 1648072 1648473 | 1 404 | 402 404 | 99.26 | Klebsiella_pneumoniae_subsp._pneumoniae_NZ_CP047675.1 k141_215
			  Extensive misassembly (relocation, inconsistency = 2308976) between these two alignments
			Real Alignment 2: 3957450 3957604 | 405 559 | 155 155 | 99.42 | Klebsiella_pneumoniae_subsp._pneumoniae_NZ_CP047675.1 k141_215

CONTIG: k141_365 (589bp)
Best alignment score: 589.0 (LEN: 589, IDY: 100.00), Total number of alignments: 1
		One align captures most of this contig: 38945 39533 | 589 1 | 589 589 | 100.0 | Klebsiella_pneumoniae_subsp._pneumoniae_NZ_CP047675.1 k141_365

CONTIG: k141_367 (587bp)
Best alignment score: 75.0 (LEN: 75, IDY: 100.00), Total number of alignments: 3
			Looking for the best set of alignments (out of 3 total alignments)
			Skipping redundant alignments after choosing the best set of alignments
		Skipping redundant alignment 3621158 3621232 | 513 587 | 75 75 | 100.0 | Klebsiella_pneumoniae_subsp._pneumoniae_NZ_CP047675.1 k141_367
		Skipping redundant alignment 2101867 2101941 | 587 513 | 75 75 | 100.0 | Klebsiella_pneumoniae_subsp._pneumoniae_NZ_CP047675.1 k141_367
		This contig has several significant sets of alignments. [An ambiguously mapped contig]
		Using only the very best set (option --ambiguity-usage is set to "one").
			The best set is below. Score: 75.0, number of alignments: 1, unaligned bases: 512
		This contig is partially unaligned. (Aligned 75 out of 587 non-N bases (12.78%))
		Alignment: 2178006 2178080 | 513 587 | 75 75 | 100.0 | Klebsiella_pneumoniae_subsp._pneumoniae_NZ_CP047675.1 k141_367
		Unaligned bases: 1 to 512 (512)

CONTIG: k141_369 (604bp)
Best alignment score: 600.0 (LEN: 604, IDY: 99.34), Total number of alignments: 1
		One align captures most of this contig: 3374494 3375097 | 1 604 | 604 604 | 99.34 | Klebsiella_pneumoniae_subsp._pneumoniae_NZ_CP047675.1 k141_369

CONTIG: k141_379 (508bp)
Best alignment score: 504.0 (LEN: 507, IDY: 99.41), Total number of alignments: 1
		One align captures most of this contig: 3264484 3264990 | 2 508 | 507 507 | 99.41 | Klebsiella_pneumoniae_subsp._pneumoniae_NZ_CP047675.1 k141_379

CONTIG: k141_380 (647bp)
Best alignment score: 641.0 (LEN: 647, IDY: 99.07), Total number of alignments: 1
		One align captures most of this contig: 1206981 1207627 | 1 647 | 647 647 | 99.07 | Klebsiella_pneumoniae_subsp._pneumoniae_NZ_CP047675.1 k141_380

CONTIG: k141_382 (643bp)
Best alignment score: 639.0 (LEN: 643, IDY: 99.38), Total number of alignments: 1
		One align captures most of this contig: 4303389 4304031 | 643 1 | 643 643 | 99.38 | Klebsiella_pneumoniae_subsp._pneumoniae_NZ_CP047675.1 k141_382

CONTIG: k141_400 (524bp)
Best alignment score: 517.0 (LEN: 521, IDY: 99.23), Total number of alignments: 1
		One align captures most of this contig: 3021105 3021625 | 1 521 | 521 521 | 99.23 | Klebsiella_pneumoniae_subsp._pneumoniae_NZ_CP047675.1 k141_400

CONTIG: k141_411 (558bp)
Best alignment score: 557.0 (LEN: 558, IDY: 99.82), Total number of alignments: 1
		One align captures most of this contig: 2193111 2193668 | 558 1 | 558 558 | 99.82 | Klebsiella_pneumoniae_subsp._pneumoniae_NZ_CP047675.1 k141_411

CONTIG: k141_414 (920bp)
Best alignment score: 917.0 (LEN: 920, IDY: 99.67), Total number of alignments: 1
		One align captures most of this contig: 771194 772113 | 920 1 | 920 920 | 99.67 | Klebsiella_pneumoniae_subsp._pneumoniae_NZ_CP047675.1 k141_414

CONTIG: k141_419 (513bp)
Best alignment score: 510.0 (LEN: 512, IDY: 99.61), Total number of alignments: 1
		One align captures most of this contig: 1701392 1701903 | 1 512 | 512 512 | 99.61 | Klebsiella_pneumoniae_subsp._pneumoniae_NZ_CP047675.1 k141_419

CONTIG: k141_423 (656bp)
Best alignment score: 650.0 (LEN: 656, IDY: 99.09), Total number of alignments: 1
		One align captures most of this contig: 5122658 5123313 | 1 656 | 656 656 | 99.09 | Klebsiella_pneumoniae_subsp._pneumoniae_NZ_CP047675.1 k141_423

CONTIG: k141_432 (622bp)
Best alignment score: 620.0 (LEN: 622, IDY: 99.68), Total number of alignments: 1
		One align captures most of this contig: 79354 79975 | 1 622 | 622 622 | 99.68 | Klebsiella_pneumoniae_subsp._pneumoniae_NZ_CP047675.1 k141_432

CONTIG: k141_434 (770bp)
Best alignment score: 575.0 (LEN: 579, IDY: 99.31), Total number of alignments: 3
			Looking for the best set of alignments (out of 3 total alignments)
			Skipping redundant alignments after choosing the best set of alignments
		Skipping redundant alignment 125471 125740 | 770 501 | 270 270 | 99.63 | Klebsiella_pneumoniae_subsp._pneumoniae_NZ_CP047675.1 k141_434
		This contig has several significant sets of alignments. [An ambiguously mapped contig]
		Using only the very best set (option --ambiguity-usage is set to "one").
			The best set is below. Score: 675.8, number of alignments: 2, unaligned bases: 0
		This contig is misassembled.
			Excluding internal overlap of size 79 between Alignment 1 and 2: 1041012 1041281 | 770 501 | 270 270 --> 1041012 1041202 | 770 580 | 191 191
			Real Alignment 1: 1050656 1051234 | 579 1 | 579 579 | 99.31 | Klebsiella_pneumoniae_subsp._pneumoniae_NZ_CP047675.1 k141_434
			  Extensive misassembly (relocation, inconsistency = 9453) between these two alignments
			Real Alignment 2: 1041012 1041202 | 770 580 | 191 191 | 99.63 | Klebsiella_pneumoniae_subsp._pneumoniae_NZ_CP047675.1 k141_434

CONTIG: k141_439 (888bp)
Best alignment score: 880.0 (LEN: 888, IDY: 99.10), Total number of alignments: 1
		One align captures most of this contig: 1426173 1427060 | 888 1 | 888 888 | 99.1 | Klebsiella_pneumoniae_subsp._pneumoniae_NZ_CP047675.1 k141_439

CONTIG: k141_219 (581bp)
Best alignment score: 578.0 (LEN: 581, IDY: 99.48), Total number of alignments: 1
		One align captures most of this contig: 1129724 1130304 | 581 1 | 581 581 | 99.48 | Klebsiella_pneumoniae_subsp._pneumoniae_NZ_CP047675.1 k141_219

CONTIG: k141_221 (773bp)
Best alignment score: 763.0 (LEN: 773, IDY: 98.71), Total number of alignments: 1
		One align captures most of this contig: 1184500 1185272 | 773 1 | 773 773 | 98.71 | Klebsiella_pneumoniae_subsp._pneumoniae_NZ_CP047675.1 k141_221

CONTIG: k141_224 (558bp)
Best alignment score: 555.0 (LEN: 558, IDY: 99.46), Total number of alignments: 1
		One align captures most of this contig: 3224364 3224921 | 558 1 | 558 558 | 99.46 | Klebsiella_pneumoniae_subsp._pneumoniae_NZ_CP047675.1 k141_224

CONTIG: k141_447 (566bp)
Best alignment score: 564.0 (LEN: 566, IDY: 99.65), Total number of alignments: 1
		One align captures most of this contig: 2523024 2523589 | 566 1 | 566 566 | 99.65 | Klebsiella_pneumoniae_subsp._pneumoniae_NZ_CP047675.1 k141_447

CONTIG: k141_452 (541bp)
Best alignment score: 539.0 (LEN: 541, IDY: 99.63), Total number of alignments: 1
		One align captures most of this contig: 4220916 4221456 | 541 1 | 541 541 | 99.63 | Klebsiella_pneumoniae_subsp._pneumoniae_NZ_CP047675.1 k141_452

CONTIG: k141_458 (725bp)
Best alignment score: 722.0 (LEN: 725, IDY: 99.59), Total number of alignments: 1
		One align captures most of this contig: 508638 509362 | 725 1 | 725 725 | 99.59 | Klebsiella_pneumoniae_subsp._pneumoniae_NZ_CP047675.1 k141_458

CONTIG: k141_462 (515bp)
Best alignment score: 515.0 (LEN: 515, IDY: 100.00), Total number of alignments: 1
		One align captures most of this contig: 1848665 1849179 | 515 1 | 515 515 | 100.0 | Klebsiella_pneumoniae_subsp._pneumoniae_NZ_CP047675.1 k141_462

CONTIG: k141_470 (534bp)
Best alignment score: 532.0 (LEN: 534, IDY: 99.63), Total number of alignments: 1
		One align captures most of this contig: 1467367 1467900 | 1 534 | 534 534 | 99.63 | Klebsiella_pneumoniae_subsp._pneumoniae_NZ_CP047675.1 k141_470

CONTIG: k141_473 (771bp)
Best alignment score: 768.0 (LEN: 771, IDY: 99.61), Total number of alignments: 1
		One align captures most of this contig: 4142225 4142995 | 1 771 | 771 771 | 99.61 | Klebsiella_pneumoniae_subsp._pneumoniae_NZ_CP047675.1 k141_473

CONTIG: k141_476 (548bp)
Best alignment score: 544.0 (LEN: 548, IDY: 99.27), Total number of alignments: 1
		One align captures most of this contig: 1486813 1487360 | 548 1 | 548 548 | 99.27 | Klebsiella_pneumoniae_subsp._pneumoniae_NZ_CP047675.1 k141_476

CONTIG: k141_488 (532bp)
Best alignment score: 532.0 (LEN: 532, IDY: 100.00), Total number of alignments: 1
		One align captures most of this contig: 4080066 4080597 | 532 1 | 532 532 | 100.0 | Klebsiella_pneumoniae_subsp._pneumoniae_NZ_CP047675.1 k141_488

CONTIG: k141_496 (815bp)
Best alignment score: 814.0 (LEN: 815, IDY: 99.88), Total number of alignments: 1
		One align captures most of this contig: 1717622 1718436 | 1 815 | 815 815 | 99.88 | Klebsiella_pneumoniae_subsp._pneumoniae_NZ_CP047675.1 k141_496

CONTIG: k141_499 (856bp)
Best alignment score: 848.0 (LEN: 856, IDY: 99.07), Total number of alignments: 1
		One align captures most of this contig: 1087769 1088624 | 856 1 | 856 856 | 99.07 | Klebsiella_pneumoniae_subsp._pneumoniae_NZ_CP047675.1 k141_499

CONTIG: k141_504 (700bp)
Best alignment score: 699.0 (LEN: 700, IDY: 99.86), Total number of alignments: 1
		One align captures most of this contig: 4116406 4117105 | 700 1 | 700 700 | 99.86 | Klebsiella_pneumoniae_subsp._pneumoniae_NZ_CP047675.1 k141_504

CONTIG: k141_514 (529bp)
Best alignment score: 528.0 (LEN: 529, IDY: 99.81), Total number of alignments: 1
		One align captures most of this contig: 1146433 1146961 | 529 1 | 529 529 | 99.81 | Klebsiella_pneumoniae_subsp._pneumoniae_NZ_CP047675.1 k141_514

CONTIG: k141_517 (652bp)
Best alignment score: 650.0 (LEN: 652, IDY: 99.69), Total number of alignments: 1
		One align captures most of this contig: 4647900 4648551 | 1 652 | 652 652 | 99.69 | Klebsiella_pneumoniae_subsp._pneumoniae_NZ_CP047675.1 k141_517

CONTIG: k141_522 (528bp)
Best alignment score: 524.0 (LEN: 528, IDY: 99.24), Total number of alignments: 1
		One align captures most of this contig: 4866204 4866731 | 1 528 | 528 528 | 99.24 | Klebsiella_pneumoniae_subsp._pneumoniae_NZ_CP047675.1 k141_522

CONTIG: k141_525 (540bp)
Best alignment score: 535.0 (LEN: 540, IDY: 99.07), Total number of alignments: 1
		One align captures most of this contig: 923053 923592 | 1 540 | 540 540 | 99.07 | Klebsiella_pneumoniae_subsp._pneumoniae_NZ_CP047675.1 k141_525

CONTIG: k141_532 (519bp)
Best alignment score: 517.0 (LEN: 519, IDY: 99.61), Total number of alignments: 1
		One align captures most of this contig: 289228 289746 | 519 1 | 519 519 | 99.61 | Klebsiella_pneumoniae_subsp._pneumoniae_NZ_CP047675.1 k141_532

CONTIG: k141_533 (560bp)
Best alignment score: 559.0 (LEN: 560, IDY: 99.82), Total number of alignments: 1
		One align captures most of this contig: 3950451 3951010 | 1 560 | 560 560 | 99.82 | Klebsiella_pneumoniae_subsp._pneumoniae_NZ_CP047675.1 k141_533

CONTIG: k141_534 (641bp)
Best alignment score: 640.0 (LEN: 641, IDY: 99.84), Total number of alignments: 1
		One align captures most of this contig: 4910198 4910838 | 641 1 | 641 641 | 99.84 | Klebsiella_pneumoniae_subsp._pneumoniae_NZ_CP047675.1 k141_534

CONTIG: k141_537 (544bp)
Best alignment score: 541.0 (LEN: 544, IDY: 99.45), Total number of alignments: 1
		One align captures most of this contig: 1402023 1402566 | 1 544 | 544 544 | 99.45 | Klebsiella_pneumoniae_subsp._pneumoniae_NZ_CP047675.1 k141_537

CONTIG: k141_538 (624bp)
Best alignment score: 624.0 (LEN: 624, IDY: 100.00), Total number of alignments: 1
		One align captures most of this contig: 4796422 4797045 | 1 624 | 624 624 | 100.0 | Klebsiella_pneumoniae_subsp._pneumoniae_NZ_CP047675.1 k141_538

CONTIG: k141_539 (509bp)
Best alignment score: 505.0 (LEN: 509, IDY: 99.21), Total number of alignments: 1
		One align captures most of this contig: 229899 230407 | 1 509 | 509 509 | 99.21 | Klebsiella_pneumoniae_subsp._pneumoniae_NZ_CP047675.1 k141_539

CONTIG: k141_541 (521bp)
Best alignment score: 521.0 (LEN: 521, IDY: 100.00), Total number of alignments: 1
		One align captures most of this contig: 4917226 4917746 | 521 1 | 521 521 | 100.0 | Klebsiella_pneumoniae_subsp._pneumoniae_NZ_CP047675.1 k141_541

CONTIG: k141_542 (635bp)
Best alignment score: 634.0 (LEN: 635, IDY: 99.84), Total number of alignments: 1
		One align captures most of this contig: 4852130 4852764 | 1 635 | 635 635 | 99.84 | Klebsiella_pneumoniae_subsp._pneumoniae_NZ_CP047675.1 k141_542

CONTIG: k141_545 (668bp)
Best alignment score: 666.0 (LEN: 668, IDY: 99.70), Total number of alignments: 1
		One align captures most of this contig: 3798378 3799045 | 1 668 | 668 668 | 99.7 | Klebsiella_pneumoniae_subsp._pneumoniae_NZ_CP047675.1 k141_545

CONTIG: k141_555 (621bp)
Best alignment score: 619.0 (LEN: 621, IDY: 99.68), Total number of alignments: 1
		One align captures most of this contig: 5114941 5115561 | 621 1 | 621 621 | 99.68 | Klebsiella_pneumoniae_subsp._pneumoniae_NZ_CP047675.1 k141_555

CONTIG: k141_569 (626bp)
Best alignment score: 621.0 (LEN: 626, IDY: 99.20), Total number of alignments: 1
		One align captures most of this contig: 5219222 5219847 | 626 1 | 626 626 | 99.2 | Klebsiella_pneumoniae_subsp._pneumoniae_NZ_CP047675.1 k141_569

CONTIG: k141_235 (509bp)
Best alignment score: 509.0 (LEN: 509, IDY: 100.00), Total number of alignments: 1
		One align captures most of this contig: 2480257 2480765 | 1 509 | 509 509 | 100.0 | Klebsiella_pneumoniae_subsp._pneumoniae_NZ_CP047675.1 k141_235

CONTIG: k141_587 (578bp)
Best alignment score: 577.0 (LEN: 578, IDY: 99.83), Total number of alignments: 1
		One align captures most of this contig: 4828517 4829094 | 1 578 | 578 578 | 99.83 | Klebsiella_pneumoniae_subsp._pneumoniae_NZ_CP047675.1 k141_587

CONTIG: k141_243 (564bp)
Best alignment score: 554.0 (LEN: 558, IDY: 99.28), Total number of alignments: 1
		One align captures most of this contig: 3987580 3988137 | 7 564 | 558 558 | 99.28 | Klebsiella_pneumoniae_subsp._pneumoniae_NZ_CP047675.1 k141_243

CONTIG: k141_252 (552bp)
Best alignment score: 551.0 (LEN: 552, IDY: 99.82), Total number of alignments: 1
		One align captures most of this contig: 1561669 1562220 | 1 552 | 552 552 | 99.82 | Klebsiella_pneumoniae_subsp._pneumoniae_NZ_CP047675.1 k141_252

CONTIG: k141_605 (575bp)
Best alignment score: 569.0 (LEN: 575, IDY: 98.96), Total number of alignments: 1
		One align captures most of this contig: 3621357 3621931 | 575 1 | 575 575 | 98.96 | Klebsiella_pneumoniae_subsp._pneumoniae_NZ_CP047675.1 k141_605

CONTIG: k141_255 (544bp)
Best alignment score: 539.0 (LEN: 542, IDY: 99.45), Total number of alignments: 1
		One align captures most of this contig: 1165746 1166287 | 542 1 | 542 542 | 99.45 | Klebsiella_pneumoniae_subsp._pneumoniae_NZ_CP047675.1 k141_255

CONTIG: k141_607 (618bp)
Best alignment score: 617.0 (LEN: 618, IDY: 99.84), Total number of alignments: 1
		One align captures most of this contig: 3877638 3878255 | 618 1 | 618 618 | 99.84 | Klebsiella_pneumoniae_subsp._pneumoniae_NZ_CP047675.1 k141_607

CONTIG: k141_612 (542bp)
Best alignment score: 540.0 (LEN: 542, IDY: 99.63), Total number of alignments: 1
		One align captures most of this contig: 2233973 2234514 | 1 542 | 542 542 | 99.63 | Klebsiella_pneumoniae_subsp._pneumoniae_NZ_CP047675.1 k141_612

CONTIG: k141_265 (533bp)
Best alignment score: 528.0 (LEN: 533, IDY: 99.06), Total number of alignments: 1
		One align captures most of this contig: 1672602 1673134 | 1 533 | 533 533 | 99.06 | Klebsiella_pneumoniae_subsp._pneumoniae_NZ_CP047675.1 k141_265

CONTIG: k141_616 (638bp)
Best alignment score: 638.0 (LEN: 638, IDY: 100.00), Total number of alignments: 1
		One align captures most of this contig: 900767 901404 | 638 1 | 638 638 | 100.0 | Klebsiella_pneumoniae_subsp._pneumoniae_NZ_CP047675.1 k141_616

CONTIG: k141_618 (560bp)
Best alignment score: 556.0 (LEN: 560, IDY: 99.29), Total number of alignments: 1
		One align captures most of this contig: 3821927 3822486 | 1 560 | 560 560 | 99.29 | Klebsiella_pneumoniae_subsp._pneumoniae_NZ_CP047675.1 k141_618

CONTIG: k141_621 (500bp)
Best alignment score: 498.0 (LEN: 500, IDY: 99.60), Total number of alignments: 1
		One align captures most of this contig: 1920144 1920643 | 500 1 | 500 500 | 99.6 | Klebsiella_pneumoniae_subsp._pneumoniae_NZ_CP047675.1 k141_621

CONTIG: k141_273 (576bp)
Best alignment score: 573.0 (LEN: 576, IDY: 99.48), Total number of alignments: 1
		One align captures most of this contig: 2662191 2662766 | 1 576 | 576 576 | 99.48 | Klebsiella_pneumoniae_subsp._pneumoniae_NZ_CP047675.1 k141_273

CONTIG: k141_276 (562bp)
Best alignment score: 558.0 (LEN: 562, IDY: 99.29), Total number of alignments: 1
		One align captures most of this contig: 1573341 1573902 | 562 1 | 562 562 | 99.29 | Klebsiella_pneumoniae_subsp._pneumoniae_NZ_CP047675.1 k141_276

CONTIG: k141_285 (709bp)
Best alignment score: 702.0 (LEN: 709, IDY: 99.01), Total number of alignments: 1
		One align captures most of this contig: 4865094 4865802 | 709 1 | 709 709 | 99.01 | Klebsiella_pneumoniae_subsp._pneumoniae_NZ_CP047675.1 k141_285

CONTIG: k141_286 (519bp)
Best alignment score: 517.0 (LEN: 519, IDY: 99.61), Total number of alignments: 1
		One align captures most of this contig: 5076471 5076989 | 1 519 | 519 519 | 99.61 | Klebsiella_pneumoniae_subsp._pneumoniae_NZ_CP047675.1 k141_286

CONTIG: k141_296 (676bp)
Best alignment score: 673.0 (LEN: 674, IDY: 99.85), Total number of alignments: 1
		One align captures most of this contig: 408228 408901 | 674 1 | 674 674 | 99.85 | Klebsiella_pneumoniae_subsp._pneumoniae_NZ_CP047675.1 k141_296

CONTIG: k141_298 (515bp)
Best alignment score: 514.0 (LEN: 515, IDY: 99.81), Total number of alignments: 1
		One align captures most of this contig: 5257203 5257717 | 515 1 | 515 515 | 99.81 | Klebsiella_pneumoniae_subsp._pneumoniae_NZ_CP047675.1 k141_298

CONTIG: k141_310 (568bp)
Best alignment score: 566.0 (LEN: 568, IDY: 99.65), Total number of alignments: 1
		One align captures most of this contig: 2553241 2553809 | 568 1 | 569 568 | 99.65 | Klebsiella_pneumoniae_subsp._pneumoniae_NZ_CP047675.1 k141_310

CONTIG: k141_628 (630bp)
Best alignment score: 628.0 (LEN: 630, IDY: 99.68), Total number of alignments: 1
		One align captures most of this contig: 2938645 2939274 | 630 1 | 630 630 | 99.68 | Klebsiella_pneumoniae_subsp._pneumoniae_NZ_CP047675.1 k141_628

Analyzing coverage...
Writing SNPs into /home/hannelore/PROJECTHH/Scripts/Pipeline/work/5b/fd06bcddfdd15e6ad5a6ca9bd7cd34/metaquast-results/runs_per_reference/Klebsiella_pneumoniae_subsp._pneumoniae/contigs_reports/minimap_output/TRIM_ERR1795087_Illumina_MiSeq_paired_end_sequencing_EXP_15_1_2017_01_13_14_47_56_mini_1-contigs.used_snps.gz

Analysis is finished!
Founded SNPs were written into /home/hannelore/PROJECTHH/Scripts/Pipeline/work/5b/fd06bcddfdd15e6ad5a6ca9bd7cd34/metaquast-results/runs_per_reference/Klebsiella_pneumoniae_subsp._pneumoniae/contigs_reports/minimap_output/TRIM_ERR1795087_Illumina_MiSeq_paired_end_sequencing_EXP_15_1_2017_01_13_14_47_56_mini_1-contigs.used_snps.gz

Results:
	Local Misassemblies: 0
	Misassemblies: 3
		Relocations: 2
		Translocations: 0
		Inversions: 1
	Scaffold gap extensive misassemblies: 0
	Scaffold gap local misassemblies: 0
	Misassembled Contigs: 3
	Misassembled Contig Bases: 2465
	Misassemblies Inter-Contig Overlap: 0
Unaligned Contigs: 0 + 1 part
Half Unaligned Contigs with Misassemblies: 0
Unaligned Contig Bases: 512

Ambiguously Mapped Contigs: 5
Total Bases in Ambiguously Mapped Contigs: 6543
Extra Bases in Ambiguously Mapped Contigs: 0
Note that --allow-ambiguity option was set to "one" and only first alignment per each of these contigs was used.

	Covered Bases: 70275

	SNPs: 320
	Insertions: 9
	Deletions: 2

