Aligning contigs to reference...
	Aligning contigs to the reference
Filtering alignments...
Parsing coords...
Loading reference...
	Loaded [Klebsiella_pneumoniae_subsp._pneumoniae_NZ_CP047675.1]
	Loaded [Klebsiella_pneumoniae_subsp._pneumoniae_NZ_CP047676.1]
	Total Regions: 2
	Total Region Length: 5606998
Analyzing contigs...
CONTIG: k141_1 (500bp)
Best alignment score: 496.0 (LEN: 499, IDY: 99.40), Total number of alignments: 1
		One align captures most of this contig: 402007 402505 | 500 2 | 499 499 | 99.4 | Klebsiella_pneumoniae_subsp._pneumoniae_NZ_CP047675.1 k141_1

CONTIG: k141_272 (547bp)
Best alignment score: 546.0 (LEN: 547, IDY: 99.82), Total number of alignments: 1
		One align captures most of this contig: 2162648 2163194 | 1 547 | 547 547 | 99.82 | Klebsiella_pneumoniae_subsp._pneumoniae_NZ_CP047675.1 k141_272

CONTIG: k141_279 (500bp)
Best alignment score: 499.0 (LEN: 500, IDY: 99.80), Total number of alignments: 1
		One align captures most of this contig: 4564987 4565486 | 1 500 | 500 500 | 99.8 | Klebsiella_pneumoniae_subsp._pneumoniae_NZ_CP047675.1 k141_279

CONTIG: k141_11 (709bp)
Best alignment score: 680.0 (LEN: 689, IDY: 98.69), Total number of alignments: 1
			Looking for the best set of alignments (out of 1 total alignments)
			The best set is below. Score: 680.0, number of alignments: 1, unaligned bases: 20
		Alignment: 2401662 2402350 | 707 19 | 689 689 | 98.69 | Klebsiella_pneumoniae_subsp._pneumoniae_NZ_CP047675.1 k141_11

CONTIG: k141_16 (711bp)
Best alignment score: 708.0 (LEN: 711, IDY: 99.58), Total number of alignments: 1
		One align captures most of this contig: 2561624 2562334 | 711 1 | 711 711 | 99.58 | Klebsiella_pneumoniae_subsp._pneumoniae_NZ_CP047675.1 k141_16

CONTIG: k141_288 (551bp)
Best alignment score: 545.0 (LEN: 549, IDY: 99.27), Total number of alignments: 1
		One align captures most of this contig: 3795887 3796435 | 551 3 | 549 549 | 99.27 | Klebsiella_pneumoniae_subsp._pneumoniae_NZ_CP047675.1 k141_288

CONTIG: k141_291 (626bp)
Best alignment score: 624.0 (LEN: 626, IDY: 99.68), Total number of alignments: 1
		One align captures most of this contig: 1190378 1191003 | 626 1 | 626 626 | 99.68 | Klebsiella_pneumoniae_subsp._pneumoniae_NZ_CP047675.1 k141_291

CONTIG: k141_26 (542bp)
Best alignment score: 542.0 (LEN: 542, IDY: 100.00), Total number of alignments: 1
		One align captures most of this contig: 4863419 4863960 | 542 1 | 542 542 | 100.0 | Klebsiella_pneumoniae_subsp._pneumoniae_NZ_CP047675.1 k141_26

CONTIG: k141_303 (790bp)
Best alignment score: 787.0 (LEN: 790, IDY: 99.62), Total number of alignments: 1
		One align captures most of this contig: 237104 237893 | 790 1 | 790 790 | 99.62 | Klebsiella_pneumoniae_subsp._pneumoniae_NZ_CP047675.1 k141_303

CONTIG: k141_306 (503bp)
Best alignment score: 495.0 (LEN: 501, IDY: 98.80), Total number of alignments: 1
		One align captures most of this contig: 4055435 4055935 | 503 3 | 501 501 | 98.8 | Klebsiella_pneumoniae_subsp._pneumoniae_NZ_CP047675.1 k141_306

CONTIG: k141_29 (1683bp)
Best alignment score: 241.0 (LEN: 243, IDY: 99.18), Total number of alignments: 1
			Looking for the best set of alignments (out of 1 total alignments)
			The best set is below. Score: 241.0, number of alignments: 1, unaligned bases: 1440
		This contig is partially unaligned. (Aligned 243 out of 1683 non-N bases (14.44%))
		Alignment: 2816877 2817119 | 1436 1678 | 243 243 | 99.18 | Klebsiella_pneumoniae_subsp._pneumoniae_NZ_CP047675.1 k141_29
		Unaligned bases: 1 to 1435 (1435)
		Unaligned bases: 1679 to 1683 (5)

CONTIG: k141_308 (651bp)
Best alignment score: 645.0 (LEN: 651, IDY: 99.08), Total number of alignments: 1
		One align captures most of this contig: 3621803 3622453 | 1 651 | 651 651 | 99.08 | Klebsiella_pneumoniae_subsp._pneumoniae_NZ_CP047675.1 k141_308

CONTIG: k141_309 (540bp)
Best alignment score: 539.0 (LEN: 540, IDY: 99.81), Total number of alignments: 1
		One align captures most of this contig: 1187296 1187835 | 1 540 | 540 540 | 99.81 | Klebsiella_pneumoniae_subsp._pneumoniae_NZ_CP047675.1 k141_309

CONTIG: k141_33 (510bp)
Best alignment score: 506.0 (LEN: 510, IDY: 99.22), Total number of alignments: 1
		One align captures most of this contig: 1173522 1174031 | 510 1 | 510 510 | 99.22 | Klebsiella_pneumoniae_subsp._pneumoniae_NZ_CP047675.1 k141_33

CONTIG: k141_312 (511bp)
Best alignment score: 511.0 (LEN: 511, IDY: 100.00), Total number of alignments: 1
		One align captures most of this contig: 2072079 2072589 | 511 1 | 511 511 | 100.0 | Klebsiella_pneumoniae_subsp._pneumoniae_NZ_CP047675.1 k141_312

CONTIG: k141_37 (509bp)
Best alignment score: 509.0 (LEN: 509, IDY: 100.00), Total number of alignments: 1
		One align captures most of this contig: 5372459 5372967 | 1 509 | 509 509 | 100.0 | Klebsiella_pneumoniae_subsp._pneumoniae_NZ_CP047675.1 k141_37

CONTIG: k141_315 (630bp)
Best alignment score: 627.0 (LEN: 630, IDY: 99.52), Total number of alignments: 1
		One align captures most of this contig: 5092809 5093438 | 630 1 | 630 630 | 99.52 | Klebsiella_pneumoniae_subsp._pneumoniae_NZ_CP047675.1 k141_315

CONTIG: k141_316 (525bp)
Best alignment score: 516.0 (LEN: 524, IDY: 98.47), Total number of alignments: 1
		One align captures most of this contig: 1830556 1831079 | 1 524 | 524 524 | 98.47 | Klebsiella_pneumoniae_subsp._pneumoniae_NZ_CP047675.1 k141_316

CONTIG: k141_42 (554bp)
Best alignment score: 552.0 (LEN: 554, IDY: 99.64), Total number of alignments: 1
		One align captures most of this contig: 1030915 1031468 | 554 1 | 554 554 | 99.64 | Klebsiella_pneumoniae_subsp._pneumoniae_NZ_CP047675.1 k141_42

CONTIG: k141_319 (586bp)
Best alignment score: 586.0 (LEN: 586, IDY: 100.00), Total number of alignments: 1
		One align captures most of this contig: 908737 909322 | 1 586 | 586 586 | 100.0 | Klebsiella_pneumoniae_subsp._pneumoniae_NZ_CP047675.1 k141_319

CONTIG: k141_320 (504bp)
Best alignment score: 499.0 (LEN: 502, IDY: 99.40), Total number of alignments: 1
		One align captures most of this contig: 11661 12162 | 504 3 | 502 502 | 99.4 | Klebsiella_pneumoniae_subsp._pneumoniae_NZ_CP047675.1 k141_320

CONTIG: k141_44 (687bp)
Best alignment score: 679.0 (LEN: 687, IDY: 98.84), Total number of alignments: 1
		One align captures most of this contig: 1907576 1908262 | 1 687 | 687 687 | 98.84 | Klebsiella_pneumoniae_subsp._pneumoniae_NZ_CP047675.1 k141_44

CONTIG: k141_324 (521bp)
Best alignment score: 520.0 (LEN: 521, IDY: 99.81), Total number of alignments: 1
		One align captures most of this contig: 3533194 3533714 | 521 1 | 521 521 | 99.81 | Klebsiella_pneumoniae_subsp._pneumoniae_NZ_CP047675.1 k141_324

CONTIG: k141_47 (557bp)
Best alignment score: 556.0 (LEN: 557, IDY: 99.82), Total number of alignments: 1
		One align captures most of this contig: 1911166 1911722 | 557 1 | 557 557 | 99.82 | Klebsiella_pneumoniae_subsp._pneumoniae_NZ_CP047675.1 k141_47

CONTIG: k141_56 (613bp)
Best alignment score: 613.0 (LEN: 613, IDY: 100.00), Total number of alignments: 1
		One align captures most of this contig: 4950271 4950883 | 613 1 | 613 613 | 100.0 | Klebsiella_pneumoniae_subsp._pneumoniae_NZ_CP047675.1 k141_56

CONTIG: k141_336 (609bp)
Best alignment score: 607.0 (LEN: 609, IDY: 99.67), Total number of alignments: 1
		One align captures most of this contig: 228069 228677 | 1 609 | 609 609 | 99.67 | Klebsiella_pneumoniae_subsp._pneumoniae_NZ_CP047675.1 k141_336

CONTIG: k141_58 (1640bp)
Best alignment score: 1454.0 (LEN: 1460, IDY: 99.59), Total number of alignments: 5
			Looking for the best set of alignments (out of 5 total alignments)
			Skipping redundant alignments after choosing the best set of alignments
		Skipping redundant alignment 1132650 1134091 | 199 1640 | 1442 1442 | 99.65 | Klebsiella_pneumoniae_subsp._pneumoniae_NZ_CP047675.1 k141_58
		Skipping redundant alignment 975006 976465 | 181 1640 | 1460 1460 | 99.59 | Klebsiella_pneumoniae_subsp._pneumoniae_NZ_CP047675.1 k141_58
		Skipping redundant alignment 1460934 1462393 | 1640 181 | 1460 1460 | 99.52 | Klebsiella_pneumoniae_subsp._pneumoniae_NZ_CP047675.1 k141_58
		This contig has several significant sets of alignments. [An ambiguously mapped contig]
		Using only the very best set (option --ambiguity-usage is set to "one").
			The best set is below. Score: 1544.7, number of alignments: 2, unaligned bases: 4
		This contig is misassembled.
			Real Alignment 1: 3624093 3624286 | 1 194 | 194 194 | 97.94 | Klebsiella_pneumoniae_subsp._pneumoniae_NZ_CP047675.1 k141_58
			  Extensive misassembly (relocation, inconsistency = 1495926) between these two alignments
			Real Alignment 2: 5120217 5121658 | 199 1640 | 1442 1442 | 99.65 | Klebsiella_pneumoniae_subsp._pneumoniae_NZ_CP047675.1 k141_58

CONTIG: k141_59 (504bp)
Best alignment score: 501.0 (LEN: 504, IDY: 99.40), Total number of alignments: 1
		One align captures most of this contig: 280251 280754 | 504 1 | 504 504 | 99.4 | Klebsiella_pneumoniae_subsp._pneumoniae_NZ_CP047675.1 k141_59

CONTIG: k141_63 (601bp)
Best alignment score: 596.0 (LEN: 601, IDY: 99.17), Total number of alignments: 1
		One align captures most of this contig: 3421774 3422374 | 1 601 | 601 601 | 99.17 | Klebsiella_pneumoniae_subsp._pneumoniae_NZ_CP047675.1 k141_63

CONTIG: k141_349 (544bp)
Best alignment score: 539.0 (LEN: 544, IDY: 99.08), Total number of alignments: 1
		One align captures most of this contig: 3237766 3238309 | 1 544 | 544 544 | 99.08 | Klebsiella_pneumoniae_subsp._pneumoniae_NZ_CP047675.1 k141_349

CONTIG: k141_351 (622bp)
Best alignment score: 618.0 (LEN: 622, IDY: 99.36), Total number of alignments: 1
		One align captures most of this contig: 5150298 5150919 | 622 1 | 622 622 | 99.36 | Klebsiella_pneumoniae_subsp._pneumoniae_NZ_CP047675.1 k141_351

CONTIG: k141_79 (574bp)
Best alignment score: 570.0 (LEN: 574, IDY: 99.30), Total number of alignments: 1
		One align captures most of this contig: 4561300 4561873 | 1 574 | 574 574 | 99.3 | Klebsiella_pneumoniae_subsp._pneumoniae_NZ_CP047675.1 k141_79

CONTIG: k141_363 (530bp)
Best alignment score: 524.0 (LEN: 530, IDY: 98.87), Total number of alignments: 1
		One align captures most of this contig: 4399604 4400133 | 530 1 | 530 530 | 98.87 | Klebsiella_pneumoniae_subsp._pneumoniae_NZ_CP047675.1 k141_363

CONTIG: k141_366 (620bp)
Best alignment score: 614.0 (LEN: 620, IDY: 99.03), Total number of alignments: 1
		One align captures most of this contig: 1811271 1811890 | 620 1 | 620 620 | 99.03 | Klebsiella_pneumoniae_subsp._pneumoniae_NZ_CP047675.1 k141_366

CONTIG: k141_368 (588bp)
Best alignment score: 586.0 (LEN: 588, IDY: 99.66), Total number of alignments: 1
		One align captures most of this contig: 1593941 1594528 | 1 588 | 588 588 | 99.66 | Klebsiella_pneumoniae_subsp._pneumoniae_NZ_CP047675.1 k141_368

CONTIG: k141_370 (535bp)
Best alignment score: 528.0 (LEN: 535, IDY: 98.69), Total number of alignments: 1
		One align captures most of this contig: 5245413 5245947 | 1 535 | 535 535 | 98.69 | Klebsiella_pneumoniae_subsp._pneumoniae_NZ_CP047675.1 k141_370

CONTIG: k141_378 (668bp)
Best alignment score: 665.0 (LEN: 668, IDY: 99.55), Total number of alignments: 1
		One align captures most of this contig: 5350250 5350917 | 1 668 | 668 668 | 99.55 | Klebsiella_pneumoniae_subsp._pneumoniae_NZ_CP047675.1 k141_378

CONTIG: k141_89 (647bp)
Best alignment score: 644.0 (LEN: 647, IDY: 99.54), Total number of alignments: 1
		One align captures most of this contig: 3702650 3703296 | 1 647 | 647 647 | 99.54 | Klebsiella_pneumoniae_subsp._pneumoniae_NZ_CP047675.1 k141_89

CONTIG: k141_93 (513bp)
Best alignment score: 508.0 (LEN: 513, IDY: 99.03), Total number of alignments: 1
		One align captures most of this contig: 2933804 2934315 | 513 1 | 512 513 | 99.03 | Klebsiella_pneumoniae_subsp._pneumoniae_NZ_CP047675.1 k141_93

CONTIG: k141_94 (503bp)
Best alignment score: 486.0 (LEN: 494, IDY: 98.38), Total number of alignments: 1
		One align captures most of this contig: 4057911 4058404 | 10 503 | 494 494 | 98.38 | Klebsiella_pneumoniae_subsp._pneumoniae_NZ_CP047675.1 k141_94

CONTIG: k141_95 (644bp)
Best alignment score: 640.0 (LEN: 644, IDY: 99.38), Total number of alignments: 1
		One align captures most of this contig: 1263059 1263702 | 644 1 | 644 644 | 99.38 | Klebsiella_pneumoniae_subsp._pneumoniae_NZ_CP047675.1 k141_95

CONTIG: k141_386 (719bp)
Best alignment score: 715.0 (LEN: 719, IDY: 99.44), Total number of alignments: 1
		One align captures most of this contig: 4936916 4937634 | 1 719 | 719 719 | 99.44 | Klebsiella_pneumoniae_subsp._pneumoniae_NZ_CP047675.1 k141_386

CONTIG: k141_395 (514bp)
Best alignment score: 512.0 (LEN: 514, IDY: 99.61), Total number of alignments: 1
		One align captures most of this contig: 820626 821139 | 1 514 | 514 514 | 99.61 | Klebsiella_pneumoniae_subsp._pneumoniae_NZ_CP047675.1 k141_395

CONTIG: k141_105 (543bp)
Best alignment score: 540.0 (LEN: 543, IDY: 99.45), Total number of alignments: 1
		One align captures most of this contig: 4325176 4325718 | 543 1 | 543 543 | 99.45 | Klebsiella_pneumoniae_subsp._pneumoniae_NZ_CP047675.1 k141_105

CONTIG: k141_401 (650bp)
Best alignment score: 644.0 (LEN: 650, IDY: 99.08), Total number of alignments: 1
		One align captures most of this contig: 2523825 2524474 | 650 1 | 650 650 | 99.08 | Klebsiella_pneumoniae_subsp._pneumoniae_NZ_CP047675.1 k141_401

CONTIG: k141_109 (880bp)
Best alignment score: 873.0 (LEN: 880, IDY: 99.20), Total number of alignments: 1
		One align captures most of this contig: 1366362 1367241 | 1 880 | 880 880 | 99.2 | Klebsiella_pneumoniae_subsp._pneumoniae_NZ_CP047675.1 k141_109

CONTIG: k141_409 (519bp)
Best alignment score: 514.0 (LEN: 516, IDY: 99.61), Total number of alignments: 1
		One align captures most of this contig: 4316691 4317206 | 519 4 | 516 516 | 99.61 | Klebsiella_pneumoniae_subsp._pneumoniae_NZ_CP047675.1 k141_409

CONTIG: k141_411 (707bp)
Best alignment score: 459.0 (LEN: 463, IDY: 99.14), Total number of alignments: 2
			Looking for the best set of alignments (out of 2 total alignments)
			The best set is below. Score: 640.9, number of alignments: 2, unaligned bases: 0
		This contig is misassembled.
			Excluding internal overlap of size 22 between Alignment 1 and 2: 4991057 4991322 | 442 707 | 266 266 --> 4991079 4991322 | 464 707 | 244 244
			Real Alignment 1: 4075880 4076342 | 1 463 | 463 463 | 99.14 | Klebsiella_pneumoniae_subsp._pneumoniae_NZ_CP047675.1 k141_411
			  Extensive misassembly (relocation, inconsistency = 914736) between these two alignments
			Real Alignment 2: 4991079 4991322 | 464 707 | 244 244 | 99.62 | Klebsiella_pneumoniae_subsp._pneumoniae_NZ_CP047675.1 k141_411

CONTIG: k141_414 (790bp)
Best alignment score: 789.0 (LEN: 790, IDY: 99.87), Total number of alignments: 1
		One align captures most of this contig: 1390307 1391096 | 1 790 | 790 790 | 99.87 | Klebsiella_pneumoniae_subsp._pneumoniae_NZ_CP047675.1 k141_414

CONTIG: k141_123 (515bp)
Best alignment score: 515.0 (LEN: 515, IDY: 100.00), Total number of alignments: 1
		One align captures most of this contig: 4903406 4903920 | 1 515 | 515 515 | 100.0 | Klebsiella_pneumoniae_subsp._pneumoniae_NZ_CP047675.1 k141_123

CONTIG: k141_419 (526bp)
Best alignment score: 522.0 (LEN: 526, IDY: 99.24), Total number of alignments: 1
		One align captures most of this contig: 1146949 1147474 | 1 526 | 526 526 | 99.24 | Klebsiella_pneumoniae_subsp._pneumoniae_NZ_CP047675.1 k141_419

CONTIG: k141_127 (757bp)
Best alignment score: 757.0 (LEN: 757, IDY: 100.00), Total number of alignments: 1
		One align captures most of this contig: 4910242 4910998 | 1 757 | 757 757 | 100.0 | Klebsiella_pneumoniae_subsp._pneumoniae_NZ_CP047675.1 k141_127

CONTIG: k141_128 (500bp)
Best alignment score: 491.0 (LEN: 500, IDY: 98.20), Total number of alignments: 1
		One align captures most of this contig: 4872062 4872561 | 500 1 | 500 500 | 98.2 | Klebsiella_pneumoniae_subsp._pneumoniae_NZ_CP047675.1 k141_128

CONTIG: k141_130 (512bp)
Best alignment score: 511.0 (LEN: 512, IDY: 99.80), Total number of alignments: 1
		One align captures most of this contig: 5191044 5191555 | 512 1 | 512 512 | 99.8 | Klebsiella_pneumoniae_subsp._pneumoniae_NZ_CP047675.1 k141_130

CONTIG: k141_420 (3553bp)
Best alignment score: 3409.0 (LEN: 3440, IDY: 99.10), Total number of alignments: 9
			Looking for the best set of alignments (out of 9 total alignments)
			Skipping redundant alignments after choosing the best set of alignments
		Skipping redundant alignment 262583 262813 | 243 13 | 231 231 | 100.0 | Klebsiella_pneumoniae_subsp._pneumoniae_NZ_CP047675.1 k141_420
		Skipping redundant alignment 259383 262438 | 3345 289 | 3056 3057 | 99.51 | Klebsiella_pneumoniae_subsp._pneumoniae_NZ_CP047675.1 k141_420
		Skipping redundant alignment 4130096 4133159 | 289 3345 | 3064 3057 | 99.22 | Klebsiella_pneumoniae_subsp._pneumoniae_NZ_CP047675.1 k141_420
		Skipping redundant alignment 682597 685832 | 3345 114 | 3236 3232 | 98.89 | Klebsiella_pneumoniae_subsp._pneumoniae_NZ_CP047675.1 k141_420
		Skipping redundant alignment 17852 21180 | 3345 13 | 3329 3333 | 99.4 | Klebsiella_pneumoniae_subsp._pneumoniae_NZ_CP047675.1 k141_420
		Skipping redundant alignment 214236 217293 | 3346 289 | 3058 3058 | 99.48 | Klebsiella_pneumoniae_subsp._pneumoniae_NZ_CP047675.1 k141_420
		Skipping redundant alignment 122379 125610 | 3346 114 | 3232 3233 | 99.44 | Klebsiella_pneumoniae_subsp._pneumoniae_NZ_CP047675.1 k141_420
		Skipping redundant alignment 1037924 1041151 | 3346 114 | 3228 3233 | 99.23 | Klebsiella_pneumoniae_subsp._pneumoniae_NZ_CP047675.1 k141_420
			The best set is below. Score: 3409.0, number of alignments: 1, unaligned bases: 113
		Alignment: 4884663 4888106 | 114 3553 | 3444 3440 | 99.1 | Klebsiella_pneumoniae_subsp._pneumoniae_NZ_CP047675.1 k141_420

CONTIG: k141_139 (593bp)
Best alignment score: 592.0 (LEN: 593, IDY: 99.83), Total number of alignments: 1
		One align captures most of this contig: 196451 197043 | 593 1 | 593 593 | 99.83 | Klebsiella_pneumoniae_subsp._pneumoniae_NZ_CP047675.1 k141_139

CONTIG: k141_142 (563bp)
Best alignment score: 560.0 (LEN: 563, IDY: 99.47), Total number of alignments: 1
		One align captures most of this contig: 712676 713238 | 563 1 | 563 563 | 99.47 | Klebsiella_pneumoniae_subsp._pneumoniae_NZ_CP047675.1 k141_142

CONTIG: k141_424 (549bp)
Best alignment score: 546.0 (LEN: 549, IDY: 99.45), Total number of alignments: 1
		One align captures most of this contig: 4475167 4475715 | 549 1 | 549 549 | 99.45 | Klebsiella_pneumoniae_subsp._pneumoniae_NZ_CP047675.1 k141_424

CONTIG: k141_426 (515bp)
Best alignment score: 514.0 (LEN: 515, IDY: 99.81), Total number of alignments: 1
		One align captures most of this contig: 993386 993900 | 515 1 | 515 515 | 99.81 | Klebsiella_pneumoniae_subsp._pneumoniae_NZ_CP047675.1 k141_426

CONTIG: k141_429 (548bp)
Best alignment score: 543.0 (LEN: 548, IDY: 99.09), Total number of alignments: 1
		One align captures most of this contig: 4671350 4671897 | 548 1 | 548 548 | 99.09 | Klebsiella_pneumoniae_subsp._pneumoniae_NZ_CP047675.1 k141_429

CONTIG: k141_431 (643bp)
Best alignment score: 639.0 (LEN: 643, IDY: 99.38), Total number of alignments: 1
		One align captures most of this contig: 1585716 1586358 | 1 643 | 643 643 | 99.38 | Klebsiella_pneumoniae_subsp._pneumoniae_NZ_CP047675.1 k141_431

CONTIG: k141_156 (558bp)
Best alignment score: 557.0 (LEN: 558, IDY: 99.82), Total number of alignments: 1
		One align captures most of this contig: 983319 983876 | 1 558 | 558 558 | 99.82 | Klebsiella_pneumoniae_subsp._pneumoniae_NZ_CP047675.1 k141_156

CONTIG: k141_434 (506bp)
Best alignment score: 504.0 (LEN: 506, IDY: 99.60), Total number of alignments: 1
		One align captures most of this contig: 3101347 3101852 | 506 1 | 506 506 | 99.6 | Klebsiella_pneumoniae_subsp._pneumoniae_NZ_CP047675.1 k141_434

CONTIG: k141_438 (590bp)
Best alignment score: 586.0 (LEN: 590, IDY: 99.32), Total number of alignments: 1
		One align captures most of this contig: 456697 457286 | 590 1 | 590 590 | 99.32 | Klebsiella_pneumoniae_subsp._pneumoniae_NZ_CP047675.1 k141_438

CONTIG: k141_439 (553bp)
Best alignment score: 552.0 (LEN: 553, IDY: 99.82), Total number of alignments: 1
		One align captures most of this contig: 5345782 5346334 | 1 553 | 553 553 | 99.82 | Klebsiella_pneumoniae_subsp._pneumoniae_NZ_CP047675.1 k141_439

CONTIG: k141_442 (526bp)
Best alignment score: 524.0 (LEN: 526, IDY: 99.62), Total number of alignments: 1
		One align captures most of this contig: 431543 432068 | 526 1 | 526 526 | 99.62 | Klebsiella_pneumoniae_subsp._pneumoniae_NZ_CP047675.1 k141_442

CONTIG: k141_443 (560bp)
Best alignment score: 555.0 (LEN: 560, IDY: 99.11), Total number of alignments: 1
		One align captures most of this contig: 511513 512072 | 1 560 | 560 560 | 99.11 | Klebsiella_pneumoniae_subsp._pneumoniae_NZ_CP047675.1 k141_443

CONTIG: k141_168 (568bp)
Best alignment score: 563.0 (LEN: 568, IDY: 99.12), Total number of alignments: 2
		This contig has 2 significant alignments. [An ambiguously mapped contig]
		Using only first of these alignment (option --ambiguity-usage is set to "one"):
			Alignment: 5292112 5292679 | 568 1 | 568 568 | 99.12 | Klebsiella_pneumoniae_subsp._pneumoniae_NZ_CP047675.1 k141_168
			Skipping alignment 659206 659773 | 568 1 | 568 568 | 98.59 | Klebsiella_pneumoniae_subsp._pneumoniae_NZ_CP047675.1 k141_168

CONTIG: k141_454 (635bp)
Best alignment score: 633.0 (LEN: 635, IDY: 99.69), Total number of alignments: 1
		One align captures most of this contig: 4104194 4104828 | 1 635 | 635 635 | 99.69 | Klebsiella_pneumoniae_subsp._pneumoniae_NZ_CP047675.1 k141_454

CONTIG: k141_456 (1969bp)
Best alignment score: 1642.1 (LEN: 1648, IDY: 99.64), Total number of alignments: 3
			Looking for the best set of alignments (out of 3 total alignments)
			Skipping redundant alignments after choosing the best set of alignments
		Skipping redundant alignment 2176215 2177860 | 1646 1 | 1646 1646 | 99.64 | Klebsiella_pneumoniae_subsp._pneumoniae_NZ_CP047675.1 k141_456
		Skipping redundant alignment 3619367 3621012 | 1646 1 | 1646 1646 | 99.64 | Klebsiella_pneumoniae_subsp._pneumoniae_NZ_CP047675.1 k141_456
		This contig has several significant sets of alignments. [An ambiguously mapped contig]
		Using only the very best set (option --ambiguity-usage is set to "one").
			The best set is below. Score: 1642.1, number of alignments: 1, unaligned bases: 321
		Alignment: 2102087 2103734 | 1 1648 | 1648 1648 | 99.64 | Klebsiella_pneumoniae_subsp._pneumoniae_NZ_CP047675.1 k141_456

CONTIG: k141_180 (1021bp)
Best alignment score: 1016.0 (LEN: 1021, IDY: 99.51), Total number of alignments: 1
		One align captures most of this contig: 4926734 4927754 | 1021 1 | 1021 1021 | 99.51 | Klebsiella_pneumoniae_subsp._pneumoniae_NZ_CP047675.1 k141_180

CONTIG: k141_459 (539bp)
Best alignment score: 534.0 (LEN: 539, IDY: 99.07), Total number of alignments: 1
		One align captures most of this contig: 93558 94096 | 539 1 | 539 539 | 99.07 | Klebsiella_pneumoniae_subsp._pneumoniae_NZ_CP047675.1 k141_459

CONTIG: k141_460 (601bp)
Best alignment score: 598.0 (LEN: 601, IDY: 99.50), Total number of alignments: 1
		One align captures most of this contig: 4998746 4999346 | 1 601 | 601 601 | 99.5 | Klebsiella_pneumoniae_subsp._pneumoniae_NZ_CP047675.1 k141_460

CONTIG: k141_182 (552bp)
Best alignment score: 547.0 (LEN: 548, IDY: 99.82), Total number of alignments: 1
		One align captures most of this contig: 4533143 4533690 | 1 548 | 548 548 | 99.82 | Klebsiella_pneumoniae_subsp._pneumoniae_NZ_CP047675.1 k141_182

CONTIG: k141_184 (785bp)
Best alignment score: 782.0 (LEN: 782, IDY: 100.00), Total number of alignments: 1
		One align captures most of this contig: 1146173 1146954 | 785 4 | 782 782 | 100.0 | Klebsiella_pneumoniae_subsp._pneumoniae_NZ_CP047675.1 k141_184

CONTIG: k141_463 (924bp)
Best alignment score: 915.0 (LEN: 924, IDY: 99.03), Total number of alignments: 1
		One align captures most of this contig: 729478 730401 | 1 924 | 924 924 | 99.03 | Klebsiella_pneumoniae_subsp._pneumoniae_NZ_CP047675.1 k141_463

CONTIG: k141_187 (623bp)
Best alignment score: 621.0 (LEN: 623, IDY: 99.68), Total number of alignments: 1
		One align captures most of this contig: 454438 455060 | 1 623 | 623 623 | 99.68 | Klebsiella_pneumoniae_subsp._pneumoniae_NZ_CP047675.1 k141_187

CONTIG: k141_466 (532bp)
Best alignment score: 521.0 (LEN: 532, IDY: 97.93), Total number of alignments: 1
		One align captures most of this contig: 3377186 3377717 | 532 1 | 532 532 | 97.93 | Klebsiella_pneumoniae_subsp._pneumoniae_NZ_CP047675.1 k141_466

CONTIG: k141_189 (558bp)
Best alignment score: 556.0 (LEN: 558, IDY: 99.64), Total number of alignments: 1
		One align captures most of this contig: 4008569 4009126 | 558 1 | 558 558 | 99.64 | Klebsiella_pneumoniae_subsp._pneumoniae_NZ_CP047675.1 k141_189

CONTIG: k141_191 (528bp)
Best alignment score: 383.0 (LEN: 386, IDY: 99.22), Total number of alignments: 2
			Looking for the best set of alignments (out of 2 total alignments)
			The best set is below. Score: 461.6, number of alignments: 2, unaligned bases: 0
		This contig is misassembled.
			Excluding internal overlap of size 23 between Alignment 1 and 2: 5295845 5296009 | 1 165 | 165 165 --> 5295845 5295986 | 1 142 | 142 142
			Real Alignment 1: 5295845 5295986 | 1 142 | 142 142 | 98.79 | Klebsiella_pneumoniae_subsp._pneumoniae_NZ_CP047675.1 k141_191
			  Extensive misassembly (relocation, inconsistency = 1096249) between these two alignments
			Real Alignment 2: 4199210 4199595 | 528 143 | 386 386 | 99.22 | Klebsiella_pneumoniae_subsp._pneumoniae_NZ_CP047675.1 k141_191

CONTIG: k141_470 (625bp)
Best alignment score: 621.0 (LEN: 625, IDY: 99.36), Total number of alignments: 1
		One align captures most of this contig: 900785 901409 | 1 625 | 625 625 | 99.36 | Klebsiella_pneumoniae_subsp._pneumoniae_NZ_CP047675.1 k141_470

CONTIG: k141_195 (567bp)
Best alignment score: 564.0 (LEN: 567, IDY: 99.47), Total number of alignments: 1
		One align captures most of this contig: 855069 855635 | 567 1 | 567 567 | 99.47 | Klebsiella_pneumoniae_subsp._pneumoniae_NZ_CP047675.1 k141_195

CONTIG: k141_472 (618bp)
Best alignment score: 617.0 (LEN: 618, IDY: 99.84), Total number of alignments: 1
		One align captures most of this contig: 1271629 1272246 | 618 1 | 618 618 | 99.84 | Klebsiella_pneumoniae_subsp._pneumoniae_NZ_CP047675.1 k141_472

CONTIG: k141_474 (1999bp)
Best alignment score: 1989.0 (LEN: 1999, IDY: 99.50), Total number of alignments: 8
		Skipping these alignments as insignificant (option --ambiguity-score is set to "0.99"):
			Skipping alignment 15737 17639 | 1903 1 | 1903 1903 | 99.47 | Klebsiella_pneumoniae_subsp._pneumoniae_NZ_CP047675.1 k141_474
			Skipping alignment 120193 122081 | 1870 1 | 1889 1870 | 96.88 | Klebsiella_pneumoniae_subsp._pneumoniae_NZ_CP047675.1 k141_474
			Skipping alignment 4887966 4889671 | 1 1706 | 1706 1706 | 99.94 | Klebsiella_pneumoniae_subsp._pneumoniae_NZ_CP047675.1 k141_474
			Skipping alignment 1035924 1037629 | 1706 1 | 1706 1706 | 99.71 | Klebsiella_pneumoniae_subsp._pneumoniae_NZ_CP047675.1 k141_474
			Skipping alignment 680679 682384 | 1706 1 | 1706 1706 | 99.59 | Klebsiella_pneumoniae_subsp._pneumoniae_NZ_CP047675.1 k141_474
			Skipping alignment 4133372 4135077 | 1 1706 | 1706 1706 | 99.53 | Klebsiella_pneumoniae_subsp._pneumoniae_NZ_CP047675.1 k141_474
			Skipping alignment 257465 259170 | 1706 1 | 1706 1706 | 99.36 | Klebsiella_pneumoniae_subsp._pneumoniae_NZ_CP047675.1 k141_474
		One align captures most of this contig: 211871 213869 | 1999 1 | 1999 1999 | 99.5 | Klebsiella_pneumoniae_subsp._pneumoniae_NZ_CP047675.1 k141_474

CONTIG: k141_205 (504bp)
Best alignment score: 502.0 (LEN: 503, IDY: 99.80), Total number of alignments: 1
		One align captures most of this contig: 4310567 4311069 | 1 503 | 503 503 | 99.8 | Klebsiella_pneumoniae_subsp._pneumoniae_NZ_CP047675.1 k141_205

CONTIG: k141_207 (579bp)
Best alignment score: 579.0 (LEN: 579, IDY: 100.00), Total number of alignments: 1
		One align captures most of this contig: 1020890 1021468 | 579 1 | 579 579 | 100.0 | Klebsiella_pneumoniae_subsp._pneumoniae_NZ_CP047675.1 k141_207

CONTIG: k141_476 (524bp)
Best alignment score: 521.0 (LEN: 524, IDY: 99.43), Total number of alignments: 1
		One align captures most of this contig: 4006983 4007506 | 1 524 | 524 524 | 99.43 | Klebsiella_pneumoniae_subsp._pneumoniae_NZ_CP047675.1 k141_476

CONTIG: k141_213 (533bp)
Best alignment score: 523.0 (LEN: 533, IDY: 98.12), Total number of alignments: 1
		One align captures most of this contig: 3394072 3394604 | 533 1 | 533 533 | 98.12 | Klebsiella_pneumoniae_subsp._pneumoniae_NZ_CP047675.1 k141_213

CONTIG: k141_214 (987bp)
Best alignment score: 985.0 (LEN: 987, IDY: 99.80), Total number of alignments: 1
		One align captures most of this contig: 910439 911425 | 987 1 | 987 987 | 99.8 | Klebsiella_pneumoniae_subsp._pneumoniae_NZ_CP047675.1 k141_214

CONTIG: k141_488 (507bp)
Best alignment score: 498.0 (LEN: 507, IDY: 98.22), Total number of alignments: 1
		One align captures most of this contig: 5195260 5195766 | 1 507 | 507 507 | 98.22 | Klebsiella_pneumoniae_subsp._pneumoniae_NZ_CP047675.1 k141_488

CONTIG: k141_221 (511bp)
Best alignment score: 511.0 (LEN: 511, IDY: 100.00), Total number of alignments: 1
		One align captures most of this contig: 2608360 2608870 | 511 1 | 511 511 | 100.0 | Klebsiella_pneumoniae_subsp._pneumoniae_NZ_CP047675.1 k141_221

CONTIG: k141_494 (786bp)
Best alignment score: 482.0 (LEN: 485, IDY: 99.38), Total number of alignments: 1
			Looking for the best set of alignments (out of 1 total alignments)
			The best set is below. Score: 482.0, number of alignments: 1, unaligned bases: 301
		Alignment: 3326756 3327240 | 1 485 | 485 485 | 99.38 | Klebsiella_pneumoniae_subsp._pneumoniae_NZ_CP047675.1 k141_494

CONTIG: k141_497 (542bp)
Best alignment score: 539.0 (LEN: 542, IDY: 99.45), Total number of alignments: 1
		One align captures most of this contig: 743960 744501 | 1 542 | 542 542 | 99.45 | Klebsiella_pneumoniae_subsp._pneumoniae_NZ_CP047675.1 k141_497

CONTIG: k141_230 (586bp)
Best alignment score: 584.0 (LEN: 586, IDY: 99.66), Total number of alignments: 1
		One align captures most of this contig: 695211 695796 | 1 586 | 586 586 | 99.66 | Klebsiella_pneumoniae_subsp._pneumoniae_NZ_CP047675.1 k141_230

CONTIG: k141_499 (569bp)
Best alignment score: 568.0 (LEN: 569, IDY: 99.82), Total number of alignments: 1
		One align captures most of this contig: 4354374 4354942 | 569 1 | 569 569 | 99.82 | Klebsiella_pneumoniae_subsp._pneumoniae_NZ_CP047675.1 k141_499

CONTIG: k141_231 (565bp)
Best alignment score: 562.0 (LEN: 565, IDY: 99.47), Total number of alignments: 1
		One align captures most of this contig: 4628505 4629069 | 1 565 | 565 565 | 99.47 | Klebsiella_pneumoniae_subsp._pneumoniae_NZ_CP047675.1 k141_231

CONTIG: k141_503 (577bp)
Best alignment score: 563.0 (LEN: 572, IDY: 98.43), Total number of alignments: 1
		One align captures most of this contig: 304627 305198 | 6 577 | 572 572 | 98.43 | Klebsiella_pneumoniae_subsp._pneumoniae_NZ_CP047675.1 k141_503

CONTIG: k141_233 (652bp)
Best alignment score: 650.0 (LEN: 652, IDY: 99.69), Total number of alignments: 1
		One align captures most of this contig: 148066 148717 | 652 1 | 652 652 | 99.69 | Klebsiella_pneumoniae_subsp._pneumoniae_NZ_CP047675.1 k141_233

CONTIG: k141_238 (587bp)
Best alignment score: 583.0 (LEN: 587, IDY: 99.32), Total number of alignments: 1
		One align captures most of this contig: 5213268 5213854 | 1 587 | 587 587 | 99.32 | Klebsiella_pneumoniae_subsp._pneumoniae_NZ_CP047675.1 k141_238

CONTIG: k141_507 (986bp)
Best alignment score: 96.0 (LEN: 96, IDY: 100.00), Total number of alignments: 1
			Looking for the best set of alignments (out of 1 total alignments)
			The best set is below. Score: 96.0, number of alignments: 1, unaligned bases: 890
		This contig is partially unaligned. (Aligned 96 out of 986 non-N bases (9.74%))
		Alignment: 938711 938806 | 986 891 | 96 96 | 100.0 | Klebsiella_pneumoniae_subsp._pneumoniae_NZ_CP047675.1 k141_507
		Unaligned bases: 1 to 890 (890)

CONTIG: k141_239 (590bp)
Best alignment score: 589.0 (LEN: 590, IDY: 99.83), Total number of alignments: 1
		One align captures most of this contig: 1899805 1900394 | 590 1 | 590 590 | 99.83 | Klebsiella_pneumoniae_subsp._pneumoniae_NZ_CP047675.1 k141_239

CONTIG: k141_240 (608bp)
Best alignment score: 608.0 (LEN: 608, IDY: 100.00), Total number of alignments: 1
		One align captures most of this contig: 3530401 3531008 | 1 608 | 608 608 | 100.0 | Klebsiella_pneumoniae_subsp._pneumoniae_NZ_CP047675.1 k141_240

CONTIG: k141_510 (1149bp)
Best alignment score: 521.0 (LEN: 529, IDY: 98.49), Total number of alignments: 5
			Looking for the best set of alignments (out of 5 total alignments)
			Skipping redundant alignments after choosing the best set of alignments
		Skipping redundant alignment 547713 548223 | 298 808 | 511 511 | 96.28 | Klebsiella_pneumoniae_subsp._pneumoniae_NZ_CP047675.1 k141_510
		This contig has several significant sets of alignments. [An ambiguously mapped contig]
		Using only the very best set (option --ambiguity-usage is set to "one").
			The best set is below. Score: 928.7, number of alignments: 4, unaligned bases: 5
		This contig is misassembled.
			Excluding internal overlap of size 232 between Alignment 1 and 2: 546985 547494 | 298 809 | 510 512 --> 547217 547494 | 530 809 | 278 280
			Real Alignment 1: 2511145 2511673 | 529 1 | 529 529 | 98.49 | Klebsiella_pneumoniae_subsp._pneumoniae_NZ_CP047675.1 k141_510
			  Extensive misassembly (relocation, inconsistency = 1963650) between these two alignments
			Excluding internal overlap of size 155 between Alignment 2 and 3: 547217 547494 | 530 809 | 278 280 --> 547217 547341 | 530 654 | 125 125
			Real Alignment 2: 547217 547341 | 530 654 | 125 125 | 96.29 | Klebsiella_pneumoniae_subsp._pneumoniae_NZ_CP047675.1 k141_510
			  Gap between these two alignments (local misassembly). Inconsistency = 117
			Real Alignment 3: 547459 547767 | 655 965 | 309 311 | 96.78 | Klebsiella_pneumoniae_subsp._pneumoniae_NZ_CP047675.1 k141_510
			  Extensive misassembly (relocation, inconsistency = 1421449) between these two alignments
			Real Alignment 4: 1969222 1969400 | 971 1149 | 179 179 | 98.88 | Klebsiella_pneumoniae_subsp._pneumoniae_NZ_CP047675.1 k141_510

CONTIG: k141_243 (583bp)
Best alignment score: 578.0 (LEN: 583, IDY: 99.14), Total number of alignments: 1
		One align captures most of this contig: 3219391 3219973 | 583 1 | 583 583 | 99.14 | Klebsiella_pneumoniae_subsp._pneumoniae_NZ_CP047675.1 k141_243

CONTIG: k141_513 (522bp)
Best alignment score: 519.0 (LEN: 522, IDY: 99.43), Total number of alignments: 1
		One align captures most of this contig: 474189 474710 | 1 522 | 522 522 | 99.43 | Klebsiella_pneumoniae_subsp._pneumoniae_NZ_CP047675.1 k141_513

CONTIG: k141_248 (539bp)
Best alignment score: 535.0 (LEN: 539, IDY: 99.26), Total number of alignments: 1
		One align captures most of this contig: 2035143 2035681 | 539 1 | 539 539 | 99.26 | Klebsiella_pneumoniae_subsp._pneumoniae_NZ_CP047675.1 k141_248

CONTIG: k141_253 (536bp)
Best alignment score: 534.0 (LEN: 536, IDY: 99.63), Total number of alignments: 1
		One align captures most of this contig: 5000224 5000759 | 1 536 | 536 536 | 99.63 | Klebsiella_pneumoniae_subsp._pneumoniae_NZ_CP047675.1 k141_253

CONTIG: k141_522 (686bp)
Best alignment score: 683.0 (LEN: 686, IDY: 99.56), Total number of alignments: 1
		One align captures most of this contig: 3302145 3302830 | 1 686 | 686 686 | 99.56 | Klebsiella_pneumoniae_subsp._pneumoniae_NZ_CP047675.1 k141_522

CONTIG: k141_523 (622bp)
Best alignment score: 615.0 (LEN: 622, IDY: 98.87), Total number of alignments: 1
		One align captures most of this contig: 3720928 3721549 | 622 1 | 622 622 | 98.87 | Klebsiella_pneumoniae_subsp._pneumoniae_NZ_CP047675.1 k141_523

CONTIG: k141_261 (643bp)
Best alignment score: 642.0 (LEN: 643, IDY: 99.84), Total number of alignments: 1
		One align captures most of this contig: 250957 251599 | 643 1 | 643 643 | 99.84 | Klebsiella_pneumoniae_subsp._pneumoniae_NZ_CP047675.1 k141_261

CONTIG: k141_536 (684bp)
Best alignment score: 390.0 (LEN: 397, IDY: 98.24), Total number of alignments: 1
			Looking for the best set of alignments (out of 1 total alignments)
			The best set is below. Score: 390.0, number of alignments: 1, unaligned bases: 287
		Alignment: 1681628 1682024 | 397 1 | 397 397 | 98.24 | Klebsiella_pneumoniae_subsp._pneumoniae_NZ_CP047675.1 k141_536

CONTIG: k141_538 (575bp)
Best alignment score: 574.0 (LEN: 575, IDY: 99.83), Total number of alignments: 1
		One align captures most of this contig: 4642584 4643158 | 575 1 | 575 575 | 99.83 | Klebsiella_pneumoniae_subsp._pneumoniae_NZ_CP047675.1 k141_538

CONTIG: k141_297 (582bp)
Best alignment score: 582.0 (LEN: 582, IDY: 100.00), Total number of alignments: 1
		One align captures most of this contig: 99829 100410 | 1 582 | 582 582 | 100.0 | Klebsiella_pneumoniae_subsp._pneumoniae_NZ_CP047676.1 k141_297

CONTIG: k141_491 (597bp)
Best alignment score: 597.0 (LEN: 597, IDY: 100.00), Total number of alignments: 1
		One align captures most of this contig: 95460 96056 | 597 1 | 597 597 | 100.0 | Klebsiella_pneumoniae_subsp._pneumoniae_NZ_CP047676.1 k141_491

CONTIG: k141_269 (641bp)
Best alignment score: 639.0 (LEN: 641, IDY: 99.69), Total number of alignments: 1
		One align captures most of this contig: 104583 105223 | 1 641 | 641 641 | 99.69 | Klebsiella_pneumoniae_subsp._pneumoniae_NZ_CP047676.1 k141_269

Analyzing coverage...
Writing SNPs into /home/hannelore/PROJECTHH/Scripts/Pipeline/work/5b/fd06bcddfdd15e6ad5a6ca9bd7cd34/metaquast-results/runs_per_reference/Klebsiella_pneumoniae_subsp._pneumoniae/contigs_reports/minimap_output/TRIM_ERR1795086_Illumina_MiSeq_paired_end_sequencing_EXP_14_1_2017_01_13_14_47_56_mini_1-contigs.used_snps.gz

Analysis is finished!
Founded SNPs were written into /home/hannelore/PROJECTHH/Scripts/Pipeline/work/5b/fd06bcddfdd15e6ad5a6ca9bd7cd34/metaquast-results/runs_per_reference/Klebsiella_pneumoniae_subsp._pneumoniae/contigs_reports/minimap_output/TRIM_ERR1795086_Illumina_MiSeq_paired_end_sequencing_EXP_14_1_2017_01_13_14_47_56_mini_1-contigs.used_snps.gz

Results:
	Local Misassemblies: 1
	Misassemblies: 5
		Relocations: 5
		Translocations: 0
		Inversions: 0
	Scaffold gap extensive misassemblies: 0
	Scaffold gap local misassemblies: 0
	Misassembled Contigs: 4
	Misassembled Contig Bases: 4024
	Misassemblies Inter-Contig Overlap: 0
Unaligned Contigs: 0 + 2 part
Half Unaligned Contigs with Misassemblies: 0
Unaligned Contig Bases: 2330

Ambiguously Mapped Contigs: 4
Total Bases in Ambiguously Mapped Contigs: 5326
Extra Bases in Ambiguously Mapped Contigs: 0
Note that --allow-ambiguity option was set to "one" and only first alignment per each of these contigs was used.

	Covered Bases: 74068

	SNPs: 427
	Insertions: 6
	Deletions: 7

