Aligning contigs to reference...
	Aligning contigs to the reference
Filtering alignments...
Parsing coords...
Loading reference...
	Loaded [Klebsiella_pneumoniae_subsp._pneumoniae_NZ_CP047675.1]
	Loaded [Klebsiella_pneumoniae_subsp._pneumoniae_NZ_CP047676.1]
	Total Regions: 2
	Total Region Length: 5606998
Analyzing contigs...
CONTIG: k141_2 (510bp)
Best alignment score: 98.0 (LEN: 98, IDY: 100.00), Total number of alignments: 2
			Looking for the best set of alignments (out of 2 total alignments)
			Skipping redundant alignments after choosing the best set of alignments
		Skipping redundant alignment 3683 3772 | 419 508 | 90 90 | 97.78 | Klebsiella_pneumoniae_subsp._pneumoniae_NZ_CP047676.1 k141_2
			The best set is below. Score: 98.0, number of alignments: 1, unaligned bases: 412
		Alignment: 3496768 3496865 | 413 510 | 98 98 | 100.0 | Klebsiella_pneumoniae_subsp._pneumoniae_NZ_CP047675.1 k141_2

CONTIG: k141_12 (513bp)
Best alignment score: 508.0 (LEN: 513, IDY: 99.03), Total number of alignments: 1
		One align captures most of this contig: 5078015 5078527 | 1 513 | 513 513 | 99.03 | Klebsiella_pneumoniae_subsp._pneumoniae_NZ_CP047675.1 k141_12

CONTIG: k141_23 (509bp)
Best alignment score: 507.0 (LEN: 509, IDY: 99.61), Total number of alignments: 1
		One align captures most of this contig: 1068625 1069133 | 509 1 | 509 509 | 99.61 | Klebsiella_pneumoniae_subsp._pneumoniae_NZ_CP047675.1 k141_23

CONTIG: k141_55 (566bp)
Best alignment score: 559.0 (LEN: 566, IDY: 98.76), Total number of alignments: 1
		One align captures most of this contig: 1008998 1009563 | 1 566 | 566 566 | 98.76 | Klebsiella_pneumoniae_subsp._pneumoniae_NZ_CP047675.1 k141_55

CONTIG: k141_57 (586bp)
Best alignment score: 476.0 (LEN: 481, IDY: 98.96), Total number of alignments: 2
			Looking for the best set of alignments (out of 2 total alignments)
			The best set is below. Score: 503.0, number of alignments: 2, unaligned bases: 0
		This contig is misassembled.
			Excluding internal overlap of size 56 between Alignment 1 and 2: 3438558 3438718 | 1 161 | 161 161 --> 3438558 3438662 | 1 105 | 105 105
			Real Alignment 1: 3438558 3438662 | 1 105 | 105 105 | 100.0 | Klebsiella_pneumoniae_subsp._pneumoniae_NZ_CP047675.1 k141_57
			  Extensive misassembly (relocation, inconsistency = 8661) between these two alignments
			Real Alignment 2: 3429415 3429896 | 586 106 | 482 481 | 98.96 | Klebsiella_pneumoniae_subsp._pneumoniae_NZ_CP047675.1 k141_57

CONTIG: k141_60 (637bp)
Best alignment score: 637.0 (LEN: 637, IDY: 100.00), Total number of alignments: 1
		One align captures most of this contig: 1431618 1432254 | 637 1 | 637 637 | 100.0 | Klebsiella_pneumoniae_subsp._pneumoniae_NZ_CP047675.1 k141_60

CONTIG: k141_66 (660bp)
Best alignment score: 659.0 (LEN: 660, IDY: 99.85), Total number of alignments: 1
		One align captures most of this contig: 3883943 3884602 | 1 660 | 660 660 | 99.85 | Klebsiella_pneumoniae_subsp._pneumoniae_NZ_CP047675.1 k141_66

CONTIG: k141_70 (546bp)
Best alignment score: 544.0 (LEN: 546, IDY: 99.63), Total number of alignments: 1
		One align captures most of this contig: 3325517 3326062 | 546 1 | 546 546 | 99.63 | Klebsiella_pneumoniae_subsp._pneumoniae_NZ_CP047675.1 k141_70

CONTIG: k141_76 (629bp)
Best alignment score: 627.0 (LEN: 629, IDY: 99.68), Total number of alignments: 1
		One align captures most of this contig: 1278454 1279082 | 1 629 | 629 629 | 99.68 | Klebsiella_pneumoniae_subsp._pneumoniae_NZ_CP047675.1 k141_76

CONTIG: k141_78 (535bp)
Best alignment score: 532.0 (LEN: 535, IDY: 99.44), Total number of alignments: 1
		One align captures most of this contig: 4402940 4403474 | 1 535 | 535 535 | 99.44 | Klebsiella_pneumoniae_subsp._pneumoniae_NZ_CP047675.1 k141_78

CONTIG: k141_84 (593bp)
Best alignment score: 590.0 (LEN: 593, IDY: 99.49), Total number of alignments: 1
		One align captures most of this contig: 3677662 3678254 | 1 593 | 593 593 | 99.49 | Klebsiella_pneumoniae_subsp._pneumoniae_NZ_CP047675.1 k141_84

CONTIG: k141_92 (513bp)
Best alignment score: 513.0 (LEN: 513, IDY: 100.00), Total number of alignments: 1
		One align captures most of this contig: 4837383 4837895 | 513 1 | 513 513 | 100.0 | Klebsiella_pneumoniae_subsp._pneumoniae_NZ_CP047675.1 k141_92

CONTIG: k141_97 (578bp)
Best alignment score: 569.0 (LEN: 578, IDY: 98.44), Total number of alignments: 1
		One align captures most of this contig: 3196234 3196811 | 1 578 | 578 578 | 98.44 | Klebsiella_pneumoniae_subsp._pneumoniae_NZ_CP047675.1 k141_97

CONTIG: k141_116 (518bp)
Best alignment score: 515.0 (LEN: 518, IDY: 99.42), Total number of alignments: 1
		One align captures most of this contig: 3301694 3302211 | 1 518 | 518 518 | 99.42 | Klebsiella_pneumoniae_subsp._pneumoniae_NZ_CP047675.1 k141_116

CONTIG: k141_123 (508bp)
Best alignment score: 508.0 (LEN: 508, IDY: 100.00), Total number of alignments: 1
		One align captures most of this contig: 4998960 4999467 | 508 1 | 508 508 | 100.0 | Klebsiella_pneumoniae_subsp._pneumoniae_NZ_CP047675.1 k141_123

CONTIG: k141_132 (566bp)
Best alignment score: 561.0 (LEN: 566, IDY: 99.12), Total number of alignments: 1
		One align captures most of this contig: 5240759 5241324 | 566 1 | 566 566 | 99.12 | Klebsiella_pneumoniae_subsp._pneumoniae_NZ_CP047675.1 k141_132

CONTIG: k141_291 (2121bp)
Best alignment score: 2117.0 (LEN: 2121, IDY: 99.81), Total number of alignments: 6
		Skipping these alignments as insignificant (option --ambiguity-score is set to "0.99"):
			Skipping alignment 4133372 4135254 | 1 1886 | 1883 1886 | 98.36 | Klebsiella_pneumoniae_subsp._pneumoniae_NZ_CP047675.1 k141_291
			Skipping alignment 15934 17639 | 1706 1 | 1706 1706 | 99.94 | Klebsiella_pneumoniae_subsp._pneumoniae_NZ_CP047675.1 k141_291
			Skipping alignment 680676 682384 | 1709 1 | 1709 1709 | 99.71 | Klebsiella_pneumoniae_subsp._pneumoniae_NZ_CP047675.1 k141_291
			Skipping alignment 1035921 1037629 | 1709 1 | 1709 1709 | 99.65 | Klebsiella_pneumoniae_subsp._pneumoniae_NZ_CP047675.1 k141_291
			Skipping alignment 212164 213869 | 1706 1 | 1706 1706 | 99.71 | Klebsiella_pneumoniae_subsp._pneumoniae_NZ_CP047675.1 k141_291
		One align captures most of this contig: 119961 122081 | 2121 1 | 2121 2121 | 99.81 | Klebsiella_pneumoniae_subsp._pneumoniae_NZ_CP047675.1 k141_291

CONTIG: k141_294 (759bp)
Best alignment score: 755.0 (LEN: 759, IDY: 99.47), Total number of alignments: 1
		One align captures most of this contig: 218029 218787 | 759 1 | 759 759 | 99.47 | Klebsiella_pneumoniae_subsp._pneumoniae_NZ_CP047675.1 k141_294

CONTIG: k141_296 (517bp)
Best alignment score: 517.0 (LEN: 517, IDY: 100.00), Total number of alignments: 1
		One align captures most of this contig: 3831545 3832061 | 1 517 | 517 517 | 100.0 | Klebsiella_pneumoniae_subsp._pneumoniae_NZ_CP047675.1 k141_296

CONTIG: k141_143 (555bp)
Best alignment score: 549.0 (LEN: 554, IDY: 99.10), Total number of alignments: 1
		One align captures most of this contig: 3923441 3923994 | 554 1 | 554 554 | 99.1 | Klebsiella_pneumoniae_subsp._pneumoniae_NZ_CP047675.1 k141_143

CONTIG: k141_149 (543bp)
Best alignment score: 535.0 (LEN: 543, IDY: 98.53), Total number of alignments: 1
		One align captures most of this contig: 3717350 3717892 | 543 1 | 543 543 | 98.53 | Klebsiella_pneumoniae_subsp._pneumoniae_NZ_CP047675.1 k141_149

CONTIG: k141_312 (517bp)
Best alignment score: 511.0 (LEN: 517, IDY: 98.84), Total number of alignments: 1
		One align captures most of this contig: 4194841 4195357 | 1 517 | 517 517 | 98.84 | Klebsiella_pneumoniae_subsp._pneumoniae_NZ_CP047675.1 k141_312

CONTIG: k141_153 (525bp)
Best alignment score: 524.0 (LEN: 525, IDY: 99.81), Total number of alignments: 1
		One align captures most of this contig: 4253997 4254521 | 1 525 | 525 525 | 99.81 | Klebsiella_pneumoniae_subsp._pneumoniae_NZ_CP047675.1 k141_153

CONTIG: k141_154 (519bp)
Best alignment score: 518.0 (LEN: 519, IDY: 99.81), Total number of alignments: 1
		One align captures most of this contig: 3418691 3419209 | 1 519 | 519 519 | 99.81 | Klebsiella_pneumoniae_subsp._pneumoniae_NZ_CP047675.1 k141_154

CONTIG: k141_316 (571bp)
Best alignment score: 569.0 (LEN: 571, IDY: 99.65), Total number of alignments: 1
		One align captures most of this contig: 3145579 3146149 | 571 1 | 571 571 | 99.65 | Klebsiella_pneumoniae_subsp._pneumoniae_NZ_CP047675.1 k141_316

CONTIG: k141_163 (516bp)
Best alignment score: 511.0 (LEN: 516, IDY: 99.03), Total number of alignments: 1
		One align captures most of this contig: 5200389 5200904 | 516 1 | 516 516 | 99.03 | Klebsiella_pneumoniae_subsp._pneumoniae_NZ_CP047675.1 k141_163

CONTIG: k141_168 (529bp)
Best alignment score: 529.0 (LEN: 529, IDY: 100.00), Total number of alignments: 1
		One align captures most of this contig: 4745596 4746124 | 1 529 | 529 529 | 100.0 | Klebsiella_pneumoniae_subsp._pneumoniae_NZ_CP047675.1 k141_168

CONTIG: k141_171 (667bp)
Best alignment score: 661.0 (LEN: 664, IDY: 99.55), Total number of alignments: 1
		One align captures most of this contig: 1904544 1905207 | 664 1 | 664 664 | 99.55 | Klebsiella_pneumoniae_subsp._pneumoniae_NZ_CP047675.1 k141_171

CONTIG: k141_174 (585bp)
Best alignment score: 585.0 (LEN: 585, IDY: 100.00), Total number of alignments: 1
		One align captures most of this contig: 228345 228929 | 1 585 | 585 585 | 100.0 | Klebsiella_pneumoniae_subsp._pneumoniae_NZ_CP047675.1 k141_174

CONTIG: k141_175 (579bp)
Best alignment score: 578.0 (LEN: 579, IDY: 99.83), Total number of alignments: 1
		One align captures most of this contig: 901080 901658 | 579 1 | 579 579 | 99.83 | Klebsiella_pneumoniae_subsp._pneumoniae_NZ_CP047675.1 k141_175

CONTIG: k141_339 (534bp)
Best alignment score: 530.0 (LEN: 534, IDY: 99.25), Total number of alignments: 1
		One align captures most of this contig: 2264448 2264981 | 534 1 | 534 534 | 99.25 | Klebsiella_pneumoniae_subsp._pneumoniae_NZ_CP047675.1 k141_339

CONTIG: k141_343 (634bp)
Best alignment score: 627.0 (LEN: 634, IDY: 98.90), Total number of alignments: 1
		One align captures most of this contig: 4214750 4215383 | 634 1 | 634 634 | 98.9 | Klebsiella_pneumoniae_subsp._pneumoniae_NZ_CP047675.1 k141_343

CONTIG: k141_181 (528bp)
Best alignment score: 524.0 (LEN: 528, IDY: 99.24), Total number of alignments: 1
		One align captures most of this contig: 3821887 3822414 | 1 528 | 528 528 | 99.24 | Klebsiella_pneumoniae_subsp._pneumoniae_NZ_CP047675.1 k141_181

CONTIG: k141_348 (761bp)
Best alignment score: 752.0 (LEN: 761, IDY: 98.82), Total number of alignments: 1
		One align captures most of this contig: 4206816 4207576 | 761 1 | 761 761 | 98.82 | Klebsiella_pneumoniae_subsp._pneumoniae_NZ_CP047675.1 k141_348

CONTIG: k141_367 (517bp)
Best alignment score: 369.0 (LEN: 375, IDY: 98.40), Total number of alignments: 1
			Looking for the best set of alignments (out of 1 total alignments)
			The best set is below. Score: 369.0, number of alignments: 1, unaligned bases: 142
		Alignment: 2954850 2955224 | 143 517 | 375 375 | 98.4 | Klebsiella_pneumoniae_subsp._pneumoniae_NZ_CP047675.1 k141_367

CONTIG: k141_202 (519bp)
Best alignment score: 516.0 (LEN: 519, IDY: 99.42), Total number of alignments: 1
		One align captures most of this contig: 29837 30355 | 1 519 | 519 519 | 99.42 | Klebsiella_pneumoniae_subsp._pneumoniae_NZ_CP047675.1 k141_202

CONTIG: k141_370 (502bp)
Best alignment score: 499.0 (LEN: 501, IDY: 99.60), Total number of alignments: 1
		One align captures most of this contig: 1852803 1853303 | 502 2 | 501 501 | 99.6 | Klebsiella_pneumoniae_subsp._pneumoniae_NZ_CP047675.1 k141_370

CONTIG: k141_372 (563bp)
Best alignment score: 561.0 (LEN: 563, IDY: 99.64), Total number of alignments: 1
		One align captures most of this contig: 1198856 1199418 | 1 563 | 563 563 | 99.64 | Klebsiella_pneumoniae_subsp._pneumoniae_NZ_CP047675.1 k141_372

CONTIG: k141_378 (576bp)
Best alignment score: 573.0 (LEN: 576, IDY: 99.48), Total number of alignments: 1
		One align captures most of this contig: 1806662 1807237 | 576 1 | 576 576 | 99.48 | Klebsiella_pneumoniae_subsp._pneumoniae_NZ_CP047675.1 k141_378

CONTIG: k141_216 (662bp)
Best alignment score: 643.0 (LEN: 662, IDY: 97.13), Total number of alignments: 1
		One align captures most of this contig: 3901923 3902584 | 662 1 | 662 662 | 97.13 | Klebsiella_pneumoniae_subsp._pneumoniae_NZ_CP047675.1 k141_216

CONTIG: k141_393 (973bp)
Best alignment score: 970.0 (LEN: 973, IDY: 99.69), Total number of alignments: 1
		One align captures most of this contig: 353706 354678 | 1 973 | 973 973 | 99.69 | Klebsiella_pneumoniae_subsp._pneumoniae_NZ_CP047675.1 k141_393

CONTIG: k141_235 (503bp)
Best alignment score: 498.0 (LEN: 500, IDY: 99.60), Total number of alignments: 1
		One align captures most of this contig: 1001495 1001994 | 4 503 | 500 500 | 99.6 | Klebsiella_pneumoniae_subsp._pneumoniae_NZ_CP047675.1 k141_235

CONTIG: k141_399 (521bp)
Best alignment score: 520.0 (LEN: 521, IDY: 99.81), Total number of alignments: 1
		One align captures most of this contig: 4643653 4644173 | 1 521 | 521 521 | 99.81 | Klebsiella_pneumoniae_subsp._pneumoniae_NZ_CP047675.1 k141_399

CONTIG: k141_238 (722bp)
Best alignment score: 715.0 (LEN: 722, IDY: 99.03), Total number of alignments: 1
		One align captures most of this contig: 725257 725978 | 1 722 | 722 722 | 99.03 | Klebsiella_pneumoniae_subsp._pneumoniae_NZ_CP047675.1 k141_238

CONTIG: k141_240 (941bp)
Best alignment score: 650.0 (LEN: 659, IDY: 98.63), Total number of alignments: 3
			Looking for the best set of alignments (out of 3 total alignments)
			Skipping redundant alignments after choosing the best set of alignments
		Skipping redundant alignment 547713 548223 | 514 4 | 511 511 | 98.24 | Klebsiella_pneumoniae_subsp._pneumoniae_NZ_CP047675.1 k141_240
		This contig has several significant sets of alignments. [An ambiguously mapped contig]
		Using only the very best set (option --ambiguity-usage is set to "one").
			The best set is below. Score: 824.9, number of alignments: 2, unaligned bases: 0
		This contig is misassembled.
			Excluding internal overlap of size 232 between Alignment 1 and 2: 546985 547496 | 514 1 | 512 514 --> 547217 547496 | 282 1 | 280 282
			Real Alignment 1: 547217 547496 | 282 1 | 280 282 | 97.28 | Klebsiella_pneumoniae_subsp._pneumoniae_NZ_CP047675.1 k141_240
			  Extensive misassembly (relocation, inconsistency = 1963648) between these two alignments
			Real Alignment 2: 2511145 2511803 | 283 941 | 659 659 | 98.63 | Klebsiella_pneumoniae_subsp._pneumoniae_NZ_CP047675.1 k141_240

CONTIG: k141_245 (666bp)
Best alignment score: 662.0 (LEN: 666, IDY: 99.40), Total number of alignments: 1
		One align captures most of this contig: 4805799 4806464 | 666 1 | 666 666 | 99.4 | Klebsiella_pneumoniae_subsp._pneumoniae_NZ_CP047675.1 k141_245

CONTIG: k141_263 (513bp)
Best alignment score: 512.0 (LEN: 513, IDY: 99.81), Total number of alignments: 1
		One align captures most of this contig: 1546543 1547055 | 513 1 | 513 513 | 99.81 | Klebsiella_pneumoniae_subsp._pneumoniae_NZ_CP047675.1 k141_263

CONTIG: k141_264 (512bp)
Best alignment score: 511.0 (LEN: 512, IDY: 99.80), Total number of alignments: 1
		One align captures most of this contig: 5276094 5276605 | 512 1 | 512 512 | 99.8 | Klebsiella_pneumoniae_subsp._pneumoniae_NZ_CP047675.1 k141_264

CONTIG: k141_270 (589bp)
Best alignment score: 574.0 (LEN: 584, IDY: 98.29), Total number of alignments: 1
		One align captures most of this contig: 3113575 3114158 | 588 5 | 584 584 | 98.29 | Klebsiella_pneumoniae_subsp._pneumoniae_NZ_CP047675.1 k141_270

CONTIG: k141_417 (511bp)
Best alignment score: 506.0 (LEN: 507, IDY: 99.80), Total number of alignments: 1
		One align captures most of this contig: 3616779 3617285 | 1 507 | 507 507 | 99.8 | Klebsiella_pneumoniae_subsp._pneumoniae_NZ_CP047675.1 k141_417

CONTIG: k141_425 (527bp)
Best alignment score: 525.0 (LEN: 527, IDY: 99.62), Total number of alignments: 1
		One align captures most of this contig: 4695067 4695593 | 1 527 | 527 527 | 99.62 | Klebsiella_pneumoniae_subsp._pneumoniae_NZ_CP047675.1 k141_425

CONTIG: k141_283 (509bp)
Best alignment score: 508.0 (LEN: 509, IDY: 99.80), Total number of alignments: 1
		One align captures most of this contig: 925926 926434 | 509 1 | 509 509 | 99.8 | Klebsiella_pneumoniae_subsp._pneumoniae_NZ_CP047675.1 k141_283

CONTIG: k141_284 (861bp)
Best alignment score: 857.0 (LEN: 861, IDY: 99.54), Total number of alignments: 1
		One align captures most of this contig: 5088120 5088980 | 861 1 | 861 861 | 99.54 | Klebsiella_pneumoniae_subsp._pneumoniae_NZ_CP047675.1 k141_284

CONTIG: k141_287 (536bp)
Best alignment score: 536.0 (LEN: 536, IDY: 100.00), Total number of alignments: 1
		One align captures most of this contig: 1156889 1157424 | 536 1 | 536 536 | 100.0 | Klebsiella_pneumoniae_subsp._pneumoniae_NZ_CP047675.1 k141_287

CONTIG: k141_288 (595bp)
Best alignment score: 590.0 (LEN: 595, IDY: 99.16), Total number of alignments: 1
		One align captures most of this contig: 4128634 4129231 | 1 595 | 598 595 | 99.16 | Klebsiella_pneumoniae_subsp._pneumoniae_NZ_CP047675.1 k141_288

CONTIG: k141_434 (538bp)
Best alignment score: 532.0 (LEN: 538, IDY: 98.88), Total number of alignments: 1
		One align captures most of this contig: 2849682 2850219 | 1 538 | 538 538 | 98.88 | Klebsiella_pneumoniae_subsp._pneumoniae_NZ_CP047675.1 k141_434

CONTIG: k141_437 (505bp)
Best alignment score: 500.0 (LEN: 505, IDY: 99.01), Total number of alignments: 1
		One align captures most of this contig: 4829973 4830477 | 1 505 | 505 505 | 99.01 | Klebsiella_pneumoniae_subsp._pneumoniae_NZ_CP047675.1 k141_437

CONTIG: k141_441 (501bp)
Best alignment score: 497.0 (LEN: 501, IDY: 99.20), Total number of alignments: 1
		One align captures most of this contig: 1514056 1514556 | 1 501 | 501 501 | 99.2 | Klebsiella_pneumoniae_subsp._pneumoniae_NZ_CP047675.1 k141_441

CONTIG: k141_443 (501bp)
Best alignment score: 498.0 (LEN: 501, IDY: 99.40), Total number of alignments: 1
		One align captures most of this contig: 1606011 1606511 | 1 501 | 501 501 | 99.4 | Klebsiella_pneumoniae_subsp._pneumoniae_NZ_CP047675.1 k141_443

CONTIG: k141_457 (3218bp)
Best alignment score: 3199.0 (LEN: 3218, IDY: 99.41), Total number of alignments: 8
		Skipping these alignments as insignificant (option --ambiguity-score is set to "0.99"):
			Skipping alignment 17942 21079 | 3215 79 | 3138 3137 | 99.43 | Klebsiella_pneumoniae_subsp._pneumoniae_NZ_CP047675.1 k141_457
			Skipping alignment 4884661 4887807 | 77 3218 | 3147 3142 | 98.86 | Klebsiella_pneumoniae_subsp._pneumoniae_NZ_CP047675.1 k141_457
			Skipping alignment 682688 685833 | 3218 78 | 3146 3141 | 98.7 | Klebsiella_pneumoniae_subsp._pneumoniae_NZ_CP047675.1 k141_457
			Skipping alignment 4130096 4133060 | 254 3218 | 2965 2965 | 99.63 | Klebsiella_pneumoniae_subsp._pneumoniae_NZ_CP047675.1 k141_457
			Skipping alignment 259474 262438 | 3218 254 | 2965 2965 | 99.6 | Klebsiella_pneumoniae_subsp._pneumoniae_NZ_CP047675.1 k141_457
			Skipping alignment 214328 217293 | 3218 254 | 2966 2965 | 99.36 | Klebsiella_pneumoniae_subsp._pneumoniae_NZ_CP047675.1 k141_457
		This contig has 2 significant alignments. [An ambiguously mapped contig]
		Using only first of these alignment (option --ambiguity-usage is set to "one"):
			Alignment: 122471 125688 | 3218 1 | 3218 3218 | 99.41 | Klebsiella_pneumoniae_subsp._pneumoniae_NZ_CP047675.1 k141_457
			Skipping alignment 1038015 1041229 | 3215 1 | 3215 3215 | 99.44 | Klebsiella_pneumoniae_subsp._pneumoniae_NZ_CP047675.1 k141_457

CONTIG: k141_458 (593bp)
Best alignment score: 581.0 (LEN: 593, IDY: 97.98), Total number of alignments: 4
		Skipping these alignments as insignificant (option --ambiguity-score is set to "0.99"):
			Skipping alignment 682244 682828 | 593 1 | 585 593 | 96.63 | Klebsiella_pneumoniae_subsp._pneumoniae_NZ_CP047675.1 k141_458
			Skipping alignment 17499 18079 | 593 1 | 581 593 | 96.13 | Klebsiella_pneumoniae_subsp._pneumoniae_NZ_CP047675.1 k141_458
		This contig has 2 significant alignments. [An ambiguously mapped contig]
		Using only first of these alignment (option --ambiguity-usage is set to "one"):
			Alignment: 4132920 4133512 | 1 593 | 593 593 | 97.98 | Klebsiella_pneumoniae_subsp._pneumoniae_NZ_CP047675.1 k141_458
			Skipping alignment 259030 259614 | 593 1 | 585 593 | 97.47 | Klebsiella_pneumoniae_subsp._pneumoniae_NZ_CP047675.1 k141_458

CONTIG: k141_459 (669bp)
Best alignment score: 662.0 (LEN: 669, IDY: 98.95), Total number of alignments: 5
		Skipping these alignments as insignificant (option --ambiguity-score is set to "0.99"):
			Skipping alignment 214095 214468 | 374 1 | 374 374 | 98.93 | Klebsiella_pneumoniae_subsp._pneumoniae_NZ_CP047675.1 k141_459
			Skipping alignment 213729 213898 | 669 500 | 170 170 | 100.0 | Klebsiella_pneumoniae_subsp._pneumoniae_NZ_CP047675.1 k141_459
			Skipping alignment 213911 214003 | 489 397 | 93 93 | 95.7 | Klebsiella_pneumoniae_subsp._pneumoniae_NZ_CP047675.1 k141_459
		This contig has 2 significant alignments. [An ambiguously mapped contig]
		Using only first of these alignment (option --ambiguity-usage is set to "one"):
			Alignment: 1037489 1038152 | 669 1 | 664 669 | 98.95 | Klebsiella_pneumoniae_subsp._pneumoniae_NZ_CP047675.1 k141_459
			Skipping alignment 121941 122611 | 669 1 | 671 669 | 98.66 | Klebsiella_pneumoniae_subsp._pneumoniae_NZ_CP047675.1 k141_459

CONTIG: k141_471 (551bp)
Best alignment score: 548.0 (LEN: 551, IDY: 99.46), Total number of alignments: 1
		One align captures most of this contig: 5027404 5027954 | 1 551 | 551 551 | 99.46 | Klebsiella_pneumoniae_subsp._pneumoniae_NZ_CP047675.1 k141_471

CONTIG: k141_472 (609bp)
Best alignment score: 607.0 (LEN: 609, IDY: 99.67), Total number of alignments: 1
		One align captures most of this contig: 3359552 3360160 | 609 1 | 609 609 | 99.67 | Klebsiella_pneumoniae_subsp._pneumoniae_NZ_CP047675.1 k141_472

CONTIG: k141_477 (528bp)
Best alignment score: 521.0 (LEN: 528, IDY: 98.67), Total number of alignments: 1
		One align captures most of this contig: 2815022 2815549 | 528 1 | 528 528 | 98.67 | Klebsiella_pneumoniae_subsp._pneumoniae_NZ_CP047675.1 k141_477

CONTIG: k141_484 (569bp)
Best alignment score: 567.0 (LEN: 569, IDY: 99.65), Total number of alignments: 1
		One align captures most of this contig: 140107 140675 | 569 1 | 569 569 | 99.65 | Klebsiella_pneumoniae_subsp._pneumoniae_NZ_CP047675.1 k141_484

CONTIG: k141_485 (517bp)
Best alignment score: 514.0 (LEN: 517, IDY: 99.42), Total number of alignments: 1
		One align captures most of this contig: 1805858 1806374 | 517 1 | 517 517 | 99.42 | Klebsiella_pneumoniae_subsp._pneumoniae_NZ_CP047675.1 k141_485

CONTIG: k141_487 (602bp)
Best alignment score: 600.0 (LEN: 602, IDY: 99.67), Total number of alignments: 1
		One align captures most of this contig: 997148 997749 | 1 602 | 602 602 | 99.67 | Klebsiella_pneumoniae_subsp._pneumoniae_NZ_CP047675.1 k141_487

CONTIG: k141_488 (523bp)
Best alignment score: 522.0 (LEN: 523, IDY: 99.81), Total number of alignments: 1
		One align captures most of this contig: 1256103 1256625 | 1 523 | 523 523 | 99.81 | Klebsiella_pneumoniae_subsp._pneumoniae_NZ_CP047675.1 k141_488

CONTIG: k141_498 (693bp)
Best alignment score: 689.0 (LEN: 693, IDY: 99.42), Total number of alignments: 1
		One align captures most of this contig: 5228660 5229352 | 693 1 | 693 693 | 99.42 | Klebsiella_pneumoniae_subsp._pneumoniae_NZ_CP047675.1 k141_498

CONTIG: k141_510 (553bp)
Best alignment score: 552.0 (LEN: 553, IDY: 99.82), Total number of alignments: 1
		One align captures most of this contig: 4307557 4308109 | 1 553 | 553 553 | 99.82 | Klebsiella_pneumoniae_subsp._pneumoniae_NZ_CP047675.1 k141_510

CONTIG: k141_532 (523bp)
Best alignment score: 515.0 (LEN: 523, IDY: 98.47), Total number of alignments: 1
		One align captures most of this contig: 2794403 2794925 | 1 523 | 523 523 | 98.47 | Klebsiella_pneumoniae_subsp._pneumoniae_NZ_CP047675.1 k141_532

CONTIG: k141_533 (590bp)
Best alignment score: 586.0 (LEN: 590, IDY: 99.32), Total number of alignments: 1
		One align captures most of this contig: 4331044 4331633 | 590 1 | 590 590 | 99.32 | Klebsiella_pneumoniae_subsp._pneumoniae_NZ_CP047675.1 k141_533

CONTIG: k141_538 (548bp)
Best alignment score: 543.0 (LEN: 548, IDY: 99.09), Total number of alignments: 1
		One align captures most of this contig: 484867 485414 | 548 1 | 548 548 | 99.09 | Klebsiella_pneumoniae_subsp._pneumoniae_NZ_CP047675.1 k141_538

CONTIG: k141_542 (693bp)
Best alignment score: 688.0 (LEN: 693, IDY: 99.28), Total number of alignments: 1
		One align captures most of this contig: 821261 821953 | 1 693 | 693 693 | 99.28 | Klebsiella_pneumoniae_subsp._pneumoniae_NZ_CP047675.1 k141_542

CONTIG: k141_548 (502bp)
Best alignment score: 500.0 (LEN: 502, IDY: 99.60), Total number of alignments: 1
		One align captures most of this contig: 3385066 3385567 | 502 1 | 502 502 | 99.6 | Klebsiella_pneumoniae_subsp._pneumoniae_NZ_CP047675.1 k141_548

CONTIG: k141_557 (659bp)
Best alignment score: 658.0 (LEN: 659, IDY: 99.85), Total number of alignments: 1
		One align captures most of this contig: 5290219 5290877 | 659 1 | 659 659 | 99.85 | Klebsiella_pneumoniae_subsp._pneumoniae_NZ_CP047675.1 k141_557

CONTIG: k141_561 (893bp)
Best alignment score: 849.0 (LEN: 893, IDY: 95.07), Total number of alignments: 1
		One align captures most of this contig: 3005553 3006445 | 893 1 | 893 893 | 95.07 | Klebsiella_pneumoniae_subsp._pneumoniae_NZ_CP047675.1 k141_561

CONTIG: k141_570 (539bp)
Best alignment score: 536.0 (LEN: 539, IDY: 99.44), Total number of alignments: 1
		One align captures most of this contig: 2718036 2718574 | 539 1 | 539 539 | 99.44 | Klebsiella_pneumoniae_subsp._pneumoniae_NZ_CP047675.1 k141_570

CONTIG: k141_38 (501bp)
Best alignment score: 500.0 (LEN: 501, IDY: 99.80), Total number of alignments: 1
		One align captures most of this contig: 96440 96940 | 1 501 | 501 501 | 99.8 | Klebsiella_pneumoniae_subsp._pneumoniae_NZ_CP047676.1 k141_38

CONTIG: k141_246 (596bp)
Best alignment score: 592.0 (LEN: 593, IDY: 99.83), Total number of alignments: 1
		One align captures most of this contig: 97269 97861 | 1 593 | 593 593 | 99.83 | Klebsiella_pneumoniae_subsp._pneumoniae_NZ_CP047676.1 k141_246

CONTIG: k141_254 (649bp)
Best alignment score: 162.0 (LEN: 163, IDY: 99.39), Total number of alignments: 1
			Looking for the best set of alignments (out of 1 total alignments)
			The best set is below. Score: 162.0, number of alignments: 1, unaligned bases: 486
		Alignment: 148366 148528 | 487 649 | 163 163 | 99.39 | Klebsiella_pneumoniae_subsp._pneumoniae_NZ_CP047676.1 k141_254

Analyzing coverage...
Writing SNPs into /home/hannelore/PROJECTHH/Scripts/Pipeline/work/5b/fd06bcddfdd15e6ad5a6ca9bd7cd34/metaquast-results/runs_per_reference/Klebsiella_pneumoniae_subsp._pneumoniae/contigs_reports/minimap_output/TRIM_ERR1795079_Illumina_MiSeq_paired_end_sequencing_EXP_7_1_2017_01_13_14_47_56_mini_1-contigs.used_snps.gz

Analysis is finished!
Founded SNPs were written into /home/hannelore/PROJECTHH/Scripts/Pipeline/work/5b/fd06bcddfdd15e6ad5a6ca9bd7cd34/metaquast-results/runs_per_reference/Klebsiella_pneumoniae_subsp._pneumoniae/contigs_reports/minimap_output/TRIM_ERR1795079_Illumina_MiSeq_paired_end_sequencing_EXP_7_1_2017_01_13_14_47_56_mini_1-contigs.used_snps.gz

Results:
	Local Misassemblies: 0
	Misassemblies: 2
		Relocations: 2
		Translocations: 0
		Inversions: 0
	Scaffold gap extensive misassemblies: 0
	Scaffold gap local misassemblies: 0
	Misassembled Contigs: 2
	Misassembled Contig Bases: 1527
	Misassemblies Inter-Contig Overlap: 0
Unaligned Contigs: 0 + 0 part
Half Unaligned Contigs with Misassemblies: 0
Unaligned Contig Bases: 0

Ambiguously Mapped Contigs: 4
Total Bases in Ambiguously Mapped Contigs: 5421
Extra Bases in Ambiguously Mapped Contigs: 0
Note that --allow-ambiguity option was set to "one" and only first alignment per each of these contigs was used.

	Covered Bases: 51045

	SNPs: 354
	Insertions: 7
	Deletions: 4

