Aligning contigs to reference...
	Aligning contigs to the reference
Filtering alignments...
Parsing coords...
Loading reference...
	Loaded [Klebsiella_pneumoniae_subsp._pneumoniae_NZ_CP047675.1]
	Loaded [Klebsiella_pneumoniae_subsp._pneumoniae_NZ_CP047676.1]
	Total Regions: 2
	Total Region Length: 5606998
Analyzing contigs...
CONTIG: k141_299 (625bp)
Best alignment score: 621.0 (LEN: 625, IDY: 99.36), Total number of alignments: 1
		One align captures most of this contig: 802164 802787 | 625 1 | 624 625 | 99.36 | Klebsiella_pneumoniae_subsp._pneumoniae_NZ_CP047675.1 k141_299

CONTIG: k141_300 (840bp)
Best alignment score: 839.0 (LEN: 840, IDY: 99.88), Total number of alignments: 1
		One align captures most of this contig: 4310174 4311013 | 1 840 | 840 840 | 99.88 | Klebsiella_pneumoniae_subsp._pneumoniae_NZ_CP047675.1 k141_300

CONTIG: k141_7 (523bp)
Best alignment score: 523.0 (LEN: 523, IDY: 100.00), Total number of alignments: 1
		One align captures most of this contig: 4945815 4946337 | 523 1 | 523 523 | 100.0 | Klebsiella_pneumoniae_subsp._pneumoniae_NZ_CP047675.1 k141_7

CONTIG: k141_307 (589bp)
Best alignment score: 587.0 (LEN: 589, IDY: 99.66), Total number of alignments: 1
		One align captures most of this contig: 991210 991798 | 589 1 | 589 589 | 99.66 | Klebsiella_pneumoniae_subsp._pneumoniae_NZ_CP047675.1 k141_307

CONTIG: k141_308 (949bp)
Best alignment score: 948.0 (LEN: 949, IDY: 99.89), Total number of alignments: 1
		One align captures most of this contig: 1016261 1017209 | 1 949 | 949 949 | 99.89 | Klebsiella_pneumoniae_subsp._pneumoniae_NZ_CP047675.1 k141_308

CONTIG: k141_309 (639bp)
Best alignment score: 637.0 (LEN: 639, IDY: 99.69), Total number of alignments: 1
		One align captures most of this contig: 5204247 5204885 | 1 639 | 639 639 | 99.69 | Klebsiella_pneumoniae_subsp._pneumoniae_NZ_CP047675.1 k141_309

CONTIG: k141_20 (710bp)
Best alignment score: 693.0 (LEN: 699, IDY: 99.14), Total number of alignments: 1
			Looking for the best set of alignments (out of 1 total alignments)
			The best set is below. Score: 693.0, number of alignments: 1, unaligned bases: 11
		Alignment: 3363349 3364047 | 710 12 | 699 699 | 99.14 | Klebsiella_pneumoniae_subsp._pneumoniae_NZ_CP047675.1 k141_20

CONTIG: k141_314 (586bp)
Best alignment score: 583.0 (LEN: 586, IDY: 99.49), Total number of alignments: 1
		One align captures most of this contig: 2172866 2173451 | 586 1 | 586 586 | 99.49 | Klebsiella_pneumoniae_subsp._pneumoniae_NZ_CP047675.1 k141_314

CONTIG: k141_322 (500bp)
Best alignment score: 498.0 (LEN: 500, IDY: 99.60), Total number of alignments: 1
		One align captures most of this contig: 1737872 1738371 | 1 500 | 500 500 | 99.6 | Klebsiella_pneumoniae_subsp._pneumoniae_NZ_CP047675.1 k141_322

CONTIG: k141_324 (540bp)
Best alignment score: 538.0 (LEN: 540, IDY: 99.63), Total number of alignments: 1
		One align captures most of this contig: 943681 944220 | 540 1 | 540 540 | 99.63 | Klebsiella_pneumoniae_subsp._pneumoniae_NZ_CP047675.1 k141_324

CONTIG: k141_325 (552bp)
Best alignment score: 550.0 (LEN: 552, IDY: 99.64), Total number of alignments: 1
		One align captures most of this contig: 1651483 1652034 | 552 1 | 552 552 | 99.64 | Klebsiella_pneumoniae_subsp._pneumoniae_NZ_CP047675.1 k141_325

CONTIG: k141_330 (704bp)
Best alignment score: 699.0 (LEN: 704, IDY: 99.29), Total number of alignments: 1
		One align captures most of this contig: 407854 408557 | 1 704 | 704 704 | 99.29 | Klebsiella_pneumoniae_subsp._pneumoniae_NZ_CP047675.1 k141_330

CONTIG: k141_331 (516bp)
Best alignment score: 511.0 (LEN: 516, IDY: 99.03), Total number of alignments: 1
		One align captures most of this contig: 3855398 3855913 | 1 516 | 516 516 | 99.03 | Klebsiella_pneumoniae_subsp._pneumoniae_NZ_CP047675.1 k141_331

CONTIG: k141_332 (743bp)
Best alignment score: 731.0 (LEN: 743, IDY: 98.38), Total number of alignments: 1
		One align captures most of this contig: 4965443 4966185 | 743 1 | 743 743 | 98.38 | Klebsiella_pneumoniae_subsp._pneumoniae_NZ_CP047675.1 k141_332

CONTIG: k141_334 (570bp)
Best alignment score: 565.0 (LEN: 567, IDY: 99.65), Total number of alignments: 1
		One align captures most of this contig: 4454154 4454720 | 567 1 | 567 567 | 99.65 | Klebsiella_pneumoniae_subsp._pneumoniae_NZ_CP047675.1 k141_334

CONTIG: k141_335 (551bp)
Best alignment score: 547.0 (LEN: 551, IDY: 99.27), Total number of alignments: 1
		One align captures most of this contig: 843262 843812 | 1 551 | 551 551 | 99.27 | Klebsiella_pneumoniae_subsp._pneumoniae_NZ_CP047675.1 k141_335

CONTIG: k141_336 (506bp)
Best alignment score: 497.0 (LEN: 498, IDY: 99.80), Total number of alignments: 1
		One align captures most of this contig: 697328 697825 | 506 9 | 498 498 | 99.8 | Klebsiella_pneumoniae_subsp._pneumoniae_NZ_CP047675.1 k141_336

CONTIG: k141_339 (547bp)
Best alignment score: 545.0 (LEN: 547, IDY: 99.63), Total number of alignments: 1
		One align captures most of this contig: 2291017 2291563 | 1 547 | 547 547 | 99.63 | Klebsiella_pneumoniae_subsp._pneumoniae_NZ_CP047675.1 k141_339

CONTIG: k141_343 (983bp)
Best alignment score: 974.0 (LEN: 983, IDY: 99.08), Total number of alignments: 1
		One align captures most of this contig: 1704265 1705247 | 983 1 | 983 983 | 99.08 | Klebsiella_pneumoniae_subsp._pneumoniae_NZ_CP047675.1 k141_343

CONTIG: k141_350 (930bp)
Best alignment score: 926.0 (LEN: 930, IDY: 99.57), Total number of alignments: 1
		One align captures most of this contig: 3876077 3877006 | 1 930 | 930 930 | 99.57 | Klebsiella_pneumoniae_subsp._pneumoniae_NZ_CP047675.1 k141_350

CONTIG: k141_361 (587bp)
Best alignment score: 584.0 (LEN: 587, IDY: 99.49), Total number of alignments: 1
		One align captures most of this contig: 5353711 5354297 | 1 587 | 587 587 | 99.49 | Klebsiella_pneumoniae_subsp._pneumoniae_NZ_CP047675.1 k141_361

CONTIG: k141_44 (549bp)
Best alignment score: 549.0 (LEN: 549, IDY: 100.00), Total number of alignments: 1
		One align captures most of this contig: 1382026 1382574 | 1 549 | 549 549 | 100.0 | Klebsiella_pneumoniae_subsp._pneumoniae_NZ_CP047675.1 k141_44

CONTIG: k141_52 (1359bp)
Best alignment score: 1151.0 (LEN: 1155, IDY: 99.65), Total number of alignments: 5
			Looking for the best set of alignments (out of 5 total alignments)
			Skipping redundant alignments after choosing the best set of alignments
		Skipping redundant alignment 1132956 1134094 | 1 1139 | 1139 1139 | 99.65 | Klebsiella_pneumoniae_subsp._pneumoniae_NZ_CP047675.1 k141_52
		Skipping redundant alignment 1460915 1462069 | 1155 1 | 1155 1155 | 99.65 | Klebsiella_pneumoniae_subsp._pneumoniae_NZ_CP047675.1 k141_52
		Skipping redundant alignment 975330 976484 | 1 1155 | 1155 1155 | 99.57 | Klebsiella_pneumoniae_subsp._pneumoniae_NZ_CP047675.1 k141_52
		This contig has several significant sets of alignments. [An ambiguously mapped contig]
		Using only the very best set (option --ambiguity-usage is set to "one").
			The best set is below. Score: 1272.9, number of alignments: 2, unaligned bases: 0
		This contig is misassembled.
			Excluding internal overlap of size 23 between Alignment 1 and 2: 5119997 5120239 | 1359 1117 | 243 243 --> 5119997 5120216 | 1359 1140 | 220 220
			Real Alignment 1: 5120523 5121661 | 1 1139 | 1139 1139 | 99.65 | Klebsiella_pneumoniae_subsp._pneumoniae_NZ_CP047675.1 k141_52
			  Extensive misassembly (inversion) between these two alignments
			Real Alignment 2: 5119997 5120216 | 1359 1140 | 220 220 | 98.36 | Klebsiella_pneumoniae_subsp._pneumoniae_NZ_CP047675.1 k141_52

CONTIG: k141_53 (560bp)
Best alignment score: 556.0 (LEN: 560, IDY: 99.29), Total number of alignments: 1
		One align captures most of this contig: 3228725 3229284 | 1 560 | 560 560 | 99.29 | Klebsiella_pneumoniae_subsp._pneumoniae_NZ_CP047675.1 k141_53

CONTIG: k141_63 (553bp)
Best alignment score: 552.0 (LEN: 553, IDY: 99.82), Total number of alignments: 1
		One align captures most of this contig: 1500123 1500675 | 553 1 | 553 553 | 99.82 | Klebsiella_pneumoniae_subsp._pneumoniae_NZ_CP047675.1 k141_63

CONTIG: k141_68 (836bp)
Best alignment score: 831.0 (LEN: 836, IDY: 99.40), Total number of alignments: 1
		One align captures most of this contig: 3916265 3917100 | 836 1 | 836 836 | 99.4 | Klebsiella_pneumoniae_subsp._pneumoniae_NZ_CP047675.1 k141_68

CONTIG: k141_72 (602bp)
Best alignment score: 595.0 (LEN: 602, IDY: 98.84), Total number of alignments: 1
		One align captures most of this contig: 1041532 1042133 | 602 1 | 602 602 | 98.84 | Klebsiella_pneumoniae_subsp._pneumoniae_NZ_CP047675.1 k141_72

CONTIG: k141_73 (657bp)
Best alignment score: 651.0 (LEN: 656, IDY: 99.24), Total number of alignments: 1
		One align captures most of this contig: 466445 467100 | 1 656 | 656 656 | 99.24 | Klebsiella_pneumoniae_subsp._pneumoniae_NZ_CP047675.1 k141_73

CONTIG: k141_74 (771bp)
Best alignment score: 769.0 (LEN: 771, IDY: 99.74), Total number of alignments: 1
		One align captures most of this contig: 1986937 1987707 | 771 1 | 771 771 | 99.74 | Klebsiella_pneumoniae_subsp._pneumoniae_NZ_CP047675.1 k141_74

CONTIG: k141_85 (553bp)
Best alignment score: 551.0 (LEN: 553, IDY: 99.64), Total number of alignments: 1
		One align captures most of this contig: 5358021 5358573 | 553 1 | 553 553 | 99.64 | Klebsiella_pneumoniae_subsp._pneumoniae_NZ_CP047675.1 k141_85

CONTIG: k141_87 (557bp)
Best alignment score: 553.0 (LEN: 557, IDY: 99.28), Total number of alignments: 1
		One align captures most of this contig: 4343472 4344029 | 557 1 | 558 557 | 99.28 | Klebsiella_pneumoniae_subsp._pneumoniae_NZ_CP047675.1 k141_87

CONTIG: k141_93 (577bp)
Best alignment score: 571.0 (LEN: 572, IDY: 99.83), Total number of alignments: 1
		One align captures most of this contig: 5109141 5109712 | 577 6 | 572 572 | 99.83 | Klebsiella_pneumoniae_subsp._pneumoniae_NZ_CP047675.1 k141_93

CONTIG: k141_98 (506bp)
Best alignment score: 502.0 (LEN: 506, IDY: 99.21), Total number of alignments: 1
		One align captures most of this contig: 1770304 1770809 | 506 1 | 506 506 | 99.21 | Klebsiella_pneumoniae_subsp._pneumoniae_NZ_CP047675.1 k141_98

CONTIG: k141_104 (593bp)
Best alignment score: 588.0 (LEN: 592, IDY: 99.32), Total number of alignments: 1
		One align captures most of this contig: 2488341 2488932 | 1 592 | 592 592 | 99.32 | Klebsiella_pneumoniae_subsp._pneumoniae_NZ_CP047675.1 k141_104

CONTIG: k141_383 (572bp)
Best alignment score: 568.0 (LEN: 572, IDY: 99.30), Total number of alignments: 1
		One align captures most of this contig: 2783404 2783975 | 1 572 | 572 572 | 99.3 | Klebsiella_pneumoniae_subsp._pneumoniae_NZ_CP047675.1 k141_383

CONTIG: k141_384 (763bp)
Best alignment score: 761.0 (LEN: 763, IDY: 99.74), Total number of alignments: 1
		One align captures most of this contig: 945593 946355 | 763 1 | 763 763 | 99.74 | Klebsiella_pneumoniae_subsp._pneumoniae_NZ_CP047675.1 k141_384

CONTIG: k141_388 (562bp)
Best alignment score: 559.0 (LEN: 559, IDY: 100.00), Total number of alignments: 1
		One align captures most of this contig: 2644301 2644859 | 559 1 | 559 559 | 100.0 | Klebsiella_pneumoniae_subsp._pneumoniae_NZ_CP047675.1 k141_388

CONTIG: k141_389 (553bp)
Best alignment score: 553.0 (LEN: 553, IDY: 100.00), Total number of alignments: 1
		One align captures most of this contig: 150209 150761 | 553 1 | 553 553 | 100.0 | Klebsiella_pneumoniae_subsp._pneumoniae_NZ_CP047675.1 k141_389

CONTIG: k141_391 (734bp)
Best alignment score: 525.0 (LEN: 528, IDY: 99.43), Total number of alignments: 2
			Looking for the best set of alignments (out of 2 total alignments)
			The best set is below. Score: 637.9, number of alignments: 2, unaligned bases: 0
		This contig is misassembled.
			Excluding internal overlap of size 85 between Alignment 1 and 2: 221457 221747 | 444 734 | 291 291 --> 221542 221747 | 529 734 | 206 206
			Real Alignment 1: 3189758 3190285 | 1 528 | 528 528 | 99.43 | Klebsiella_pneumoniae_subsp._pneumoniae_NZ_CP047675.1 k141_391
			  Extensive misassembly (relocation, inconsistency = -2968744) between these two alignments
			Real Alignment 2: 221542 221747 | 529 734 | 206 206 | 100.0 | Klebsiella_pneumoniae_subsp._pneumoniae_NZ_CP047675.1 k141_391

CONTIG: k141_396 (538bp)
Best alignment score: 538.0 (LEN: 538, IDY: 100.00), Total number of alignments: 1
		One align captures most of this contig: 5160770 5161307 | 538 1 | 538 538 | 100.0 | Klebsiella_pneumoniae_subsp._pneumoniae_NZ_CP047675.1 k141_396

CONTIG: k141_401 (521bp)
Best alignment score: 521.0 (LEN: 521, IDY: 100.00), Total number of alignments: 1
		One align captures most of this contig: 4910354 4910874 | 1 521 | 521 521 | 100.0 | Klebsiella_pneumoniae_subsp._pneumoniae_NZ_CP047675.1 k141_401

CONTIG: k141_409 (606bp)
Best alignment score: 604.0 (LEN: 606, IDY: 99.67), Total number of alignments: 1
		One align captures most of this contig: 1720310 1720915 | 1 606 | 606 606 | 99.67 | Klebsiella_pneumoniae_subsp._pneumoniae_NZ_CP047675.1 k141_409

CONTIG: k141_412 (1519bp)
Best alignment score: 1517.9 (LEN: 1519, IDY: 99.93), Total number of alignments: 8
		This contig has 8 significant alignments. [An ambiguously mapped contig]
		Using only first of these alignment (option --ambiguity-usage is set to "one"):
			Alignment: 4887963 4889481 | 1 1519 | 1519 1519 | 99.93 | Klebsiella_pneumoniae_subsp._pneumoniae_NZ_CP047675.1 k141_412
			Skipping alignment 680869 682387 | 1519 1 | 1519 1519 | 99.61 | Klebsiella_pneumoniae_subsp._pneumoniae_NZ_CP047675.1 k141_412
			Skipping alignment 1036114 1037629 | 1519 4 | 1516 1516 | 99.67 | Klebsiella_pneumoniae_subsp._pneumoniae_NZ_CP047675.1 k141_412
			Skipping alignment 4133369 4134887 | 1 1519 | 1519 1519 | 99.47 | Klebsiella_pneumoniae_subsp._pneumoniae_NZ_CP047675.1 k141_412
			Skipping alignment 16124 17642 | 1519 1 | 1519 1519 | 99.41 | Klebsiella_pneumoniae_subsp._pneumoniae_NZ_CP047675.1 k141_412
			Skipping alignment 212354 213869 | 1519 4 | 1516 1516 | 99.54 | Klebsiella_pneumoniae_subsp._pneumoniae_NZ_CP047675.1 k141_412
			Skipping alignment 257655 259173 | 1519 1 | 1519 1519 | 99.28 | Klebsiella_pneumoniae_subsp._pneumoniae_NZ_CP047675.1 k141_412
			Skipping alignment 120566 122084 | 1519 1 | 1519 1519 | 99.28 | Klebsiella_pneumoniae_subsp._pneumoniae_NZ_CP047675.1 k141_412

CONTIG: k141_420 (1126bp)
Best alignment score: 884.0 (LEN: 885, IDY: 99.89), Total number of alignments: 3
			Looking for the best set of alignments (out of 3 total alignments)
			Skipping redundant alignments after choosing the best set of alignments
		Skipping redundant alignment 3620406 3621283 | 1126 248 | 878 879 | 99.89 | Klebsiella_pneumoniae_subsp._pneumoniae_NZ_CP047675.1 k141_420
		Skipping redundant alignment 2101815 2102693 | 247 1126 | 879 880 | 99.89 | Klebsiella_pneumoniae_subsp._pneumoniae_NZ_CP047675.1 k141_420
		This contig has several significant sets of alignments. [An ambiguously mapped contig]
		Using only the very best set (option --ambiguity-usage is set to "one").
			The best set is below. Score: 884.0, number of alignments: 1, unaligned bases: 241
		Alignment: 2177254 2178137 | 1126 242 | 884 885 | 99.89 | Klebsiella_pneumoniae_subsp._pneumoniae_NZ_CP047675.1 k141_420

CONTIG: k141_423 (1540bp)
Best alignment score: 239.0 (LEN: 242, IDY: 98.76), Total number of alignments: 1
			Looking for the best set of alignments (out of 1 total alignments)
			The best set is below. Score: 239.0, number of alignments: 1, unaligned bases: 1298
		This contig is partially unaligned. (Aligned 242 out of 1540 non-N bases (15.71%))
		Alignment: 2570133 2570374 | 1287 1528 | 242 242 | 98.76 | Klebsiella_pneumoniae_subsp._pneumoniae_NZ_CP047675.1 k141_423
		Unaligned bases: 1 to 1286 (1286)
		Unaligned bases: 1529 to 1540 (12)

CONTIG: k141_109 (727bp)
Best alignment score: 721.0 (LEN: 726, IDY: 99.31), Total number of alignments: 1
		One align captures most of this contig: 1606484 1607209 | 1 726 | 726 726 | 99.31 | Klebsiella_pneumoniae_subsp._pneumoniae_NZ_CP047675.1 k141_109

CONTIG: k141_114 (576bp)
Best alignment score: 576.0 (LEN: 576, IDY: 100.00), Total number of alignments: 1
		One align captures most of this contig: 5356697 5357272 | 576 1 | 576 576 | 100.0 | Klebsiella_pneumoniae_subsp._pneumoniae_NZ_CP047675.1 k141_114

CONTIG: k141_118 (932bp)
Best alignment score: 931.0 (LEN: 932, IDY: 99.89), Total number of alignments: 1
		One align captures most of this contig: 1870514 1871445 | 932 1 | 932 932 | 99.89 | Klebsiella_pneumoniae_subsp._pneumoniae_NZ_CP047675.1 k141_118

CONTIG: k141_447 (539bp)
Best alignment score: 530.0 (LEN: 533, IDY: 99.44), Total number of alignments: 1
		One align captures most of this contig: 3325231 3325763 | 1 533 | 533 533 | 99.44 | Klebsiella_pneumoniae_subsp._pneumoniae_NZ_CP047675.1 k141_447

CONTIG: k141_128 (595bp)
Best alignment score: 581.0 (LEN: 584, IDY: 99.49), Total number of alignments: 1
			Looking for the best set of alignments (out of 1 total alignments)
			The best set is below. Score: 581.0, number of alignments: 1, unaligned bases: 11
		Alignment: 2620791 2621374 | 595 12 | 584 584 | 99.49 | Klebsiella_pneumoniae_subsp._pneumoniae_NZ_CP047675.1 k141_128

CONTIG: k141_130 (647bp)
Best alignment score: 641.0 (LEN: 647, IDY: 99.07), Total number of alignments: 1
		One align captures most of this contig: 5127174 5127820 | 647 1 | 647 647 | 99.07 | Klebsiella_pneumoniae_subsp._pneumoniae_NZ_CP047675.1 k141_130

CONTIG: k141_464 (533bp)
Best alignment score: 529.0 (LEN: 533, IDY: 99.25), Total number of alignments: 1
		One align captures most of this contig: 2071127 2071659 | 1 533 | 533 533 | 99.25 | Klebsiella_pneumoniae_subsp._pneumoniae_NZ_CP047675.1 k141_464

CONTIG: k141_466 (556bp)
Best alignment score: 555.0 (LEN: 556, IDY: 99.82), Total number of alignments: 1
		One align captures most of this contig: 1580836 1581391 | 1 556 | 556 556 | 99.82 | Klebsiella_pneumoniae_subsp._pneumoniae_NZ_CP047675.1 k141_466

CONTIG: k141_467 (515bp)
Best alignment score: 513.0 (LEN: 515, IDY: 99.61), Total number of alignments: 1
		One align captures most of this contig: 2505377 2505891 | 1 515 | 515 515 | 99.61 | Klebsiella_pneumoniae_subsp._pneumoniae_NZ_CP047675.1 k141_467

CONTIG: k141_490 (885bp)
Best alignment score: 884.0 (LEN: 885, IDY: 99.89), Total number of alignments: 1
		One align captures most of this contig: 1734514 1735398 | 1 885 | 885 885 | 99.89 | Klebsiella_pneumoniae_subsp._pneumoniae_NZ_CP047675.1 k141_490

CONTIG: k141_495 (519bp)
Best alignment score: 516.0 (LEN: 519, IDY: 99.42), Total number of alignments: 1
		One align captures most of this contig: 752918 753435 | 1 519 | 518 519 | 99.42 | Klebsiella_pneumoniae_subsp._pneumoniae_NZ_CP047675.1 k141_495

CONTIG: k141_140 (517bp)
Best alignment score: 508.0 (LEN: 509, IDY: 99.80), Total number of alignments: 1
		One align captures most of this contig: 4982173 4982681 | 9 517 | 509 509 | 99.8 | Klebsiella_pneumoniae_subsp._pneumoniae_NZ_CP047675.1 k141_140

CONTIG: k141_142 (735bp)
Best alignment score: 727.0 (LEN: 735, IDY: 98.91), Total number of alignments: 1
		One align captures most of this contig: 2188002 2188736 | 1 735 | 735 735 | 98.91 | Klebsiella_pneumoniae_subsp._pneumoniae_NZ_CP047675.1 k141_142

CONTIG: k141_151 (540bp)
Best alignment score: 396.0 (LEN: 397, IDY: 99.75), Total number of alignments: 2
			Looking for the best set of alignments (out of 2 total alignments)
			The best set is below. Score: 479.2, number of alignments: 2, unaligned bases: 4
		This contig is misassembled.
			Excluding internal overlap of size 6 between Alignment 1 and 2: 4514849 4514993 | 392 536 | 145 145 --> 4514855 4514993 | 398 536 | 139 139
			Real Alignment 1: 4514914 4515310 | 397 1 | 397 397 | 99.75 | Klebsiella_pneumoniae_subsp._pneumoniae_NZ_CP047675.1 k141_151
			  Extensive misassembly (inversion) between these two alignments
			Real Alignment 2: 4514855 4514993 | 398 536 | 139 139 | 97.24 | Klebsiella_pneumoniae_subsp._pneumoniae_NZ_CP047675.1 k141_151

CONTIG: k141_162 (753bp)
Best alignment score: 743.0 (LEN: 750, IDY: 99.07), Total number of alignments: 1
		One align captures most of this contig: 1422538 1423287 | 750 1 | 750 750 | 99.07 | Klebsiella_pneumoniae_subsp._pneumoniae_NZ_CP047675.1 k141_162

CONTIG: k141_169 (694bp)
Best alignment score: 693.0 (LEN: 694, IDY: 99.86), Total number of alignments: 1
		One align captures most of this contig: 2704929 2705622 | 694 1 | 694 694 | 99.86 | Klebsiella_pneumoniae_subsp._pneumoniae_NZ_CP047675.1 k141_169

CONTIG: k141_196 (606bp)
Best alignment score: 606.0 (LEN: 606, IDY: 100.00), Total number of alignments: 1
		One align captures most of this contig: 3872492 3873097 | 1 606 | 606 606 | 100.0 | Klebsiella_pneumoniae_subsp._pneumoniae_NZ_CP047675.1 k141_196

CONTIG: k141_202 (544bp)
Best alignment score: 543.0 (LEN: 544, IDY: 99.82), Total number of alignments: 1
		One align captures most of this contig: 1070686 1071229 | 1 544 | 544 544 | 99.82 | Klebsiella_pneumoniae_subsp._pneumoniae_NZ_CP047675.1 k141_202

CONTIG: k141_209 (538bp)
Best alignment score: 535.0 (LEN: 538, IDY: 99.44), Total number of alignments: 1
		One align captures most of this contig: 1954966 1955503 | 538 1 | 538 538 | 99.44 | Klebsiella_pneumoniae_subsp._pneumoniae_NZ_CP047675.1 k141_209

CONTIG: k141_222 (712bp)
Best alignment score: 443.0 (LEN: 457, IDY: 96.94), Total number of alignments: 4
			Looking for the best set of alignments (out of 4 total alignments)
			Skipping redundant alignments after choosing the best set of alignments
		Skipping redundant alignment 1392109 1392566 | 522 66 | 458 457 | 96.94 | Klebsiella_pneumoniae_subsp._pneumoniae_NZ_CP047675.1 k141_222
		Skipping redundant alignment 546962 547380 | 232 649 | 419 418 | 97.14 | Klebsiella_pneumoniae_subsp._pneumoniae_NZ_CP047675.1 k141_222
			The best set is below. Score: 587.9, number of alignments: 2, unaligned bases: 59
		This contig is misassembled.
			Real Alignment 1: 1392534 1392748 | 215 1 | 215 215 | 99.07 | Klebsiella_pneumoniae_subsp._pneumoniae_NZ_CP047675.1 k141_222
			  Extensive misassembly (relocation, inconsistency = 844389) between these two alignments
			Real Alignment 2: 547690 548128 | 232 669 | 439 438 | 97.04 | Klebsiella_pneumoniae_subsp._pneumoniae_NZ_CP047675.1 k141_222

CONTIG: k141_237 (585bp)
Best alignment score: 579.0 (LEN: 583, IDY: 99.31), Total number of alignments: 1
		One align captures most of this contig: 1402326 1402908 | 3 585 | 583 583 | 99.31 | Klebsiella_pneumoniae_subsp._pneumoniae_NZ_CP047675.1 k141_237

CONTIG: k141_244 (525bp)
Best alignment score: 523.0 (LEN: 525, IDY: 99.62), Total number of alignments: 1
		One align captures most of this contig: 743686 744210 | 525 1 | 525 525 | 99.62 | Klebsiella_pneumoniae_subsp._pneumoniae_NZ_CP047675.1 k141_244

CONTIG: k141_246 (561bp)
Best alignment score: 556.0 (LEN: 561, IDY: 99.11), Total number of alignments: 1
		One align captures most of this contig: 297872 298432 | 1 561 | 561 561 | 99.11 | Klebsiella_pneumoniae_subsp._pneumoniae_NZ_CP047675.1 k141_246

CONTIG: k141_510 (659bp)
Best alignment score: 654.0 (LEN: 659, IDY: 99.24), Total number of alignments: 1
		One align captures most of this contig: 254779 255437 | 1 659 | 659 659 | 99.24 | Klebsiella_pneumoniae_subsp._pneumoniae_NZ_CP047675.1 k141_510

CONTIG: k141_511 (504bp)
Best alignment score: 501.0 (LEN: 504, IDY: 99.40), Total number of alignments: 1
		One align captures most of this contig: 4968839 4969342 | 1 504 | 504 504 | 99.4 | Klebsiella_pneumoniae_subsp._pneumoniae_NZ_CP047675.1 k141_511

CONTIG: k141_514 (525bp)
Best alignment score: 524.0 (LEN: 525, IDY: 99.81), Total number of alignments: 1
		One align captures most of this contig: 4724548 4725072 | 1 525 | 525 525 | 99.81 | Klebsiella_pneumoniae_subsp._pneumoniae_NZ_CP047675.1 k141_514

CONTIG: k141_520 (534bp)
Best alignment score: 528.0 (LEN: 534, IDY: 98.88), Total number of alignments: 1
		One align captures most of this contig: 2295563 2296096 | 534 1 | 534 534 | 98.88 | Klebsiella_pneumoniae_subsp._pneumoniae_NZ_CP047675.1 k141_520

CONTIG: k141_530 (568bp)
Best alignment score: 567.0 (LEN: 568, IDY: 99.82), Total number of alignments: 1
		One align captures most of this contig: 2861213 2861780 | 568 1 | 568 568 | 99.82 | Klebsiella_pneumoniae_subsp._pneumoniae_NZ_CP047675.1 k141_530

CONTIG: k141_531 (531bp)
Best alignment score: 529.0 (LEN: 531, IDY: 99.62), Total number of alignments: 1
		One align captures most of this contig: 1419180 1419711 | 1 531 | 532 531 | 99.62 | Klebsiella_pneumoniae_subsp._pneumoniae_NZ_CP047675.1 k141_531

CONTIG: k141_532 (795bp)
Best alignment score: 791.0 (LEN: 795, IDY: 99.50), Total number of alignments: 1
		One align captures most of this contig: 795145 795939 | 795 1 | 795 795 | 99.5 | Klebsiella_pneumoniae_subsp._pneumoniae_NZ_CP047675.1 k141_532

CONTIG: k141_545 (560bp)
Best alignment score: 551.0 (LEN: 560, IDY: 98.39), Total number of alignments: 1
		One align captures most of this contig: 2854047 2854606 | 1 560 | 560 560 | 98.39 | Klebsiella_pneumoniae_subsp._pneumoniae_NZ_CP047675.1 k141_545

CONTIG: k141_567 (507bp)
Best alignment score: 505.0 (LEN: 507, IDY: 99.61), Total number of alignments: 1
		One align captures most of this contig: 446573 447079 | 1 507 | 507 507 | 99.61 | Klebsiella_pneumoniae_subsp._pneumoniae_NZ_CP047675.1 k141_567

CONTIG: k141_570 (563bp)
Best alignment score: 561.0 (LEN: 563, IDY: 99.64), Total number of alignments: 1
		One align captures most of this contig: 5151021 5151583 | 563 1 | 563 563 | 99.64 | Klebsiella_pneumoniae_subsp._pneumoniae_NZ_CP047675.1 k141_570

CONTIG: k141_258 (512bp)
Best alignment score: 510.0 (LEN: 512, IDY: 99.61), Total number of alignments: 1
		One align captures most of this contig: 4669409 4669920 | 512 1 | 512 512 | 99.61 | Klebsiella_pneumoniae_subsp._pneumoniae_NZ_CP047675.1 k141_258

CONTIG: k141_577 (901bp)
Best alignment score: 897.0 (LEN: 901, IDY: 99.56), Total number of alignments: 1
		One align captures most of this contig: 1917389 1918289 | 1 901 | 901 901 | 99.56 | Klebsiella_pneumoniae_subsp._pneumoniae_NZ_CP047675.1 k141_577

CONTIG: k141_583 (533bp)
Best alignment score: 532.0 (LEN: 533, IDY: 99.81), Total number of alignments: 1
		One align captures most of this contig: 852303 852835 | 1 533 | 533 533 | 99.81 | Klebsiella_pneumoniae_subsp._pneumoniae_NZ_CP047675.1 k141_583

CONTIG: k141_280 (609bp)
Best alignment score: 605.0 (LEN: 609, IDY: 99.34), Total number of alignments: 1
		One align captures most of this contig: 1112744 1113352 | 609 1 | 609 609 | 99.34 | Klebsiella_pneumoniae_subsp._pneumoniae_NZ_CP047675.1 k141_280

CONTIG: k141_481 (597bp)
Best alignment score: 589.0 (LEN: 597, IDY: 98.66), Total number of alignments: 1
		One align captures most of this contig: 148368 148964 | 1 597 | 597 597 | 98.66 | Klebsiella_pneumoniae_subsp._pneumoniae_NZ_CP047676.1 k141_481

Analyzing coverage...
Writing SNPs into /home/hannelore/PROJECTHH/Scripts/Pipeline/work/5b/fd06bcddfdd15e6ad5a6ca9bd7cd34/metaquast-results/runs_per_reference/Klebsiella_pneumoniae_subsp._pneumoniae/contigs_reports/minimap_output/TRIM_ERR1795084_Illumina_MiSeq_paired_end_sequencing_EXP_12_1_2017_01_13_14_47_56_mini_1-contigs.used_snps.gz

Analysis is finished!
Founded SNPs were written into /home/hannelore/PROJECTHH/Scripts/Pipeline/work/5b/fd06bcddfdd15e6ad5a6ca9bd7cd34/metaquast-results/runs_per_reference/Klebsiella_pneumoniae_subsp._pneumoniae/contigs_reports/minimap_output/TRIM_ERR1795084_Illumina_MiSeq_paired_end_sequencing_EXP_12_1_2017_01_13_14_47_56_mini_1-contigs.used_snps.gz

Results:
	Local Misassemblies: 0
	Misassemblies: 4
		Relocations: 2
		Translocations: 0
		Inversions: 2
	Scaffold gap extensive misassemblies: 0
	Scaffold gap local misassemblies: 0
	Misassembled Contigs: 4
	Misassembled Contig Bases: 3345
	Misassemblies Inter-Contig Overlap: 0
Unaligned Contigs: 0 + 1 part
Half Unaligned Contigs with Misassemblies: 0
Unaligned Contig Bases: 1298

Ambiguously Mapped Contigs: 3
Total Bases in Ambiguously Mapped Contigs: 4004
Extra Bases in Ambiguously Mapped Contigs: 0
Note that --allow-ambiguity option was set to "one" and only first alignment per each of these contigs was used.

	Covered Bases: 52884

	SNPs: 262
	Insertions: 3
	Deletions: 3

