Aligning contigs to reference...
	Aligning contigs to the reference
Filtering alignments...
Parsing coords...
Loading reference...
	Loaded [Klebsiella_pneumoniae_subsp._pneumoniae_NZ_CP047675.1]
	Loaded [Klebsiella_pneumoniae_subsp._pneumoniae_NZ_CP047676.1]
	Total Regions: 2
	Total Region Length: 5606998
Analyzing contigs...
CONTIG: k141_280 (602bp)
Best alignment score: 600.0 (LEN: 602, IDY: 99.67), Total number of alignments: 1
		One align captures most of this contig: 2987398 2987999 | 602 1 | 602 602 | 99.67 | Klebsiella_pneumoniae_subsp._pneumoniae_NZ_CP047675.1 k141_280

CONTIG: k141_8 (504bp)
Best alignment score: 297.0 (LEN: 300, IDY: 99.00), Total number of alignments: 2
			Looking for the best set of alignments (out of 2 total alignments)
			The best set is below. Score: 436.7, number of alignments: 2, unaligned bases: 0
		This contig is misassembled.
			Excluding internal overlap of size 21 between Alignment 1 and 2: 690137 690361 | 280 504 | 225 225 --> 690158 690361 | 301 504 | 204 204
			Real Alignment 1: 1697523 1697822 | 1 300 | 300 300 | 99.0 | Klebsiella_pneumoniae_subsp._pneumoniae_NZ_CP047675.1 k141_8
			  Extensive misassembly (relocation, inconsistency = -1007665) between these two alignments
			Real Alignment 2: 690158 690361 | 301 504 | 204 204 | 98.22 | Klebsiella_pneumoniae_subsp._pneumoniae_NZ_CP047675.1 k141_8

CONTIG: k141_287 (555bp)
Best alignment score: 553.0 (LEN: 555, IDY: 99.64), Total number of alignments: 1
		One align captures most of this contig: 3888557 3889111 | 1 555 | 555 555 | 99.64 | Klebsiella_pneumoniae_subsp._pneumoniae_NZ_CP047675.1 k141_287

CONTIG: k141_290 (503bp)
Best alignment score: 482.0 (LEN: 499, IDY: 96.59), Total number of alignments: 1
		One align captures most of this contig: 5329465 5329963 | 503 5 | 499 499 | 96.59 | Klebsiella_pneumoniae_subsp._pneumoniae_NZ_CP047675.1 k141_290

CONTIG: k141_293 (570bp)
Best alignment score: 567.0 (LEN: 570, IDY: 99.47), Total number of alignments: 1
		One align captures most of this contig: 4512256 4512825 | 570 1 | 570 570 | 99.47 | Klebsiella_pneumoniae_subsp._pneumoniae_NZ_CP047675.1 k141_293

CONTIG: k141_25 (552bp)
Best alignment score: 549.0 (LEN: 552, IDY: 99.46), Total number of alignments: 1
		One align captures most of this contig: 2665699 2666250 | 552 1 | 552 552 | 99.46 | Klebsiella_pneumoniae_subsp._pneumoniae_NZ_CP047675.1 k141_25

CONTIG: k141_28 (559bp)
Best alignment score: 554.0 (LEN: 559, IDY: 99.11), Total number of alignments: 1
		One align captures most of this contig: 2048276 2048834 | 559 1 | 559 559 | 99.11 | Klebsiella_pneumoniae_subsp._pneumoniae_NZ_CP047675.1 k141_28

CONTIG: k141_38 (507bp)
Best alignment score: 507.0 (LEN: 507, IDY: 100.00), Total number of alignments: 1
		One align captures most of this contig: 198674 199180 | 507 1 | 507 507 | 100.0 | Klebsiella_pneumoniae_subsp._pneumoniae_NZ_CP047675.1 k141_38

CONTIG: k141_46 (599bp)
Best alignment score: 595.0 (LEN: 599, IDY: 99.33), Total number of alignments: 1
		One align captures most of this contig: 2311819 2312417 | 1 599 | 599 599 | 99.33 | Klebsiella_pneumoniae_subsp._pneumoniae_NZ_CP047675.1 k141_46

CONTIG: k141_53 (505bp)
Best alignment score: 501.0 (LEN: 505, IDY: 99.21), Total number of alignments: 1
		One align captures most of this contig: 473425 473929 | 505 1 | 505 505 | 99.21 | Klebsiella_pneumoniae_subsp._pneumoniae_NZ_CP047675.1 k141_53

CONTIG: k141_56 (604bp)
Best alignment score: 599.0 (LEN: 604, IDY: 99.17), Total number of alignments: 1
		One align captures most of this contig: 4523808 4524411 | 604 1 | 604 604 | 99.17 | Klebsiella_pneumoniae_subsp._pneumoniae_NZ_CP047675.1 k141_56

CONTIG: k141_70 (509bp)
Best alignment score: 506.0 (LEN: 509, IDY: 99.41), Total number of alignments: 1
		One align captures most of this contig: 3774022 3774530 | 1 509 | 509 509 | 99.41 | Klebsiella_pneumoniae_subsp._pneumoniae_NZ_CP047675.1 k141_70

CONTIG: k141_94 (542bp)
Best alignment score: 540.0 (LEN: 542, IDY: 99.63), Total number of alignments: 1
		One align captures most of this contig: 3428970 3429511 | 542 1 | 542 542 | 99.63 | Klebsiella_pneumoniae_subsp._pneumoniae_NZ_CP047675.1 k141_94

CONTIG: k141_99 (858bp)
Best alignment score: 855.0 (LEN: 858, IDY: 99.65), Total number of alignments: 1
		One align captures most of this contig: 4052814 4053671 | 858 1 | 858 858 | 99.65 | Klebsiella_pneumoniae_subsp._pneumoniae_NZ_CP047675.1 k141_99

CONTIG: k141_106 (504bp)
Best alignment score: 502.0 (LEN: 504, IDY: 99.60), Total number of alignments: 1
		One align captures most of this contig: 3633315 3633818 | 504 1 | 504 504 | 99.6 | Klebsiella_pneumoniae_subsp._pneumoniae_NZ_CP047675.1 k141_106

CONTIG: k141_322 (518bp)
Best alignment score: 507.0 (LEN: 518, IDY: 97.88), Total number of alignments: 1
		One align captures most of this contig: 4651573 4652090 | 518 1 | 518 518 | 97.88 | Klebsiella_pneumoniae_subsp._pneumoniae_NZ_CP047675.1 k141_322

CONTIG: k141_329 (523bp)
Best alignment score: 522.0 (LEN: 523, IDY: 99.81), Total number of alignments: 1
		One align captures most of this contig: 4371533 4372055 | 1 523 | 523 523 | 99.81 | Klebsiella_pneumoniae_subsp._pneumoniae_NZ_CP047675.1 k141_329

CONTIG: k141_330 (587bp)
Best alignment score: 577.0 (LEN: 587, IDY: 98.30), Total number of alignments: 1
		One align captures most of this contig: 1363018 1363604 | 1 587 | 587 587 | 98.3 | Klebsiella_pneumoniae_subsp._pneumoniae_NZ_CP047675.1 k141_330

CONTIG: k141_343 (527bp)
Best alignment score: 523.0 (LEN: 527, IDY: 99.24), Total number of alignments: 1
		One align captures most of this contig: 4163161 4163687 | 527 1 | 527 527 | 99.24 | Klebsiella_pneumoniae_subsp._pneumoniae_NZ_CP047675.1 k141_343

CONTIG: k141_140 (780bp)
Best alignment score: 780.0 (LEN: 780, IDY: 100.00), Total number of alignments: 1
		One align captures most of this contig: 5370671 5371450 | 780 1 | 780 780 | 100.0 | Klebsiella_pneumoniae_subsp._pneumoniae_NZ_CP047675.1 k141_140

CONTIG: k141_345 (550bp)
Best alignment score: 544.0 (LEN: 550, IDY: 98.91), Total number of alignments: 1
		One align captures most of this contig: 4989921 4990470 | 1 550 | 550 550 | 98.91 | Klebsiella_pneumoniae_subsp._pneumoniae_NZ_CP047675.1 k141_345

CONTIG: k141_356 (628bp)
Best alignment score: 623.0 (LEN: 628, IDY: 99.20), Total number of alignments: 1
		One align captures most of this contig: 4453641 4454268 | 1 628 | 628 628 | 99.2 | Klebsiella_pneumoniae_subsp._pneumoniae_NZ_CP047675.1 k141_356

CONTIG: k141_157 (514bp)
Best alignment score: 507.0 (LEN: 514, IDY: 98.64), Total number of alignments: 1
		One align captures most of this contig: 672436 672949 | 514 1 | 514 514 | 98.64 | Klebsiella_pneumoniae_subsp._pneumoniae_NZ_CP047675.1 k141_157

CONTIG: k141_158 (514bp)
Best alignment score: 512.0 (LEN: 514, IDY: 99.61), Total number of alignments: 1
		One align captures most of this contig: 1017645 1018158 | 1 514 | 514 514 | 99.61 | Klebsiella_pneumoniae_subsp._pneumoniae_NZ_CP047675.1 k141_158

CONTIG: k141_160 (667bp)
Best alignment score: 667.0 (LEN: 667, IDY: 100.00), Total number of alignments: 1
		One align captures most of this contig: 4407858 4408524 | 1 667 | 667 667 | 100.0 | Klebsiella_pneumoniae_subsp._pneumoniae_NZ_CP047675.1 k141_160

CONTIG: k141_161 (1572bp)
Best alignment score: 708.0 (LEN: 714, IDY: 99.16), Total number of alignments: 1
			Looking for the best set of alignments (out of 1 total alignments)
			The best set is below. Score: 708.0, number of alignments: 1, unaligned bases: 858
		This contig is partially unaligned. (Aligned 714 out of 1572 non-N bases (45.42%))
		Alignment: 2577427 2578140 | 1572 859 | 714 714 | 99.16 | Klebsiella_pneumoniae_subsp._pneumoniae_NZ_CP047675.1 k141_161
		Unaligned bases: 1 to 858 (858)

CONTIG: k141_165 (505bp)
Best alignment score: 498.0 (LEN: 505, IDY: 98.61), Total number of alignments: 1
		One align captures most of this contig: 3064975 3065479 | 505 1 | 505 505 | 98.61 | Klebsiella_pneumoniae_subsp._pneumoniae_NZ_CP047675.1 k141_165

CONTIG: k141_375 (1758bp)
Best alignment score: 1756.9 (LEN: 1758, IDY: 99.94), Total number of alignments: 8
		Skipping these alignments as insignificant (option --ambiguity-score is set to "0.99"):
			Skipping alignment 4133445 4135141 | 1758 62 | 1697 1697 | 99.47 | Klebsiella_pneumoniae_subsp._pneumoniae_NZ_CP047675.1 k141_375
			Skipping alignment 212164 213796 | 126 1758 | 1633 1633 | 99.82 | Klebsiella_pneumoniae_subsp._pneumoniae_NZ_CP047675.1 k141_375
			Skipping alignment 120373 122008 | 123 1758 | 1636 1636 | 99.57 | Klebsiella_pneumoniae_subsp._pneumoniae_NZ_CP047675.1 k141_375
			Skipping alignment 15934 17566 | 126 1758 | 1633 1633 | 99.57 | Klebsiella_pneumoniae_subsp._pneumoniae_NZ_CP047675.1 k141_375
		This contig has 4 significant alignments. [An ambiguously mapped contig]
		Using only first of these alignment (option --ambiguity-usage is set to "one"):
			Alignment: 1035799 1037556 | 1 1758 | 1758 1758 | 99.94 | Klebsiella_pneumoniae_subsp._pneumoniae_NZ_CP047675.1 k141_375
			Skipping alignment 4888039 4889796 | 1758 1 | 1758 1758 | 99.72 | Klebsiella_pneumoniae_subsp._pneumoniae_NZ_CP047675.1 k141_375
			Skipping alignment 257340 259097 | 1 1758 | 1758 1758 | 99.72 | Klebsiella_pneumoniae_subsp._pneumoniae_NZ_CP047675.1 k141_375
			Skipping alignment 680554 682311 | 1 1758 | 1758 1758 | 99.72 | Klebsiella_pneumoniae_subsp._pneumoniae_NZ_CP047675.1 k141_375

CONTIG: k141_379 (547bp)
Best alignment score: 544.0 (LEN: 547, IDY: 99.45), Total number of alignments: 1
		One align captures most of this contig: 1700332 1700878 | 1 547 | 547 547 | 99.45 | Klebsiella_pneumoniae_subsp._pneumoniae_NZ_CP047675.1 k141_379

CONTIG: k141_387 (693bp)
Best alignment score: 691.0 (LEN: 693, IDY: 99.71), Total number of alignments: 1
		One align captures most of this contig: 4040106 4040798 | 1 693 | 693 693 | 99.71 | Klebsiella_pneumoniae_subsp._pneumoniae_NZ_CP047675.1 k141_387

CONTIG: k141_181 (523bp)
Best alignment score: 521.0 (LEN: 523, IDY: 99.62), Total number of alignments: 1
		One align captures most of this contig: 2474616 2475138 | 523 1 | 523 523 | 99.62 | Klebsiella_pneumoniae_subsp._pneumoniae_NZ_CP047675.1 k141_181

CONTIG: k141_195 (713bp)
Best alignment score: 702.0 (LEN: 710, IDY: 98.87), Total number of alignments: 1
		One align captures most of this contig: 2576593 2577302 | 1 710 | 710 710 | 98.87 | Klebsiella_pneumoniae_subsp._pneumoniae_NZ_CP047675.1 k141_195

CONTIG: k141_412 (515bp)
Best alignment score: 510.0 (LEN: 515, IDY: 99.03), Total number of alignments: 1
		One align captures most of this contig: 4218229 4218743 | 515 1 | 515 515 | 99.03 | Klebsiella_pneumoniae_subsp._pneumoniae_NZ_CP047675.1 k141_412

CONTIG: k141_413 (3305bp)
Best alignment score: 3283.8 (LEN: 3305, IDY: 99.36), Total number of alignments: 8
		Skipping these alignments as insignificant (option --ambiguity-score is set to "0.99"):
			Skipping alignment 122407 125610 | 1 3204 | 3204 3204 | 99.44 | Klebsiella_pneumoniae_subsp._pneumoniae_NZ_CP047675.1 k141_413
			Skipping alignment 1037952 1041151 | 1 3204 | 3200 3204 | 99.41 | Klebsiella_pneumoniae_subsp._pneumoniae_NZ_CP047675.1 k141_413
			Skipping alignment 682624 685832 | 1 3204 | 3209 3204 | 98.23 | Klebsiella_pneumoniae_subsp._pneumoniae_NZ_CP047675.1 k141_413
			Skipping alignment 4884663 4887871 | 3204 1 | 3209 3204 | 98.2 | Klebsiella_pneumoniae_subsp._pneumoniae_NZ_CP047675.1 k141_413
			Skipping alignment 259410 262438 | 1 3029 | 3029 3029 | 99.74 | Klebsiella_pneumoniae_subsp._pneumoniae_NZ_CP047675.1 k141_413
			Skipping alignment 214264 217293 | 1 3029 | 3030 3029 | 99.5 | Klebsiella_pneumoniae_subsp._pneumoniae_NZ_CP047675.1 k141_413
			Skipping alignment 4130096 4133060 | 3029 65 | 2965 2965 | 99.56 | Klebsiella_pneumoniae_subsp._pneumoniae_NZ_CP047675.1 k141_413
		One align captures most of this contig: 17879 21180 | 1 3305 | 3302 3305 | 99.36 | Klebsiella_pneumoniae_subsp._pneumoniae_NZ_CP047675.1 k141_413

CONTIG: k141_209 (569bp)
Best alignment score: 566.0 (LEN: 569, IDY: 99.47), Total number of alignments: 1
		One align captures most of this contig: 189853 190421 | 569 1 | 569 569 | 99.47 | Klebsiella_pneumoniae_subsp._pneumoniae_NZ_CP047675.1 k141_209

CONTIG: k141_212 (693bp)
Best alignment score: 688.0 (LEN: 693, IDY: 99.28), Total number of alignments: 1
		One align captures most of this contig: 3980944 3981636 | 693 1 | 693 693 | 99.28 | Klebsiella_pneumoniae_subsp._pneumoniae_NZ_CP047675.1 k141_212

CONTIG: k141_420 (593bp)
Best alignment score: 343.0 (LEN: 344, IDY: 99.71), Total number of alignments: 2
			Looking for the best set of alignments (out of 2 total alignments)
			The best set is below. Score: 514.6, number of alignments: 2, unaligned bases: 0
		This contig is misassembled.
			Excluding internal overlap of size 53 between Alignment 1 and 2: 1679342 1679643 | 292 593 | 302 302 --> 1679395 1679643 | 345 593 | 249 249
			Real Alignment 1: 1434651 1434994 | 1 344 | 344 344 | 99.71 | Klebsiella_pneumoniae_subsp._pneumoniae_NZ_CP047675.1 k141_420
			  Extensive misassembly (relocation, inconsistency = 244400) between these two alignments
			Real Alignment 2: 1679395 1679643 | 345 593 | 249 249 | 99.67 | Klebsiella_pneumoniae_subsp._pneumoniae_NZ_CP047675.1 k141_420

CONTIG: k141_230 (565bp)
Best alignment score: 562.0 (LEN: 565, IDY: 99.47), Total number of alignments: 1
		One align captures most of this contig: 4311827 4312391 | 565 1 | 565 565 | 99.47 | Klebsiella_pneumoniae_subsp._pneumoniae_NZ_CP047675.1 k141_230

CONTIG: k141_239 (539bp)
Best alignment score: 537.0 (LEN: 539, IDY: 99.63), Total number of alignments: 1
		One align captures most of this contig: 3039947 3040485 | 1 539 | 539 539 | 99.63 | Klebsiella_pneumoniae_subsp._pneumoniae_NZ_CP047675.1 k141_239

CONTIG: k141_240 (640bp)
Best alignment score: 633.0 (LEN: 640, IDY: 98.91), Total number of alignments: 1
		One align captures most of this contig: 2575779 2576418 | 640 1 | 640 640 | 98.91 | Klebsiella_pneumoniae_subsp._pneumoniae_NZ_CP047675.1 k141_240

CONTIG: k141_436 (546bp)
Best alignment score: 540.0 (LEN: 546, IDY: 98.90), Total number of alignments: 1
		One align captures most of this contig: 3195898 3196443 | 546 1 | 546 546 | 98.9 | Klebsiella_pneumoniae_subsp._pneumoniae_NZ_CP047675.1 k141_436

CONTIG: k141_438 (587bp)
Best alignment score: 586.0 (LEN: 587, IDY: 99.83), Total number of alignments: 1
		One align captures most of this contig: 1220116 1220702 | 587 1 | 587 587 | 99.83 | Klebsiella_pneumoniae_subsp._pneumoniae_NZ_CP047675.1 k141_438

CONTIG: k141_262 (572bp)
Best alignment score: 567.0 (LEN: 572, IDY: 99.13), Total number of alignments: 1
		One align captures most of this contig: 2479370 2479941 | 1 572 | 572 572 | 99.13 | Klebsiella_pneumoniae_subsp._pneumoniae_NZ_CP047675.1 k141_262

CONTIG: k141_463 (554bp)
Best alignment score: 549.0 (LEN: 554, IDY: 99.10), Total number of alignments: 1
		One align captures most of this contig: 544903 545456 | 554 1 | 554 554 | 99.1 | Klebsiella_pneumoniae_subsp._pneumoniae_NZ_CP047675.1 k141_463

CONTIG: k141_470 (659bp)
Best alignment score: 653.0 (LEN: 659, IDY: 99.09), Total number of alignments: 1
		One align captures most of this contig: 1168829 1169487 | 659 1 | 659 659 | 99.09 | Klebsiella_pneumoniae_subsp._pneumoniae_NZ_CP047675.1 k141_470

CONTIG: k141_471 (750bp)
Best alignment score: 280.0 (LEN: 289, IDY: 96.89), Total number of alignments: 10
			Looking for the best set of alignments (out of 10 total alignments)
			Skipping redundant alignments after choosing the best set of alignments
		Skipping redundant alignment 547542 547663 | 10 131 | 122 122 | 95.08 | Klebsiella_pneumoniae_subsp._pneumoniae_NZ_CP047675.1 k141_471
		Skipping redundant alignment 547732 547944 | 254 466 | 213 213 | 96.24 | Klebsiella_pneumoniae_subsp._pneumoniae_NZ_CP047675.1 k141_471
		Skipping redundant alignment 1691414 1691645 | 466 235 | 232 232 | 98.71 | Klebsiella_pneumoniae_subsp._pneumoniae_NZ_CP047675.1 k141_471
		Skipping redundant alignment 1460520 1460805 | 539 254 | 286 286 | 95.45 | Klebsiella_pneumoniae_subsp._pneumoniae_NZ_CP047675.1 k141_471
		Skipping redundant alignment 384629 384778 | 750 601 | 150 150 | 98.0 | Klebsiella_pneumoniae_subsp._pneumoniae_NZ_CP047675.1 k141_471
		Skipping redundant alignment 384256 384405 | 750 601 | 150 150 | 97.33 | Klebsiella_pneumoniae_subsp._pneumoniae_NZ_CP047675.1 k141_471
		Skipping redundant alignment 384753 384903 | 750 600 | 151 151 | 98.01 | Klebsiella_pneumoniae_subsp._pneumoniae_NZ_CP047675.1 k141_471
		This contig has several significant sets of alignments. [An ambiguously mapped contig]
		Using only the very best set (option --ambiguity-usage is set to "one").
			The best set is below. Score: 460.5, number of alignments: 3, unaligned bases: 174
		This contig is misassembled.
			Real Alignment 1: 1691687 1691823 | 198 62 | 137 137 | 97.08 | Klebsiella_pneumoniae_subsp._pneumoniae_NZ_CP047675.1 k141_471
			  Extensive misassembly (relocation, inconsistency = -819726) between these two alignments
			Real Alignment 2: 2511069 2511357 | 542 254 | 289 289 | 96.89 | Klebsiella_pneumoniae_subsp._pneumoniae_NZ_CP047675.1 k141_471
			  Extensive misassembly (relocation, inconsistency = 2126729) between these two alignments
			Real Alignment 3: 384132 384281 | 750 601 | 150 150 | 98.67 | Klebsiella_pneumoniae_subsp._pneumoniae_NZ_CP047675.1 k141_471

CONTIG: k141_476 (595bp)
Best alignment score: 578.3 (LEN: 595, IDY: 97.20), Total number of alignments: 1
		One align captures most of this contig: 2574386 2574993 | 595 1 | 608 595 | 97.2 | Klebsiella_pneumoniae_subsp._pneumoniae_NZ_CP047675.1 k141_476

CONTIG: k141_492 (646bp)
Best alignment score: 642.0 (LEN: 646, IDY: 99.38), Total number of alignments: 1
		One align captures most of this contig: 2575024 2575669 | 646 1 | 646 646 | 99.38 | Klebsiella_pneumoniae_subsp._pneumoniae_NZ_CP047675.1 k141_492

CONTIG: k141_517 (621bp)
Best alignment score: 614.0 (LEN: 620, IDY: 99.03), Total number of alignments: 1
		One align captures most of this contig: 963622 964241 | 621 2 | 620 620 | 99.03 | Klebsiella_pneumoniae_subsp._pneumoniae_NZ_CP047675.1 k141_517

CONTIG: k141_525 (508bp)
Best alignment score: 504.0 (LEN: 508, IDY: 99.21), Total number of alignments: 1
		One align captures most of this contig: 2257571 2258078 | 508 1 | 508 508 | 99.21 | Klebsiella_pneumoniae_subsp._pneumoniae_NZ_CP047675.1 k141_525

CONTIG: k141_526 (611bp)
Best alignment score: 602.0 (LEN: 611, IDY: 98.53), Total number of alignments: 1
		One align captures most of this contig: 3120195 3120805 | 1 611 | 611 611 | 98.53 | Klebsiella_pneumoniae_subsp._pneumoniae_NZ_CP047675.1 k141_526

CONTIG: k141_527 (500bp)
Best alignment score: 495.0 (LEN: 500, IDY: 99.00), Total number of alignments: 1
		One align captures most of this contig: 1134466 1134965 | 1 500 | 500 500 | 99.0 | Klebsiella_pneumoniae_subsp._pneumoniae_NZ_CP047675.1 k141_527

CONTIG: k141_528 (624bp)
Best alignment score: 621.0 (LEN: 624, IDY: 99.52), Total number of alignments: 1
		One align captures most of this contig: 4383057 4383680 | 1 624 | 624 624 | 99.52 | Klebsiella_pneumoniae_subsp._pneumoniae_NZ_CP047675.1 k141_528

Analyzing coverage...
Writing SNPs into /home/hannelore/PROJECTHH/Scripts/Pipeline/work/5b/fd06bcddfdd15e6ad5a6ca9bd7cd34/metaquast-results/runs_per_reference/Klebsiella_pneumoniae_subsp._pneumoniae/contigs_reports/minimap_output/TRIM_SO_9245_KP_mini_1-contigs.used_snps.gz

Analysis is finished!
Founded SNPs were written into /home/hannelore/PROJECTHH/Scripts/Pipeline/work/5b/fd06bcddfdd15e6ad5a6ca9bd7cd34/metaquast-results/runs_per_reference/Klebsiella_pneumoniae_subsp._pneumoniae/contigs_reports/minimap_output/TRIM_SO_9245_KP_mini_1-contigs.used_snps.gz

Results:
	Local Misassemblies: 0
	Misassemblies: 4
		Relocations: 4
		Translocations: 0
		Inversions: 0
	Scaffold gap extensive misassemblies: 0
	Scaffold gap local misassemblies: 0
	Misassembled Contigs: 3
	Misassembled Contig Bases: 1847
	Misassemblies Inter-Contig Overlap: 0
Unaligned Contigs: 0 + 1 part
Half Unaligned Contigs with Misassemblies: 0
Unaligned Contig Bases: 858

Ambiguously Mapped Contigs: 2
Total Bases in Ambiguously Mapped Contigs: 2508
Extra Bases in Ambiguously Mapped Contigs: 0
Note that --allow-ambiguity option was set to "one" and only first alignment per each of these contigs was used.

	Covered Bases: 34754

	SNPs: 252
	Insertions: 4
	Deletions: 14

