Aligning contigs to reference...
	Aligning contigs to the reference
Filtering alignments...
Parsing coords...
Loading reference...
	Loaded [Klebsiella_pneumoniae_subsp._pneumoniae_NZ_CP047675.1]
	Loaded [Klebsiella_pneumoniae_subsp._pneumoniae_NZ_CP047676.1]
	Total Regions: 2
	Total Region Length: 5606998
Analyzing contigs...
CONTIG: k141_293 (532bp)
Best alignment score: 527.0 (LEN: 529, IDY: 99.62), Total number of alignments: 1
		One align captures most of this contig: 3386187 3386715 | 1 529 | 529 529 | 99.62 | Klebsiella_pneumoniae_subsp._pneumoniae_NZ_CP047675.1 k141_293

CONTIG: k141_6 (744bp)
Best alignment score: 736.0 (LEN: 743, IDY: 99.06), Total number of alignments: 1
		One align captures most of this contig: 3844390 3845132 | 743 1 | 743 743 | 99.06 | Klebsiella_pneumoniae_subsp._pneumoniae_NZ_CP047675.1 k141_6

CONTIG: k141_304 (593bp)
Best alignment score: 592.0 (LEN: 593, IDY: 99.83), Total number of alignments: 1
		One align captures most of this contig: 3892027 3892619 | 593 1 | 593 593 | 99.83 | Klebsiella_pneumoniae_subsp._pneumoniae_NZ_CP047675.1 k141_304

CONTIG: k141_13 (583bp)
Best alignment score: 578.0 (LEN: 583, IDY: 99.14), Total number of alignments: 1
		One align captures most of this contig: 4165713 4166295 | 583 1 | 583 583 | 99.14 | Klebsiella_pneumoniae_subsp._pneumoniae_NZ_CP047675.1 k141_13

CONTIG: k141_19 (601bp)
Best alignment score: 599.0 (LEN: 601, IDY: 99.67), Total number of alignments: 1
		One align captures most of this contig: 502662 503262 | 601 1 | 601 601 | 99.67 | Klebsiella_pneumoniae_subsp._pneumoniae_NZ_CP047675.1 k141_19

CONTIG: k141_38 (501bp)
Best alignment score: 501.0 (LEN: 501, IDY: 100.00), Total number of alignments: 1
		One align captures most of this contig: 4587608 4588108 | 1 501 | 501 501 | 100.0 | Klebsiella_pneumoniae_subsp._pneumoniae_NZ_CP047675.1 k141_38

CONTIG: k141_49 (542bp)
Best alignment score: 480.0 (LEN: 483, IDY: 99.38), Total number of alignments: 1
			Looking for the best set of alignments (out of 1 total alignments)
			The best set is below. Score: 480.0, number of alignments: 1, unaligned bases: 59
		Alignment: 1686401 1686883 | 542 60 | 483 483 | 99.38 | Klebsiella_pneumoniae_subsp._pneumoniae_NZ_CP047675.1 k141_49

CONTIG: k141_52 (752bp)
Best alignment score: 750.0 (LEN: 752, IDY: 99.73), Total number of alignments: 1
		One align captures most of this contig: 1650994 1651745 | 1 752 | 752 752 | 99.73 | Klebsiella_pneumoniae_subsp._pneumoniae_NZ_CP047675.1 k141_52

CONTIG: k141_63 (507bp)
Best alignment score: 501.0 (LEN: 507, IDY: 98.82), Total number of alignments: 1
		One align captures most of this contig: 177307 177813 | 507 1 | 507 507 | 98.82 | Klebsiella_pneumoniae_subsp._pneumoniae_NZ_CP047675.1 k141_63

CONTIG: k141_68 (541bp)
Best alignment score: 537.0 (LEN: 538, IDY: 99.81), Total number of alignments: 1
		One align captures most of this contig: 3369051 3369588 | 1 538 | 538 538 | 99.81 | Klebsiella_pneumoniae_subsp._pneumoniae_NZ_CP047675.1 k141_68

CONTIG: k141_72 (885bp)
Best alignment score: 861.0 (LEN: 885, IDY: 97.29), Total number of alignments: 1
		One align captures most of this contig: 4006695 4007579 | 885 1 | 885 885 | 97.29 | Klebsiella_pneumoniae_subsp._pneumoniae_NZ_CP047675.1 k141_72

CONTIG: k141_316 (807bp)
Best alignment score: 807.0 (LEN: 807, IDY: 100.00), Total number of alignments: 1
		One align captures most of this contig: 4902049 4902855 | 1 807 | 807 807 | 100.0 | Klebsiella_pneumoniae_subsp._pneumoniae_NZ_CP047675.1 k141_316

CONTIG: k141_79 (549bp)
Best alignment score: 548.0 (LEN: 549, IDY: 99.82), Total number of alignments: 1
		One align captures most of this contig: 45261 45809 | 1 549 | 549 549 | 99.82 | Klebsiella_pneumoniae_subsp._pneumoniae_NZ_CP047675.1 k141_79

CONTIG: k141_320 (608bp)
Best alignment score: 607.0 (LEN: 608, IDY: 99.84), Total number of alignments: 1
		One align captures most of this contig: 772614 773221 | 608 1 | 608 608 | 99.84 | Klebsiella_pneumoniae_subsp._pneumoniae_NZ_CP047675.1 k141_320

CONTIG: k141_81 (548bp)
Best alignment score: 547.0 (LEN: 548, IDY: 99.82), Total number of alignments: 1
		One align captures most of this contig: 75607 76154 | 1 548 | 548 548 | 99.82 | Klebsiella_pneumoniae_subsp._pneumoniae_NZ_CP047675.1 k141_81

CONTIG: k141_337 (544bp)
Best alignment score: 544.0 (LEN: 544, IDY: 100.00), Total number of alignments: 1
		One align captures most of this contig: 3832181 3832724 | 1 544 | 544 544 | 100.0 | Klebsiella_pneumoniae_subsp._pneumoniae_NZ_CP047675.1 k141_337

CONTIG: k141_345 (513bp)
Best alignment score: 512.0 (LEN: 513, IDY: 99.81), Total number of alignments: 1
		One align captures most of this contig: 1538602 1539114 | 1 513 | 513 513 | 99.81 | Klebsiella_pneumoniae_subsp._pneumoniae_NZ_CP047675.1 k141_345

CONTIG: k141_352 (589bp)
Best alignment score: 587.0 (LEN: 589, IDY: 99.66), Total number of alignments: 1
		One align captures most of this contig: 1340512 1341100 | 1 589 | 589 589 | 99.66 | Klebsiella_pneumoniae_subsp._pneumoniae_NZ_CP047675.1 k141_352

CONTIG: k141_357 (549bp)
Best alignment score: 547.0 (LEN: 549, IDY: 99.64), Total number of alignments: 1
		One align captures most of this contig: 1005155 1005703 | 549 1 | 549 549 | 99.64 | Klebsiella_pneumoniae_subsp._pneumoniae_NZ_CP047675.1 k141_357

CONTIG: k141_365 (540bp)
Best alignment score: 536.0 (LEN: 540, IDY: 99.26), Total number of alignments: 1
		One align captures most of this contig: 906569 907108 | 540 1 | 540 540 | 99.26 | Klebsiella_pneumoniae_subsp._pneumoniae_NZ_CP047675.1 k141_365

CONTIG: k141_371 (1126bp)
Best alignment score: 878.0 (LEN: 881, IDY: 99.66), Total number of alignments: 3
			Looking for the best set of alignments (out of 3 total alignments)
			Skipping redundant alignments after choosing the best set of alignments
		Skipping redundant alignment 3620410 3621283 | 1126 252 | 874 875 | 99.66 | Klebsiella_pneumoniae_subsp._pneumoniae_NZ_CP047675.1 k141_371
		Skipping redundant alignment 2101815 2102689 | 251 1126 | 875 876 | 99.66 | Klebsiella_pneumoniae_subsp._pneumoniae_NZ_CP047675.1 k141_371
		This contig has several significant sets of alignments. [An ambiguously mapped contig]
		Using only the very best set (option --ambiguity-usage is set to "one").
			The best set is below. Score: 878.0, number of alignments: 1, unaligned bases: 245
		Alignment: 2177258 2178137 | 1126 246 | 880 881 | 99.66 | Klebsiella_pneumoniae_subsp._pneumoniae_NZ_CP047675.1 k141_371

CONTIG: k141_381 (537bp)
Best alignment score: 536.0 (LEN: 537, IDY: 99.81), Total number of alignments: 1
		One align captures most of this contig: 1002176 1002712 | 1 537 | 537 537 | 99.81 | Klebsiella_pneumoniae_subsp._pneumoniae_NZ_CP047675.1 k141_381

CONTIG: k141_386 (686bp)
Best alignment score: 450.0 (LEN: 453, IDY: 99.34), Total number of alignments: 2
			Looking for the best set of alignments (out of 2 total alignments)
			The best set is below. Score: 618.8, number of alignments: 2, unaligned bases: 0
		This contig is misassembled.
			Excluding internal overlap of size 23 between Alignment 1 and 2: 3003631 3003886 | 431 686 | 256 256 --> 3003654 3003886 | 454 686 | 233 233
			Real Alignment 1: 3008945 3009397 | 453 1 | 453 453 | 99.34 | Klebsiella_pneumoniae_subsp._pneumoniae_NZ_CP047675.1 k141_386
			  Extensive misassembly (relocation, inconsistency = 5058) between these two alignments
			Real Alignment 2: 3003654 3003886 | 454 686 | 233 233 | 98.83 | Klebsiella_pneumoniae_subsp._pneumoniae_NZ_CP047675.1 k141_386

CONTIG: k141_406 (521bp)
Best alignment score: 519.0 (LEN: 521, IDY: 99.62), Total number of alignments: 1
		One align captures most of this contig: 5289149 5289669 | 521 1 | 521 521 | 99.62 | Klebsiella_pneumoniae_subsp._pneumoniae_NZ_CP047675.1 k141_406

CONTIG: k141_409 (554bp)
Best alignment score: 553.0 (LEN: 554, IDY: 99.82), Total number of alignments: 1
		One align captures most of this contig: 1159728 1160281 | 554 1 | 554 554 | 99.82 | Klebsiella_pneumoniae_subsp._pneumoniae_NZ_CP047675.1 k141_409

CONTIG: k141_411 (1331bp)
Best alignment score: 967.0 (LEN: 970, IDY: 99.69), Total number of alignments: 3
			Looking for the best set of alignments (out of 3 total alignments)
			Skipping redundant alignments after choosing the best set of alignments
		Skipping redundant alignment 3619367 3620334 | 968 1 | 968 968 | 99.69 | Klebsiella_pneumoniae_subsp._pneumoniae_NZ_CP047675.1 k141_411
		Skipping redundant alignment 2176215 2177182 | 968 1 | 968 968 | 99.69 | Klebsiella_pneumoniae_subsp._pneumoniae_NZ_CP047675.1 k141_411
		This contig has several significant sets of alignments. [An ambiguously mapped contig]
		Using only the very best set (option --ambiguity-usage is set to "one").
			The best set is below. Score: 967.0, number of alignments: 1, unaligned bases: 361
		Alignment: 2102765 2103734 | 1 970 | 970 970 | 99.69 | Klebsiella_pneumoniae_subsp._pneumoniae_NZ_CP047675.1 k141_411

CONTIG: k141_412 (505bp)
Best alignment score: 503.0 (LEN: 505, IDY: 99.60), Total number of alignments: 1
		One align captures most of this contig: 5343696 5344200 | 505 1 | 505 505 | 99.6 | Klebsiella_pneumoniae_subsp._pneumoniae_NZ_CP047675.1 k141_412

CONTIG: k141_415 (617bp)
Best alignment score: 614.0 (LEN: 616, IDY: 99.68), Total number of alignments: 1
		One align captures most of this contig: 2356649 2357263 | 2 617 | 615 616 | 99.68 | Klebsiella_pneumoniae_subsp._pneumoniae_NZ_CP047675.1 k141_415

CONTIG: k141_419 (562bp)
Best alignment score: 557.0 (LEN: 562, IDY: 99.11), Total number of alignments: 1
		One align captures most of this contig: 4228919 4229480 | 562 1 | 562 562 | 99.11 | Klebsiella_pneumoniae_subsp._pneumoniae_NZ_CP047675.1 k141_419

CONTIG: k141_111 (522bp)
Best alignment score: 521.0 (LEN: 522, IDY: 99.81), Total number of alignments: 1
		One align captures most of this contig: 3241830 3242351 | 522 1 | 522 522 | 99.81 | Klebsiella_pneumoniae_subsp._pneumoniae_NZ_CP047675.1 k141_111

CONTIG: k141_115 (580bp)
Best alignment score: 576.0 (LEN: 580, IDY: 99.31), Total number of alignments: 1
		One align captures most of this contig: 2383390 2383969 | 1 580 | 580 580 | 99.31 | Klebsiella_pneumoniae_subsp._pneumoniae_NZ_CP047675.1 k141_115

CONTIG: k141_116 (545bp)
Best alignment score: 541.0 (LEN: 545, IDY: 99.27), Total number of alignments: 1
		One align captures most of this contig: 3216188 3216732 | 545 1 | 545 545 | 99.27 | Klebsiella_pneumoniae_subsp._pneumoniae_NZ_CP047675.1 k141_116

CONTIG: k141_117 (519bp)
Best alignment score: 517.0 (LEN: 519, IDY: 99.61), Total number of alignments: 1
		One align captures most of this contig: 4352585 4353103 | 1 519 | 519 519 | 99.61 | Klebsiella_pneumoniae_subsp._pneumoniae_NZ_CP047675.1 k141_117

CONTIG: k141_124 (588bp)
Best alignment score: 588.0 (LEN: 588, IDY: 100.00), Total number of alignments: 1
		One align captures most of this contig: 993725 994312 | 588 1 | 588 588 | 100.0 | Klebsiella_pneumoniae_subsp._pneumoniae_NZ_CP047675.1 k141_124

CONTIG: k141_144 (500bp)
Best alignment score: 495.0 (LEN: 500, IDY: 99.00), Total number of alignments: 1
		One align captures most of this contig: 2488151 2488650 | 1 500 | 500 500 | 99.0 | Klebsiella_pneumoniae_subsp._pneumoniae_NZ_CP047675.1 k141_144

CONTIG: k141_145 (554bp)
Best alignment score: 550.0 (LEN: 554, IDY: 99.28), Total number of alignments: 1
		One align captures most of this contig: 3169640 3170193 | 1 554 | 554 554 | 99.28 | Klebsiella_pneumoniae_subsp._pneumoniae_NZ_CP047675.1 k141_145

CONTIG: k141_436 (838bp)
Best alignment score: 831.0 (LEN: 835, IDY: 99.52), Total number of alignments: 1
		One align captures most of this contig: 1780024 1780858 | 1 835 | 835 835 | 99.52 | Klebsiella_pneumoniae_subsp._pneumoniae_NZ_CP047675.1 k141_436

CONTIG: k141_444 (664bp)
Best alignment score: 659.0 (LEN: 664, IDY: 99.25), Total number of alignments: 1
		One align captures most of this contig: 3206017 3206680 | 664 1 | 664 664 | 99.25 | Klebsiella_pneumoniae_subsp._pneumoniae_NZ_CP047675.1 k141_444

CONTIG: k141_446 (853bp)
Best alignment score: 850.0 (LEN: 853, IDY: 99.65), Total number of alignments: 1
		One align captures most of this contig: 5249804 5250656 | 1 853 | 853 853 | 99.65 | Klebsiella_pneumoniae_subsp._pneumoniae_NZ_CP047675.1 k141_446

CONTIG: k141_449 (500bp)
Best alignment score: 499.0 (LEN: 500, IDY: 99.80), Total number of alignments: 1
		One align captures most of this contig: 4969767 4970266 | 1 500 | 500 500 | 99.8 | Klebsiella_pneumoniae_subsp._pneumoniae_NZ_CP047675.1 k141_449

CONTIG: k141_469 (693bp)
Best alignment score: 688.0 (LEN: 693, IDY: 99.28), Total number of alignments: 1
		One align captures most of this contig: 3359142 3359834 | 693 1 | 693 693 | 99.28 | Klebsiella_pneumoniae_subsp._pneumoniae_NZ_CP047675.1 k141_469

CONTIG: k141_471 (638bp)
Best alignment score: 633.0 (LEN: 637, IDY: 99.37), Total number of alignments: 1
		One align captures most of this contig: 990699 991335 | 1 637 | 637 637 | 99.37 | Klebsiella_pneumoniae_subsp._pneumoniae_NZ_CP047675.1 k141_471

CONTIG: k141_478 (593bp)
Best alignment score: 592.0 (LEN: 593, IDY: 99.83), Total number of alignments: 1
		One align captures most of this contig: 918615 919207 | 1 593 | 593 593 | 99.83 | Klebsiella_pneumoniae_subsp._pneumoniae_NZ_CP047675.1 k141_478

CONTIG: k141_479 (641bp)
Best alignment score: 637.0 (LEN: 641, IDY: 99.38), Total number of alignments: 1
		One align captures most of this contig: 2419104 2419744 | 1 641 | 641 641 | 99.38 | Klebsiella_pneumoniae_subsp._pneumoniae_NZ_CP047675.1 k141_479

CONTIG: k141_491 (532bp)
Best alignment score: 523.0 (LEN: 531, IDY: 98.49), Total number of alignments: 1
		One align captures most of this contig: 4389995 4390525 | 2 532 | 531 531 | 98.49 | Klebsiella_pneumoniae_subsp._pneumoniae_NZ_CP047675.1 k141_491

CONTIG: k141_516 (506bp)
Best alignment score: 480.0 (LEN: 496, IDY: 96.77), Total number of alignments: 1
			Looking for the best set of alignments (out of 1 total alignments)
			The best set is below. Score: 480.0, number of alignments: 1, unaligned bases: 10
		Alignment: 4756806 4757301 | 1 496 | 496 496 | 96.77 | Klebsiella_pneumoniae_subsp._pneumoniae_NZ_CP047675.1 k141_516

CONTIG: k141_518 (642bp)
Best alignment score: 638.0 (LEN: 642, IDY: 99.38), Total number of alignments: 1
		One align captures most of this contig: 1453022 1453663 | 642 1 | 642 642 | 99.38 | Klebsiella_pneumoniae_subsp._pneumoniae_NZ_CP047675.1 k141_518

CONTIG: k141_523 (723bp)
Best alignment score: 718.0 (LEN: 723, IDY: 99.31), Total number of alignments: 1
		One align captures most of this contig: 1583572 1584294 | 723 1 | 723 723 | 99.31 | Klebsiella_pneumoniae_subsp._pneumoniae_NZ_CP047675.1 k141_523

CONTIG: k141_534 (509bp)
Best alignment score: 507.0 (LEN: 509, IDY: 99.61), Total number of alignments: 1
		One align captures most of this contig: 239111 239619 | 1 509 | 509 509 | 99.61 | Klebsiella_pneumoniae_subsp._pneumoniae_NZ_CP047675.1 k141_534

CONTIG: k141_544 (505bp)
Best alignment score: 505.0 (LEN: 505, IDY: 100.00), Total number of alignments: 1
		One align captures most of this contig: 234171 234675 | 505 1 | 505 505 | 100.0 | Klebsiella_pneumoniae_subsp._pneumoniae_NZ_CP047675.1 k141_544

CONTIG: k141_554 (603bp)
Best alignment score: 602.0 (LEN: 603, IDY: 99.83), Total number of alignments: 1
		One align captures most of this contig: 5238423 5239025 | 1 603 | 603 603 | 99.83 | Klebsiella_pneumoniae_subsp._pneumoniae_NZ_CP047675.1 k141_554

CONTIG: k141_148 (510bp)
Best alignment score: 491.0 (LEN: 493, IDY: 99.59), Total number of alignments: 1
			Looking for the best set of alignments (out of 1 total alignments)
			The best set is below. Score: 491.0, number of alignments: 1, unaligned bases: 17
		Alignment: 3277293 3277785 | 493 1 | 493 493 | 99.59 | Klebsiella_pneumoniae_subsp._pneumoniae_NZ_CP047675.1 k141_148

CONTIG: k141_151 (554bp)
Best alignment score: 547.0 (LEN: 554, IDY: 98.74), Total number of alignments: 1
		One align captures most of this contig: 1716142 1716695 | 1 554 | 554 554 | 98.74 | Klebsiella_pneumoniae_subsp._pneumoniae_NZ_CP047675.1 k141_151

CONTIG: k141_153 (943bp)
Best alignment score: 941.0 (LEN: 943, IDY: 99.79), Total number of alignments: 1
		One align captures most of this contig: 2474741 2475683 | 943 1 | 943 943 | 99.79 | Klebsiella_pneumoniae_subsp._pneumoniae_NZ_CP047675.1 k141_153

CONTIG: k141_159 (568bp)
Best alignment score: 555.0 (LEN: 559, IDY: 99.28), Total number of alignments: 1
		One align captures most of this contig: 3834526 3835084 | 1 559 | 559 559 | 99.28 | Klebsiella_pneumoniae_subsp._pneumoniae_NZ_CP047675.1 k141_159

CONTIG: k141_160 (585bp)
Best alignment score: 585.0 (LEN: 585, IDY: 100.00), Total number of alignments: 1
		One align captures most of this contig: 232899 233483 | 1 585 | 585 585 | 100.0 | Klebsiella_pneumoniae_subsp._pneumoniae_NZ_CP047675.1 k141_160

CONTIG: k141_163 (571bp)
Best alignment score: 568.0 (LEN: 571, IDY: 99.47), Total number of alignments: 1
		One align captures most of this contig: 4697312 4697882 | 571 1 | 571 571 | 99.47 | Klebsiella_pneumoniae_subsp._pneumoniae_NZ_CP047675.1 k141_163

CONTIG: k141_171 (904bp)
Best alignment score: 884.0 (LEN: 904, IDY: 97.79), Total number of alignments: 1
		One align captures most of this contig: 1053184 1054087 | 904 1 | 904 904 | 97.79 | Klebsiella_pneumoniae_subsp._pneumoniae_NZ_CP047675.1 k141_171

CONTIG: k141_181 (670bp)
Best alignment score: 668.0 (LEN: 670, IDY: 99.70), Total number of alignments: 1
		One align captures most of this contig: 493145 493814 | 1 670 | 670 670 | 99.7 | Klebsiella_pneumoniae_subsp._pneumoniae_NZ_CP047675.1 k141_181

CONTIG: k141_186 (513bp)
Best alignment score: 512.0 (LEN: 513, IDY: 99.81), Total number of alignments: 1
		One align captures most of this contig: 4745061 4745573 | 1 513 | 513 513 | 99.81 | Klebsiella_pneumoniae_subsp._pneumoniae_NZ_CP047675.1 k141_186

CONTIG: k141_197 (513bp)
Best alignment score: 475.0 (LEN: 478, IDY: 99.37), Total number of alignments: 1
			Looking for the best set of alignments (out of 1 total alignments)
			The best set is below. Score: 475.0, number of alignments: 1, unaligned bases: 35
		Alignment: 4066163 4066640 | 36 513 | 478 478 | 99.37 | Klebsiella_pneumoniae_subsp._pneumoniae_NZ_CP047675.1 k141_197

CONTIG: k141_202 (589bp)
Best alignment score: 586.0 (LEN: 589, IDY: 99.49), Total number of alignments: 1
		One align captures most of this contig: 1303737 1304325 | 589 1 | 589 589 | 99.49 | Klebsiella_pneumoniae_subsp._pneumoniae_NZ_CP047675.1 k141_202

CONTIG: k141_208 (532bp)
Best alignment score: 530.0 (LEN: 532, IDY: 99.62), Total number of alignments: 1
		One align captures most of this contig: 3631687 3632218 | 1 532 | 532 532 | 99.62 | Klebsiella_pneumoniae_subsp._pneumoniae_NZ_CP047675.1 k141_208

CONTIG: k141_210 (634bp)
Best alignment score: 630.0 (LEN: 634, IDY: 99.37), Total number of alignments: 1
		One align captures most of this contig: 4300882 4301515 | 1 634 | 634 634 | 99.37 | Klebsiella_pneumoniae_subsp._pneumoniae_NZ_CP047675.1 k141_210

CONTIG: k141_211 (604bp)
Best alignment score: 603.0 (LEN: 604, IDY: 99.83), Total number of alignments: 1
		One align captures most of this contig: 4945339 4945942 | 604 1 | 604 604 | 99.83 | Klebsiella_pneumoniae_subsp._pneumoniae_NZ_CP047675.1 k141_211

CONTIG: k141_232 (565bp)
Best alignment score: 561.0 (LEN: 565, IDY: 99.29), Total number of alignments: 1
		One align captures most of this contig: 3813614 3814178 | 565 1 | 565 565 | 99.29 | Klebsiella_pneumoniae_subsp._pneumoniae_NZ_CP047675.1 k141_232

CONTIG: k141_238 (601bp)
Best alignment score: 600.0 (LEN: 601, IDY: 99.83), Total number of alignments: 1
		One align captures most of this contig: 2936683 2937283 | 1 601 | 601 601 | 99.83 | Klebsiella_pneumoniae_subsp._pneumoniae_NZ_CP047675.1 k141_238

CONTIG: k141_242 (517bp)
Best alignment score: 515.0 (LEN: 517, IDY: 99.61), Total number of alignments: 1
		One align captures most of this contig: 88270 88786 | 1 517 | 517 517 | 99.61 | Klebsiella_pneumoniae_subsp._pneumoniae_NZ_CP047675.1 k141_242

CONTIG: k141_243 (543bp)
Best alignment score: 542.0 (LEN: 543, IDY: 99.82), Total number of alignments: 1
		One align captures most of this contig: 4260188 4260730 | 1 543 | 543 543 | 99.82 | Klebsiella_pneumoniae_subsp._pneumoniae_NZ_CP047675.1 k141_243

CONTIG: k141_247 (626bp)
Best alignment score: 623.0 (LEN: 626, IDY: 99.52), Total number of alignments: 1
		One align captures most of this contig: 4338414 4339039 | 626 1 | 626 626 | 99.52 | Klebsiella_pneumoniae_subsp._pneumoniae_NZ_CP047675.1 k141_247

CONTIG: k141_248 (544bp)
Best alignment score: 540.0 (LEN: 544, IDY: 99.26), Total number of alignments: 1
		One align captures most of this contig: 3229656 3230199 | 544 1 | 544 544 | 99.26 | Klebsiella_pneumoniae_subsp._pneumoniae_NZ_CP047675.1 k141_248

CONTIG: k141_250 (679bp)
Best alignment score: 675.0 (LEN: 679, IDY: 99.41), Total number of alignments: 1
		One align captures most of this contig: 43637 44315 | 679 1 | 679 679 | 99.41 | Klebsiella_pneumoniae_subsp._pneumoniae_NZ_CP047675.1 k141_250

CONTIG: k141_252 (873bp)
Best alignment score: 870.0 (LEN: 873, IDY: 99.66), Total number of alignments: 1
		One align captures most of this contig: 1378581 1379453 | 1 873 | 873 873 | 99.66 | Klebsiella_pneumoniae_subsp._pneumoniae_NZ_CP047675.1 k141_252

CONTIG: k141_255 (544bp)
Best alignment score: 542.0 (LEN: 544, IDY: 99.63), Total number of alignments: 1
		One align captures most of this contig: 3183789 3184332 | 1 544 | 544 544 | 99.63 | Klebsiella_pneumoniae_subsp._pneumoniae_NZ_CP047675.1 k141_255

CONTIG: k141_256 (508bp)
Best alignment score: 507.0 (LEN: 508, IDY: 99.80), Total number of alignments: 1
		One align captures most of this contig: 5346817 5347324 | 1 508 | 508 508 | 99.8 | Klebsiella_pneumoniae_subsp._pneumoniae_NZ_CP047675.1 k141_256

CONTIG: k141_259 (619bp)
Best alignment score: 616.0 (LEN: 619, IDY: 99.52), Total number of alignments: 1
		One align captures most of this contig: 238037 238655 | 1 619 | 619 619 | 99.52 | Klebsiella_pneumoniae_subsp._pneumoniae_NZ_CP047675.1 k141_259

CONTIG: k141_264 (865bp)
Best alignment score: 856.0 (LEN: 865, IDY: 98.96), Total number of alignments: 1
		One align captures most of this contig: 4287647 4288511 | 1 865 | 865 865 | 98.96 | Klebsiella_pneumoniae_subsp._pneumoniae_NZ_CP047675.1 k141_264

CONTIG: k141_287 (515bp)
Best alignment score: 510.0 (LEN: 515, IDY: 99.03), Total number of alignments: 1
		One align captures most of this contig: 4019169 4019683 | 1 515 | 515 515 | 99.03 | Klebsiella_pneumoniae_subsp._pneumoniae_NZ_CP047675.1 k141_287

CONTIG: k141_560 (576bp)
Best alignment score: 576.0 (LEN: 576, IDY: 100.00), Total number of alignments: 1
		One align captures most of this contig: 4324797 4325372 | 1 576 | 576 576 | 100.0 | Klebsiella_pneumoniae_subsp._pneumoniae_NZ_CP047675.1 k141_560

CONTIG: k141_575 (517bp)
Best alignment score: 516.0 (LEN: 517, IDY: 99.81), Total number of alignments: 1
		One align captures most of this contig: 5325070 5325586 | 517 1 | 517 517 | 99.81 | Klebsiella_pneumoniae_subsp._pneumoniae_NZ_CP047675.1 k141_575

CONTIG: k141_408 (543bp)
Best alignment score: 540.0 (LEN: 542, IDY: 99.63), Total number of alignments: 1
		One align captures most of this contig: 95932 96473 | 542 1 | 542 542 | 99.63 | Klebsiella_pneumoniae_subsp._pneumoniae_NZ_CP047676.1 k141_408

Analyzing coverage...
Writing SNPs into /home/hannelore/PROJECTHH/Scripts/Pipeline/work/5b/fd06bcddfdd15e6ad5a6ca9bd7cd34/metaquast-results/runs_per_reference/Klebsiella_pneumoniae_subsp._pneumoniae/contigs_reports/minimap_output/TRIM_ERR1795075_Illumina_MiSeq_paired_end_sequencing_EXP_3_1_2017_01_13_14_47_56_mini_1-contigs.used_snps.gz

Analysis is finished!
Founded SNPs were written into /home/hannelore/PROJECTHH/Scripts/Pipeline/work/5b/fd06bcddfdd15e6ad5a6ca9bd7cd34/metaquast-results/runs_per_reference/Klebsiella_pneumoniae_subsp._pneumoniae/contigs_reports/minimap_output/TRIM_ERR1795075_Illumina_MiSeq_paired_end_sequencing_EXP_3_1_2017_01_13_14_47_56_mini_1-contigs.used_snps.gz

Results:
	Local Misassemblies: 0
	Misassemblies: 1
		Relocations: 1
		Translocations: 0
		Inversions: 0
	Scaffold gap extensive misassemblies: 0
	Scaffold gap local misassemblies: 0
	Misassembled Contigs: 1
	Misassembled Contig Bases: 686
	Misassemblies Inter-Contig Overlap: 0
Unaligned Contigs: 0 + 0 part
Half Unaligned Contigs with Misassemblies: 0
Unaligned Contig Bases: 0

Ambiguously Mapped Contigs: 2
Total Bases in Ambiguously Mapped Contigs: 2457
Extra Bases in Ambiguously Mapped Contigs: 0
Note that --allow-ambiguity option was set to "one" and only first alignment per each of these contigs was used.

	Covered Bases: 49288

	SNPs: 269
	Insertions: 2
	Deletions: 0

