Aligning contigs to reference...
	Aligning contigs to the reference
Filtering alignments...
Parsing coords...
Loading reference...
	Loaded [Klebsiella_pneumoniae_subsp._pneumoniae_NZ_CP047675.1]
	Loaded [Klebsiella_pneumoniae_subsp._pneumoniae_NZ_CP047676.1]
	Total Regions: 2
	Total Region Length: 5606998
Analyzing contigs...
CONTIG: k141_1 (578bp)
Best alignment score: 574.0 (LEN: 577, IDY: 99.48), Total number of alignments: 1
		One align captures most of this contig: 5036434 5037010 | 1 577 | 577 577 | 99.48 | Klebsiella_pneumoniae_subsp._pneumoniae_NZ_CP047675.1 k141_1

CONTIG: k141_265 (532bp)
Best alignment score: 526.0 (LEN: 528, IDY: 99.62), Total number of alignments: 1
		One align captures most of this contig: 1494564 1495091 | 1 528 | 528 528 | 99.62 | Klebsiella_pneumoniae_subsp._pneumoniae_NZ_CP047675.1 k141_265

CONTIG: k141_6 (942bp)
Best alignment score: 934.0 (LEN: 942, IDY: 99.15), Total number of alignments: 6
		Skipping these alignments as insignificant (option --ambiguity-score is set to "0.99"):
			Skipping alignment 4884662 4885451 | 155 942 | 790 788 | 99.62 | Klebsiella_pneumoniae_subsp._pneumoniae_NZ_CP047675.1 k141_6
			Skipping alignment 20296 20888 | 942 350 | 593 593 | 100.0 | Klebsiella_pneumoniae_subsp._pneumoniae_NZ_CP047675.1 k141_6
			Skipping alignment 124827 125414 | 942 355 | 588 588 | 100.0 | Klebsiella_pneumoniae_subsp._pneumoniae_NZ_CP047675.1 k141_6
			Skipping alignment 125472 125611 | 294 155 | 140 140 | 97.14 | Klebsiella_pneumoniae_subsp._pneumoniae_NZ_CP047675.1 k141_6
			Skipping alignment 20941 21079 | 294 156 | 139 139 | 97.12 | Klebsiella_pneumoniae_subsp._pneumoniae_NZ_CP047675.1 k141_6
		One align captures most of this contig: 685045 685987 | 942 1 | 943 942 | 99.15 | Klebsiella_pneumoniae_subsp._pneumoniae_NZ_CP047675.1 k141_6

CONTIG: k141_8 (904bp)
Best alignment score: 900.0 (LEN: 904, IDY: 99.56), Total number of alignments: 1
		One align captures most of this contig: 5103870 5104774 | 1 904 | 905 904 | 99.56 | Klebsiella_pneumoniae_subsp._pneumoniae_NZ_CP047675.1 k141_8

CONTIG: k141_273 (567bp)
Best alignment score: 564.0 (LEN: 567, IDY: 99.47), Total number of alignments: 1
		One align captures most of this contig: 3404548 3405113 | 567 1 | 566 567 | 99.47 | Klebsiella_pneumoniae_subsp._pneumoniae_NZ_CP047675.1 k141_273

CONTIG: k141_14 (2102bp)
Best alignment score: 2007.9 (LEN: 2018, IDY: 99.50), Total number of alignments: 8
			Looking for the best set of alignments (out of 8 total alignments)
			Skipping redundant alignments after choosing the best set of alignments
		Skipping redundant alignment 15934 17658 | 1807 83 | 1725 1725 | 99.88 | Klebsiella_pneumoniae_subsp._pneumoniae_NZ_CP047675.1 k141_14
		Skipping redundant alignment 212164 213888 | 1807 83 | 1725 1725 | 99.59 | Klebsiella_pneumoniae_subsp._pneumoniae_NZ_CP047675.1 k141_14
		Skipping redundant alignment 120373 122100 | 1810 83 | 1728 1728 | 99.77 | Klebsiella_pneumoniae_subsp._pneumoniae_NZ_CP047675.1 k141_14
		Skipping redundant alignment 4133353 4135141 | 83 1871 | 1789 1789 | 99.11 | Klebsiella_pneumoniae_subsp._pneumoniae_NZ_CP047675.1 k141_14
		Skipping redundant alignment 1035790 1037648 | 1941 83 | 1859 1859 | 99.41 | Klebsiella_pneumoniae_subsp._pneumoniae_NZ_CP047675.1 k141_14
		Skipping redundant alignment 4887865 4889826 | 1 1962 | 1962 1962 | 99.29 | Klebsiella_pneumoniae_subsp._pneumoniae_NZ_CP047675.1 k141_14
		Skipping redundant alignment 257306 259189 | 1966 83 | 1884 1884 | 99.42 | Klebsiella_pneumoniae_subsp._pneumoniae_NZ_CP047675.1 k141_14
			The best set is below. Score: 2007.9, number of alignments: 1, unaligned bases: 84
		Alignment: 680386 682403 | 2100 83 | 2018 2018 | 99.5 | Klebsiella_pneumoniae_subsp._pneumoniae_NZ_CP047675.1 k141_14

CONTIG: k141_21 (1302bp)
Best alignment score: 811.0 (LEN: 818, IDY: 99.14), Total number of alignments: 1
			Looking for the best set of alignments (out of 1 total alignments)
			The best set is below. Score: 811.0, number of alignments: 1, unaligned bases: 484
		Alignment: 2816877 2817694 | 818 1 | 818 818 | 99.14 | Klebsiella_pneumoniae_subsp._pneumoniae_NZ_CP047675.1 k141_21

CONTIG: k141_22 (510bp)
Best alignment score: 508.0 (LEN: 510, IDY: 99.61), Total number of alignments: 1
		One align captures most of this contig: 4589973 4590482 | 510 1 | 510 510 | 99.61 | Klebsiella_pneumoniae_subsp._pneumoniae_NZ_CP047675.1 k141_22

CONTIG: k141_27 (549bp)
Best alignment score: 536.0 (LEN: 549, IDY: 97.63), Total number of alignments: 1
		One align captures most of this contig: 4635189 4635737 | 549 1 | 549 549 | 97.63 | Klebsiella_pneumoniae_subsp._pneumoniae_NZ_CP047675.1 k141_27

CONTIG: k141_32 (541bp)
Best alignment score: 535.0 (LEN: 541, IDY: 98.89), Total number of alignments: 1
		One align captures most of this contig: 104102 104642 | 1 541 | 541 541 | 98.89 | Klebsiella_pneumoniae_subsp._pneumoniae_NZ_CP047675.1 k141_32

CONTIG: k141_33 (500bp)
Best alignment score: 500.0 (LEN: 500, IDY: 100.00), Total number of alignments: 1
		One align captures most of this contig: 4583236 4583735 | 500 1 | 500 500 | 100.0 | Klebsiella_pneumoniae_subsp._pneumoniae_NZ_CP047675.1 k141_33

CONTIG: k141_36 (509bp)
Best alignment score: 505.0 (LEN: 509, IDY: 99.21), Total number of alignments: 1
		One align captures most of this contig: 338139 338647 | 1 509 | 509 509 | 99.21 | Klebsiella_pneumoniae_subsp._pneumoniae_NZ_CP047675.1 k141_36

CONTIG: k141_40 (697bp)
Best alignment score: 692.0 (LEN: 697, IDY: 99.28), Total number of alignments: 1
		One align captures most of this contig: 1748513 1749209 | 697 1 | 697 697 | 99.28 | Klebsiella_pneumoniae_subsp._pneumoniae_NZ_CP047675.1 k141_40

CONTIG: k141_42 (533bp)
Best alignment score: 533.0 (LEN: 533, IDY: 100.00), Total number of alignments: 1
		One align captures most of this contig: 228587 229119 | 533 1 | 533 533 | 100.0 | Klebsiella_pneumoniae_subsp._pneumoniae_NZ_CP047675.1 k141_42

CONTIG: k141_50 (501bp)
Best alignment score: 496.0 (LEN: 501, IDY: 99.00), Total number of alignments: 1
		One align captures most of this contig: 4164685 4165185 | 501 1 | 501 501 | 99.0 | Klebsiella_pneumoniae_subsp._pneumoniae_NZ_CP047675.1 k141_50

CONTIG: k141_56 (538bp)
Best alignment score: 535.0 (LEN: 538, IDY: 99.44), Total number of alignments: 1
		One align captures most of this contig: 340158 340695 | 538 1 | 538 538 | 99.44 | Klebsiella_pneumoniae_subsp._pneumoniae_NZ_CP047675.1 k141_56

CONTIG: k141_59 (781bp)
Best alignment score: 781.0 (LEN: 781, IDY: 100.00), Total number of alignments: 1
		One align captures most of this contig: 4904171 4904951 | 1 781 | 781 781 | 100.0 | Klebsiella_pneumoniae_subsp._pneumoniae_NZ_CP047675.1 k141_59

CONTIG: k141_71 (622bp)
Best alignment score: 620.0 (LEN: 621, IDY: 99.84), Total number of alignments: 1
		One align captures most of this contig: 3352578 3353198 | 2 622 | 621 621 | 99.84 | Klebsiella_pneumoniae_subsp._pneumoniae_NZ_CP047675.1 k141_71

CONTIG: k141_72 (541bp)
Best alignment score: 537.0 (LEN: 541, IDY: 99.26), Total number of alignments: 1
		One align captures most of this contig: 3321146 3321686 | 541 1 | 541 541 | 99.26 | Klebsiella_pneumoniae_subsp._pneumoniae_NZ_CP047675.1 k141_72

CONTIG: k141_77 (509bp)
Best alignment score: 509.0 (LEN: 509, IDY: 100.00), Total number of alignments: 1
		One align captures most of this contig: 4903070 4903578 | 509 1 | 509 509 | 100.0 | Klebsiella_pneumoniae_subsp._pneumoniae_NZ_CP047675.1 k141_77

CONTIG: k141_82 (1115bp)
Best alignment score: 1112.0 (LEN: 1115, IDY: 99.73), Total number of alignments: 8
		This contig has 8 significant alignments. [An ambiguously mapped contig]
		Using only first of these alignment (option --ambiguity-usage is set to "one"):
			Alignment: 4885453 4886567 | 1 1115 | 1115 1115 | 99.73 | Klebsiella_pneumoniae_subsp._pneumoniae_NZ_CP047675.1 k141_82
			Skipping alignment 4130706 4131820 | 1 1115 | 1115 1115 | 99.64 | Klebsiella_pneumoniae_subsp._pneumoniae_NZ_CP047675.1 k141_82
			Skipping alignment 123718 124825 | 1108 1 | 1108 1108 | 99.82 | Klebsiella_pneumoniae_subsp._pneumoniae_NZ_CP047675.1 k141_82
			Skipping alignment 683936 685043 | 1108 1 | 1108 1108 | 99.73 | Klebsiella_pneumoniae_subsp._pneumoniae_NZ_CP047675.1 k141_82
			Skipping alignment 19187 20294 | 1108 1 | 1108 1108 | 99.73 | Klebsiella_pneumoniae_subsp._pneumoniae_NZ_CP047675.1 k141_82
			Skipping alignment 260721 261828 | 1108 1 | 1108 1108 | 99.73 | Klebsiella_pneumoniae_subsp._pneumoniae_NZ_CP047675.1 k141_82
			Skipping alignment 215575 216682 | 1108 1 | 1108 1108 | 99.73 | Klebsiella_pneumoniae_subsp._pneumoniae_NZ_CP047675.1 k141_82
			Skipping alignment 1039259 1040366 | 1108 1 | 1108 1108 | 99.64 | Klebsiella_pneumoniae_subsp._pneumoniae_NZ_CP047675.1 k141_82

CONTIG: k141_282 (562bp)
Best alignment score: 561.0 (LEN: 562, IDY: 99.82), Total number of alignments: 1
		One align captures most of this contig: 4151548 4152109 | 562 1 | 562 562 | 99.82 | Klebsiella_pneumoniae_subsp._pneumoniae_NZ_CP047675.1 k141_282

CONTIG: k141_283 (813bp)
Best alignment score: 812.0 (LEN: 813, IDY: 99.88), Total number of alignments: 1
		One align captures most of this contig: 198975 199787 | 813 1 | 813 813 | 99.88 | Klebsiella_pneumoniae_subsp._pneumoniae_NZ_CP047675.1 k141_283

CONTIG: k141_288 (578bp)
Best alignment score: 578.0 (LEN: 578, IDY: 100.00), Total number of alignments: 1
		One align captures most of this contig: 112442 113019 | 578 1 | 578 578 | 100.0 | Klebsiella_pneumoniae_subsp._pneumoniae_NZ_CP047675.1 k141_288

CONTIG: k141_300 (606bp)
Best alignment score: 604.0 (LEN: 606, IDY: 99.67), Total number of alignments: 1
		One align captures most of this contig: 4019342 4019947 | 1 606 | 606 606 | 99.67 | Klebsiella_pneumoniae_subsp._pneumoniae_NZ_CP047675.1 k141_300

CONTIG: k141_303 (864bp)
Best alignment score: 861.0 (LEN: 864, IDY: 99.65), Total number of alignments: 1
		One align captures most of this contig: 5185287 5186150 | 1 864 | 864 864 | 99.65 | Klebsiella_pneumoniae_subsp._pneumoniae_NZ_CP047675.1 k141_303

CONTIG: k141_308 (558bp)
Best alignment score: 557.0 (LEN: 558, IDY: 99.82), Total number of alignments: 1
		One align captures most of this contig: 2660901 2661458 | 1 558 | 558 558 | 99.82 | Klebsiella_pneumoniae_subsp._pneumoniae_NZ_CP047675.1 k141_308

CONTIG: k141_313 (551bp)
Best alignment score: 550.0 (LEN: 551, IDY: 99.82), Total number of alignments: 1
		One align captures most of this contig: 907497 908047 | 1 551 | 551 551 | 99.82 | Klebsiella_pneumoniae_subsp._pneumoniae_NZ_CP047675.1 k141_313

CONTIG: k141_325 (526bp)
Best alignment score: 521.0 (LEN: 526, IDY: 99.05), Total number of alignments: 1
		One align captures most of this contig: 5121811 5122336 | 526 1 | 526 526 | 99.05 | Klebsiella_pneumoniae_subsp._pneumoniae_NZ_CP047675.1 k141_325

CONTIG: k141_353 (1472bp)
Best alignment score: 1467.0 (LEN: 1472, IDY: 99.66), Total number of alignments: 1
		One align captures most of this contig: 2818843 2820314 | 1 1472 | 1472 1472 | 99.66 | Klebsiella_pneumoniae_subsp._pneumoniae_NZ_CP047675.1 k141_353

CONTIG: k141_91 (514bp)
Best alignment score: 514.0 (LEN: 514, IDY: 100.00), Total number of alignments: 1
		One align captures most of this contig: 3526258 3526771 | 514 1 | 514 514 | 100.0 | Klebsiella_pneumoniae_subsp._pneumoniae_NZ_CP047675.1 k141_91

CONTIG: k141_97 (637bp)
Best alignment score: 633.0 (LEN: 637, IDY: 99.37), Total number of alignments: 1
		One align captures most of this contig: 3137544 3138180 | 637 1 | 637 637 | 99.37 | Klebsiella_pneumoniae_subsp._pneumoniae_NZ_CP047675.1 k141_97

CONTIG: k141_384 (728bp)
Best alignment score: 724.0 (LEN: 727, IDY: 99.59), Total number of alignments: 1
		One align captures most of this contig: 479821 480547 | 2 728 | 727 727 | 99.59 | Klebsiella_pneumoniae_subsp._pneumoniae_NZ_CP047675.1 k141_384

CONTIG: k141_386 (586bp)
Best alignment score: 582.0 (LEN: 586, IDY: 99.32), Total number of alignments: 1
		One align captures most of this contig: 4420798 4421384 | 1 586 | 587 586 | 99.32 | Klebsiella_pneumoniae_subsp._pneumoniae_NZ_CP047675.1 k141_386

CONTIG: k141_105 (637bp)
Best alignment score: 630.0 (LEN: 637, IDY: 98.90), Total number of alignments: 1
		One align captures most of this contig: 1736281 1736917 | 1 637 | 637 637 | 98.9 | Klebsiella_pneumoniae_subsp._pneumoniae_NZ_CP047675.1 k141_105

CONTIG: k141_108 (507bp)
Best alignment score: 504.0 (LEN: 507, IDY: 99.41), Total number of alignments: 1
		One align captures most of this contig: 2637181 2637687 | 1 507 | 507 507 | 99.41 | Klebsiella_pneumoniae_subsp._pneumoniae_NZ_CP047675.1 k141_108

CONTIG: k141_109 (529bp)
Best alignment score: 529.0 (LEN: 529, IDY: 100.00), Total number of alignments: 1
		One align captures most of this contig: 946969 947497 | 1 529 | 529 529 | 100.0 | Klebsiella_pneumoniae_subsp._pneumoniae_NZ_CP047675.1 k141_109

CONTIG: k141_118 (643bp)
Best alignment score: 641.0 (LEN: 643, IDY: 99.69), Total number of alignments: 1
		One align captures most of this contig: 33057 33699 | 643 1 | 643 643 | 99.69 | Klebsiella_pneumoniae_subsp._pneumoniae_NZ_CP047675.1 k141_118

CONTIG: k141_124 (718bp)
Best alignment score: 714.0 (LEN: 718, IDY: 99.44), Total number of alignments: 1
		One align captures most of this contig: 1982008 1982725 | 718 1 | 718 718 | 99.44 | Klebsiella_pneumoniae_subsp._pneumoniae_NZ_CP047675.1 k141_124

CONTIG: k141_129 (518bp)
Best alignment score: 516.0 (LEN: 518, IDY: 99.61), Total number of alignments: 1
		One align captures most of this contig: 5288706 5289223 | 518 1 | 518 518 | 99.61 | Klebsiella_pneumoniae_subsp._pneumoniae_NZ_CP047675.1 k141_129

CONTIG: k141_130 (562bp)
Best alignment score: 557.0 (LEN: 562, IDY: 99.11), Total number of alignments: 1
		One align captures most of this contig: 145627 146188 | 562 1 | 562 562 | 99.11 | Klebsiella_pneumoniae_subsp._pneumoniae_NZ_CP047675.1 k141_130

CONTIG: k141_148 (526bp)
Best alignment score: 524.0 (LEN: 526, IDY: 99.62), Total number of alignments: 1
		One align captures most of this contig: 480855 481380 | 526 1 | 526 526 | 99.62 | Klebsiella_pneumoniae_subsp._pneumoniae_NZ_CP047675.1 k141_148

CONTIG: k141_164 (657bp)
Best alignment score: 654.0 (LEN: 657, IDY: 99.54), Total number of alignments: 1
		One align captures most of this contig: 2611533 2612189 | 1 657 | 657 657 | 99.54 | Klebsiella_pneumoniae_subsp._pneumoniae_NZ_CP047675.1 k141_164

CONTIG: k141_165 (668bp)
Best alignment score: 664.0 (LEN: 668, IDY: 99.40), Total number of alignments: 1
		One align captures most of this contig: 1700296 1700962 | 1 668 | 667 668 | 99.4 | Klebsiella_pneumoniae_subsp._pneumoniae_NZ_CP047675.1 k141_165

CONTIG: k141_395 (633bp)
Best alignment score: 629.0 (LEN: 633, IDY: 99.37), Total number of alignments: 1
		One align captures most of this contig: 494469 495101 | 633 1 | 633 633 | 99.37 | Klebsiella_pneumoniae_subsp._pneumoniae_NZ_CP047675.1 k141_395

CONTIG: k141_181 (508bp)
Best alignment score: 506.0 (LEN: 508, IDY: 99.61), Total number of alignments: 1
		One align captures most of this contig: 1031798 1032305 | 508 1 | 508 508 | 99.61 | Klebsiella_pneumoniae_subsp._pneumoniae_NZ_CP047675.1 k141_181

CONTIG: k141_184 (732bp)
Best alignment score: 731.0 (LEN: 732, IDY: 99.86), Total number of alignments: 1
		One align captures most of this contig: 1605530 1606261 | 1 732 | 732 732 | 99.86 | Klebsiella_pneumoniae_subsp._pneumoniae_NZ_CP047675.1 k141_184

CONTIG: k141_431 (615bp)
Best alignment score: 611.0 (LEN: 615, IDY: 99.35), Total number of alignments: 1
		One align captures most of this contig: 2850695 2851309 | 1 615 | 615 615 | 99.35 | Klebsiella_pneumoniae_subsp._pneumoniae_NZ_CP047675.1 k141_431

CONTIG: k141_437 (1120bp)
Best alignment score: 1118.0 (LEN: 1120, IDY: 99.82), Total number of alignments: 8
		Skipping these alignments as insignificant (option --ambiguity-score is set to "0.99"):
			Skipping alignment 1038176 1039271 | 25 1120 | 1096 1096 | 99.54 | Klebsiella_pneumoniae_subsp._pneumoniae_NZ_CP047675.1 k141_437
			Skipping alignment 214492 215587 | 25 1120 | 1096 1096 | 99.45 | Klebsiella_pneumoniae_subsp._pneumoniae_NZ_CP047675.1 k141_437
			Skipping alignment 122635 123730 | 25 1120 | 1096 1096 | 99.45 | Klebsiella_pneumoniae_subsp._pneumoniae_NZ_CP047675.1 k141_437
		This contig has 5 significant alignments. [An ambiguously mapped contig]
		Using only first of these alignment (option --ambiguity-usage is set to "one"):
			Alignment: 4131801 4132920 | 1120 1 | 1120 1120 | 99.82 | Klebsiella_pneumoniae_subsp._pneumoniae_NZ_CP047675.1 k141_437
			Skipping alignment 4886548 4887667 | 1120 1 | 1120 1120 | 99.73 | Klebsiella_pneumoniae_subsp._pneumoniae_NZ_CP047675.1 k141_437
			Skipping alignment 259614 260733 | 1 1120 | 1120 1120 | 99.46 | Klebsiella_pneumoniae_subsp._pneumoniae_NZ_CP047675.1 k141_437
			Skipping alignment 682828 683948 | 1 1120 | 1121 1120 | 99.38 | Klebsiella_pneumoniae_subsp._pneumoniae_NZ_CP047675.1 k141_437
			Skipping alignment 18079 19199 | 1 1120 | 1121 1120 | 99.29 | Klebsiella_pneumoniae_subsp._pneumoniae_NZ_CP047675.1 k141_437

CONTIG: k141_439 (1150bp)
Best alignment score: 675.0 (LEN: 675, IDY: 100.00), Total number of alignments: 4
			Looking for the best set of alignments (out of 4 total alignments)
			Skipping redundant alignments after choosing the best set of alignments
		Skipping redundant alignment 1460592 1460826 | 1004 770 | 235 235 | 97.02 | Klebsiella_pneumoniae_subsp._pneumoniae_NZ_CP047675.1 k141_439
		Skipping redundant alignment 546947 547363 | 734 1150 | 417 417 | 97.36 | Klebsiella_pneumoniae_subsp._pneumoniae_NZ_CP047675.1 k141_439
		This contig has several significant sets of alignments. [An ambiguously mapped contig]
		Using only the very best set (option --ambiguity-usage is set to "one").
			The best set is below. Score: 1022.8, number of alignments: 2, unaligned bases: 58
		This contig is misassembled.
			Real Alignment 1: 1460913 1461587 | 675 1 | 675 675 | 100.0 | Klebsiella_pneumoniae_subsp._pneumoniae_NZ_CP047675.1 k141_439
			  Extensive misassembly (relocation, inconsistency = 912763) between these two alignments
			Real Alignment 2: 547675 548091 | 734 1150 | 417 417 | 97.36 | Klebsiella_pneumoniae_subsp._pneumoniae_NZ_CP047675.1 k141_439

CONTIG: k141_445 (566bp)
Best alignment score: 557.0 (LEN: 563, IDY: 98.93), Total number of alignments: 1
		One align captures most of this contig: 3913581 3914143 | 563 1 | 563 563 | 98.93 | Klebsiella_pneumoniae_subsp._pneumoniae_NZ_CP047675.1 k141_445

CONTIG: k141_457 (768bp)
Best alignment score: 768.0 (LEN: 768, IDY: 100.00), Total number of alignments: 1
		One align captures most of this contig: 4910691 4911458 | 768 1 | 768 768 | 100.0 | Klebsiella_pneumoniae_subsp._pneumoniae_NZ_CP047675.1 k141_457

CONTIG: k141_458 (504bp)
Best alignment score: 499.0 (LEN: 504, IDY: 99.01), Total number of alignments: 1
		One align captures most of this contig: 2964360 2964863 | 1 504 | 504 504 | 99.01 | Klebsiella_pneumoniae_subsp._pneumoniae_NZ_CP047675.1 k141_458

CONTIG: k141_465 (900bp)
Best alignment score: 893.0 (LEN: 900, IDY: 99.22), Total number of alignments: 1
		One align captures most of this contig: 3926118 3927017 | 900 1 | 900 900 | 99.22 | Klebsiella_pneumoniae_subsp._pneumoniae_NZ_CP047675.1 k141_465

CONTIG: k141_472 (563bp)
Best alignment score: 563.0 (LEN: 563, IDY: 100.00), Total number of alignments: 1
		One align captures most of this contig: 5214840 5215402 | 1 563 | 563 563 | 100.0 | Klebsiella_pneumoniae_subsp._pneumoniae_NZ_CP047675.1 k141_472

CONTIG: k141_476 (762bp)
Best alignment score: 761.0 (LEN: 762, IDY: 99.87), Total number of alignments: 1
		One align captures most of this contig: 1278740 1279501 | 1 762 | 762 762 | 99.87 | Klebsiella_pneumoniae_subsp._pneumoniae_NZ_CP047675.1 k141_476

CONTIG: k141_478 (536bp)
Best alignment score: 531.0 (LEN: 536, IDY: 99.07), Total number of alignments: 1
		One align captures most of this contig: 803621 804156 | 536 1 | 536 536 | 99.07 | Klebsiella_pneumoniae_subsp._pneumoniae_NZ_CP047675.1 k141_478

CONTIG: k141_479 (889bp)
Best alignment score: 881.0 (LEN: 885, IDY: 99.55), Total number of alignments: 1
		One align captures most of this contig: 2487285 2488169 | 5 889 | 885 885 | 99.55 | Klebsiella_pneumoniae_subsp._pneumoniae_NZ_CP047675.1 k141_479

CONTIG: k141_480 (573bp)
Best alignment score: 572.0 (LEN: 573, IDY: 99.83), Total number of alignments: 1
		One align captures most of this contig: 99848 100421 | 1 573 | 574 573 | 99.83 | Klebsiella_pneumoniae_subsp._pneumoniae_NZ_CP047675.1 k141_480

CONTIG: k141_490 (545bp)
Best alignment score: 539.0 (LEN: 545, IDY: 98.90), Total number of alignments: 1
		One align captures most of this contig: 2325221 2325765 | 545 1 | 545 545 | 98.9 | Klebsiella_pneumoniae_subsp._pneumoniae_NZ_CP047675.1 k141_490

CONTIG: k141_190 (604bp)
Best alignment score: 599.0 (LEN: 603, IDY: 99.34), Total number of alignments: 1
		One align captures most of this contig: 4296407 4297010 | 2 604 | 604 603 | 99.34 | Klebsiella_pneumoniae_subsp._pneumoniae_NZ_CP047675.1 k141_190

CONTIG: k141_191 (568bp)
Best alignment score: 564.0 (LEN: 568, IDY: 99.30), Total number of alignments: 1
		One align captures most of this contig: 4853615 4854182 | 568 1 | 568 568 | 99.3 | Klebsiella_pneumoniae_subsp._pneumoniae_NZ_CP047675.1 k141_191

CONTIG: k141_199 (510bp)
Best alignment score: 509.0 (LEN: 510, IDY: 99.80), Total number of alignments: 1
		One align captures most of this contig: 4358222 4358731 | 1 510 | 510 510 | 99.8 | Klebsiella_pneumoniae_subsp._pneumoniae_NZ_CP047675.1 k141_199

CONTIG: k141_206 (660bp)
Best alignment score: 657.0 (LEN: 660, IDY: 99.55), Total number of alignments: 1
		One align captures most of this contig: 1084640 1085299 | 1 660 | 660 660 | 99.55 | Klebsiella_pneumoniae_subsp._pneumoniae_NZ_CP047675.1 k141_206

CONTIG: k141_222 (686bp)
Best alignment score: 679.0 (LEN: 686, IDY: 98.98), Total number of alignments: 1
		One align captures most of this contig: 4645244 4645929 | 686 1 | 686 686 | 98.98 | Klebsiella_pneumoniae_subsp._pneumoniae_NZ_CP047675.1 k141_222

CONTIG: k141_225 (513bp)
Best alignment score: 509.0 (LEN: 513, IDY: 99.22), Total number of alignments: 1
		One align captures most of this contig: 2880631 2881143 | 1 513 | 513 513 | 99.22 | Klebsiella_pneumoniae_subsp._pneumoniae_NZ_CP047675.1 k141_225

CONTIG: k141_226 (553bp)
Best alignment score: 551.0 (LEN: 553, IDY: 99.64), Total number of alignments: 1
		One align captures most of this contig: 2946756 2947308 | 553 1 | 553 553 | 99.64 | Klebsiella_pneumoniae_subsp._pneumoniae_NZ_CP047675.1 k141_226

CONTIG: k141_232 (527bp)
Best alignment score: 524.0 (LEN: 527, IDY: 99.43), Total number of alignments: 1
		One align captures most of this contig: 1263391 1263917 | 1 527 | 527 527 | 99.43 | Klebsiella_pneumoniae_subsp._pneumoniae_NZ_CP047675.1 k141_232

CONTIG: k141_237 (586bp)
Best alignment score: 582.0 (LEN: 586, IDY: 99.32), Total number of alignments: 1
		One align captures most of this contig: 4737162 4737747 | 586 1 | 586 586 | 99.32 | Klebsiella_pneumoniae_subsp._pneumoniae_NZ_CP047675.1 k141_237

CONTIG: k141_256 (625bp)
Best alignment score: 620.0 (LEN: 624, IDY: 99.36), Total number of alignments: 1
		One align captures most of this contig: 274285 274908 | 625 2 | 624 624 | 99.36 | Klebsiella_pneumoniae_subsp._pneumoniae_NZ_CP047675.1 k141_256

CONTIG: k141_34 (708bp)
Best alignment score: 706.0 (LEN: 708, IDY: 99.72), Total number of alignments: 1
		One align captures most of this contig: 91590 92297 | 708 1 | 708 708 | 99.72 | Klebsiella_pneumoniae_subsp._pneumoniae_NZ_CP047676.1 k141_34

CONTIG: k141_493 (838bp)
Best alignment score: 835.0 (LEN: 838, IDY: 99.64), Total number of alignments: 1
		One align captures most of this contig: 92918 93755 | 1 838 | 838 838 | 99.64 | Klebsiella_pneumoniae_subsp._pneumoniae_NZ_CP047676.1 k141_493

Analyzing coverage...
Writing SNPs into /home/hannelore/PROJECTHH/Scripts/Pipeline/work/5b/fd06bcddfdd15e6ad5a6ca9bd7cd34/metaquast-results/runs_per_reference/Klebsiella_pneumoniae_subsp._pneumoniae/contigs_reports/minimap_output/TRIM_ERR1795082_Illumina_MiSeq_paired_end_sequencing_EXP_10_1_2017_01_13_14_47_56_mini_1-contigs.used_snps.gz

Analysis is finished!
Founded SNPs were written into /home/hannelore/PROJECTHH/Scripts/Pipeline/work/5b/fd06bcddfdd15e6ad5a6ca9bd7cd34/metaquast-results/runs_per_reference/Klebsiella_pneumoniae_subsp._pneumoniae/contigs_reports/minimap_output/TRIM_ERR1795082_Illumina_MiSeq_paired_end_sequencing_EXP_10_1_2017_01_13_14_47_56_mini_1-contigs.used_snps.gz

Results:
	Local Misassemblies: 0
	Misassemblies: 1
		Relocations: 1
		Translocations: 0
		Inversions: 0
	Scaffold gap extensive misassemblies: 0
	Scaffold gap local misassemblies: 0
	Misassembled Contigs: 1
	Misassembled Contig Bases: 1150
	Misassemblies Inter-Contig Overlap: 0
Unaligned Contigs: 0 + 0 part
Half Unaligned Contigs with Misassemblies: 0
Unaligned Contig Bases: 0

Ambiguously Mapped Contigs: 3
Total Bases in Ambiguously Mapped Contigs: 3385
Extra Bases in Ambiguously Mapped Contigs: 0
Note that --allow-ambiguity option was set to "one" and only first alignment per each of these contigs was used.

	Covered Bases: 48436

	SNPs: 238
	Insertions: 2
	Deletions: 5

