Aligning contigs to reference...
	Aligning contigs to the reference
Filtering alignments...
Parsing coords...
Loading reference...
	Loaded [Klebsiella_pneumoniae_subsp._pneumoniae_NZ_CP047675.1]
	Loaded [Klebsiella_pneumoniae_subsp._pneumoniae_NZ_CP047676.1]
	Total Regions: 2
	Total Region Length: 5606998
Analyzing contigs...
CONTIG: k141_0 (558bp)
Best alignment score: 557.0 (LEN: 558, IDY: 99.82), Total number of alignments: 1
		One align captures most of this contig: 4906167 4906724 | 558 1 | 558 558 | 99.82 | Klebsiella_pneumoniae_subsp._pneumoniae_NZ_CP047675.1 k141_0

CONTIG: k141_20 (553bp)
Best alignment score: 553.0 (LEN: 553, IDY: 100.00), Total number of alignments: 1
		One align captures most of this contig: 36364 36916 | 1 553 | 553 553 | 100.0 | Klebsiella_pneumoniae_subsp._pneumoniae_NZ_CP047675.1 k141_20

CONTIG: k141_291 (764bp)
Best alignment score: 762.0 (LEN: 764, IDY: 99.74), Total number of alignments: 3
		This contig has 3 significant alignments. [An ambiguously mapped contig]
		Using only first of these alignment (option --ambiguity-usage is set to "one"):
			Alignment: 3620378 3621141 | 1 764 | 764 764 | 99.74 | Klebsiella_pneumoniae_subsp._pneumoniae_NZ_CP047675.1 k141_291
			Skipping alignment 2101958 2102721 | 764 1 | 764 764 | 99.74 | Klebsiella_pneumoniae_subsp._pneumoniae_NZ_CP047675.1 k141_291
			Skipping alignment 2177226 2177989 | 1 764 | 764 764 | 99.74 | Klebsiella_pneumoniae_subsp._pneumoniae_NZ_CP047675.1 k141_291

CONTIG: k141_23 (635bp)
Best alignment score: 634.0 (LEN: 635, IDY: 99.84), Total number of alignments: 1
		One align captures most of this contig: 430834 431468 | 1 635 | 635 635 | 99.84 | Klebsiella_pneumoniae_subsp._pneumoniae_NZ_CP047675.1 k141_23

CONTIG: k141_24 (574bp)
Best alignment score: 572.0 (LEN: 574, IDY: 99.65), Total number of alignments: 1
		One align captures most of this contig: 4620736 4621309 | 574 1 | 574 574 | 99.65 | Klebsiella_pneumoniae_subsp._pneumoniae_NZ_CP047675.1 k141_24

CONTIG: k141_26 (707bp)
Best alignment score: 704.0 (LEN: 707, IDY: 99.58), Total number of alignments: 1
		One align captures most of this contig: 1963477 1964183 | 1 707 | 707 707 | 99.58 | Klebsiella_pneumoniae_subsp._pneumoniae_NZ_CP047675.1 k141_26

CONTIG: k141_297 (683bp)
Best alignment score: 675.0 (LEN: 682, IDY: 98.97), Total number of alignments: 1
		One align captures most of this contig: 194392 195073 | 1 682 | 682 682 | 98.97 | Klebsiella_pneumoniae_subsp._pneumoniae_NZ_CP047675.1 k141_297

CONTIG: k141_312 (620bp)
Best alignment score: 620.0 (LEN: 620, IDY: 100.00), Total number of alignments: 1
		One align captures most of this contig: 5257420 5258039 | 620 1 | 620 620 | 100.0 | Klebsiella_pneumoniae_subsp._pneumoniae_NZ_CP047675.1 k141_312

CONTIG: k141_48 (1237bp)
Best alignment score: 1222.0 (LEN: 1231, IDY: 99.27), Total number of alignments: 5
		Skipping these alignments as insignificant (option --ambiguity-score is set to "0.99"):
			Skipping alignment 1035768 1036843 | 156 1231 | 1076 1076 | 99.91 | Klebsiella_pneumoniae_subsp._pneumoniae_NZ_CP047675.1 k141_48
			Skipping alignment 680520 681598 | 153 1231 | 1079 1079 | 99.26 | Klebsiella_pneumoniae_subsp._pneumoniae_NZ_CP047675.1 k141_48
			Skipping alignment 4888752 4889805 | 1231 178 | 1054 1054 | 99.91 | Klebsiella_pneumoniae_subsp._pneumoniae_NZ_CP047675.1 k141_48
			Skipping alignment 15934 16853 | 312 1231 | 920 920 | 99.46 | Klebsiella_pneumoniae_subsp._pneumoniae_NZ_CP047675.1 k141_48
		One align captures most of this contig: 257154 258384 | 1 1231 | 1231 1231 | 99.27 | Klebsiella_pneumoniae_subsp._pneumoniae_NZ_CP047675.1 k141_48

CONTIG: k141_50 (522bp)
Best alignment score: 521.0 (LEN: 522, IDY: 99.81), Total number of alignments: 1
		One align captures most of this contig: 1498491 1499012 | 522 1 | 522 522 | 99.81 | Klebsiella_pneumoniae_subsp._pneumoniae_NZ_CP047675.1 k141_50

CONTIG: k141_54 (505bp)
Best alignment score: 504.0 (LEN: 505, IDY: 99.80), Total number of alignments: 1
		One align captures most of this contig: 1187905 1188409 | 1 505 | 505 505 | 99.8 | Klebsiella_pneumoniae_subsp._pneumoniae_NZ_CP047675.1 k141_54

CONTIG: k141_60 (542bp)
Best alignment score: 507.0 (LEN: 512, IDY: 99.03), Total number of alignments: 1
			Looking for the best set of alignments (out of 1 total alignments)
			The best set is below. Score: 507.0, number of alignments: 1, unaligned bases: 30
		Alignment: 2267608 2268120 | 1 512 | 513 512 | 99.03 | Klebsiella_pneumoniae_subsp._pneumoniae_NZ_CP047675.1 k141_60

CONTIG: k141_67 (507bp)
Best alignment score: 502.0 (LEN: 507, IDY: 99.01), Total number of alignments: 1
		One align captures most of this contig: 3436919 3437425 | 1 507 | 507 507 | 99.01 | Klebsiella_pneumoniae_subsp._pneumoniae_NZ_CP047675.1 k141_67

CONTIG: k141_329 (608bp)
Best alignment score: 603.0 (LEN: 604, IDY: 99.83), Total number of alignments: 1
		One align captures most of this contig: 4806478 4807081 | 604 1 | 604 604 | 99.83 | Klebsiella_pneumoniae_subsp._pneumoniae_NZ_CP047675.1 k141_329

CONTIG: k141_76 (518bp)
Best alignment score: 516.0 (LEN: 518, IDY: 99.61), Total number of alignments: 1
		One align captures most of this contig: 3181422 3181939 | 1 518 | 518 518 | 99.61 | Klebsiella_pneumoniae_subsp._pneumoniae_NZ_CP047675.1 k141_76

CONTIG: k141_87 (713bp)
Best alignment score: 707.0 (LEN: 713, IDY: 99.16), Total number of alignments: 1
		One align captures most of this contig: 115469 116181 | 1 713 | 713 713 | 99.16 | Klebsiella_pneumoniae_subsp._pneumoniae_NZ_CP047675.1 k141_87

CONTIG: k141_104 (517bp)
Best alignment score: 516.0 (LEN: 517, IDY: 99.81), Total number of alignments: 1
		One align captures most of this contig: 4230388 4230904 | 1 517 | 517 517 | 99.81 | Klebsiella_pneumoniae_subsp._pneumoniae_NZ_CP047675.1 k141_104

CONTIG: k141_107 (553bp)
Best alignment score: 548.0 (LEN: 553, IDY: 99.10), Total number of alignments: 1
		One align captures most of this contig: 710304 710856 | 1 553 | 553 553 | 99.1 | Klebsiella_pneumoniae_subsp._pneumoniae_NZ_CP047675.1 k141_107

CONTIG: k141_111 (524bp)
Best alignment score: 521.0 (LEN: 524, IDY: 99.43), Total number of alignments: 1
		One align captures most of this contig: 5027651 5028174 | 1 524 | 524 524 | 99.43 | Klebsiella_pneumoniae_subsp._pneumoniae_NZ_CP047675.1 k141_111

CONTIG: k141_118 (743bp)
Best alignment score: 738.0 (LEN: 743, IDY: 99.33), Total number of alignments: 1
		One align captures most of this contig: 4042991 4043733 | 1 743 | 743 743 | 99.33 | Klebsiella_pneumoniae_subsp._pneumoniae_NZ_CP047675.1 k141_118

CONTIG: k141_121 (595bp)
Best alignment score: 595.0 (LEN: 595, IDY: 100.00), Total number of alignments: 1
		One align captures most of this contig: 1857494 1858088 | 595 1 | 595 595 | 100.0 | Klebsiella_pneumoniae_subsp._pneumoniae_NZ_CP047675.1 k141_121

CONTIG: k141_122 (2222bp)
Best alignment score: 2216.0 (LEN: 2222, IDY: 99.73), Total number of alignments: 8
		This contig has 8 significant alignments. [An ambiguously mapped contig]
		Using only first of these alignment (option --ambiguity-usage is set to "one"):
			Alignment: 4885382 4887603 | 2222 1 | 2222 2222 | 99.73 | Klebsiella_pneumoniae_subsp._pneumoniae_NZ_CP047675.1 k141_122
			Skipping alignment 4130635 4132856 | 2222 1 | 2222 2222 | 99.73 | Klebsiella_pneumoniae_subsp._pneumoniae_NZ_CP047675.1 k141_122
			Skipping alignment 259678 261899 | 1 2222 | 2222 2222 | 99.68 | Klebsiella_pneumoniae_subsp._pneumoniae_NZ_CP047675.1 k141_122
			Skipping alignment 1038216 1040437 | 1 2222 | 2222 2222 | 99.68 | Klebsiella_pneumoniae_subsp._pneumoniae_NZ_CP047675.1 k141_122
			Skipping alignment 214532 216753 | 1 2222 | 2222 2222 | 99.68 | Klebsiella_pneumoniae_subsp._pneumoniae_NZ_CP047675.1 k141_122
			Skipping alignment 122675 124896 | 1 2222 | 2222 2222 | 99.64 | Klebsiella_pneumoniae_subsp._pneumoniae_NZ_CP047675.1 k141_122
			Skipping alignment 682892 685114 | 1 2222 | 2223 2222 | 99.55 | Klebsiella_pneumoniae_subsp._pneumoniae_NZ_CP047675.1 k141_122
			Skipping alignment 18143 20365 | 1 2222 | 2223 2222 | 99.51 | Klebsiella_pneumoniae_subsp._pneumoniae_NZ_CP047675.1 k141_122

CONTIG: k141_344 (552bp)
Best alignment score: 545.0 (LEN: 548, IDY: 99.45), Total number of alignments: 1
		One align captures most of this contig: 1829525 1830072 | 1 548 | 548 548 | 99.45 | Klebsiella_pneumoniae_subsp._pneumoniae_NZ_CP047675.1 k141_344

CONTIG: k141_345 (534bp)
Best alignment score: 531.0 (LEN: 534, IDY: 99.44), Total number of alignments: 1
		One align captures most of this contig: 885850 886383 | 534 1 | 534 534 | 99.44 | Klebsiella_pneumoniae_subsp._pneumoniae_NZ_CP047675.1 k141_345

CONTIG: k141_362 (590bp)
Best alignment score: 589.0 (LEN: 590, IDY: 99.83), Total number of alignments: 1
		One align captures most of this contig: 5184783 5185372 | 1 590 | 590 590 | 99.83 | Klebsiella_pneumoniae_subsp._pneumoniae_NZ_CP047675.1 k141_362

CONTIG: k141_365 (604bp)
Best alignment score: 602.0 (LEN: 604, IDY: 99.67), Total number of alignments: 1
		One align captures most of this contig: 2619088 2619691 | 1 604 | 604 604 | 99.67 | Klebsiella_pneumoniae_subsp._pneumoniae_NZ_CP047675.1 k141_365

CONTIG: k141_368 (570bp)
Best alignment score: 567.0 (LEN: 570, IDY: 99.47), Total number of alignments: 1
		One align captures most of this contig: 428821 429391 | 1 570 | 571 570 | 99.47 | Klebsiella_pneumoniae_subsp._pneumoniae_NZ_CP047675.1 k141_368

CONTIG: k141_369 (717bp)
Best alignment score: 715.0 (LEN: 717, IDY: 99.72), Total number of alignments: 1
		One align captures most of this contig: 294309 295025 | 1 717 | 717 717 | 99.72 | Klebsiella_pneumoniae_subsp._pneumoniae_NZ_CP047675.1 k141_369

CONTIG: k141_374 (621bp)
Best alignment score: 619.0 (LEN: 621, IDY: 99.68), Total number of alignments: 1
		One align captures most of this contig: 1746397 1747017 | 1 621 | 621 621 | 99.68 | Klebsiella_pneumoniae_subsp._pneumoniae_NZ_CP047675.1 k141_374

CONTIG: k141_376 (527bp)
Best alignment score: 526.0 (LEN: 527, IDY: 99.81), Total number of alignments: 1
		One align captures most of this contig: 2860109 2860635 | 527 1 | 527 527 | 99.81 | Klebsiella_pneumoniae_subsp._pneumoniae_NZ_CP047675.1 k141_376

CONTIG: k141_382 (659bp)
Best alignment score: 658.0 (LEN: 659, IDY: 99.85), Total number of alignments: 1
		One align captures most of this contig: 2575130 2575788 | 659 1 | 659 659 | 99.85 | Klebsiella_pneumoniae_subsp._pneumoniae_NZ_CP047675.1 k141_382

CONTIG: k141_391 (577bp)
Best alignment score: 573.0 (LEN: 577, IDY: 99.31), Total number of alignments: 1
		One align captures most of this contig: 4446095 4446671 | 1 577 | 577 577 | 99.31 | Klebsiella_pneumoniae_subsp._pneumoniae_NZ_CP047675.1 k141_391

CONTIG: k141_193 (526bp)
Best alignment score: 526.0 (LEN: 526, IDY: 100.00), Total number of alignments: 1
		One align captures most of this contig: 1912693 1913218 | 1 526 | 526 526 | 100.0 | Klebsiella_pneumoniae_subsp._pneumoniae_NZ_CP047675.1 k141_193

CONTIG: k141_199 (629bp)
Best alignment score: 452.0 (LEN: 454, IDY: 99.56), Total number of alignments: 1
			Looking for the best set of alignments (out of 1 total alignments)
			The best set is below. Score: 452.0, number of alignments: 1, unaligned bases: 175
		Alignment: 4526399 4526852 | 454 1 | 454 454 | 99.56 | Klebsiella_pneumoniae_subsp._pneumoniae_NZ_CP047675.1 k141_199

CONTIG: k141_203 (617bp)
Best alignment score: 597.4 (LEN: 617, IDY: 96.83), Total number of alignments: 1
		One align captures most of this contig: 2574300 2574929 | 1 617 | 630 617 | 96.83 | Klebsiella_pneumoniae_subsp._pneumoniae_NZ_CP047675.1 k141_203

CONTIG: k141_210 (560bp)
Best alignment score: 559.0 (LEN: 560, IDY: 99.82), Total number of alignments: 1
		One align captures most of this contig: 4417774 4418333 | 560 1 | 560 560 | 99.82 | Klebsiella_pneumoniae_subsp._pneumoniae_NZ_CP047675.1 k141_210

CONTIG: k141_211 (503bp)
Best alignment score: 501.0 (LEN: 503, IDY: 99.60), Total number of alignments: 1
		One align captures most of this contig: 297778 298280 | 1 503 | 503 503 | 99.6 | Klebsiella_pneumoniae_subsp._pneumoniae_NZ_CP047675.1 k141_211

CONTIG: k141_215 (510bp)
Best alignment score: 505.0 (LEN: 510, IDY: 99.02), Total number of alignments: 1
		One align captures most of this contig: 2169457 2169966 | 1 510 | 510 510 | 99.02 | Klebsiella_pneumoniae_subsp._pneumoniae_NZ_CP047675.1 k141_215

CONTIG: k141_222 (652bp)
Best alignment score: 645.0 (LEN: 652, IDY: 98.93), Total number of alignments: 1
		One align captures most of this contig: 462204 462855 | 652 1 | 652 652 | 98.93 | Klebsiella_pneumoniae_subsp._pneumoniae_NZ_CP047675.1 k141_222

CONTIG: k141_224 (541bp)
Best alignment score: 533.0 (LEN: 540, IDY: 98.70), Total number of alignments: 1
		One align captures most of this contig: 1631507 1632046 | 2 541 | 540 540 | 98.7 | Klebsiella_pneumoniae_subsp._pneumoniae_NZ_CP047675.1 k141_224

CONTIG: k141_239 (737bp)
Best alignment score: 731.0 (LEN: 737, IDY: 99.19), Total number of alignments: 1
		One align captures most of this contig: 2655473 2656209 | 737 1 | 737 737 | 99.19 | Klebsiella_pneumoniae_subsp._pneumoniae_NZ_CP047675.1 k141_239

CONTIG: k141_245 (516bp)
Best alignment score: 515.0 (LEN: 516, IDY: 99.81), Total number of alignments: 1
		One align captures most of this contig: 1905436 1905951 | 516 1 | 516 516 | 99.81 | Klebsiella_pneumoniae_subsp._pneumoniae_NZ_CP047675.1 k141_245

CONTIG: k141_397 (503bp)
Best alignment score: 503.0 (LEN: 503, IDY: 100.00), Total number of alignments: 1
		One align captures most of this contig: 4925194 4925696 | 503 1 | 503 503 | 100.0 | Klebsiella_pneumoniae_subsp._pneumoniae_NZ_CP047675.1 k141_397

CONTIG: k141_411 (918bp)
Best alignment score: 78.0 (LEN: 80, IDY: 97.50), Total number of alignments: 1
			Looking for the best set of alignments (out of 1 total alignments)
			The best set is below. Score: 78.0, number of alignments: 1, unaligned bases: 838
		This contig is partially unaligned. (Aligned 80 out of 918 non-N bases (8.71%))
		Alignment: 917770 917849 | 839 918 | 80 80 | 97.5 | Klebsiella_pneumoniae_subsp._pneumoniae_NZ_CP047675.1 k141_411
		Unaligned bases: 1 to 838 (838)

CONTIG: k141_421 (1072bp)
Best alignment score: 905.0 (LEN: 909, IDY: 99.56), Total number of alignments: 3
			Looking for the best set of alignments (out of 3 total alignments)
			Skipping redundant alignments after choosing the best set of alignments
		Skipping redundant alignment 3619367 3620273 | 907 1 | 907 907 | 99.56 | Klebsiella_pneumoniae_subsp._pneumoniae_NZ_CP047675.1 k141_421
		Skipping redundant alignment 2176215 2177121 | 907 1 | 907 907 | 99.56 | Klebsiella_pneumoniae_subsp._pneumoniae_NZ_CP047675.1 k141_421
		This contig has several significant sets of alignments. [An ambiguously mapped contig]
		Using only the very best set (option --ambiguity-usage is set to "one").
			The best set is below. Score: 905.0, number of alignments: 1, unaligned bases: 163
		Alignment: 2102826 2103734 | 1 909 | 909 909 | 99.56 | Klebsiella_pneumoniae_subsp._pneumoniae_NZ_CP047675.1 k141_421

CONTIG: k141_443 (716bp)
Best alignment score: 714.0 (LEN: 716, IDY: 99.72), Total number of alignments: 1
		One align captures most of this contig: 925425 926140 | 1 716 | 716 716 | 99.72 | Klebsiella_pneumoniae_subsp._pneumoniae_NZ_CP047675.1 k141_443

CONTIG: k141_449 (713bp)
Best alignment score: 712.0 (LEN: 713, IDY: 99.86), Total number of alignments: 1
		One align captures most of this contig: 3413256 3413968 | 1 713 | 713 713 | 99.86 | Klebsiella_pneumoniae_subsp._pneumoniae_NZ_CP047675.1 k141_449

CONTIG: k141_458 (511bp)
Best alignment score: 510.0 (LEN: 511, IDY: 99.80), Total number of alignments: 1
		One align captures most of this contig: 3923393 3923903 | 1 511 | 511 511 | 99.8 | Klebsiella_pneumoniae_subsp._pneumoniae_NZ_CP047675.1 k141_458

CONTIG: k141_460 (561bp)
Best alignment score: 560.0 (LEN: 561, IDY: 99.82), Total number of alignments: 1
		One align captures most of this contig: 4373576 4374136 | 1 561 | 561 561 | 99.82 | Klebsiella_pneumoniae_subsp._pneumoniae_NZ_CP047675.1 k141_460

CONTIG: k141_463 (697bp)
Best alignment score: 694.0 (LEN: 697, IDY: 99.57), Total number of alignments: 1
		One align captures most of this contig: 83280 83976 | 1 697 | 697 697 | 99.57 | Klebsiella_pneumoniae_subsp._pneumoniae_NZ_CP047675.1 k141_463

CONTIG: k141_465 (628bp)
Best alignment score: 628.0 (LEN: 628, IDY: 100.00), Total number of alignments: 1
		One align captures most of this contig: 39027 39654 | 628 1 | 628 628 | 100.0 | Klebsiella_pneumoniae_subsp._pneumoniae_NZ_CP047675.1 k141_465

CONTIG: k141_481 (759bp)
Best alignment score: 756.0 (LEN: 759, IDY: 99.60), Total number of alignments: 1
		One align captures most of this contig: 1670251 1671009 | 759 1 | 759 759 | 99.6 | Klebsiella_pneumoniae_subsp._pneumoniae_NZ_CP047675.1 k141_481

CONTIG: k141_482 (731bp)
Best alignment score: 724.0 (LEN: 728, IDY: 99.45), Total number of alignments: 1
		One align captures most of this contig: 1592075 1592802 | 728 1 | 728 728 | 99.45 | Klebsiella_pneumoniae_subsp._pneumoniae_NZ_CP047675.1 k141_482

CONTIG: k141_488 (508bp)
Best alignment score: 505.0 (LEN: 508, IDY: 99.41), Total number of alignments: 1
		One align captures most of this contig: 4229587 4230094 | 1 508 | 508 508 | 99.41 | Klebsiella_pneumoniae_subsp._pneumoniae_NZ_CP047675.1 k141_488

CONTIG: k141_262 (603bp)
Best alignment score: 565.0 (LEN: 565, IDY: 100.00), Total number of alignments: 4
			Looking for the best set of alignments (out of 4 total alignments)
			Skipping redundant alignments after choosing the best set of alignments
		Skipping redundant alignment 5121112 5121661 | 1 550 | 550 550 | 100.0 | Klebsiella_pneumoniae_subsp._pneumoniae_NZ_CP047675.1 k141_262
		Skipping redundant alignment 1133545 1134094 | 1 550 | 550 550 | 100.0 | Klebsiella_pneumoniae_subsp._pneumoniae_NZ_CP047675.1 k141_262
		Skipping redundant alignment 975919 976483 | 1 565 | 565 565 | 99.82 | Klebsiella_pneumoniae_subsp._pneumoniae_NZ_CP047675.1 k141_262
		This contig has several significant sets of alignments. [An ambiguously mapped contig]
		Using only the very best set (option --ambiguity-usage is set to "one").
			The best set is below. Score: 565.0, number of alignments: 1, unaligned bases: 38
		Alignment: 1460916 1461480 | 565 1 | 565 565 | 100.0 | Klebsiella_pneumoniae_subsp._pneumoniae_NZ_CP047675.1 k141_262

CONTIG: k141_500 (629bp)
Best alignment score: 628.0 (LEN: 629, IDY: 99.84), Total number of alignments: 1
		One align captures most of this contig: 2275697 2276325 | 629 1 | 629 629 | 99.84 | Klebsiella_pneumoniae_subsp._pneumoniae_NZ_CP047675.1 k141_500

CONTIG: k141_265 (639bp)
Best alignment score: 637.0 (LEN: 639, IDY: 99.69), Total number of alignments: 1
		One align captures most of this contig: 4047134 4047772 | 1 639 | 639 639 | 99.69 | Klebsiella_pneumoniae_subsp._pneumoniae_NZ_CP047675.1 k141_265

CONTIG: k141_268 (584bp)
Best alignment score: 577.0 (LEN: 583, IDY: 98.97), Total number of alignments: 1
		One align captures most of this contig: 3867407 3867989 | 583 1 | 583 583 | 98.97 | Klebsiella_pneumoniae_subsp._pneumoniae_NZ_CP047675.1 k141_268

CONTIG: k141_269 (591bp)
Best alignment score: 590.0 (LEN: 591, IDY: 99.83), Total number of alignments: 1
		One align captures most of this contig: 2479992 2480582 | 591 1 | 591 591 | 99.83 | Klebsiella_pneumoniae_subsp._pneumoniae_NZ_CP047675.1 k141_269

CONTIG: k141_524 (539bp)
Best alignment score: 534.0 (LEN: 539, IDY: 99.07), Total number of alignments: 1
		One align captures most of this contig: 133441 133979 | 539 1 | 539 539 | 99.07 | Klebsiella_pneumoniae_subsp._pneumoniae_NZ_CP047675.1 k141_524

CONTIG: k141_532 (771bp)
Best alignment score: 768.0 (LEN: 768, IDY: 100.00), Total number of alignments: 8
		This contig has 8 significant alignments. [An ambiguously mapped contig]
		Using only first of these alignment (option --ambiguity-usage is set to "one"):
			Alignment: 121333 122100 | 771 4 | 768 768 | 100.0 | Klebsiella_pneumoniae_subsp._pneumoniae_NZ_CP047675.1 k141_532
			Skipping alignment 16891 17658 | 771 4 | 768 768 | 100.0 | Klebsiella_pneumoniae_subsp._pneumoniae_NZ_CP047675.1 k141_532
			Skipping alignment 681636 682403 | 771 4 | 768 768 | 100.0 | Klebsiella_pneumoniae_subsp._pneumoniae_NZ_CP047675.1 k141_532
			Skipping alignment 213121 213888 | 771 4 | 768 768 | 99.87 | Klebsiella_pneumoniae_subsp._pneumoniae_NZ_CP047675.1 k141_532
			Skipping alignment 258422 259189 | 771 4 | 768 768 | 99.87 | Klebsiella_pneumoniae_subsp._pneumoniae_NZ_CP047675.1 k141_532
			Skipping alignment 4887944 4888714 | 1 771 | 771 771 | 99.48 | Klebsiella_pneumoniae_subsp._pneumoniae_NZ_CP047675.1 k141_532
			Skipping alignment 1036881 1037648 | 771 4 | 768 768 | 99.74 | Klebsiella_pneumoniae_subsp._pneumoniae_NZ_CP047675.1 k141_532
			Skipping alignment 4133353 4134120 | 4 771 | 768 768 | 99.61 | Klebsiella_pneumoniae_subsp._pneumoniae_NZ_CP047675.1 k141_532

CONTIG: k141_12 (543bp)
Best alignment score: 543.0 (LEN: 543, IDY: 100.00), Total number of alignments: 1
		One align captures most of this contig: 100508 101050 | 1 543 | 543 543 | 100.0 | Klebsiella_pneumoniae_subsp._pneumoniae_NZ_CP047676.1 k141_12

CONTIG: k141_15 (573bp)
Best alignment score: 573.0 (LEN: 573, IDY: 100.00), Total number of alignments: 1
		One align captures most of this contig: 110395 110967 | 1 573 | 573 573 | 100.0 | Klebsiella_pneumoniae_subsp._pneumoniae_NZ_CP047676.1 k141_15

CONTIG: k141_309 (549bp)
Best alignment score: 549.0 (LEN: 549, IDY: 100.00), Total number of alignments: 1
		One align captures most of this contig: 98486 99034 | 1 549 | 549 549 | 100.0 | Klebsiella_pneumoniae_subsp._pneumoniae_NZ_CP047676.1 k141_309

Analyzing coverage...
Writing SNPs into /home/hannelore/PROJECTHH/Scripts/Pipeline/work/5b/fd06bcddfdd15e6ad5a6ca9bd7cd34/metaquast-results/runs_per_reference/Klebsiella_pneumoniae_subsp._pneumoniae/contigs_reports/minimap_output/TRIM_ERR1795073_Illumina_MiSeq_paired_end_sequencing_EXP_1_1_2017_01_13_14_47_56_mini_1-contigs.used_snps.gz

Analysis is finished!
Founded SNPs were written into /home/hannelore/PROJECTHH/Scripts/Pipeline/work/5b/fd06bcddfdd15e6ad5a6ca9bd7cd34/metaquast-results/runs_per_reference/Klebsiella_pneumoniae_subsp._pneumoniae/contigs_reports/minimap_output/TRIM_ERR1795073_Illumina_MiSeq_paired_end_sequencing_EXP_1_1_2017_01_13_14_47_56_mini_1-contigs.used_snps.gz

Results:
	Local Misassemblies: 0
	Misassemblies: 0
		Relocations: 0
		Translocations: 0
		Inversions: 0
	Scaffold gap extensive misassemblies: 0
	Scaffold gap local misassemblies: 0
	Misassembled Contigs: 0
	Misassembled Contig Bases: 0
	Misassemblies Inter-Contig Overlap: 0
Unaligned Contigs: 0 + 1 part
Half Unaligned Contigs with Misassemblies: 0
Unaligned Contig Bases: 838

Ambiguously Mapped Contigs: 5
Total Bases in Ambiguously Mapped Contigs: 5432
Extra Bases in Ambiguously Mapped Contigs: 0
Note that --allow-ambiguity option was set to "one" and only first alignment per each of these contigs was used.

	Covered Bases: 40228

	SNPs: 163
	Insertions: 0
	Deletions: 15

