Aligning contigs to reference...
	Aligning contigs to the reference
Filtering alignments...
Parsing coords...
Loading reference...
	Loaded [Klebsiella_pneumoniae_subsp._pneumoniae_NZ_CP047675.1]
	Loaded [Klebsiella_pneumoniae_subsp._pneumoniae_NZ_CP047676.1]
	Total Regions: 2
	Total Region Length: 5606998
Analyzing contigs...
CONTIG: k141_1 (564bp)
Best alignment score: 564.0 (LEN: 564, IDY: 100.00), Total number of alignments: 1
		One align captures most of this contig: 4387404 4387967 | 564 1 | 564 564 | 100.0 | Klebsiella_pneumoniae_subsp._pneumoniae_NZ_CP047675.1 k141_1

CONTIG: k141_3 (501bp)
Best alignment score: 495.0 (LEN: 501, IDY: 98.80), Total number of alignments: 1
		One align captures most of this contig: 3365185 3365685 | 1 501 | 501 501 | 98.8 | Klebsiella_pneumoniae_subsp._pneumoniae_NZ_CP047675.1 k141_3

CONTIG: k141_8 (822bp)
Best alignment score: 815.0 (LEN: 822, IDY: 99.15), Total number of alignments: 1
		One align captures most of this contig: 4380665 4381486 | 822 1 | 822 822 | 99.15 | Klebsiella_pneumoniae_subsp._pneumoniae_NZ_CP047675.1 k141_8

CONTIG: k141_290 (1137bp)
Best alignment score: 1133.0 (LEN: 1137, IDY: 99.65), Total number of alignments: 8
		Skipping these alignments as insignificant (option --ambiguity-score is set to "0.99"):
			Skipping alignment 4884689 4885830 | 1 1137 | 1142 1137 | 96.11 | Klebsiella_pneumoniae_subsp._pneumoniae_NZ_CP047675.1 k141_290
			Skipping alignment 684666 685806 | 1137 1 | 1141 1137 | 96.02 | Klebsiella_pneumoniae_subsp._pneumoniae_NZ_CP047675.1 k141_290
			Skipping alignment 261451 262438 | 1137 150 | 988 988 | 99.7 | Klebsiella_pneumoniae_subsp._pneumoniae_NZ_CP047675.1 k141_290
			Skipping alignment 4130096 4131083 | 150 1137 | 988 988 | 99.6 | Klebsiella_pneumoniae_subsp._pneumoniae_NZ_CP047675.1 k141_290
			Skipping alignment 216305 217293 | 1137 150 | 989 988 | 99.6 | Klebsiella_pneumoniae_subsp._pneumoniae_NZ_CP047675.1 k141_290
		This contig has 3 significant alignments. [An ambiguously mapped contig]
		Using only first of these alignment (option --ambiguity-usage is set to "one"):
			Alignment: 124448 125584 | 1137 1 | 1137 1137 | 99.65 | Klebsiella_pneumoniae_subsp._pneumoniae_NZ_CP047675.1 k141_290
			Skipping alignment 19917 21053 | 1137 1 | 1137 1137 | 99.47 | Klebsiella_pneumoniae_subsp._pneumoniae_NZ_CP047675.1 k141_290
			Skipping alignment 1039989 1041125 | 1137 1 | 1137 1137 | 99.38 | Klebsiella_pneumoniae_subsp._pneumoniae_NZ_CP047675.1 k141_290

CONTIG: k141_291 (601bp)
Best alignment score: 597.0 (LEN: 601, IDY: 99.33), Total number of alignments: 1
		One align captures most of this contig: 256222 256822 | 1 601 | 601 601 | 99.33 | Klebsiella_pneumoniae_subsp._pneumoniae_NZ_CP047675.1 k141_291

CONTIG: k141_294 (553bp)
Best alignment score: 553.0 (LEN: 553, IDY: 100.00), Total number of alignments: 1
		One align captures most of this contig: 1220498 1221050 | 553 1 | 553 553 | 100.0 | Klebsiella_pneumoniae_subsp._pneumoniae_NZ_CP047675.1 k141_294

CONTIG: k141_18 (500bp)
Best alignment score: 495.0 (LEN: 500, IDY: 99.00), Total number of alignments: 1
		One align captures most of this contig: 2827681 2828180 | 1 500 | 500 500 | 99.0 | Klebsiella_pneumoniae_subsp._pneumoniae_NZ_CP047675.1 k141_18

CONTIG: k141_304 (549bp)
Best alignment score: 548.0 (LEN: 549, IDY: 99.82), Total number of alignments: 1
		One align captures most of this contig: 5117631 5118179 | 1 549 | 549 549 | 99.82 | Klebsiella_pneumoniae_subsp._pneumoniae_NZ_CP047675.1 k141_304

CONTIG: k141_307 (535bp)
Best alignment score: 532.0 (LEN: 535, IDY: 99.44), Total number of alignments: 1
		One align captures most of this contig: 4832910 4833444 | 1 535 | 535 535 | 99.44 | Klebsiella_pneumoniae_subsp._pneumoniae_NZ_CP047675.1 k141_307

CONTIG: k141_31 (801bp)
Best alignment score: 795.0 (LEN: 801, IDY: 99.25), Total number of alignments: 1
		One align captures most of this contig: 1066760 1067560 | 1 801 | 801 801 | 99.25 | Klebsiella_pneumoniae_subsp._pneumoniae_NZ_CP047675.1 k141_31

CONTIG: k141_33 (1985bp)
Best alignment score: 1979.0 (LEN: 1985, IDY: 99.70), Total number of alignments: 8
		This contig has 8 significant alignments. [An ambiguously mapped contig]
		Using only first of these alignment (option --ambiguity-usage is set to "one"):
			Alignment: 259437 261421 | 1 1985 | 1985 1985 | 99.7 | Klebsiella_pneumoniae_subsp._pneumoniae_NZ_CP047675.1 k141_33
			Skipping alignment 4885860 4887844 | 1985 1 | 1985 1985 | 99.65 | Klebsiella_pneumoniae_subsp._pneumoniae_NZ_CP047675.1 k141_33
			Skipping alignment 682651 684636 | 1 1985 | 1986 1985 | 99.45 | Klebsiella_pneumoniae_subsp._pneumoniae_NZ_CP047675.1 k141_33
			Skipping alignment 214291 216275 | 1 1985 | 1985 1985 | 99.4 | Klebsiella_pneumoniae_subsp._pneumoniae_NZ_CP047675.1 k141_33
			Skipping alignment 122434 124418 | 1 1985 | 1985 1985 | 99.35 | Klebsiella_pneumoniae_subsp._pneumoniae_NZ_CP047675.1 k141_33
			Skipping alignment 1037979 1039959 | 1 1985 | 1981 1985 | 99.29 | Klebsiella_pneumoniae_subsp._pneumoniae_NZ_CP047675.1 k141_33
			Skipping alignment 17906 19887 | 1 1985 | 1982 1985 | 99.24 | Klebsiella_pneumoniae_subsp._pneumoniae_NZ_CP047675.1 k141_33
			Skipping alignment 4131113 4133105 | 1985 1 | 1993 1985 | 99.1 | Klebsiella_pneumoniae_subsp._pneumoniae_NZ_CP047675.1 k141_33

CONTIG: k141_316 (567bp)
Best alignment score: 563.0 (LEN: 567, IDY: 99.29), Total number of alignments: 1
		One align captures most of this contig: 4671990 4672556 | 567 1 | 567 567 | 99.29 | Klebsiella_pneumoniae_subsp._pneumoniae_NZ_CP047675.1 k141_316

CONTIG: k141_36 (666bp)
Best alignment score: 664.0 (LEN: 666, IDY: 99.70), Total number of alignments: 1
		One align captures most of this contig: 5150804 5151469 | 666 1 | 666 666 | 99.7 | Klebsiella_pneumoniae_subsp._pneumoniae_NZ_CP047675.1 k141_36

CONTIG: k141_322 (581bp)
Best alignment score: 579.0 (LEN: 581, IDY: 99.66), Total number of alignments: 1
		One align captures most of this contig: 210304 210884 | 1 581 | 581 581 | 99.66 | Klebsiella_pneumoniae_subsp._pneumoniae_NZ_CP047675.1 k141_322

CONTIG: k141_323 (580bp)
Best alignment score: 575.0 (LEN: 580, IDY: 99.14), Total number of alignments: 1
		One align captures most of this contig: 1396952 1397531 | 580 1 | 580 580 | 99.14 | Klebsiella_pneumoniae_subsp._pneumoniae_NZ_CP047675.1 k141_323

CONTIG: k141_329 (611bp)
Best alignment score: 607.0 (LEN: 611, IDY: 99.35), Total number of alignments: 1
		One align captures most of this contig: 1190622 1191232 | 1 611 | 611 611 | 99.35 | Klebsiella_pneumoniae_subsp._pneumoniae_NZ_CP047675.1 k141_329

CONTIG: k141_332 (833bp)
Best alignment score: 786.0 (LEN: 793, IDY: 99.12), Total number of alignments: 1
			Looking for the best set of alignments (out of 1 total alignments)
			The best set is below. Score: 786.0, number of alignments: 1, unaligned bases: 40
		Alignment: 1195136 1195928 | 1 793 | 793 793 | 99.12 | Klebsiella_pneumoniae_subsp._pneumoniae_NZ_CP047675.1 k141_332

CONTIG: k141_336 (560bp)
Best alignment score: 557.0 (LEN: 560, IDY: 99.46), Total number of alignments: 1
		One align captures most of this contig: 5316280 5316839 | 560 1 | 560 560 | 99.46 | Klebsiella_pneumoniae_subsp._pneumoniae_NZ_CP047675.1 k141_336

CONTIG: k141_342 (514bp)
Best alignment score: 507.0 (LEN: 514, IDY: 98.64), Total number of alignments: 1
		One align captures most of this contig: 1885210 1885723 | 514 1 | 514 514 | 98.64 | Klebsiella_pneumoniae_subsp._pneumoniae_NZ_CP047675.1 k141_342

CONTIG: k141_345 (539bp)
Best alignment score: 538.0 (LEN: 539, IDY: 99.81), Total number of alignments: 1
		One align captures most of this contig: 952096 952634 | 539 1 | 539 539 | 99.81 | Klebsiella_pneumoniae_subsp._pneumoniae_NZ_CP047675.1 k141_345

CONTIG: k141_346 (757bp)
Best alignment score: 752.0 (LEN: 757, IDY: 99.34), Total number of alignments: 1
		One align captures most of this contig: 2228967 2229723 | 1 757 | 757 757 | 99.34 | Klebsiella_pneumoniae_subsp._pneumoniae_NZ_CP047675.1 k141_346

CONTIG: k141_358 (609bp)
Best alignment score: 338.0 (LEN: 343, IDY: 98.54), Total number of alignments: 2
			Looking for the best set of alignments (out of 2 total alignments)
			The best set is below. Score: 536.6, number of alignments: 2, unaligned bases: 0
		This contig is misassembled.
			Excluding internal overlap of size 34 between Alignment 1 and 2: 1105571 1105870 | 1 300 | 300 300 --> 1105571 1105836 | 1 266 | 266 266
			Real Alignment 1: 1105571 1105836 | 1 266 | 266 266 | 100.0 | Klebsiella_pneumoniae_subsp._pneumoniae_NZ_CP047675.1 k141_358
			  Extensive misassembly (relocation, inconsistency = 2316362) between these two alignments
			Real Alignment 2: 3422199 3422541 | 267 609 | 343 343 | 98.54 | Klebsiella_pneumoniae_subsp._pneumoniae_NZ_CP047675.1 k141_358

CONTIG: k141_359 (670bp)
Best alignment score: 670.0 (LEN: 670, IDY: 100.00), Total number of alignments: 1
		One align captures most of this contig: 4564424 4565093 | 670 1 | 670 670 | 100.0 | Klebsiella_pneumoniae_subsp._pneumoniae_NZ_CP047675.1 k141_359

CONTIG: k141_360 (689bp)
Best alignment score: 682.0 (LEN: 689, IDY: 98.98), Total number of alignments: 1
		One align captures most of this contig: 5088584 5089272 | 689 1 | 689 689 | 98.98 | Klebsiella_pneumoniae_subsp._pneumoniae_NZ_CP047675.1 k141_360

CONTIG: k141_365 (666bp)
Best alignment score: 662.0 (LEN: 666, IDY: 99.40), Total number of alignments: 1
		One align captures most of this contig: 3824645 3825310 | 1 666 | 666 666 | 99.4 | Klebsiella_pneumoniae_subsp._pneumoniae_NZ_CP047675.1 k141_365

CONTIG: k141_374 (625bp)
Best alignment score: 622.0 (LEN: 625, IDY: 99.52), Total number of alignments: 1
		One align captures most of this contig: 3299669 3300293 | 1 625 | 625 625 | 99.52 | Klebsiella_pneumoniae_subsp._pneumoniae_NZ_CP047675.1 k141_374

CONTIG: k141_40 (590bp)
Best alignment score: 590.0 (LEN: 590, IDY: 100.00), Total number of alignments: 1
		One align captures most of this contig: 3490214 3490803 | 590 1 | 590 590 | 100.0 | Klebsiella_pneumoniae_subsp._pneumoniae_NZ_CP047675.1 k141_40

CONTIG: k141_376 (535bp)
Best alignment score: 532.0 (LEN: 535, IDY: 99.44), Total number of alignments: 1
		One align captures most of this contig: 2981843 2982377 | 535 1 | 535 535 | 99.44 | Klebsiella_pneumoniae_subsp._pneumoniae_NZ_CP047675.1 k141_376

CONTIG: k141_382 (507bp)
Best alignment score: 504.0 (LEN: 507, IDY: 99.41), Total number of alignments: 1
		One align captures most of this contig: 5188306 5188812 | 507 1 | 507 507 | 99.41 | Klebsiella_pneumoniae_subsp._pneumoniae_NZ_CP047675.1 k141_382

CONTIG: k141_384 (582bp)
Best alignment score: 580.0 (LEN: 582, IDY: 99.66), Total number of alignments: 1
		One align captures most of this contig: 4330250 4330831 | 582 1 | 582 582 | 99.66 | Klebsiella_pneumoniae_subsp._pneumoniae_NZ_CP047675.1 k141_384

CONTIG: k141_58 (733bp)
Best alignment score: 552.0 (LEN: 556, IDY: 99.28), Total number of alignments: 1
			Looking for the best set of alignments (out of 1 total alignments)
			The best set is below. Score: 552.0, number of alignments: 1, unaligned bases: 177
		Alignment: 4601349 4601904 | 733 178 | 556 556 | 99.28 | Klebsiella_pneumoniae_subsp._pneumoniae_NZ_CP047675.1 k141_58

CONTIG: k141_389 (606bp)
Best alignment score: 602.0 (LEN: 606, IDY: 99.34), Total number of alignments: 1
		One align captures most of this contig: 1481018 1481623 | 1 606 | 606 606 | 99.34 | Klebsiella_pneumoniae_subsp._pneumoniae_NZ_CP047675.1 k141_389

CONTIG: k141_392 (552bp)
Best alignment score: 550.0 (LEN: 552, IDY: 99.64), Total number of alignments: 1
		One align captures most of this contig: 4994984 4995535 | 552 1 | 552 552 | 99.64 | Klebsiella_pneumoniae_subsp._pneumoniae_NZ_CP047675.1 k141_392

CONTIG: k141_396 (504bp)
Best alignment score: 498.0 (LEN: 504, IDY: 98.81), Total number of alignments: 1
		One align captures most of this contig: 1744055 1744558 | 1 504 | 504 504 | 98.81 | Klebsiella_pneumoniae_subsp._pneumoniae_NZ_CP047675.1 k141_396

CONTIG: k141_401 (646bp)
Best alignment score: 645.0 (LEN: 646, IDY: 99.85), Total number of alignments: 1
		One align captures most of this contig: 923573 924218 | 1 646 | 646 646 | 99.85 | Klebsiella_pneumoniae_subsp._pneumoniae_NZ_CP047675.1 k141_401

CONTIG: k141_409 (514bp)
Best alignment score: 505.0 (LEN: 514, IDY: 98.25), Total number of alignments: 1
		One align captures most of this contig: 3365808 3366321 | 514 1 | 514 514 | 98.25 | Klebsiella_pneumoniae_subsp._pneumoniae_NZ_CP047675.1 k141_409

CONTIG: k141_415 (610bp)
Best alignment score: 604.0 (LEN: 607, IDY: 99.51), Total number of alignments: 1
		One align captures most of this contig: 4698399 4699005 | 607 1 | 607 607 | 99.51 | Klebsiella_pneumoniae_subsp._pneumoniae_NZ_CP047675.1 k141_415

CONTIG: k141_416 (520bp)
Best alignment score: 290.0 (LEN: 304, IDY: 95.39), Total number of alignments: 2
			Looking for the best set of alignments (out of 2 total alignments)
			The best set is below. Score: 473.0, number of alignments: 2, unaligned bases: 26
		This contig is misassembled.
			Real Alignment 1: 3540706 3540895 | 1 190 | 190 190 | 98.42 | Klebsiella_pneumoniae_subsp._pneumoniae_NZ_CP047675.1 k141_416
			  Gap between these two alignments (local misassembly). Inconsistency = 326
			Real Alignment 2: 3541248 3541551 | 217 520 | 304 304 | 95.39 | Klebsiella_pneumoniae_subsp._pneumoniae_NZ_CP047675.1 k141_416

CONTIG: k141_418 (557bp)
Best alignment score: 553.0 (LEN: 557, IDY: 99.28), Total number of alignments: 1
		One align captures most of this contig: 2598735 2599291 | 557 1 | 557 557 | 99.28 | Klebsiella_pneumoniae_subsp._pneumoniae_NZ_CP047675.1 k141_418

CONTIG: k141_423 (756bp)
Best alignment score: 754.0 (LEN: 756, IDY: 99.74), Total number of alignments: 1
		One align captures most of this contig: 1412738 1413493 | 1 756 | 756 756 | 99.74 | Klebsiella_pneumoniae_subsp._pneumoniae_NZ_CP047675.1 k141_423

CONTIG: k141_427 (507bp)
Best alignment score: 504.0 (LEN: 507, IDY: 99.41), Total number of alignments: 1
		One align captures most of this contig: 4998704 4999210 | 1 507 | 507 507 | 99.41 | Klebsiella_pneumoniae_subsp._pneumoniae_NZ_CP047675.1 k141_427

CONTIG: k141_433 (666bp)
Best alignment score: 660.0 (LEN: 666, IDY: 99.10), Total number of alignments: 1
		One align captures most of this contig: 5027063 5027728 | 666 1 | 666 666 | 99.1 | Klebsiella_pneumoniae_subsp._pneumoniae_NZ_CP047675.1 k141_433

CONTIG: k141_436 (693bp)
Best alignment score: 691.0 (LEN: 693, IDY: 99.71), Total number of alignments: 1
		One align captures most of this contig: 3881607 3882299 | 1 693 | 693 693 | 99.71 | Klebsiella_pneumoniae_subsp._pneumoniae_NZ_CP047675.1 k141_436

CONTIG: k141_446 (553bp)
Best alignment score: 551.0 (LEN: 553, IDY: 99.64), Total number of alignments: 1
		One align captures most of this contig: 1653232 1653784 | 553 1 | 553 553 | 99.64 | Klebsiella_pneumoniae_subsp._pneumoniae_NZ_CP047675.1 k141_446

CONTIG: k141_447 (512bp)
Best alignment score: 510.0 (LEN: 512, IDY: 99.61), Total number of alignments: 1
		One align captures most of this contig: 2172080 2172591 | 1 512 | 512 512 | 99.61 | Klebsiella_pneumoniae_subsp._pneumoniae_NZ_CP047675.1 k141_447

CONTIG: k141_453 (569bp)
Best alignment score: 566.0 (LEN: 569, IDY: 99.47), Total number of alignments: 1
		One align captures most of this contig: 225170 225738 | 1 569 | 569 569 | 99.47 | Klebsiella_pneumoniae_subsp._pneumoniae_NZ_CP047675.1 k141_453

CONTIG: k141_454 (944bp)
Best alignment score: 937.0 (LEN: 941, IDY: 99.57), Total number of alignments: 1
		One align captures most of this contig: 360166 361106 | 4 944 | 941 941 | 99.57 | Klebsiella_pneumoniae_subsp._pneumoniae_NZ_CP047675.1 k141_454

CONTIG: k141_456 (579bp)
Best alignment score: 577.0 (LEN: 579, IDY: 99.65), Total number of alignments: 1
		One align captures most of this contig: 4986910 4987488 | 579 1 | 579 579 | 99.65 | Klebsiella_pneumoniae_subsp._pneumoniae_NZ_CP047675.1 k141_456

CONTIG: k141_460 (626bp)
Best alignment score: 459.0 (LEN: 462, IDY: 99.35), Total number of alignments: 1
			Looking for the best set of alignments (out of 1 total alignments)
			The best set is below. Score: 459.0, number of alignments: 1, unaligned bases: 164
		Alignment: 1648012 1648473 | 626 165 | 462 462 | 99.35 | Klebsiella_pneumoniae_subsp._pneumoniae_NZ_CP047675.1 k141_460

CONTIG: k141_463 (624bp)
Best alignment score: 624.0 (LEN: 624, IDY: 100.00), Total number of alignments: 1
		One align captures most of this contig: 5060605 5061228 | 624 1 | 624 624 | 100.0 | Klebsiella_pneumoniae_subsp._pneumoniae_NZ_CP047675.1 k141_463

CONTIG: k141_469 (789bp)
Best alignment score: 778.0 (LEN: 789, IDY: 98.61), Total number of alignments: 1
		One align captures most of this contig: 1199562 1200350 | 1 789 | 789 789 | 98.61 | Klebsiella_pneumoniae_subsp._pneumoniae_NZ_CP047675.1 k141_469

CONTIG: k141_471 (577bp)
Best alignment score: 576.0 (LEN: 577, IDY: 99.83), Total number of alignments: 1
		One align captures most of this contig: 5058374 5058950 | 577 1 | 577 577 | 99.83 | Klebsiella_pneumoniae_subsp._pneumoniae_NZ_CP047675.1 k141_471

CONTIG: k141_488 (568bp)
Best alignment score: 568.0 (LEN: 568, IDY: 100.00), Total number of alignments: 1
		One align captures most of this contig: 2951295 2951862 | 568 1 | 568 568 | 100.0 | Klebsiella_pneumoniae_subsp._pneumoniae_NZ_CP047675.1 k141_488

CONTIG: k141_498 (665bp)
Best alignment score: 663.0 (LEN: 665, IDY: 99.70), Total number of alignments: 1
		One align captures most of this contig: 4519114 4519778 | 1 665 | 665 665 | 99.7 | Klebsiella_pneumoniae_subsp._pneumoniae_NZ_CP047675.1 k141_498

CONTIG: k141_502 (1144bp)
Best alignment score: 774.0 (LEN: 774, IDY: 100.00), Total number of alignments: 5
			Looking for the best set of alignments (out of 5 total alignments)
			Skipping redundant alignments after choosing the best set of alignments
		Skipping redundant alignment 5120904 5121661 | 1 758 | 758 758 | 100.0 | Klebsiella_pneumoniae_subsp._pneumoniae_NZ_CP047675.1 k141_502
		Skipping redundant alignment 975711 976484 | 1 774 | 774 774 | 100.0 | Klebsiella_pneumoniae_subsp._pneumoniae_NZ_CP047675.1 k141_502
		Skipping redundant alignment 1460915 1461688 | 774 1 | 774 774 | 99.87 | Klebsiella_pneumoniae_subsp._pneumoniae_NZ_CP047675.1 k141_502
		This contig has several significant sets of alignments. [An ambiguously mapped contig]
		Using only the very best set (option --ambiguity-usage is set to "one").
			The best set is below. Score: 1067.9, number of alignments: 2, unaligned bases: 12
		This contig is misassembled.
			Real Alignment 1: 1133337 1134094 | 1 758 | 758 758 | 100.0 | Klebsiella_pneumoniae_subsp._pneumoniae_NZ_CP047675.1 k141_502
			  Extensive misassembly (relocation, inconsistency = 749136) between these two alignments
			Real Alignment 2: 383827 384200 | 1132 759 | 374 374 | 98.13 | Klebsiella_pneumoniae_subsp._pneumoniae_NZ_CP047675.1 k141_502

CONTIG: k141_506 (650bp)
Best alignment score: 648.0 (LEN: 650, IDY: 99.69), Total number of alignments: 1
		One align captures most of this contig: 4877411 4878060 | 1 650 | 650 650 | 99.69 | Klebsiella_pneumoniae_subsp._pneumoniae_NZ_CP047675.1 k141_506

CONTIG: k141_513 (716bp)
Best alignment score: 708.0 (LEN: 716, IDY: 98.88), Total number of alignments: 1
		One align captures most of this contig: 2711250 2711965 | 716 1 | 716 716 | 98.88 | Klebsiella_pneumoniae_subsp._pneumoniae_NZ_CP047675.1 k141_513

CONTIG: k141_519 (503bp)
Best alignment score: 495.0 (LEN: 499, IDY: 99.20), Total number of alignments: 1
		One align captures most of this contig: 1289204 1289702 | 5 503 | 499 499 | 99.2 | Klebsiella_pneumoniae_subsp._pneumoniae_NZ_CP047675.1 k141_519

CONTIG: k141_526 (552bp)
Best alignment score: 547.0 (LEN: 552, IDY: 99.09), Total number of alignments: 1
		One align captures most of this contig: 305013 305564 | 552 1 | 552 552 | 99.09 | Klebsiella_pneumoniae_subsp._pneumoniae_NZ_CP047675.1 k141_526

CONTIG: k141_527 (1329bp)
Best alignment score: 441.0 (LEN: 445, IDY: 99.10), Total number of alignments: 2
			Looking for the best set of alignments (out of 2 total alignments)
			The best set is below. Score: 547.0, number of alignments: 2, unaligned bases: 709
		This contig is misassembled.
		This contig is partially unaligned. (Aligned 620 out of 1329 non-N bases (46.65%))
			Warning! This contig is more unaligned than misassembled. Contig length is 1329 (number of Ns: 0) and total length of all aligns is 620
		Alignment: 1086564 1086738 | 175 1 | 175 175 | 98.86 | Klebsiella_pneumoniae_subsp._pneumoniae_NZ_CP047675.1 k141_527
		Alignment: 148368 148812 | 176 620 | 445 445 | 99.1 | Klebsiella_pneumoniae_subsp._pneumoniae_NZ_CP047676.1 k141_527
		Unaligned bases: 709

CONTIG: k141_528 (536bp)
Best alignment score: 535.0 (LEN: 536, IDY: 99.81), Total number of alignments: 1
		One align captures most of this contig: 1402659 1403194 | 536 1 | 536 536 | 99.81 | Klebsiella_pneumoniae_subsp._pneumoniae_NZ_CP047675.1 k141_528

CONTIG: k141_535 (561bp)
Best alignment score: 561.0 (LEN: 561, IDY: 100.00), Total number of alignments: 1
		One align captures most of this contig: 1806958 1807518 | 561 1 | 561 561 | 100.0 | Klebsiella_pneumoniae_subsp._pneumoniae_NZ_CP047675.1 k141_535

CONTIG: k141_544 (735bp)
Best alignment score: 727.0 (LEN: 735, IDY: 98.91), Total number of alignments: 1
		One align captures most of this contig: 2835303 2836037 | 1 735 | 735 735 | 98.91 | Klebsiella_pneumoniae_subsp._pneumoniae_NZ_CP047675.1 k141_544

CONTIG: k141_549 (570bp)
Best alignment score: 568.0 (LEN: 570, IDY: 99.65), Total number of alignments: 2
		This contig has 2 significant alignments. [An ambiguously mapped contig]
		Using only first of these alignment (option --ambiguity-usage is set to "one"):
			Alignment: 4915850 4916419 | 570 1 | 570 570 | 99.65 | Klebsiella_pneumoniae_subsp._pneumoniae_NZ_CP047675.1 k141_549
			Skipping alignment 222514 223083 | 1 570 | 570 570 | 99.12 | Klebsiella_pneumoniae_subsp._pneumoniae_NZ_CP047675.1 k141_549

CONTIG: k141_68 (524bp)
Best alignment score: 519.0 (LEN: 524, IDY: 99.05), Total number of alignments: 1
		One align captures most of this contig: 5167833 5168356 | 524 1 | 524 524 | 99.05 | Klebsiella_pneumoniae_subsp._pneumoniae_NZ_CP047675.1 k141_68

CONTIG: k141_73 (849bp)
Best alignment score: 844.0 (LEN: 849, IDY: 99.41), Total number of alignments: 1
		One align captures most of this contig: 2520518 2521366 | 1 849 | 849 849 | 99.41 | Klebsiella_pneumoniae_subsp._pneumoniae_NZ_CP047675.1 k141_73

CONTIG: k141_74 (648bp)
Best alignment score: 646.0 (LEN: 648, IDY: 99.69), Total number of alignments: 1
		One align captures most of this contig: 2819648 2820295 | 1 648 | 648 648 | 99.69 | Klebsiella_pneumoniae_subsp._pneumoniae_NZ_CP047675.1 k141_74

CONTIG: k141_81 (527bp)
Best alignment score: 526.0 (LEN: 527, IDY: 99.81), Total number of alignments: 1
		One align captures most of this contig: 1852401 1852927 | 1 527 | 527 527 | 99.81 | Klebsiella_pneumoniae_subsp._pneumoniae_NZ_CP047675.1 k141_81

CONTIG: k141_84 (568bp)
Best alignment score: 563.0 (LEN: 568, IDY: 99.12), Total number of alignments: 1
		One align captures most of this contig: 1440159 1440726 | 1 568 | 568 568 | 99.12 | Klebsiella_pneumoniae_subsp._pneumoniae_NZ_CP047675.1 k141_84

CONTIG: k141_102 (511bp)
Best alignment score: 510.0 (LEN: 511, IDY: 99.80), Total number of alignments: 1
		One align captures most of this contig: 2154947 2155457 | 1 511 | 511 511 | 99.8 | Klebsiella_pneumoniae_subsp._pneumoniae_NZ_CP047675.1 k141_102

CONTIG: k141_104 (539bp)
Best alignment score: 531.0 (LEN: 534, IDY: 99.44), Total number of alignments: 1
		One align captures most of this contig: 2940498 2941031 | 6 539 | 534 534 | 99.44 | Klebsiella_pneumoniae_subsp._pneumoniae_NZ_CP047675.1 k141_104

CONTIG: k141_105 (536bp)
Best alignment score: 534.0 (LEN: 536, IDY: 99.63), Total number of alignments: 1
		One align captures most of this contig: 233649 234184 | 1 536 | 536 536 | 99.63 | Klebsiella_pneumoniae_subsp._pneumoniae_NZ_CP047675.1 k141_105

CONTIG: k141_116 (730bp)
Best alignment score: 729.0 (LEN: 730, IDY: 99.86), Total number of alignments: 1
		One align captures most of this contig: 1257814 1258543 | 730 1 | 730 730 | 99.86 | Klebsiella_pneumoniae_subsp._pneumoniae_NZ_CP047675.1 k141_116

CONTIG: k141_118 (666bp)
Best alignment score: 665.0 (LEN: 666, IDY: 99.85), Total number of alignments: 1
		One align captures most of this contig: 1746536 1747201 | 1 666 | 666 666 | 99.85 | Klebsiella_pneumoniae_subsp._pneumoniae_NZ_CP047675.1 k141_118

CONTIG: k141_127 (578bp)
Best alignment score: 577.0 (LEN: 578, IDY: 99.83), Total number of alignments: 1
		One align captures most of this contig: 2192236 2192813 | 1 578 | 578 578 | 99.83 | Klebsiella_pneumoniae_subsp._pneumoniae_NZ_CP047675.1 k141_127

CONTIG: k141_128 (962bp)
Best alignment score: 959.0 (LEN: 962, IDY: 99.69), Total number of alignments: 1
		One align captures most of this contig: 4607109 4608070 | 1 962 | 962 962 | 99.69 | Klebsiella_pneumoniae_subsp._pneumoniae_NZ_CP047675.1 k141_128

CONTIG: k141_143 (529bp)
Best alignment score: 525.0 (LEN: 529, IDY: 99.24), Total number of alignments: 1
		One align captures most of this contig: 5086770 5087298 | 1 529 | 529 529 | 99.24 | Klebsiella_pneumoniae_subsp._pneumoniae_NZ_CP047675.1 k141_143

CONTIG: k141_151 (568bp)
Best alignment score: 566.0 (LEN: 568, IDY: 99.65), Total number of alignments: 1
		One align captures most of this contig: 265873 266440 | 1 568 | 568 568 | 99.65 | Klebsiella_pneumoniae_subsp._pneumoniae_NZ_CP047675.1 k141_151

CONTIG: k141_152 (618bp)
Best alignment score: 616.0 (LEN: 618, IDY: 99.68), Total number of alignments: 1
		One align captures most of this contig: 4030328 4030945 | 1 618 | 618 618 | 99.68 | Klebsiella_pneumoniae_subsp._pneumoniae_NZ_CP047675.1 k141_152

CONTIG: k141_156 (519bp)
Best alignment score: 516.0 (LEN: 519, IDY: 99.42), Total number of alignments: 1
		One align captures most of this contig: 1493445 1493963 | 1 519 | 519 519 | 99.42 | Klebsiella_pneumoniae_subsp._pneumoniae_NZ_CP047675.1 k141_156

CONTIG: k141_160 (567bp)
Best alignment score: 534.0 (LEN: 556, IDY: 96.04), Total number of alignments: 1
			Looking for the best set of alignments (out of 1 total alignments)
			The best set is below. Score: 534.0, number of alignments: 1, unaligned bases: 11
		Alignment: 2713731 2714286 | 1 556 | 556 556 | 96.04 | Klebsiella_pneumoniae_subsp._pneumoniae_NZ_CP047675.1 k141_160

CONTIG: k141_175 (593bp)
Best alignment score: 592.0 (LEN: 593, IDY: 99.83), Total number of alignments: 1
		One align captures most of this contig: 1413604 1414196 | 593 1 | 593 593 | 99.83 | Klebsiella_pneumoniae_subsp._pneumoniae_NZ_CP047675.1 k141_175

CONTIG: k141_178 (601bp)
Best alignment score: 598.0 (LEN: 601, IDY: 99.50), Total number of alignments: 1
		One align captures most of this contig: 3221525 3222125 | 601 1 | 601 601 | 99.5 | Klebsiella_pneumoniae_subsp._pneumoniae_NZ_CP047675.1 k141_178

CONTIG: k141_185 (773bp)
Best alignment score: 769.0 (LEN: 773, IDY: 99.48), Total number of alignments: 1
		One align captures most of this contig: 4984136 4984908 | 773 1 | 773 773 | 99.48 | Klebsiella_pneumoniae_subsp._pneumoniae_NZ_CP047675.1 k141_185

CONTIG: k141_189 (551bp)
Best alignment score: 520.0 (LEN: 522, IDY: 99.62), Total number of alignments: 1
			Looking for the best set of alignments (out of 1 total alignments)
			The best set is below. Score: 520.0, number of alignments: 1, unaligned bases: 29
		Alignment: 2311464 2311985 | 522 1 | 522 522 | 99.62 | Klebsiella_pneumoniae_subsp._pneumoniae_NZ_CP047675.1 k141_189

CONTIG: k141_196 (600bp)
Best alignment score: 595.0 (LEN: 600, IDY: 99.17), Total number of alignments: 1
		One align captures most of this contig: 3830988 3831587 | 600 1 | 600 600 | 99.17 | Klebsiella_pneumoniae_subsp._pneumoniae_NZ_CP047675.1 k141_196

CONTIG: k141_201 (628bp)
Best alignment score: 621.0 (LEN: 623, IDY: 99.68), Total number of alignments: 1
		One align captures most of this contig: 476814 477436 | 5 627 | 623 623 | 99.68 | Klebsiella_pneumoniae_subsp._pneumoniae_NZ_CP047675.1 k141_201

CONTIG: k141_203 (637bp)
Best alignment score: 634.0 (LEN: 637, IDY: 99.53), Total number of alignments: 1
		One align captures most of this contig: 4157694 4158330 | 637 1 | 637 637 | 99.53 | Klebsiella_pneumoniae_subsp._pneumoniae_NZ_CP047675.1 k141_203

CONTIG: k141_207 (689bp)
Best alignment score: 431.0 (LEN: 435, IDY: 99.08), Total number of alignments: 2
			Looking for the best set of alignments (out of 2 total alignments)
			The best set is below. Score: 617.3, number of alignments: 2, unaligned bases: 0
		This contig is misassembled.
			Excluding internal overlap of size 22 between Alignment 1 and 2: 1212967 1213242 | 689 414 | 276 276 --> 1212967 1213220 | 689 436 | 254 254
			Real Alignment 1: 2782027 2782461 | 435 1 | 435 435 | 99.08 | Klebsiella_pneumoniae_subsp._pneumoniae_NZ_CP047675.1 k141_207
			  Extensive misassembly (relocation, inconsistency = 1568806) between these two alignments
			Real Alignment 2: 1212967 1213220 | 689 436 | 254 254 | 97.46 | Klebsiella_pneumoniae_subsp._pneumoniae_NZ_CP047675.1 k141_207

CONTIG: k141_213 (757bp)
Best alignment score: 749.0 (LEN: 757, IDY: 98.94), Total number of alignments: 1
		One align captures most of this contig: 4880170 4880926 | 1 757 | 757 757 | 98.94 | Klebsiella_pneumoniae_subsp._pneumoniae_NZ_CP047675.1 k141_213

CONTIG: k141_221 (500bp)
Best alignment score: 497.0 (LEN: 500, IDY: 99.40), Total number of alignments: 1
		One align captures most of this contig: 1436979 1437478 | 500 1 | 500 500 | 99.4 | Klebsiella_pneumoniae_subsp._pneumoniae_NZ_CP047675.1 k141_221

CONTIG: k141_223 (529bp)
Best alignment score: 529.0 (LEN: 529, IDY: 100.00), Total number of alignments: 1
		One align captures most of this contig: 908759 909287 | 1 529 | 529 529 | 100.0 | Klebsiella_pneumoniae_subsp._pneumoniae_NZ_CP047675.1 k141_223

CONTIG: k141_236 (541bp)
Best alignment score: 537.0 (LEN: 541, IDY: 99.26), Total number of alignments: 1
		One align captures most of this contig: 3384008 3384548 | 1 541 | 541 541 | 99.26 | Klebsiella_pneumoniae_subsp._pneumoniae_NZ_CP047675.1 k141_236

CONTIG: k141_241 (575bp)
Best alignment score: 567.0 (LEN: 574, IDY: 98.78), Total number of alignments: 1
		One align captures most of this contig: 4011830 4012403 | 1 574 | 574 574 | 98.78 | Klebsiella_pneumoniae_subsp._pneumoniae_NZ_CP047675.1 k141_241

CONTIG: k141_252 (510bp)
Best alignment score: 503.0 (LEN: 510, IDY: 98.63), Total number of alignments: 1
		One align captures most of this contig: 3746175 3746684 | 1 510 | 510 510 | 98.63 | Klebsiella_pneumoniae_subsp._pneumoniae_NZ_CP047675.1 k141_252

CONTIG: k141_258 (755bp)
Best alignment score: 749.0 (LEN: 755, IDY: 99.21), Total number of alignments: 1
		One align captures most of this contig: 1205735 1206489 | 1 755 | 755 755 | 99.21 | Klebsiella_pneumoniae_subsp._pneumoniae_NZ_CP047675.1 k141_258

CONTIG: k141_272 (2384bp)
Best alignment score: 2255.1 (LEN: 2268, IDY: 99.43), Total number of alignments: 6
			Looking for the best set of alignments (out of 6 total alignments)
			Skipping redundant alignments after choosing the best set of alignments
		Skipping redundant alignment 4887947 4889942 | 1996 1 | 1996 1996 | 99.55 | Klebsiella_pneumoniae_subsp._pneumoniae_NZ_CP047675.1 k141_272
		Skipping redundant alignment 1035790 1037657 | 138 2005 | 1868 1868 | 99.73 | Klebsiella_pneumoniae_subsp._pneumoniae_NZ_CP047675.1 k141_272
		Skipping redundant alignment 15934 18042 | 272 2384 | 2109 2113 | 99.2 | Klebsiella_pneumoniae_subsp._pneumoniae_NZ_CP047675.1 k141_272
		Skipping redundant alignment 4132957 4135141 | 2384 208 | 2185 2177 | 98.54 | Klebsiella_pneumoniae_subsp._pneumoniae_NZ_CP047675.1 k141_272
		Skipping redundant alignment 257331 259577 | 138 2384 | 2247 2247 | 99.38 | Klebsiella_pneumoniae_subsp._pneumoniae_NZ_CP047675.1 k141_272
		This contig has several significant sets of alignments. [An ambiguously mapped contig]
		Using only the very best set (option --ambiguity-usage is set to "one").
			The best set is below. Score: 2255.1, number of alignments: 1, unaligned bases: 116
		Alignment: 680524 682791 | 117 2384 | 2268 2268 | 99.43 | Klebsiella_pneumoniae_subsp._pneumoniae_NZ_CP047675.1 k141_272

CONTIG: k141_279 (511bp)
Best alignment score: 505.0 (LEN: 511, IDY: 98.83), Total number of alignments: 1
		One align captures most of this contig: 5140387 5140896 | 1 511 | 510 511 | 98.83 | Klebsiella_pneumoniae_subsp._pneumoniae_NZ_CP047675.1 k141_279

CONTIG: k141_282 (541bp)
Best alignment score: 539.0 (LEN: 541, IDY: 99.63), Total number of alignments: 1
		One align captures most of this contig: 320808 321348 | 1 541 | 541 541 | 99.63 | Klebsiella_pneumoniae_subsp._pneumoniae_NZ_CP047675.1 k141_282

Analyzing coverage...
Writing SNPs into /home/hannelore/PROJECTHH/Scripts/Pipeline/work/5b/fd06bcddfdd15e6ad5a6ca9bd7cd34/metaquast-results/runs_per_reference/Klebsiella_pneumoniae_subsp._pneumoniae/contigs_reports/minimap_output/TRIM_ERR1795083_Illumina_MiSeq_paired_end_sequencing_EXP_11_1_2017_01_13_14_47_56_mini_1-contigs.used_snps.gz

Analysis is finished!
Founded SNPs were written into /home/hannelore/PROJECTHH/Scripts/Pipeline/work/5b/fd06bcddfdd15e6ad5a6ca9bd7cd34/metaquast-results/runs_per_reference/Klebsiella_pneumoniae_subsp._pneumoniae/contigs_reports/minimap_output/TRIM_ERR1795083_Illumina_MiSeq_paired_end_sequencing_EXP_11_1_2017_01_13_14_47_56_mini_1-contigs.used_snps.gz

Results:
	Local Misassemblies: 1
	Misassemblies: 3
		Relocations: 3
		Translocations: 0
		Inversions: 0
	Scaffold gap extensive misassemblies: 0
	Scaffold gap local misassemblies: 0
	Misassembled Contigs: 3
	Misassembled Contig Bases: 2442
	Misassemblies Inter-Contig Overlap: 0
Unaligned Contigs: 0 + 1 part
Half Unaligned Contigs with Misassemblies: 1
Unaligned Contig Bases: 709

Ambiguously Mapped Contigs: 5
Total Bases in Ambiguously Mapped Contigs: 7220
Extra Bases in Ambiguously Mapped Contigs: 0
Note that --allow-ambiguity option was set to "one" and only first alignment per each of these contigs was used.

	Covered Bases: 64203

	SNPs: 394
	Insertions: 1
	Deletions: 0

