Aligning contigs to reference...
	Aligning contigs to the reference
Filtering alignments...
Parsing coords...
Loading reference...
	Loaded [Dickeya_chrysanthemi_NC_012912.1]
	Total Regions: 1
	Total Region Length: 4813854
Analyzing contigs...
CONTIG: k141_434 (770bp)
Best alignment score: 129.0 (LEN: 132, IDY: 97.73), Total number of alignments: 8
			Looking for the best set of alignments (out of 8 total alignments)
			Skipping redundant alignments after choosing the best set of alignments
		Skipping redundant alignment 987672 987793 | 760 639 | 122 122 | 96.72 | Dickeya_chrysanthemi_NC_012912.1 k141_434
		Skipping redundant alignment 4404022 4404151 | 631 760 | 130 130 | 97.69 | Dickeya_chrysanthemi_NC_012912.1 k141_434
		Skipping redundant alignment 4360470 4360599 | 631 760 | 130 130 | 97.69 | Dickeya_chrysanthemi_NC_012912.1 k141_434
		Skipping redundant alignment 4705974 4706103 | 631 760 | 130 130 | 97.69 | Dickeya_chrysanthemi_NC_012912.1 k141_434
		Skipping redundant alignment 405136 405265 | 760 631 | 130 130 | 97.69 | Dickeya_chrysanthemi_NC_012912.1 k141_434
		Skipping redundant alignment 160179 160309 | 760 630 | 131 131 | 97.71 | Dickeya_chrysanthemi_NC_012912.1 k141_434
		Skipping redundant alignment 1162710 1162840 | 760 630 | 131 131 | 96.18 | Dickeya_chrysanthemi_NC_012912.1 k141_434
		This contig has several significant sets of alignments. [An ambiguously mapped contig]
		Using only the very best set (option --ambiguity-usage is set to "one").
			The best set is below. Score: 129.0, number of alignments: 1, unaligned bases: 638
		This contig is partially unaligned. (Aligned 132 out of 770 non-N bases (17.14%))
		Alignment: 987424 987555 | 760 629 | 132 132 | 97.73 | Dickeya_chrysanthemi_NC_012912.1 k141_434
		Unaligned bases: 1 to 628 (628)
		Unaligned bases: 761 to 770 (10)

Analyzing coverage...
Writing SNPs into /home/hannelore/PROJECTHH/Scripts/Pipeline/work/5b/fd06bcddfdd15e6ad5a6ca9bd7cd34/metaquast-results/runs_per_reference/Dickeya_chrysanthemi/contigs_reports/minimap_output/TRIM_ERR1795087_Illumina_MiSeq_paired_end_sequencing_EXP_15_1_2017_01_13_14_47_56_mini_1-contigs.used_snps.gz

Analysis is finished!
Founded SNPs were written into /home/hannelore/PROJECTHH/Scripts/Pipeline/work/5b/fd06bcddfdd15e6ad5a6ca9bd7cd34/metaquast-results/runs_per_reference/Dickeya_chrysanthemi/contigs_reports/minimap_output/TRIM_ERR1795087_Illumina_MiSeq_paired_end_sequencing_EXP_15_1_2017_01_13_14_47_56_mini_1-contigs.used_snps.gz

Results:
	Local Misassemblies: 0
	Misassemblies: 0
		Relocations: 0
		Translocations: 0
		Inversions: 0
	Scaffold gap extensive misassemblies: 0
	Scaffold gap local misassemblies: 0
	Misassembled Contigs: 0
	Misassembled Contig Bases: 0
	Misassemblies Inter-Contig Overlap: 0
Unaligned Contigs: 0 + 1 part
Half Unaligned Contigs with Misassemblies: 0
Unaligned Contig Bases: 638

Ambiguously Mapped Contigs: 1
Total Bases in Ambiguously Mapped Contigs: 770
Extra Bases in Ambiguously Mapped Contigs: 0
Note that --allow-ambiguity option was set to "one" and only first alignment per each of these contigs was used.

	Covered Bases: 132

	SNPs: 3
	Insertions: 0
	Deletions: 0

